WARNING: Logging before InitGoogleLogging() is written to STDERR
W1218 01:03:50.749670 14439 bthread.cpp:409] Fail to set concurrency by tag: 0, tag concurrency must larger than old oncurrency. old concurrency: 24, new concurrency: 9
I1218 01:03:50.939415 14439 server.cpp:1208] Server[braft::RaftStatImpl+braft::FileServiceImpl+braft::RaftServiceImpl+braft::CliServiceImpl+example::AtomicServiceImpl] is serving on port=8700.
I1218 01:03:50.941373 14439 server.cpp:1211] Check out http://n3:8700 in web browser.
I1218 01:03:51.017939 14439 log.cpp:691] Use murmurhash32 as the checksum type of appending entries
W1218 01:03:51.020138 14439 protobuf_file.cpp:91] open file failed, path: ./data/log/log_meta: FILE_ERROR_NOT_FOUND
W1218 01:03:51.020838 14439 log.cpp:699] ./data/log is empty
I1218 01:03:51.050658 14439 log.cpp:1153] log save_meta ./data/log/log_meta first_log_index: 1 time: 28012
I1218 01:03:51.054250 14439 snapshot.cpp:465] Deleting ./data/snapshot/temp
W1218 01:03:51.060928 14439 protobuf_file.cpp:91] open file failed, path: ./data/raft_meta/raft_meta: FILE_ERROR_NOT_FOUND
I1218 01:03:51.063470 14439 raft_meta.cpp:521] Loaded single stable meta, path ./data/raft_meta term 1 votedfor 0.0.0.0:0:0 time: 1906
I1218 01:03:51.066004 14439 node.cpp:608] node Atomic:10.1.3.3:8700:0 init, term: 1 last_log_id: (index=0,term=0) conf:  old_conf: 
I1218 01:03:51.082252 14439 server.cpp:509] Atomic service is running on 0.0.0.0:8700
I1218 01:03:55.371384 14498 node.cpp:949] node Atomic:10.1.3.3:8700:0 starts to do snapshot
I1218 01:03:55.391723 14498 snapshot_executor.cpp:154] node Atomic:10.1.3.3:8700:0 the gap between fsm applied index 0 and last_snapshot_index 0 is less than 1, will clear bufferred logs and return success
W1218 01:03:59.528971 14503 cli_service.cpp:158] Receive set_peer to Atomic:10.1.3.3:8700:0 from 10.1.3.3:55090
I1218 01:03:59.531222 14503 node.cpp:909] node Atomic:10.1.3.3:8700:0 reset_peers to 10.1.1.3:8700:0,10.1.2.3:8700:0,10.1.3.3:8700:0,10.1.4.3:8700:0,10.1.5.3:8700:0 from empty
I1218 01:03:59.682181 14503 raft_meta.cpp:546] Saved single stable meta, path ./data/raft_meta term 2 votedfor 0.0.0.0:0:0 time: 107739
I1218 01:04:05.196075 14484 node.cpp:2129] node Atomic:10.1.3.3:8700:0 received PreVote from 10.1.1.3:8700:0 in term 3 current_term 2 granted 1 rejected_by_lease 0
I1218 01:04:05.269812 14485 node.cpp:1587] node Atomic:10.1.3.3:8700:0 term 2 start pre_vote
I1218 01:04:05.313977 14503 node.cpp:2211] node Atomic:10.1.3.3:8700:0 received RequestVote from 10.1.1.3:8700:0 in term 3 current_term 2 log_is_ok 1 votable_time 0
I1218 01:04:05.331998 14503 raft_meta.cpp:546] Saved single stable meta, path ./data/raft_meta term 3 votedfor 0.0.0.0:0:0 time: 16239
I1218 01:04:05.374164 14503 raft_meta.cpp:546] Saved single stable meta, path ./data/raft_meta term 3 votedfor 10.1.1.3:8700:0 time: 12930
W1218 01:04:05.416445 14496 node.cpp:1479] node Atomic:10.1.3.3:8700:0 received invalid PreVoteResponse from 10.1.1.3:8700:0 ctx_version 2 current_ctx_version 4
W1218 01:04:05.435670 14484 node.cpp:1479] node Atomic:10.1.3.3:8700:0 received invalid PreVoteResponse from 10.1.4.3:8700:0 ctx_version 2 current_ctx_version 4
W1218 01:04:05.449019 14493 node.cpp:1479] node Atomic:10.1.3.3:8700:0 received invalid PreVoteResponse from 10.1.2.3:8700:0 ctx_version 2 current_ctx_version 4
W1218 01:04:05.539433 14493 node.cpp:1479] node Atomic:10.1.3.3:8700:0 received invalid PreVoteResponse from 10.1.5.3:8700:0 ctx_version 2 current_ctx_version 4
I1218 01:04:05.715790 14503 server.cpp:312] Node start following { leader_id=10.1.1.3:8700:0, term=3, status=Follower receives message from new leader with the same term.}
I1218 01:04:05.716820 14486 node.cpp:2129] node Atomic:10.1.3.3:8700:0 received PreVote from 10.1.4.3:8700:0 in term 4 current_term 3 granted 1 rejected_by_lease 0
I1218 01:04:05.721897 14496 node.cpp:2129] node Atomic:10.1.3.3:8700:0 received PreVote from 10.1.5.3:8700:0 in term 4 current_term 3 granted 1 rejected_by_lease 0
I1218 01:04:05.761550 14484 log.cpp:114] Created new segment `./data/log/log_inprogress_00000000000000000001' with fd=10
I1218 01:04:06.011482 14484 server.cpp:306] Configuration of this group is 10.1.1.3:8700:0,10.1.2.3:8700:0,10.1.3.3:8700:0,10.1.4.3:8700:0,10.1.5.3:8700:0
I1218 01:04:25.400744 14498 node.cpp:949] node Atomic:10.1.3.3:8700:0 starts to do snapshot
I1218 01:04:25.472568 14498 snapshot.cpp:647] Deleting ./data/snapshot/snapshot_00000000000000000001
I1218 01:04:25.474195 14498 snapshot.cpp:653] Renaming ./data/snapshot/temp to ./data/snapshot/snapshot_00000000000000000001
I1218 01:04:25.477839 14498 snapshot_executor.cpp:234] node Atomic:10.1.3.3:8700:0 snapshot_save_done, last_included_index=1 last_included_term=3
WARNING: Logging before InitGoogleLogging() is written to STDERR
W1218 01:04:49.217010 15149 sampler.cpp:192] bvar is busy at sampling for 2 seconds!
W1218 01:04:49.889043 15139 bthread.cpp:409] Fail to set concurrency by tag: 0, tag concurrency must larger than old oncurrency. old concurrency: 24, new concurrency: 9
E1218 01:04:49.914199 15139 server.cpp:1101] Fail to listen 0.0.0.0:8700
E1218 01:04:49.916217 15139 server.cpp:499] Fail to start Server
WARNING: Logging before InitGoogleLogging() is written to STDERR
W1218 01:05:44.341266 15764 sampler.cpp:192] bvar is busy at sampling for 2 seconds!
W1218 01:05:45.606910 15749 bthread.cpp:409] Fail to set concurrency by tag: 0, tag concurrency must larger than old oncurrency. old concurrency: 24, new concurrency: 9
I1218 01:05:45.930006 15749 server.cpp:1208] Server[braft::RaftStatImpl+braft::FileServiceImpl+braft::RaftServiceImpl+braft::CliServiceImpl+example::AtomicServiceImpl] is serving on port=8700.
I1218 01:05:46.026949 15749 server.cpp:1211] Check out http://n3:8700 in web browser.
I1218 01:05:46.379808 15749 log.cpp:691] Use murmurhash32 as the checksum type of appending entries
I1218 01:05:46.427121 15749 log.cpp:1175] log load_meta ./data/log/log_meta first_log_index: 1 time: 44772
I1218 01:05:46.436403 15749 log.cpp:1115] load open segment, path: ./data/log first_index: 1
I1218 01:05:46.513309 15749 snapshot.cpp:465] Deleting ./data/snapshot/temp
I1218 01:05:46.817593 15831 server.cpp:306] Configuration of this group is 10.1.1.3:8700:0,10.1.2.3:8700:0,10.1.3.3:8700:0,10.1.4.3:8700:0,10.1.5.3:8700:0
I1218 01:05:46.850744 15831 snapshot_executor.cpp:264] node Atomic:10.1.3.3:8700:0 snapshot_load_done, last_included_index: 1 last_included_term: 3 peers: "10.1.1.3:8700:0" peers: "10.1.2.3:8700:0" peers: "10.1.3.3:8700:0" peers: "10.1.4.3:8700:0" peers: "10.1.5.3:8700:0"
I1218 01:05:46.864321 15749 raft_meta.cpp:521] Loaded single stable meta, path ./data/raft_meta term 3 votedfor 10.1.1.3:8700:0 time: 899
I1218 01:05:46.868489 15749 node.cpp:608] node Atomic:10.1.3.3:8700:0 init, term: 3 last_log_id: (index=1,term=3) conf: 10.1.1.3:8700:0,10.1.2.3:8700:0,10.1.3.3:8700:0,10.1.4.3:8700:0,10.1.5.3:8700:0 old_conf: 
I1218 01:05:46.908258 15749 server.cpp:509] Atomic service is running on 0.0.0.0:8700
I1218 01:05:57.857442 15824 node.cpp:1587] node Atomic:10.1.3.3:8700:0 term 3 start pre_vote
I1218 01:05:58.964959 15822 node.cpp:2211] node Atomic:10.1.3.3:8700:0 received RequestVote from 10.1.2.3:8700:0 in term 6 current_term 3 log_is_ok 1 votable_time 0
W1218 01:05:58.974007 15820 node.cpp:1567] node Atomic:10.1.3.3:8700:0 request PreVote from 10.1.1.3:8700:0 error: [E110]Fail to connect Socket{id=186 addr=10.1.1.3:8700} (0x0x631000078800): Connection timed out
I1218 01:05:59.043502 15822 raft_meta.cpp:546] Saved single stable meta, path ./data/raft_meta term 6 votedfor 0.0.0.0:0:0 time: 38793
W1218 01:05:59.072347 15841 node.cpp:1567] node Atomic:10.1.3.3:8700:0 request PreVote from 10.1.5.3:8700:0 error: [E22][10.1.5.3:8700][E22]Invalid argument
I1218 01:05:59.178165 15822 raft_meta.cpp:546] Saved single stable meta, path ./data/raft_meta term 6 votedfor 10.1.2.3:8700:0 time: 107143
I1218 01:05:59.223177 15827 node.cpp:2129] node Atomic:10.1.3.3:8700:0 received PreVote from 10.1.1.3:8700:0 in term 6 current_term 6 granted 1 rejected_by_lease 0
I1218 01:05:59.271785 15827 server.cpp:312] Node start following { leader_id=10.1.2.3:8700:0, term=6, status=Follower receives message from new leader with the same term.}
W1218 01:05:59.291750 15841 node.cpp:1479] node Atomic:10.1.3.3:8700:0 received invalid PreVoteResponse from 10.1.2.3:8700:0 ctx_version 2 current_ctx_version 6
W1218 01:05:59.293670 15826 node.cpp:1479] node Atomic:10.1.3.3:8700:0 received invalid PreVoteResponse from 10.1.4.3:8700:0 ctx_version 2 current_ctx_version 6
I1218 01:05:59.327785 15833 node.cpp:2129] node Atomic:10.1.3.3:8700:0 received PreVote from 10.1.2.3:8700:0 in term 6 current_term 6 granted 1 rejected_by_lease 0
I1218 01:05:59.557075 15827 node.cpp:2634] node Atomic:10.1.3.3:8700:0 received InstallSnapshotRequest last_included_log_index=2 last_include_log_term=5 from 10.1.2.3:8700:0 when last_log_id=(index=1,term=3)
I1218 01:06:00.679744 15841 snapshot.cpp:647] Deleting ./data/snapshot/snapshot_00000000000000000002
I1218 01:06:00.681295 15841 snapshot.cpp:653] Renaming ./data/snapshot/temp to ./data/snapshot/snapshot_00000000000000000002
I1218 01:06:00.726027 15841 snapshot.cpp:523] Deleting ./data/snapshot/snapshot_00000000000000000001
I1218 01:06:00.960803 15841 server.cpp:306] Configuration of this group is 10.1.1.3:8700:0,10.1.2.3:8700:0,10.1.3.3:8700:0,10.1.4.3:8700:0,10.1.5.3:8700:0
I1218 01:06:01.434849 15841 snapshot_executor.cpp:264] node Atomic:10.1.3.3:8700:0 snapshot_load_done, last_included_index: 2 last_included_term: 5 peers: "10.1.1.3:8700:0" peers: "10.1.2.3:8700:0" peers: "10.1.3.3:8700:0" peers: "10.1.4.3:8700:0" peers: "10.1.5.3:8700:0"
I1218 01:06:01.597790 15809 log.cpp:1153] log save_meta ./data/log/log_meta first_log_index: 3 time: 612864
I1218 01:06:01.701166 15809 log.cpp:608] Unlinked segment `./data/log/log_inprogress_00000000000000000001'
I1218 01:06:02.574115 15822 log.cpp:114] Created new segment `./data/log/log_inprogress_00000000000000000003' with fd=7
I1218 01:06:02.586179 15841 server.cpp:306] Configuration of this group is 10.1.1.3:8700:0,10.1.2.3:8700:0,10.1.3.3:8700:0,10.1.4.3:8700:0,10.1.5.3:8700:0
I1218 01:06:07.378159 15820 node.cpp:949] node Atomic:10.1.3.3:8700:0 starts to do snapshot
I1218 01:06:07.504900 15824 snapshot.cpp:647] Deleting ./data/snapshot/snapshot_00000000000000000003
I1218 01:06:07.506361 15824 snapshot.cpp:653] Renaming ./data/snapshot/temp to ./data/snapshot/snapshot_00000000000000000003
I1218 01:06:07.528007 15824 snapshot.cpp:523] Deleting ./data/snapshot/snapshot_00000000000000000002
I1218 01:06:07.580478 15824 snapshot_executor.cpp:234] node Atomic:10.1.3.3:8700:0 snapshot_save_done, last_included_index=3 last_included_term=6
WARNING: Logging before InitGoogleLogging() is written to STDERR
W1218 01:06:30.497717 16192 bthread.cpp:409] Fail to set concurrency by tag: 0, tag concurrency must larger than old oncurrency. old concurrency: 24, new concurrency: 9
E1218 01:06:30.559592 16192 server.cpp:1101] Fail to listen 0.0.0.0:8700
E1218 01:06:30.561599 16192 server.cpp:499] Fail to start Server
I1218 01:06:30.804565 15828 server.cpp:309] Node stops following { leader_id=10.1.2.3:8700:0, term=6, status=Lost connection from leader 10.1.2.3:8700:0}
I1218 01:06:30.820062 15818 node.cpp:1587] node Atomic:10.1.3.3:8700:0 term 6 start pre_vote
W1218 01:06:31.015794 15820 node.cpp:1567] node Atomic:10.1.3.3:8700:0 request PreVote from 10.1.4.3:8700:0 error: [E111]Fail to connect Socket{id=469 addr=10.1.4.3:8700} (0x0x6310000f1300): Connection refused
W1218 01:06:31.261340 15829 node.cpp:1567] node Atomic:10.1.3.3:8700:0 request PreVote from 10.1.5.3:8700:0 error: [E22][10.1.5.3:8700][E22]Invalid argument
W1218 01:06:31.575887 15824 node.cpp:1567] node Atomic:10.1.3.3:8700:0 request PreVote from 10.1.1.3:8700:0 error: [E2][10.1.1.3:8700][E2]peer_id not exist
W1218 01:06:31.633270 15818 node.cpp:1567] node Atomic:10.1.3.3:8700:0 request PreVote from 10.1.2.3:8700:0 error: [E2][10.1.2.3:8700][E2]peer_id not exist
I1218 01:06:41.253880 15825 node.cpp:1587] node Atomic:10.1.3.3:8700:0 term 6 start pre_vote
I1218 01:06:41.316416 15824 node.cpp:2129] node Atomic:10.1.3.3:8700:0 received PreVote from 10.1.2.3:8700:0 in term 7 current_term 6 granted 1 rejected_by_lease 0
I1218 01:06:41.325079 15826 node.cpp:949] node Atomic:10.1.3.3:8700:0 starts to do snapshot
I1218 01:06:41.347687 15826 snapshot_executor.cpp:154] node Atomic:10.1.3.3:8700:0 the gap between fsm applied index 3 and last_snapshot_index 3 is less than 1, will clear bufferred logs and return success
W1218 01:06:41.369194 15820 node.cpp:1567] node Atomic:10.1.3.3:8700:0 request PreVote from 10.1.5.3:8700:0 error: [E22][10.1.5.3:8700][E22]Invalid argument
I1218 01:06:41.441622 15825 node.cpp:1512] node Atomic:10.1.3.3:8700:0 received PreVoteResponse from 10.1.2.3:8700:0 term 6 granted 1 rejected_by_lease 0 disrupted 0
I1218 01:06:41.512571 15803 node.cpp:2129] node Atomic:10.1.3.3:8700:0 received PreVote from 10.1.1.3:8700:0 in term 7 current_term 6 granted 1 rejected_by_lease 0
I1218 01:06:41.537086 15818 node.cpp:1512] node Atomic:10.1.3.3:8700:0 received PreVoteResponse from 10.1.1.3:8700:0 term 6 granted 1 rejected_by_lease 0 disrupted 0
I1218 01:06:41.538112 15818 node.cpp:1653] node Atomic:10.1.3.3:8700:0 term 6 start vote and grant vote self
I1218 01:06:41.735625 15801 log.cpp:1153] log save_meta ./data/log/log_meta first_log_index: 4 time: 325784
I1218 01:06:41.739763 15818 raft_meta.cpp:546] Saved single stable meta, path ./data/raft_meta term 7 votedfor 10.1.3.3:8700:0 time: 31256
I1218 01:06:41.743342 15829 node.cpp:2211] node Atomic:10.1.3.3:8700:0 received RequestVote from 10.1.2.3:8700:0 in term 7 current_term 7 log_is_ok 1 votable_time 0
W1218 01:06:41.824687 15826 node.cpp:1454] node Atomic:10.1.3.3:8700:0 received RequestVoteResponse from 10.1.5.3:8700:0 error: [E22][10.1.5.3:8700][E22]Invalid argument
I1218 01:06:41.879411 15826 node.cpp:1403] node Atomic:10.1.3.3:8700:0 received RequestVoteResponse from 10.1.1.3:8700:0 term 7 granted 0 rejected_by_lease 0 disrupted 0
I1218 01:06:41.880976 15801 log.cpp:608] Unlinked segment `./data/log/log_inprogress_00000000000000000003'
I1218 01:06:41.913146 15818 node.cpp:1403] node Atomic:10.1.3.3:8700:0 received RequestVoteResponse from 10.1.2.3:8700:0 term 7 granted 0 rejected_by_lease 0 disrupted 0
I1218 01:06:42.449450 15818 node.cpp:2129] node Atomic:10.1.3.3:8700:0 received PreVote from 10.1.4.3:8700:0 in term 7 current_term 7 granted 1 rejected_by_lease 0
I1218 01:06:42.563414 15826 node.cpp:1403] node Atomic:10.1.3.3:8700:0 received RequestVoteResponse from 10.1.4.3:8700:0 term 7 granted 1 rejected_by_lease 0 disrupted 0
W1218 01:06:42.632001 15826 node.cpp:1479] node Atomic:10.1.3.3:8700:0 received invalid PreVoteResponse from 10.1.4.3:8700:0 ctx_version 8 current_ctx_version 9
I1218 01:06:46.614856 15826 node.cpp:2129] node Atomic:10.1.3.3:8700:0 received PreVote from 10.1.1.3:8700:0 in term 8 current_term 7 granted 1 rejected_by_lease 0
I1218 01:06:46.728878 15801 node.cpp:2211] node Atomic:10.1.3.3:8700:0 received RequestVote from 10.1.1.3:8700:0 in term 8 current_term 7 log_is_ok 1 votable_time 0
I1218 01:06:46.786334 15801 raft_meta.cpp:546] Saved single stable meta, path ./data/raft_meta term 8 votedfor 0.0.0.0:0:0 time: 55575
I1218 01:06:46.844729 15801 raft_meta.cpp:546] Saved single stable meta, path ./data/raft_meta term 8 votedfor 10.1.1.3:8700:0 time: 35602
I1218 01:06:47.389305 15818 server.cpp:312] Node start following { leader_id=10.1.1.3:8700:0, term=8, status=Follower receives message from new leader with the same term.}
I1218 01:06:48.039990 15828 log.cpp:114] Created new segment `./data/log/log_inprogress_00000000000000000004' with fd=8
I1218 01:06:48.638278 15829 server.cpp:306] Configuration of this group is 10.1.1.3:8700:0,10.1.2.3:8700:0,10.1.3.3:8700:0,10.1.4.3:8700:0,10.1.5.3:8700:0
W1218 01:06:50.949785 15764 sampler.cpp:192] bvar is busy at sampling for 2 seconds!
W1218 01:06:53.005342 15764 sampler.cpp:192] bvar is busy at sampling for 2 seconds!

=================================================================
==16192==ERROR: LeakSanitizer: detected memory leaks

Direct leak of 88 byte(s) in 1 object(s) allocated from:
    #0 0x73d63d in operator new(unsigned long) (/opt/fs/braft/example/atomic/atomic_server+0x73d63d)
    #1 0xaacffa in brpc::Server::StartInternal(butil::EndPoint const&, brpc::PortRange const&, brpc::ServerOptions const*) /opt/fs/brpc/src/brpc/server.cpp:903:22
    #2 0xaafd3f in brpc::Server::Start(butil::EndPoint const&, brpc::ServerOptions const*) /opt/fs/brpc/src/brpc/server.cpp:1225:12
    #3 0xaafd3f in brpc::Server::Start(int, brpc::ServerOptions const*) /opt/fs/brpc/src/brpc/server.cpp:1244:12
    #4 0x740915 in main /opt/fs/braft/example/atomic/server.cpp:498:16
    #5 0x7f06bb5d509a in __libc_start_main /build/reproducible-path/glibc-2.28/csu/../csu/libc-start.c:308:16

Direct leak of 8 byte(s) in 1 object(s) allocated from:
    #0 0x73d63d in operator new(unsigned long) (/opt/fs/braft/example/atomic/atomic_server+0x73d63d)
    #1 0xaa7f39 in brpc::ServerOptions::ServerOptions() /opt/fs/brpc/src/brpc/server.cpp:155:30
    #2 0xaa94d1 in brpc::Server::Server(brpc::ProfilerLinker) /opt/fs/brpc/src/brpc/server.cpp:409:9
    #3 0x740625 in main /opt/fs/braft/example/atomic/server.cpp:474:18
    #4 0x7f06bb5d509a in __libc_start_main /build/reproducible-path/glibc-2.28/csu/../csu/libc-start.c:308:16

Indirect leak of 88 byte(s) in 1 object(s) allocated from:
    #0 0x73d63d in operator new(unsigned long) (/opt/fs/braft/example/atomic/atomic_server+0x73d63d)
    #1 0xba3588 in bthread_keytable_pool_init /opt/fs/brpc/src/bthread/key.cpp:446:18
    #2 0xaad009 in brpc::Server::StartInternal(butil::EndPoint const&, brpc::PortRange const&, brpc::ServerOptions const*) /opt/fs/brpc/src/brpc/server.cpp:904:9
    #3 0xaafd3f in brpc::Server::Start(butil::EndPoint const&, brpc::ServerOptions const*) /opt/fs/brpc/src/brpc/server.cpp:1225:12
    #4 0xaafd3f in brpc::Server::Start(int, brpc::ServerOptions const*) /opt/fs/brpc/src/brpc/server.cpp:1244:12
    #5 0x740915 in main /opt/fs/braft/example/atomic/server.cpp:498:16
    #6 0x7f06bb5d509a in __libc_start_main /build/reproducible-path/glibc-2.28/csu/../csu/libc-start.c:308:16

SUMMARY: AddressSanitizer: 184 byte(s) leaked in 3 allocation(s).
WARNING: Logging before InitGoogleLogging() is written to STDERR
W1218 01:07:02.981472 16475 bthread.cpp:409] Fail to set concurrency by tag: 0, tag concurrency must larger than old oncurrency. old concurrency: 24, new concurrency: 9
E1218 01:07:03.098942 16475 server.cpp:1101] Fail to listen 0.0.0.0:8700
E1218 01:07:03.100406 16475 server.cpp:499] Fail to start Server
I1218 01:07:03.376158 15801 node.cpp:1587] node Atomic:10.1.3.3:8700:0 term 8 start pre_vote
I1218 01:07:03.377023 15828 server.cpp:309] Node stops following { leader_id=10.1.1.3:8700:0, term=8, status=Lost connection from leader 10.1.1.3:8700:0}
W1218 01:07:03.667146 15803 node.cpp:1567] node Atomic:10.1.3.3:8700:0 request PreVote from 10.1.1.3:8700:0 error: [E111]Fail to connect Socket{id=651 addr=10.1.1.3:8700} (0x0x631000140800): Connection refused
W1218 01:07:03.757217 15826 node.cpp:1567] node Atomic:10.1.3.3:8700:0 request PreVote from 10.1.4.3:8700:0 error: [E111]Fail to connect Socket{id=655 addr=10.1.4.3:8700} (0x0x631000141300): Connection refused
W1218 01:07:03.904570 15824 node.cpp:1567] node Atomic:10.1.3.3:8700:0 request PreVote from 10.1.5.3:8700:0 error: [E22][10.1.5.3:8700][E22]Invalid argument
I1218 01:07:05.985710 15825 node.cpp:1512] node Atomic:10.1.3.3:8700:0 received PreVoteResponse from 10.1.2.3:8700:0 term 8 granted 1 rejected_by_lease 0 disrupted 0
I1218 01:07:08.320230 15818 node.cpp:2129] node Atomic:10.1.3.3:8700:0 received PreVote from 10.1.2.3:8700:0 in term 9 current_term 8 granted 1 rejected_by_lease 0
I1218 01:07:09.091831 15801 node.cpp:2211] node Atomic:10.1.3.3:8700:0 received RequestVote from 10.1.2.3:8700:0 in term 9 current_term 8 log_is_ok 1 votable_time 0
I1218 01:07:09.203338 15801 raft_meta.cpp:546] Saved single stable meta, path ./data/raft_meta term 9 votedfor 0.0.0.0:0:0 time: 108978
I1218 01:07:09.261056 15801 raft_meta.cpp:546] Saved single stable meta, path ./data/raft_meta term 9 votedfor 10.1.2.3:8700:0 time: 54954
I1218 01:07:09.811997 15828 node.cpp:1587] node Atomic:10.1.3.3:8700:0 term 9 start pre_vote
W1218 01:07:10.192625 15820 node.cpp:1479] node Atomic:10.1.3.3:8700:0 received invalid PreVoteResponse from 10.1.4.3:8700:0 ctx_version 16 current_ctx_version 18
I1218 01:07:10.213675 15818 server.cpp:312] Node start following { leader_id=10.1.2.3:8700:0, term=9, status=Follower receives message from new leader with the same term.}
W1218 01:07:10.300879 15820 node.cpp:1479] node Atomic:10.1.3.3:8700:0 received invalid PreVoteResponse from 10.1.1.3:8700:0 ctx_version 16 current_ctx_version 18
W1218 01:07:10.544728 15820 node.cpp:1567] node Atomic:10.1.3.3:8700:0 request PreVote from 10.1.5.3:8700:0 error: [E22][10.1.5.3:8700][E22]Invalid argument
I1218 01:07:11.368825 15820 node.cpp:949] node Atomic:10.1.3.3:8700:0 starts to do snapshot
W1218 01:07:11.428687 15818 node.cpp:1479] node Atomic:10.1.3.3:8700:0 received invalid PreVoteResponse from 10.1.2.3:8700:0 ctx_version 16 current_ctx_version 18
I1218 01:07:11.493748 15820 snapshot.cpp:647] Deleting ./data/snapshot/snapshot_00000000000000000004
I1218 01:07:11.507539 15820 snapshot.cpp:653] Renaming ./data/snapshot/temp to ./data/snapshot/snapshot_00000000000000000004
I1218 01:07:11.559602 15820 snapshot.cpp:523] Deleting ./data/snapshot/snapshot_00000000000000000003
I1218 01:07:11.664170 15818 server.cpp:306] Configuration of this group is 10.1.1.3:8700:0,10.1.2.3:8700:0,10.1.3.3:8700:0,10.1.4.3:8700:0,10.1.5.3:8700:0
I1218 01:07:11.759600 15820 snapshot_executor.cpp:234] node Atomic:10.1.3.3:8700:0 snapshot_save_done, last_included_index=4 last_included_term=8
WARNING: Logging before InitGoogleLogging() is written to STDERR
W1218 01:07:24.453670 16662 bthread.cpp:409] Fail to set concurrency by tag: 0, tag concurrency must larger than old oncurrency. old concurrency: 24, new concurrency: 9
E1218 01:07:24.485726 16662 server.cpp:1101] Fail to listen 0.0.0.0:8700
E1218 01:07:24.576233 16662 server.cpp:499] Fail to start Server
I1218 01:07:26.387893 15829 server.cpp:309] Node stops following { leader_id=10.1.2.3:8700:0, term=9, status=Lost connection from leader 10.1.2.3:8700:0}
I1218 01:07:26.466356 15828 node.cpp:1587] node Atomic:10.1.3.3:8700:0 term 9 start pre_vote
W1218 01:07:26.964547 15818 node.cpp:1567] node Atomic:10.1.3.3:8700:0 request PreVote from 10.1.5.3:8700:0 error: [E22][10.1.5.3:8700][E22]Invalid argument
I1218 01:07:27.102085 15818 node.cpp:1512] node Atomic:10.1.3.3:8700:0 received PreVoteResponse from 10.1.4.3:8700:0 term 9 granted 1 rejected_by_lease 0 disrupted 0
I1218 01:07:27.373608 15818 node.cpp:1512] node Atomic:10.1.3.3:8700:0 received PreVoteResponse from 10.1.2.3:8700:0 term 9 granted 1 rejected_by_lease 0 disrupted 0
I1218 01:07:27.382872 15818 node.cpp:1653] node Atomic:10.1.3.3:8700:0 term 9 start vote and grant vote self
I1218 01:07:27.605203 15818 raft_meta.cpp:546] Saved single stable meta, path ./data/raft_meta term 10 votedfor 10.1.3.3:8700:0 time: 118165
W1218 01:07:27.676081 15824 node.cpp:1479] node Atomic:10.1.3.3:8700:0 received invalid PreVoteResponse from 10.1.1.3:8700:0 ctx_version 19 current_ctx_version 20
I1218 01:07:27.705173 15825 node.cpp:1403] node Atomic:10.1.3.3:8700:0 received RequestVoteResponse from 10.1.1.3:8700:0 term 10 granted 1 rejected_by_lease 0 disrupted 0

=================================================================
==16475==ERROR: LeakSanitizer: detected memory leaks
I1218 01:07:27.714354 15803 node.cpp:1403] node Atomic:10.1.3.3:8700:0 received RequestVoteResponse from 10.1.2.3:8700:0 term 10 granted 1 rejected_by_lease 0 disrupted 0

Direct leak of 88 byte(s) in 1 object(s) allocated from:
I1218 01:07:27.796053 15803 node.cpp:1908] node Atomic:10.1.3.3:8700:0 term 10 become leader of group 10.1.1.3:8700:0,10.1.2.3:8700:0,10.1.3.3:8700:0,10.1.4.3:8700:0,10.1.5.3:8700:0 
I1218 01:07:27.829246 15803 replicator.cpp:143] Replicator=6627134537745@10.1.1.3:8700:0 is started, group Atomic
    #0 0x73d63d in operator new(unsigned long) (/opt/fs/braft/example/atomic/atomic_server+0x73d63d)
    #1 0xaacffa in brpc::Server::StartInternal(butil::EndPoint const&, brpc::PortRange const&, brpc::ServerOptions const*) /opt/fs/brpc/src/brpc/server.cpp:903:22
I1218 01:07:27.889566 15803 replicator.cpp:143] Replicator=9904194584577@10.1.2.3:8700:0 is started, group Atomic
    #2 0xaafd3f in brpc::Server::Start(butil::EndPoint const&, brpc::ServerOptions const*) /opt/fs/brpc/src/brpc/server.cpp:1225:12
    #3 0xaafd3f in brpc::Server::Start(int, brpc::ServerOptions const*) /opt/fs/brpc/src/brpc/server.cpp:1244:12
W1218 01:07:27.914063 15829 node.cpp:1454] node Atomic:10.1.3.3:8700:0 received RequestVoteResponse from 10.1.5.3:8700:0 error: [E22][10.1.5.3:8700][E22]Invalid argument
I1218 01:07:27.923485 15803 replicator.cpp:143] Replicator=9921374453761@10.1.4.3:8700:0 is started, group Atomic
I1218 01:07:27.926342 15803 replicator.cpp:143] Replicator=9938554322945@10.1.5.3:8700:0 is started, group Atomic
W1218 01:07:27.996460 15826 node.cpp:1370] node Atomic:10.1.3.3:8700:0 received invalid RequestVoteResponse from 10.1.4.3:8700:0 ctx_version 3 current_ctx_version 4
    #4 0x740915 in main /opt/fs/braft/example/atomic/server.cpp:498:16
    #5 0x7f11abf1609a in __libc_start_main /build/reproducible-path/glibc-2.28/csu/../csu/libc-start.c:308:16

Direct leak of 8 byte(s) in 1 object(s) allocated from:
    #0 0x73d63d in operator new(unsigned long) (/opt/fs/braft/example/atomic/atomic_server+0x73d63d)
    #1 0xaa7f39 in brpc::ServerOptions::ServerOptions() /opt/fs/brpc/src/brpc/server.cpp:155:30
    #2 0xaa94d1 in brpc::Server::Server(brpc::ProfilerLinker) /opt/fs/brpc/src/brpc/server.cpp:409:9
    #3 0x740625 in main /opt/fs/braft/example/atomic/server.cpp:474:18
W1218 01:07:28.125149 15824 replicator.cpp:397] Group Atomic fail to issue RPC to 10.1.2.3:8700:0 _consecutive_error_times=1, [E110]Fail to connect Socket{id=838 addr=10.1.2.3:8700} (0x0x631000190ac0): Connection timed out [R1][E112]Not connected to 10.1.2.3:8700 yet, server_id=838 [R2][E112]Not connected to 10.1.2.3:8700 yet, server_id=838 [R3][E112]Not connected to 10.1.2.3:8700 yet, server_id=838
    #4 0x7f11abf1609a in __libc_start_main /build/reproducible-path/glibc-2.28/csu/../csu/libc-start.c:308:16

Indirect leak of 88 byte(s) in 1 object(s) allocated from:
    #0 0x73d63d in operator new(unsigned long) (/opt/fs/braft/example/atomic/atomic_server+0x73d63d)
W1218 01:07:28.200888 15818 replicator.cpp:397] Group Atomic fail to issue RPC to 10.1.5.3:8700:0 _consecutive_error_times=1, [E22][10.1.5.3:8700][E22]node Atomic:10.1.5.3:8700:0 is not in active state, state ERROR
    #1 0xba3588 in bthread_keytable_pool_init /opt/fs/brpc/src/bthread/key.cpp:446:18
I1218 01:07:28.224907 15829 socket.cpp:2570] Checking Socket{id=838 addr=10.1.2.3:8700} (0x631000190ac0)
    #2 0xaad009 in brpc::Server::StartInternal(butil::EndPoint const&, brpc::PortRange const&, brpc::ServerOptions const*) /opt/fs/brpc/src/brpc/server.cpp:904:9
    #3 0xaafd3f in brpc::Server::Start(butil::EndPoint const&, brpc::ServerOptions const*) /opt/fs/brpc/src/brpc/server.cpp:1225:12
I1218 01:07:28.312434 15824 socket.cpp:2630] Revived Socket{id=838 addr=10.1.2.3:8700} (0x631000190ac0) (Connectable)
    #4 0xaafd3f in brpc::Server::Start(int, brpc::ServerOptions const*) /opt/fs/brpc/src/brpc/server.cpp:1244:12
    #5 0x740915 in main /opt/fs/braft/example/atomic/server.cpp:498:16
    #6 0x7f11abf1609a in __libc_start_main /build/reproducible-path/glibc-2.28/csu/../csu/libc-start.c:308:16

SUMMARY: AddressSanitizer: 184 byte(s) leaked in 3 allocation(s).
I1218 01:07:28.510254 15803 server.cpp:306] Configuration of this group is 10.1.1.3:8700:0,10.1.2.3:8700:0,10.1.3.3:8700:0,10.1.4.3:8700:0,10.1.5.3:8700:0
I1218 01:07:28.545281 15803 node.cpp:3310] node Atomic:10.1.3.3:8700:0 reset ConfigurationCtx, new_peers: 10.1.1.3:8700:0,10.1.2.3:8700:0,10.1.3.3:8700:0,10.1.4.3:8700:0,10.1.5.3:8700:0, old_peers: 10.1.1.3:8700:0,10.1.2.3:8700:0,10.1.3.3:8700:0,10.1.4.3:8700:0,10.1.5.3:8700:0
I1218 01:07:28.665537 15803 server.cpp:291] Node becomes leader
W1218 01:07:30.985275 15828 replicator.cpp:397] Group Atomic fail to issue RPC to 10.1.5.3:8700:0 _consecutive_error_times=11, [E22][10.1.5.3:8700][E22]node Atomic:10.1.5.3:8700:0 is not in active state, state ERROR
W1218 01:07:34.698868 15829 replicator.cpp:297] Group Atomic fail to issue RPC to 10.1.5.3:8700:0 _consecutive_error_times=21, [E22][10.1.5.3:8700][E22]node Atomic:10.1.5.3:8700:0 is not in active state, state ERROR
W1218 01:07:37.532756 15828 replicator.cpp:297] Group Atomic fail to issue RPC to 10.1.5.3:8700:0 _consecutive_error_times=31, [E22][10.1.5.3:8700][E22]node Atomic:10.1.5.3:8700:0 is not in active state, state ERROR
W1218 01:07:40.620903 15826 replicator.cpp:297] Group Atomic fail to issue RPC to 10.1.5.3:8700:0 _consecutive_error_times=41, [E22][10.1.5.3:8700][E22]node Atomic:10.1.5.3:8700:0 is not in active state, state ERROR
I1218 01:07:41.461187 15824 node.cpp:949] node Atomic:10.1.3.3:8700:0 starts to do snapshot
I1218 01:07:41.573295 15824 snapshot.cpp:647] Deleting ./data/snapshot/snapshot_00000000000000000006
I1218 01:07:41.574393 15824 snapshot.cpp:653] Renaming ./data/snapshot/temp to ./data/snapshot/snapshot_00000000000000000006
I1218 01:07:41.620798 15824 snapshot.cpp:523] Deleting ./data/snapshot/snapshot_00000000000000000004
I1218 01:07:41.679723 15824 snapshot_executor.cpp:234] node Atomic:10.1.3.3:8700:0 snapshot_save_done, last_included_index=6 last_included_term=10
I1218 01:07:41.754696 15824 log.cpp:1153] log save_meta ./data/log/log_meta first_log_index: 5 time: 58382
W1218 01:07:42.876962 15829 replicator.cpp:297] Group Atomic fail to issue RPC to 10.1.1.3:8700:0 _consecutive_error_times=1, [E1014]Got EOF of Socket{id=8589935243fd=7 addr=10.1.1.3:8700:41990} (0x0x631000140800) [R1][E112]Not connected to 10.1.1.3:8700 yet, server_id=8589935243 [R2][E112]Not connected to 10.1.1.3:8700 yet, server_id=8589935243 [R3][E112]Not connected to 10.1.1.3:8700 yet, server_id=8589935243
I1218 01:07:42.974380 15818 socket.cpp:2570] Checking Socket{id=8589935243 addr=10.1.1.3:8700} (0x631000140800)
W1218 01:07:43.403446 15824 replicator.cpp:397] Group Atomic fail to issue RPC to 10.1.5.3:8700:0 _consecutive_error_times=51, [E22][10.1.5.3:8700][E22]node Atomic:10.1.5.3:8700:0 is not in active state, state ERROR

=================================================================
==16662==ERROR: LeakSanitizer: detected memory leaks

Direct leak of 88 byte(s) in 1 object(s) allocated from:
    #0 0x73d63d in operator new(unsigned long) (/opt/fs/braft/example/atomic/atomic_server+0x73d63d)
    #1 0xaacffa in brpc::Server::StartInternal(butil::EndPoint const&, brpc::PortRange const&, brpc::ServerOptions const*) /opt/fs/brpc/src/brpc/server.cpp:903:22
    #2 0xaafd3f in brpc::Server::Start(butil::EndPoint const&, brpc::ServerOptions const*) /opt/fs/brpc/src/brpc/server.cpp:1225:12
    #3 0xaafd3f in brpc::Server::Start(int, brpc::ServerOptions const*) /opt/fs/brpc/src/brpc/server.cpp:1244:12
    #4 0x740915 in main /opt/fs/braft/example/atomic/server.cpp:498:16
    #5 0x7efeb507709a in __libc_start_main /build/reproducible-path/glibc-2.28/csu/../csu/libc-start.c:308:16

Direct leak of 8 byte(s) in 1 object(s) allocated from:
    #0 0x73d63d in operator new(unsigned long) (/opt/fs/braft/example/atomic/atomic_server+0x73d63d)
    #1 0xaa7f39 in brpc::ServerOptions::ServerOptions() /opt/fs/brpc/src/brpc/server.cpp:155:30
    #2 0xaa94d1 in brpc::Server::Server(brpc::ProfilerLinker) /opt/fs/brpc/src/brpc/server.cpp:409:9
    #3 0x740625 in main /opt/fs/braft/example/atomic/server.cpp:474:18
    #4 0x7efeb507709a in __libc_start_main /build/reproducible-path/glibc-2.28/csu/../csu/libc-start.c:308:16

Indirect leak of 88 byte(s) in 1 object(s) allocated from:
    #0 0x73d63d in operator new(unsigned long) (/opt/fs/braft/example/atomic/atomic_server+0x73d63d)
    #1 0xba3588 in bthread_keytable_pool_init /opt/fs/brpc/src/bthread/key.cpp:446:18
    #2 0xaad009 in brpc::Server::StartInternal(butil::EndPoint const&, brpc::PortRange const&, brpc::ServerOptions const*) /opt/fs/brpc/src/brpc/server.cpp:904:9
    #3 0xaafd3f in brpc::Server::Start(butil::EndPoint const&, brpc::ServerOptions const*) /opt/fs/brpc/src/brpc/server.cpp:1225:12
    #4 0xaafd3f in brpc::Server::Start(int, brpc::ServerOptions const*) /opt/fs/brpc/src/brpc/server.cpp:1244:12
    #5 0x740915 in main /opt/fs/braft/example/atomic/server.cpp:498:16
    #6 0x7efeb507709a in __libc_start_main /build/reproducible-path/glibc-2.28/csu/../csu/libc-start.c:308:16

SUMMARY: AddressSanitizer: 184 byte(s) leaked in 3 allocation(s).
W1218 01:07:46.325337 15826 replicator.cpp:397] Group Atomic fail to issue RPC to 10.1.5.3:8700:0 _consecutive_error_times=61, [E22][10.1.5.3:8700][E22]node Atomic:10.1.5.3:8700:0 is not in active state, state ERROR
W1218 01:07:48.326216 15829 replicator.cpp:297] Group Atomic fail to issue RPC to 10.1.1.3:8700:0 _consecutive_error_times=11, [E112]Not connected to 10.1.1.3:8700 yet, server_id=8589935243 [R1][E112]Not connected to 10.1.1.3:8700 yet, server_id=8589935243 [R2][E112]Not connected to 10.1.1.3:8700 yet, server_id=8589935243 [R3][E112]Not connected to 10.1.1.3:8700 yet, server_id=8589935243
W1218 01:07:49.099980 15818 replicator.cpp:297] Group Atomic fail to issue RPC to 10.1.5.3:8700:0 _consecutive_error_times=71, [E22][10.1.5.3:8700][E22]node Atomic:10.1.5.3:8700:0 is not in active state, state ERROR
W1218 01:07:51.965708 15803 replicator.cpp:297] Group Atomic fail to issue RPC to 10.1.5.3:8700:0 _consecutive_error_times=81, [E22][10.1.5.3:8700][E22]node Atomic:10.1.5.3:8700:0 is not in active state, state ERROR
W1218 01:07:53.426043 15820 replicator.cpp:297] Group Atomic fail to issue RPC to 10.1.1.3:8700:0 _consecutive_error_times=21, [E112]Not connected to 10.1.1.3:8700 yet, server_id=8589935243 [R1][E112]Not connected to 10.1.1.3:8700 yet, server_id=8589935243 [R2][E112]Not connected to 10.1.1.3:8700 yet, server_id=8589935243 [R3][E112]Not connected to 10.1.1.3:8700 yet, server_id=8589935243
W1218 01:07:54.635042 15818 replicator.cpp:397] Group Atomic fail to issue RPC to 10.1.5.3:8700:0 _consecutive_error_times=91, [E22][10.1.5.3:8700][E22]node Atomic:10.1.5.3:8700:0 is not in active state, state ERROR
W1218 01:07:57.384830 15818 replicator.cpp:397] Group Atomic fail to issue RPC to 10.1.5.3:8700:0 _consecutive_error_times=101, [E22][10.1.5.3:8700][E22]node Atomic:10.1.5.3:8700:0 is not in active state, state ERROR
W1218 01:07:58.645026 15824 replicator.cpp:297] Group Atomic fail to issue RPC to 10.1.1.3:8700:0 _consecutive_error_times=31, [E112]Not connected to 10.1.1.3:8700 yet, server_id=8589935243 [R1][E112]Not connected to 10.1.1.3:8700 yet, server_id=8589935243 [R2][E112]Not connected to 10.1.1.3:8700 yet, server_id=8589935243 [R3][E112]Not connected to 10.1.1.3:8700 yet, server_id=8589935243
W1218 01:08:00.514580 15829 replicator.cpp:397] Group Atomic fail to issue RPC to 10.1.5.3:8700:0 _consecutive_error_times=111, [E22][10.1.5.3:8700][E22]node Atomic:10.1.5.3:8700:0 is not in active state, state ERROR
W1218 01:08:03.424249 15820 replicator.cpp:297] Group Atomic fail to issue RPC to 10.1.5.3:8700:0 _consecutive_error_times=121, [E22][10.1.5.3:8700][E22]node Atomic:10.1.5.3:8700:0 is not in active state, state ERROR
W1218 01:08:03.803635 15801 replicator.cpp:297] Group Atomic fail to issue RPC to 10.1.1.3:8700:0 _consecutive_error_times=41, [E112]Not connected to 10.1.1.3:8700 yet, server_id=8589935243 [R1][E112]Not connected to 10.1.1.3:8700 yet, server_id=8589935243 [R2][E112]Not connected to 10.1.1.3:8700 yet, server_id=8589935243 [R3][E112]Not connected to 10.1.1.3:8700 yet, server_id=8589935243
W1218 01:08:06.265414 15803 replicator.cpp:397] Group Atomic fail to issue RPC to 10.1.5.3:8700:0 _consecutive_error_times=131, [E22][10.1.5.3:8700][E22]node Atomic:10.1.5.3:8700:0 is not in active state, state ERROR
W1218 01:08:08.976784 15825 replicator.cpp:297] Group Atomic fail to issue RPC to 10.1.1.3:8700:0 _consecutive_error_times=51, [E112]Not connected to 10.1.1.3:8700 yet, server_id=8589935243 [R1][E112]Not connected to 10.1.1.3:8700 yet, server_id=8589935243 [R2][E112]Not connected to 10.1.1.3:8700 yet, server_id=8589935243 [R3][E112]Not connected to 10.1.1.3:8700 yet, server_id=8589935243
W1218 01:08:09.220301 15829 replicator.cpp:397] Group Atomic fail to issue RPC to 10.1.5.3:8700:0 _consecutive_error_times=141, [E22][10.1.5.3:8700][E22]node Atomic:10.1.5.3:8700:0 is not in active state, state ERROR
I1218 01:08:11.500566 15824 node.cpp:949] node Atomic:10.1.3.3:8700:0 starts to do snapshot
I1218 01:08:11.503063 15824 snapshot_executor.cpp:154] node Atomic:10.1.3.3:8700:0 the gap between fsm applied index 6 and last_snapshot_index 6 is less than 1, will clear bufferred logs and return success
I1218 01:08:11.563093 15801 log.cpp:1153] log save_meta ./data/log/log_meta first_log_index: 7 time: 57774
I1218 01:08:11.565325 15801 log.cpp:608] Unlinked segment `./data/log/log_inprogress_00000000000000000004'
I1218 01:08:12.088649 15826 replicator.cpp:835] node Atomic:10.1.3.3:8700:0 send InstallSnapshotRequest to 10.1.5.3:8700:0 term 10 last_included_term 10 last_included_index 6 uri remote://10.1.3.3:8700/554129125739415403
I1218 01:08:12.251497 15829 replicator.cpp:882] received InstallSnapshotResponse from Atomic:10.1.5.3:8700:0 last_included_index 6 last_included_term 10 error: [E22][10.1.5.3:8700][E22]node Atomic:10.1.5.3:8700:0 is not in active state, state ERROR
W1218 01:08:12.258966 15829 replicator.cpp:884] Group Atomic Fail to install snapshot at peer=10.1.5.3:8700:0, [E22][10.1.5.3:8700][E22]node Atomic:10.1.5.3:8700:0 is not in active state, state ERROR
I1218 01:08:12.783238 15824 replicator.cpp:835] node Atomic:10.1.3.3:8700:0 send InstallSnapshotRequest to 10.1.5.3:8700:0 term 10 last_included_term 10 last_included_index 6 uri remote://10.1.3.3:8700/554129125739415404
I1218 01:08:13.388754 15820 replicator.cpp:882] received InstallSnapshotResponse from Atomic:10.1.5.3:8700:0 last_included_index 6 last_included_term 10 error: [E22][10.1.5.3:8700][E22]node Atomic:10.1.5.3:8700:0 is not in active state, state ERROR
I1218 01:08:14.156845 15828 replicator.cpp:835] node Atomic:10.1.3.3:8700:0 send InstallSnapshotRequest to 10.1.5.3:8700:0 term 10 last_included_term 10 last_included_index 6 uri remote://10.1.3.3:8700/554129125739415405
W1218 01:08:14.159667 15826 replicator.cpp:297] Group Atomic fail to issue RPC to 10.1.1.3:8700:0 _consecutive_error_times=61, [E112]Not connected to 10.1.1.3:8700 yet, server_id=8589935243 [R1][E112]Not connected to 10.1.1.3:8700 yet, server_id=8589935243 [R2][E112]Not connected to 10.1.1.3:8700 yet, server_id=8589935243 [R3][E112]Not connected to 10.1.1.3:8700 yet, server_id=8589935243
I1218 01:08:14.239938 15820 replicator.cpp:882] received InstallSnapshotResponse from Atomic:10.1.5.3:8700:0 last_included_index 6 last_included_term 10 error: [E22][10.1.5.3:8700][E22]node Atomic:10.1.5.3:8700:0 is not in active state, state ERROR
I1218 01:08:14.753754 15825 replicator.cpp:835] node Atomic:10.1.3.3:8700:0 send InstallSnapshotRequest to 10.1.5.3:8700:0 term 10 last_included_term 10 last_included_index 6 uri remote://10.1.3.3:8700/554129125739415406
I1218 01:08:14.802277 15803 replicator.cpp:882] received InstallSnapshotResponse from Atomic:10.1.5.3:8700:0 last_included_index 6 last_included_term 10 error: [E22][10.1.5.3:8700][E22]node Atomic:10.1.5.3:8700:0 is not in active state, state ERROR
I1218 01:08:15.319479 15824 replicator.cpp:835] node Atomic:10.1.3.3:8700:0 send InstallSnapshotRequest to 10.1.5.3:8700:0 term 10 last_included_term 10 last_included_index 6 uri remote://10.1.3.3:8700/554129125739415407
I1218 01:08:15.384080 15803 replicator.cpp:882] received InstallSnapshotResponse from Atomic:10.1.5.3:8700:0 last_included_index 6 last_included_term 10 error: [E22][10.1.5.3:8700][E22]node Atomic:10.1.5.3:8700:0 is not in active state, state ERROR
W1218 01:08:15.613140 15803 replicator.cpp:297] Group Atomic fail to issue RPC to 10.1.5.3:8700:0 _consecutive_error_times=161, [E22][10.1.5.3:8700][E22]node Atomic:10.1.5.3:8700:0 is not in active state, state ERROR
I1218 01:08:15.904109 15829 replicator.cpp:835] node Atomic:10.1.3.3:8700:0 send InstallSnapshotRequest to 10.1.5.3:8700:0 term 10 last_included_term 10 last_included_index 6 uri remote://10.1.3.3:8700/554129125739415408
I1218 01:08:15.936893 15820 replicator.cpp:882] received InstallSnapshotResponse from Atomic:10.1.5.3:8700:0 last_included_index 6 last_included_term 10 error: [E22][10.1.5.3:8700][E22]node Atomic:10.1.5.3:8700:0 is not in active state, state ERROR
I1218 01:08:16.444597 15818 replicator.cpp:835] node Atomic:10.1.3.3:8700:0 send InstallSnapshotRequest to 10.1.5.3:8700:0 term 10 last_included_term 10 last_included_index 6 uri remote://10.1.3.3:8700/554129125739415409
I1218 01:08:16.489962 15820 replicator.cpp:882] received InstallSnapshotResponse from Atomic:10.1.5.3:8700:0 last_included_index 6 last_included_term 10 error: [E22][10.1.5.3:8700][E22]node Atomic:10.1.5.3:8700:0 is not in active state, state ERROR
I1218 01:08:17.019574 15829 replicator.cpp:835] node Atomic:10.1.3.3:8700:0 send InstallSnapshotRequest to 10.1.5.3:8700:0 term 10 last_included_term 10 last_included_index 6 uri remote://10.1.3.3:8700/554129125739415410
I1218 01:08:17.068576 15824 replicator.cpp:882] received InstallSnapshotResponse from Atomic:10.1.5.3:8700:0 last_included_index 6 last_included_term 10 error: [E22][10.1.5.3:8700][E22]node Atomic:10.1.5.3:8700:0 is not in active state, state ERROR
I1218 01:08:17.575083 15820 replicator.cpp:835] node Atomic:10.1.3.3:8700:0 send InstallSnapshotRequest to 10.1.5.3:8700:0 term 10 last_included_term 10 last_included_index 6 uri remote://10.1.3.3:8700/554129125739415411
I1218 01:08:17.632930 15824 replicator.cpp:882] received InstallSnapshotResponse from Atomic:10.1.5.3:8700:0 last_included_index 6 last_included_term 10 error: [E22][10.1.5.3:8700][E22]node Atomic:10.1.5.3:8700:0 is not in active state, state ERROR
I1218 01:08:18.146252 15825 replicator.cpp:835] node Atomic:10.1.3.3:8700:0 send InstallSnapshotRequest to 10.1.5.3:8700:0 term 10 last_included_term 10 last_included_index 6 uri remote://10.1.3.3:8700/554129125739415412
I1218 01:08:18.171382 15824 replicator.cpp:882] received InstallSnapshotResponse from Atomic:10.1.5.3:8700:0 last_included_index 6 last_included_term 10 error: [E22][10.1.5.3:8700][E22]node Atomic:10.1.5.3:8700:0 is not in active state, state ERROR
W1218 01:08:18.439710 15826 replicator.cpp:297] Group Atomic fail to issue RPC to 10.1.5.3:8700:0 _consecutive_error_times=171, [E22][10.1.5.3:8700][E22]node Atomic:10.1.5.3:8700:0 is not in active state, state ERROR
I1218 01:08:18.685881 15820 replicator.cpp:835] node Atomic:10.1.3.3:8700:0 send InstallSnapshotRequest to 10.1.5.3:8700:0 term 10 last_included_term 10 last_included_index 6 uri remote://10.1.3.3:8700/554129125739415413
I1218 01:08:18.763079 15825 replicator.cpp:882] received InstallSnapshotResponse from Atomic:10.1.5.3:8700:0 last_included_index 6 last_included_term 10 error: [E22][10.1.5.3:8700][E22]node Atomic:10.1.5.3:8700:0 is not in active state, state ERROR
W1218 01:08:19.288403 15825 replicator.cpp:297] Group Atomic fail to issue RPC to 10.1.1.3:8700:0 _consecutive_error_times=71, [E112]Not connected to 10.1.1.3:8700 yet, server_id=8589935243 [R1][E112]Not connected to 10.1.1.3:8700 yet, server_id=8589935243 [R2][E112]Not connected to 10.1.1.3:8700 yet, server_id=8589935243 [R3][E112]Not connected to 10.1.1.3:8700 yet, server_id=8589935243
I1218 01:08:19.310091 15818 replicator.cpp:835] node Atomic:10.1.3.3:8700:0 send InstallSnapshotRequest to 10.1.5.3:8700:0 term 10 last_included_term 10 last_included_index 6 uri remote://10.1.3.3:8700/554129125739415414
I1218 01:08:19.525151 15801 replicator.cpp:882] received InstallSnapshotResponse from Atomic:10.1.5.3:8700:0 last_included_index 6 last_included_term 10 error: [E22][10.1.5.3:8700][E22]node Atomic:10.1.5.3:8700:0 is not in active state, state ERROR
I1218 01:08:20.117247 15820 replicator.cpp:835] node Atomic:10.1.3.3:8700:0 send InstallSnapshotRequest to 10.1.5.3:8700:0 term 10 last_included_term 10 last_included_index 6 uri remote://10.1.3.3:8700/554129125739415415
I1218 01:08:20.188508 15829 replicator.cpp:882] received InstallSnapshotResponse from Atomic:10.1.5.3:8700:0 last_included_index 6 last_included_term 10 error: [E22][10.1.5.3:8700][E22]node Atomic:10.1.5.3:8700:0 is not in active state, state ERROR
I1218 01:08:20.710083 15828 replicator.cpp:835] node Atomic:10.1.3.3:8700:0 send InstallSnapshotRequest to 10.1.5.3:8700:0 term 10 last_included_term 10 last_included_index 6 uri remote://10.1.3.3:8700/554129125739415416
I1218 01:08:20.745354 15826 replicator.cpp:882] received InstallSnapshotResponse from Atomic:10.1.5.3:8700:0 last_included_index 6 last_included_term 10 error: [E22][10.1.5.3:8700][E22]node Atomic:10.1.5.3:8700:0 is not in active state, state ERROR
I1218 01:08:21.286096 15801 replicator.cpp:835] node Atomic:10.1.3.3:8700:0 send InstallSnapshotRequest to 10.1.5.3:8700:0 term 10 last_included_term 10 last_included_index 6 uri remote://10.1.3.3:8700/554129125739415417
I1218 01:08:21.328769 15803 replicator.cpp:882] received InstallSnapshotResponse from Atomic:10.1.5.3:8700:0 last_included_index 6 last_included_term 10 error: [E22][10.1.5.3:8700][E22]node Atomic:10.1.5.3:8700:0 is not in active state, state ERROR
W1218 01:08:21.743654 15801 replicator.cpp:297] Group Atomic fail to issue RPC to 10.1.5.3:8700:0 _consecutive_error_times=181, [E22][10.1.5.3:8700][E22]node Atomic:10.1.5.3:8700:0 is not in active state, state ERROR
I1218 01:08:21.856344 15818 replicator.cpp:835] node Atomic:10.1.3.3:8700:0 send InstallSnapshotRequest to 10.1.5.3:8700:0 term 10 last_included_term 10 last_included_index 6 uri remote://10.1.3.3:8700/554129125739415418
I1218 01:08:22.333071 15826 replicator.cpp:882] received InstallSnapshotResponse from Atomic:10.1.5.3:8700:0 last_included_index 6 last_included_term 10 error: [E22][10.1.5.3:8700][E22]node Atomic:10.1.5.3:8700:0 is not in active state, state ERROR
I1218 01:08:22.883527 15824 replicator.cpp:835] node Atomic:10.1.3.3:8700:0 send InstallSnapshotRequest to 10.1.5.3:8700:0 term 10 last_included_term 10 last_included_index 6 uri remote://10.1.3.3:8700/554129125739415419
I1218 01:08:22.929775 15826 replicator.cpp:882] received InstallSnapshotResponse from Atomic:10.1.5.3:8700:0 last_included_index 6 last_included_term 10 error: [E22][10.1.5.3:8700][E22]node Atomic:10.1.5.3:8700:0 is not in active state, state ERROR
I1218 01:08:23.437806 15828 replicator.cpp:835] node Atomic:10.1.3.3:8700:0 send InstallSnapshotRequest to 10.1.5.3:8700:0 term 10 last_included_term 10 last_included_index 6 uri remote://10.1.3.3:8700/554129125739415420
I1218 01:08:23.501420 15829 replicator.cpp:882] received InstallSnapshotResponse from Atomic:10.1.5.3:8700:0 last_included_index 6 last_included_term 10 error: [E22][10.1.5.3:8700][E22]node Atomic:10.1.5.3:8700:0 is not in active state, state ERROR
I1218 01:08:24.018788 15818 replicator.cpp:835] node Atomic:10.1.3.3:8700:0 send InstallSnapshotRequest to 10.1.5.3:8700:0 term 10 last_included_term 10 last_included_index 6 uri remote://10.1.3.3:8700/554129125739415421
I1218 01:08:24.044507 15829 replicator.cpp:882] received InstallSnapshotResponse from Atomic:10.1.5.3:8700:0 last_included_index 6 last_included_term 10 error: [E22][10.1.5.3:8700][E22]node Atomic:10.1.5.3:8700:0 is not in active state, state ERROR
W1218 01:08:24.477104 15829 replicator.cpp:297] Group Atomic fail to issue RPC to 10.1.1.3:8700:0 _consecutive_error_times=81, [E112]Not connected to 10.1.1.3:8700 yet, server_id=8589935243 [R1][E112]Not connected to 10.1.1.3:8700 yet, server_id=8589935243 [R2][E112]Not connected to 10.1.1.3:8700 yet, server_id=8589935243 [R3][E112]Not connected to 10.1.1.3:8700 yet, server_id=8589935243
I1218 01:08:24.571277 15824 replicator.cpp:835] node Atomic:10.1.3.3:8700:0 send InstallSnapshotRequest to 10.1.5.3:8700:0 term 10 last_included_term 10 last_included_index 6 uri remote://10.1.3.3:8700/554129125739415422
I1218 01:08:25.116284 15801 replicator.cpp:882] received InstallSnapshotResponse from Atomic:10.1.5.3:8700:0 last_included_index 6 last_included_term 10 error: [E22][10.1.5.3:8700][E22]node Atomic:10.1.5.3:8700:0 is not in active state, state ERROR
W1218 01:08:25.231700 15801 replicator.cpp:884] Group Atomic Fail to install snapshot at peer=10.1.5.3:8700:0, [E22][10.1.5.3:8700][E22]node Atomic:10.1.5.3:8700:0 is not in active state, state ERROR
I1218 01:08:25.916769 15820 replicator.cpp:835] node Atomic:10.1.3.3:8700:0 send InstallSnapshotRequest to 10.1.5.3:8700:0 term 10 last_included_term 10 last_included_index 6 uri remote://10.1.3.3:8700/554129125739415423
I1218 01:08:26.032486 15803 replicator.cpp:882] received InstallSnapshotResponse from Atomic:10.1.5.3:8700:0 last_included_index 6 last_included_term 10 error: [E22][10.1.5.3:8700][E22]node Atomic:10.1.5.3:8700:0 is not in active state, state ERROR
I1218 01:08:26.556800 15803 replicator.cpp:835] node Atomic:10.1.3.3:8700:0 send InstallSnapshotRequest to 10.1.5.3:8700:0 term 10 last_included_term 10 last_included_index 6 uri remote://10.1.3.3:8700/554129125739415424
W1218 01:08:26.569595 15764 sampler.cpp:192] bvar is busy at sampling for 2 seconds!
