    #1 0xaacffa in brpc::Server::StartInternal(butil::EndPoint const&, brpc::PortRange const&, brpc::ServerOptions const*) /opt/fs/brpc/src/brpc/server.cpp:903:22
    #2 0xaafd3f in brpc::Server::Start(butil::EndPoint const&, brpc::ServerOptions const*) /opt/fs/brpc/src/brpc/server.cpp:1225:12
    #3 0xaafd3f in brpc::Server::Start(int, brpc::ServerOptions const*) /opt/fs/brpc/src/brpc/server.cpp:1244:12
    #4 0x740915 in main /opt/fs/braft/example/atomic/server.cpp:498:16
    #5 0x7f2b3780e09a in __libc_start_main /build/reproducible-path/glibc-2.28/csu/../csu/libc-start.c:308:16

Direct leak of 8 byte(s) in 1 object(s) allocated from:
    #0 0x73d63d in operator new(unsigned long) (/opt/fs/braft/example/atomic/atomic_server+0x73d63d)
    #1 0xaa7f39 in brpc::ServerOptions::ServerOptions() /opt/fs/brpc/src/brpc/server.cpp:155:30
    #2 0xaa94d1 in brpc::Server::Server(brpc::ProfilerLinker) /opt/fs/brpc/src/brpc/server.cpp:409:9
    #3 0x740625 in main /opt/fs/braft/example/atomic/server.cpp:474:18
    #4 0x7f2b3780e09a in __libc_start_main /build/reproducible-path/glibc-2.28/csu/../csu/libc-start.c:308:16

Indirect leak of 88 byte(s) in 1 object(s) allocated from:
    #0 0x73d63d in operator new(unsigned long) (/opt/fs/braft/example/atomic/atomic_server+0x73d63d)
    #1 0xba3588 in bthread_keytable_pool_init /opt/fs/brpc/src/bthread/key.cpp:446:18
    #2 0xaad009 in brpc::Server::StartInternal(butil::EndPoint const&, brpc::PortRange const&, brpc::ServerOptions const*) /opt/fs/brpc/src/brpc/server.cpp:904:9
    #3 0xaafd3f in brpc::Server::Start(butil::EndPoint const&, brpc::ServerOptions const*) /opt/fs/brpc/src/brpc/server.cpp:1225:12
    #4 0xaafd3f in brpc::Server::Start(int, brpc::ServerOptions const*) /opt/fs/brpc/src/brpc/server.cpp:1244:12
    #5 0x740915 in main /opt/fs/braft/example/atomic/server.cpp:498:16
    #6 0x7f2b3780e09a in __libc_start_main /build/reproducible-path/glibc-2.28/csu/../csu/libc-start.c:308:16

SUMMARY: AddressSanitizer: 184 byte(s) leaked in 3 allocation(s).
W1218 01:13:28.753919 18135 replicator.cpp:397] Group Atomic fail to issue RPC to 10.1.5.3:8700:0 _consecutive_error_times=41, [E22][10.1.5.3:8700][E22]node Atomic:10.1.5.3:8700:0 is not in active state, state ERROR
I1218 01:13:29.142724 18153 node.cpp:949] node Atomic:10.1.3.3:8700:0 starts to do snapshot
I1218 01:13:29.247609 18153 snapshot.cpp:647] Deleting ./data/snapshot/snapshot_00000000000000000016
I1218 01:13:29.249981 18153 snapshot.cpp:653] Renaming ./data/snapshot/temp to ./data/snapshot/snapshot_00000000000000000016
I1218 01:13:29.260962 18153 snapshot.cpp:523] Deleting ./data/snapshot/snapshot_00000000000000000015
I1218 01:13:29.361296 18153 snapshot_executor.cpp:234] node Atomic:10.1.3.3:8700:0 snapshot_save_done, last_included_index=16 last_included_term=21
I1218 01:13:29.434198 18155 log.cpp:1153] log save_meta ./data/log/log_meta first_log_index: 16 time: 31694
W1218 01:13:31.591650 18128 replicator.cpp:297] Group Atomic fail to issue RPC to 10.1.5.3:8700:0 _consecutive_error_times=51, [E22][10.1.5.3:8700][E22]node Atomic:10.1.5.3:8700:0 is not in active state, state ERROR
WARNING: Logging before InitGoogleLogging() is written to STDERR
W1218 01:13:56.953358 20513 bthread.cpp:409] Fail to set concurrency by tag: 0, tag concurrency must larger than old oncurrency. old concurrency: 24, new concurrency: 9
I1218 01:13:57.083815 20513 server.cpp:1208] Server[braft::RaftStatImpl+braft::FileServiceImpl+braft::RaftServiceImpl+braft::CliServiceImpl+example::AtomicServiceImpl] is serving on port=8700.
I1218 01:13:57.086326 20513 server.cpp:1211] Check out http://n3:8700 in web browser.
I1218 01:13:57.165354 20513 log.cpp:691] Use murmurhash32 as the checksum type of appending entries
I1218 01:13:57.177174 20513 log.cpp:1175] log load_meta ./data/log/log_meta first_log_index: 16 time: 10118
I1218 01:13:57.184971 20513 log.cpp:1115] load open segment, path: ./data/log first_index: 15
I1218 01:13:57.235703 20513 snapshot.cpp:465] Deleting ./data/snapshot/temp
I1218 01:13:57.411700 20575 server.cpp:306] Configuration of this group is 10.1.1.3:8700:0,10.1.2.3:8700:0,10.1.3.3:8700:0,10.1.4.3:8700:0,10.1.5.3:8700:0
I1218 01:13:57.451646 20575 snapshot_executor.cpp:264] node Atomic:10.1.3.3:8700:0 snapshot_load_done, last_included_index: 16 last_included_term: 21 peers: "10.1.1.3:8700:0" peers: "10.1.2.3:8700:0" peers: "10.1.3.3:8700:0" peers: "10.1.4.3:8700:0" peers: "10.1.5.3:8700:0"
I1218 01:13:57.517297 20513 raft_meta.cpp:521] Loaded single stable meta, path ./data/raft_meta term 21 votedfor 10.1.3.3:8700:0 time: 4484
I1218 01:13:57.549670 20513 node.cpp:608] node Atomic:10.1.3.3:8700:0 init, term: 21 last_log_id: (index=16,term=21) conf: 10.1.1.3:8700:0,10.1.2.3:8700:0,10.1.3.3:8700:0,10.1.4.3:8700:0,10.1.5.3:8700:0 old_conf: 
I1218 01:13:57.654323 20513 server.cpp:509] Atomic service is running on 0.0.0.0:8700
I1218 01:14:03.447366 20572 node.cpp:1587] node Atomic:10.1.3.3:8700:0 term 21 start pre_vote
W1218 01:14:04.097352 20569 node.cpp:1567] node Atomic:10.1.3.3:8700:0 request PreVote from 10.1.1.3:8700:0 error: [E110]Fail to connect Socket{id=93 addr=10.1.1.3:8700} (0x0x631000050800): Connection timed out
W1218 01:14:04.664964 20567 node.cpp:1567] node Atomic:10.1.3.3:8700:0 request PreVote from 10.1.5.3:8700:0 error: [E22][10.1.5.3:8700][E22]Invalid argument
I1218 01:14:04.707968 20554 node.cpp:2129] node Atomic:10.1.3.3:8700:0 received PreVote from 10.1.4.3:8700:0 in term 22 current_term 21 granted 1 rejected_by_lease 0
I1218 01:14:04.768074 20579 node.cpp:1512] node Atomic:10.1.3.3:8700:0 received PreVoteResponse from 10.1.4.3:8700:0 term 21 granted 1 rejected_by_lease 0 disrupted 0
I1218 01:14:04.916762 20577 node.cpp:1512] node Atomic:10.1.3.3:8700:0 received PreVoteResponse from 10.1.2.3:8700:0 term 21 granted 1 rejected_by_lease 0 disrupted 0
I1218 01:14:04.932129 20577 node.cpp:1653] node Atomic:10.1.3.3:8700:0 term 21 start vote and grant vote self
W1218 01:14:05.078787 20579 node.cpp:1454] node Atomic:10.1.3.3:8700:0 received RequestVoteResponse from 10.1.5.3:8700:0 error: [E22][10.1.5.3:8700][E22]Invalid argument
I1218 01:14:05.247521 20577 raft_meta.cpp:546] Saved single stable meta, path ./data/raft_meta term 22 votedfor 10.1.3.3:8700:0 time: 247521
I1218 01:14:05.252990 20567 node.cpp:2211] node Atomic:10.1.3.3:8700:0 received RequestVote from 10.1.4.3:8700:0 in term 22 current_term 22 log_is_ok 1 votable_time 0
I1218 01:14:05.263890 20554 node.cpp:1403] node Atomic:10.1.3.3:8700:0 received RequestVoteResponse from 10.1.2.3:8700:0 term 22 granted 1 rejected_by_lease 0 disrupted 0
I1218 01:14:05.316058 20579 node.cpp:1403] node Atomic:10.1.3.3:8700:0 received RequestVoteResponse from 10.1.4.3:8700:0 term 22 granted 0 rejected_by_lease 0 disrupted 0
I1218 01:14:05.880604 20577 node.cpp:1403] node Atomic:10.1.3.3:8700:0 received RequestVoteResponse from 10.1.1.3:8700:0 term 22 granted 1 rejected_by_lease 0 disrupted 0
I1218 01:14:05.882279 20577 node.cpp:1908] node Atomic:10.1.3.3:8700:0 term 22 become leader of group 10.1.1.3:8700:0,10.1.2.3:8700:0,10.1.3.3:8700:0,10.1.4.3:8700:0,10.1.5.3:8700:0 
I1218 01:14:05.898321 20577 replicator.cpp:143] Replicator=1116691496966@10.1.1.3:8700:0 is started, group Atomic
I1218 01:14:05.961064 20577 replicator.cpp:143] Replicator=2254857830401@10.1.2.3:8700:0 is started, group Atomic
I1218 01:14:05.964265 20577 replicator.cpp:143] Replicator=2272037699585@10.1.4.3:8700:0 is started, group Atomic
I1218 01:14:05.967056 20577 replicator.cpp:143] Replicator=2289217568769@10.1.5.3:8700:0 is started, group Atomic
W1218 01:14:06.203263 20579 replicator.cpp:397] Group Atomic fail to issue RPC to 10.1.5.3:8700:0 _consecutive_error_times=1, [E22][10.1.5.3:8700][E22]node Atomic:10.1.5.3:8700:0 is not in active state, state ERROR
I1218 01:14:06.280557 20575 node.cpp:2211] node Atomic:10.1.3.3:8700:0 received RequestVote from 10.1.1.3:8700:0 in term 23 current_term 22 log_is_ok 0 votable_time 0
I1218 01:14:06.291182 20567 replicator.cpp:1258] Replicator=2254857830401 is going to quit
I1218 01:14:06.292484 20581 replicator.cpp:1258] Replicator=1116691496966 is going to quit
I1218 01:14:06.301440 20554 server.cpp:296] Node stepped down : Raft node receives higher term request_vote_request.
I1218 01:14:06.303071 20575 node.cpp:3310] node Atomic:10.1.3.3:8700:0 reset ConfigurationCtx, new_peers: 10.1.1.3:8700:0,10.1.2.3:8700:0,10.1.3.3:8700:0,10.1.4.3:8700:0,10.1.5.3:8700:0, old_peers: 10.1.1.3:8700:0,10.1.2.3:8700:0,10.1.3.3:8700:0,10.1.4.3:8700:0,10.1.5.3:8700:0
I1218 01:14:06.313761 20579 replicator.cpp:1258] Replicator=2272037699585 is going to quit
I1218 01:14:06.347502 20575 raft_meta.cpp:546] Saved single stable meta, path ./data/raft_meta term 23 votedfor 0.0.0.0:0:0 time: 18201
I1218 01:14:06.372152 20575 replicator.cpp:989] Group Atomic Replicator=2289217568769 is going to quit
I1218 01:14:06.373853 20575 replicator.cpp:1258] Replicator=2289217568769 is going to quit
I1218 01:14:06.408766 20577 node.cpp:2129] node Atomic:10.1.3.3:8700:0 received PreVote from 10.1.1.3:8700:0 in term 23 current_term 23 granted 0 rejected_by_lease 0
I1218 01:14:06.411695 20577 server.cpp:312] Node start following { leader_id=10.1.1.3:8700:0, term=23, status=Follower receives message from new leader with the same term.}
W1218 01:14:06.473699 20567 log_manager.cpp:592] Truncating storage to last_index_kept=16
I1218 01:14:06.902818 20577 server.cpp:306] Configuration of this group is 10.1.1.3:8700:0,10.1.2.3:8700:0,10.1.3.3:8700:0,10.1.4.3:8700:0,10.1.5.3:8700:0
I1218 01:14:17.937830 20573 node.cpp:949] node Atomic:10.1.3.3:8700:0 starts to do snapshot
I1218 01:14:18.062279 20573 snapshot.cpp:647] Deleting ./data/snapshot/snapshot_00000000000000000017
I1218 01:14:18.064251 20573 snapshot.cpp:653] Renaming ./data/snapshot/temp to ./data/snapshot/snapshot_00000000000000000017
I1218 01:14:18.071192 20573 snapshot.cpp:523] Deleting ./data/snapshot/snapshot_00000000000000000016
I1218 01:14:18.122090 20573 snapshot_executor.cpp:234] node Atomic:10.1.3.3:8700:0 snapshot_save_done, last_included_index=17 last_included_term=23
I1218 01:14:18.191303 20573 log.cpp:1153] log save_meta ./data/log/log_meta first_log_index: 17 time: 22079
I1218 01:14:27.539621 20577 node.cpp:2129] node Atomic:10.1.3.3:8700:0 received PreVote from 10.1.2.3:8700:0 in term 24 current_term 23 granted 1 rejected_by_lease 0
I1218 01:14:27.914291 20574 node.cpp:1587] node Atomic:10.1.3.3:8700:0 term 23 start pre_vote
I1218 01:14:27.916205 20573 server.cpp:309] Node stops following { leader_id=10.1.1.3:8700:0, term=23, status=Lost connection from leader 10.1.1.3:8700:0}
W1218 01:14:27.981367 20567 node.cpp:1567] node Atomic:10.1.3.3:8700:0 request PreVote from 10.1.1.3:8700:0 error: [E111]Fail to connect Socket{id=279 addr=10.1.1.3:8700} (0x0x6310000a0800): Connection refused
I1218 01:14:28.038301 20579 node.cpp:2211] node Atomic:10.1.3.3:8700:0 received RequestVote from 10.1.2.3:8700:0 in term 24 current_term 23 log_is_ok 1 votable_time 0
W1218 01:14:28.089095 20575 node.cpp:1567] node Atomic:10.1.3.3:8700:0 request PreVote from 10.1.5.3:8700:0 error: [E22][10.1.5.3:8700][E22]Invalid argument
I1218 01:14:28.225092 20579 raft_meta.cpp:546] Saved single stable meta, path ./data/raft_meta term 24 votedfor 0.0.0.0:0:0 time: 151519
I1218 01:14:28.277092 20579 raft_meta.cpp:546] Saved single stable meta, path ./data/raft_meta term 24 votedfor 10.1.2.3:8700:0 time: 49302
W1218 01:14:28.279171 20554 node.cpp:1479] node Atomic:10.1.3.3:8700:0 received invalid PreVoteResponse from 10.1.4.3:8700:0 ctx_version 6 current_ctx_version 8
W1218 01:14:28.356607 20575 node.cpp:1479] node Atomic:10.1.3.3:8700:0 received invalid PreVoteResponse from 10.1.2.3:8700:0 ctx_version 6 current_ctx_version 8
I1218 01:14:28.411419 20579 node.cpp:2129] node Atomic:10.1.3.3:8700:0 received PreVote from 10.1.4.3:8700:0 in term 25 current_term 24 granted 1 rejected_by_lease 0
I1218 01:14:28.604386 20554 server.cpp:312] Node start following { leader_id=10.1.2.3:8700:0, term=24, status=Follower receives message from new leader with the same term.}
I1218 01:14:29.078935 20567 server.cpp:306] Configuration of this group is 10.1.1.3:8700:0,10.1.2.3:8700:0,10.1.3.3:8700:0,10.1.4.3:8700:0,10.1.5.3:8700:0
WARNING: Logging before InitGoogleLogging() is written to STDERR
W1218 01:15:16.191469 21363 bthread.cpp:409] Fail to set concurrency by tag: 0, tag concurrency must larger than old oncurrency. old concurrency: 24, new concurrency: 9
E1218 01:15:16.332149 21363 server.cpp:1101] Fail to listen 0.0.0.0:8700
E1218 01:15:16.334260 21363 server.cpp:499] Fail to start Server
I1218 01:15:22.019930 20565 server.cpp:309] Node stops following { leader_id=10.1.2.3:8700:0, term=24, status=Lost connection from leader 10.1.2.3:8700:0}
I1218 01:15:22.009281 20574 node.cpp:1587] node Atomic:10.1.3.3:8700:0 term 24 start pre_vote
I1218 01:15:22.124008 20573 node.cpp:949] node Atomic:10.1.3.3:8700:0 starts to do snapshot
W1218 01:15:22.221179 20572 baidu_rpc_protocol.cpp:349] Fail to write into Socket{id=17179869465 fd=8 addr=10.1.2.3:38086:8700} (0x6310000a0d80): Unknown error 1014 [1014]
W1218 01:15:22.227156 20575 baidu_rpc_protocol.cpp:349] Fail to write into Socket{id=17179869465 fd=8 addr=10.1.2.3:38086:8700} (0x6310000a0d80): Unknown error 1014 [1014]
W1218 01:15:22.279009 20567 baidu_rpc_protocol.cpp:349] Fail to write into Socket{id=17179869465 fd=8 addr=10.1.2.3:38086:8700} (0x6310000a0d80): Unknown error 1014 [1014]
I1218 01:15:22.301254 20555 server.cpp:312] Node start following { leader_id=10.1.2.3:8700:0, term=24, status=Follower receives message from new leader with the same term.}
I1218 01:15:22.452059 20563 node.cpp:2129] node Atomic:10.1.3.3:8700:0 received PreVote from 10.1.4.3:8700:0 in term 25 current_term 24 granted 1 rejected_by_lease 0
I1218 01:15:22.462167 20564 node.cpp:2129] node Atomic:10.1.3.3:8700:0 received PreVote from 10.1.2.3:8700:0 in term 25 current_term 24 granted 1 rejected_by_lease 0
I1218 01:15:22.464298 20566 node.cpp:2129] node Atomic:10.1.3.3:8700:0 received PreVote from 10.1.4.3:8700:0 in term 25 current_term 24 granted 1 rejected_by_lease 0
I1218 01:15:22.465417 20559 node.cpp:2129] node Atomic:10.1.3.3:8700:0 received PreVote from 10.1.2.3:8700:0 in term 25 current_term 24 granted 1 rejected_by_lease 0
W1218 01:15:22.484373 20559 baidu_rpc_protocol.cpp:349] Fail to write into Socket{id=372 fd=9 addr=10.1.2.3:58756:8700} (0x6310000c8800): Unknown error 1014 [1014]
W1218 01:15:22.487478 20566 baidu_rpc_protocol.cpp:349] Fail to write into Socket{id=373 fd=10 addr=10.1.4.3:45848:8700} (0x6310000c8ac0): Unknown error 1014 [1014]
W1218 01:15:22.481408 20564 baidu_rpc_protocol.cpp:349] Fail to write into Socket{id=374 fd=11 addr=10.1.2.3:40702:8700} (0x6310000c8d80): Unknown error 1014 [1014]
I1218 01:15:22.551766 20556 node.cpp:2129] node Atomic:10.1.3.3:8700:0 received PreVote from 10.1.4.3:8700:0 in term 25 current_term 24 granted 1 rejected_by_lease 0
W1218 01:15:22.563860 20563 baidu_rpc_protocol.cpp:349] Fail to write into Socket{id=377 fd=14 addr=10.1.4.3:55236:8700} (0x6310000c95c0): Unknown error 1014 [1014]
I1218 01:15:22.579706 20557 node.cpp:2129] node Atomic:10.1.3.3:8700:0 received PreVote from 10.1.2.3:8700:0 in term 25 current_term 24 granted 1 rejected_by_lease 0
W1218 01:15:22.581130 20557 baidu_rpc_protocol.cpp:349] Fail to write into Socket{id=376 fd=13 addr=10.1.2.3:40716:8700} (0x6310000c9300): Unknown error 1014 [1014]
W1218 01:15:22.892295 20556 baidu_rpc_protocol.cpp:349] Fail to write into Socket{id=375 fd=12 addr=10.1.4.3:55220:8700} (0x6310000c9040): Unknown error 1014 [1014]
I1218 01:15:23.071589 20573 snapshot.cpp:647] Deleting ./data/snapshot/snapshot_00000000000000000018
I1218 01:15:23.076892 20573 snapshot.cpp:653] Renaming ./data/snapshot/temp to ./data/snapshot/snapshot_00000000000000000018
I1218 01:15:23.131733 20573 snapshot.cpp:523] Deleting ./data/snapshot/snapshot_00000000000000000017
I1218 01:15:23.142868 20573 snapshot_executor.cpp:234] node Atomic:10.1.3.3:8700:0 snapshot_save_done, last_included_index=18 last_included_term=24
I1218 01:15:23.228224 20573 log.cpp:1153] log save_meta ./data/log/log_meta first_log_index: 18 time: 54279
I1218 01:15:23.363255 20571 node.cpp:1512] node Atomic:10.1.3.3:8700:0 received PreVoteResponse from 10.1.4.3:8700:0 term 24 granted 1 rejected_by_lease 0 disrupted 0
I1218 01:15:23.414182 20562 node.cpp:1512] node Atomic:10.1.3.3:8700:0 received PreVoteResponse from 10.1.2.3:8700:0 term 24 granted 1 rejected_by_lease 0 disrupted 0
I1218 01:15:23.415933 20562 node.cpp:1653] node Atomic:10.1.3.3:8700:0 term 24 start vote and grant vote self
I1218 01:15:23.432752 20572 server.cpp:309] Node stops following { leader_id=10.1.2.3:8700:0, term=24, status=A follower's leader_id is reset to NULL as it begins to request_vote.}
I1218 01:15:23.486215 20562 raft_meta.cpp:546] Saved single stable meta, path ./data/raft_meta term 25 votedfor 10.1.3.3:8700:0 time: 43232
W1218 01:15:23.578888 20555 node.cpp:1567] node Atomic:10.1.3.3:8700:0 request PreVote from 10.1.5.3:8700:0 error: [E22][10.1.5.3:8700][E22]Invalid argument
W1218 01:15:23.607445 20555 node.cpp:1454] node Atomic:10.1.3.3:8700:0 received RequestVoteResponse from 10.1.5.3:8700:0 error: [E22][10.1.5.3:8700][E22]Invalid argument
I1218 01:15:23.697096 20571 node.cpp:1403] node Atomic:10.1.3.3:8700:0 received RequestVoteResponse from 10.1.4.3:8700:0 term 25 granted 1 rejected_by_lease 0 disrupted 0
I1218 01:15:23.748385 20574 node.cpp:1403] node Atomic:10.1.3.3:8700:0 received RequestVoteResponse from 10.1.2.3:8700:0 term 25 granted 1 rejected_by_lease 0 disrupted 0
I1218 01:15:23.749802 20574 node.cpp:1908] node Atomic:10.1.3.3:8700:0 term 25 become leader of group 10.1.1.3:8700:0,10.1.2.3:8700:0,10.1.3.3:8700:0,10.1.4.3:8700:0,10.1.5.3:8700:0 
I1218 01:15:23.898792 20574 replicator.cpp:143] Replicator=3405909065729@10.1.1.3:8700:0 is started, group Atomic
I1218 01:15:24.109464 20574 replicator.cpp:143] Replicator=3423088934913@10.1.2.3:8700:0 is started, group Atomic
I1218 01:15:24.175531 20574 replicator.cpp:143] Replicator=3440268804097@10.1.4.3:8700:0 is started, group Atomic
I1218 01:15:24.235430 20574 replicator.cpp:143] Replicator=3457448673281@10.1.5.3:8700:0 is started, group Atomic
W1218 01:15:24.344947 20572 replicator.cpp:397] Group Atomic fail to issue RPC to 10.1.5.3:8700:0 _consecutive_error_times=1, [E22][10.1.5.3:8700][E22]node Atomic:10.1.5.3:8700:0 is not in active state, state ERROR
W1218 01:15:24.338265 20530 sampler.cpp:192] bvar is busy at sampling for 2 seconds!
W1218 01:15:24.432601 20569 node.cpp:1479] node Atomic:10.1.3.3:8700:0 received invalid PreVoteResponse from 10.1.1.3:8700:0 ctx_version 13 current_ctx_version 14
W1218 01:15:24.441149 20573 node.cpp:1370] node Atomic:10.1.3.3:8700:0 received invalid RequestVoteResponse from 10.1.1.3:8700:0 ctx_version 3 current_ctx_version 4
I1218 01:15:24.587962 20572 server.cpp:306] Configuration of this group is 10.1.1.3:8700:0,10.1.2.3:8700:0,10.1.3.3:8700:0,10.1.4.3:8700:0,10.1.5.3:8700:0
I1218 01:15:24.597277 20572 node.cpp:3310] node Atomic:10.1.3.3:8700:0 reset ConfigurationCtx, new_peers: 10.1.1.3:8700:0,10.1.2.3:8700:0,10.1.3.3:8700:0,10.1.4.3:8700:0,10.1.5.3:8700:0, old_peers: 10.1.1.3:8700:0,10.1.2.3:8700:0,10.1.3.3:8700:0,10.1.4.3:8700:0,10.1.5.3:8700:0
I1218 01:15:24.645272 20572 server.cpp:291] Node becomes leader
W1218 01:15:27.280364 20569 replicator.cpp:397] Group Atomic fail to issue RPC to 10.1.5.3:8700:0 _consecutive_error_times=11, [E22][10.1.5.3:8700][E22]node Atomic:10.1.5.3:8700:0 is not in active state, state ERROR
W1218 01:15:30.179659 20571 replicator.cpp:297] Group Atomic fail to issue RPC to 10.1.5.3:8700:0 _consecutive_error_times=21, [E22][10.1.5.3:8700][E22]node Atomic:10.1.5.3:8700:0 is not in active state, state ERROR
W1218 01:15:32.999948 20573 replicator.cpp:297] Group Atomic fail to issue RPC to 10.1.5.3:8700:0 _consecutive_error_times=31, [E22][10.1.5.3:8700][E22]node Atomic:10.1.5.3:8700:0 is not in active state, state ERROR

=================================================================
==21363==ERROR: LeakSanitizer: detected memory leaks

Direct leak of 88 byte(s) in 1 object(s) allocated from:
    #0 0x73d63d in operator new(unsigned long) (/opt/fs/braft/example/atomic/atomic_server+0x73d63d)
    #1 0xaacffa in brpc::Server::StartInternal(butil::EndPoint const&, brpc::PortRange const&, brpc::ServerOptions const*) /opt/fs/brpc/src/brpc/server.cpp:903:22
    #2 0xaafd3f in brpc::Server::Start(butil::EndPoint const&, brpc::ServerOptions const*) /opt/fs/brpc/src/brpc/server.cpp:1225:12
    #3 0xaafd3f in brpc::Server::Start(int, brpc::ServerOptions const*) /opt/fs/brpc/src/brpc/server.cpp:1244:12
    #4 0x740915 in main /opt/fs/braft/example/atomic/server.cpp:498:16
    #5 0x7f8a13d8509a in __libc_start_main /build/reproducible-path/glibc-2.28/csu/../csu/libc-start.c:308:16

Direct leak of 8 byte(s) in 1 object(s) allocated from:
    #0 0x73d63d in operator new(unsigned long) (/opt/fs/braft/example/atomic/atomic_server+0x73d63d)
    #1 0xaa7f39 in brpc::ServerOptions::ServerOptions() /opt/fs/brpc/src/brpc/server.cpp:155:30
    #2 0xaa94d1 in brpc::Server::Server(brpc::ProfilerLinker) /opt/fs/brpc/src/brpc/server.cpp:409:9
    #3 0x740625 in main /opt/fs/braft/example/atomic/server.cpp:474:18
WARNING: Logging before InitGoogleLogging() is written to STDERR
W1218 01:16:01.134075 21826 bthread.cpp:409] Fail to set concurrency by tag: 0, tag concurrency must larger than old oncurrency. old concurrency: 24, new concurrency: 9
I1218 01:16:01.861831 21826 server.cpp:1208] Server[braft::RaftStatImpl+braft::FileServiceImpl+braft::RaftServiceImpl+braft::CliServiceImpl+example::AtomicServiceImpl] is serving on port=8700.
I1218 01:16:01.863581 21826 server.cpp:1211] Check out http://n3:8700 in web browser.
I1218 01:16:02.170347 21826 log.cpp:691] Use murmurhash32 as the checksum type of appending entries
I1218 01:16:02.174743 21826 log.cpp:1175] log load_meta ./data/log/log_meta first_log_index: 18 time: 2408
I1218 01:16:02.176680 21826 log.cpp:1115] load open segment, path: ./data/log first_index: 15
I1218 01:16:02.192288 21826 snapshot.cpp:465] Deleting ./data/snapshot/temp
I1218 01:16:02.258838 21877 server.cpp:306] Configuration of this group is 10.1.1.3:8700:0,10.1.2.3:8700:0,10.1.3.3:8700:0,10.1.4.3:8700:0,10.1.5.3:8700:0
I1218 01:16:02.282356 21877 snapshot_executor.cpp:264] node Atomic:10.1.3.3:8700:0 snapshot_load_done, last_included_index: 18 last_included_term: 24 peers: "10.1.1.3:8700:0" peers: "10.1.2.3:8700:0" peers: "10.1.3.3:8700:0" peers: "10.1.4.3:8700:0" peers: "10.1.5.3:8700:0"
I1218 01:16:02.355129 21826 raft_meta.cpp:521] Loaded single stable meta, path ./data/raft_meta term 25 votedfor 10.1.3.3:8700:0 time: 2828
I1218 01:16:02.356777 21826 node.cpp:608] node Atomic:10.1.3.3:8700:0 init, term: 25 last_log_id: (index=19,term=25) conf: 10.1.1.3:8700:0,10.1.2.3:8700:0,10.1.3.3:8700:0,10.1.4.3:8700:0,10.1.5.3:8700:0 old_conf: 
I1218 01:16:02.369148 21826 server.cpp:509] Atomic service is running on 0.0.0.0:8700
I1218 01:16:08.303066 21869 node.cpp:2129] node Atomic:10.1.3.3:8700:0 received PreVote from 10.1.1.3:8700:0 in term 27 current_term 25 granted 1 rejected_by_lease 0
I1218 01:16:08.765878 21887 node.cpp:2211] node Atomic:10.1.3.3:8700:0 received RequestVote from 10.1.1.3:8700:0 in term 27 current_term 25 log_is_ok 1 votable_time 0
I1218 01:16:08.906363 21887 raft_meta.cpp:546] Saved single stable meta, path ./data/raft_meta term 27 votedfor 0.0.0.0:0:0 time: 137430
I1218 01:16:09.040892 21887 raft_meta.cpp:546] Saved single stable meta, path ./data/raft_meta term 27 votedfor 10.1.1.3:8700:0 time: 119378
I1218 01:16:09.548822 21888 server.cpp:312] Node start following { leader_id=10.1.1.3:8700:0, term=27, status=Follower receives message from new leader with the same term.}
I1218 01:16:10.131214 21888 server.cpp:306] Configuration of this group is 10.1.1.3:8700:0,10.1.2.3:8700:0,10.1.3.3:8700:0,10.1.4.3:8700:0,10.1.5.3:8700:0
I1218 01:16:10.133522 21888 server.cpp:306] Configuration of this group is 10.1.1.3:8700:0,10.1.2.3:8700:0,10.1.3.3:8700:0,10.1.4.3:8700:0,10.1.5.3:8700:0
I1218 01:16:10.146871 21888 server.cpp:306] Configuration of this group is 10.1.1.3:8700:0,10.1.2.3:8700:0,10.1.3.3:8700:0,10.1.4.3:8700:0,10.1.5.3:8700:0
W1218 01:16:17.338919 21843 sampler.cpp:192] bvar is busy at sampling for 2 seconds!
I1218 01:16:23.909137 21871 server.cpp:309] Node stops following { leader_id=10.1.1.3:8700:0, term=27, status=Lost connection from leader 10.1.1.3:8700:0}
I1218 01:16:23.929553 21887 node.cpp:1587] node Atomic:10.1.3.3:8700:0 term 27 start pre_vote
W1218 01:16:24.081288 21872 node.cpp:1567] node Atomic:10.1.3.3:8700:0 request PreVote from 10.1.1.3:8700:0 error: [E111]Fail to connect Socket{id=372 addr=10.1.1.3:8700} (0x0x6310000c8800): Connection refused
W1218 01:16:24.113225 21884 node.cpp:1567] node Atomic:10.1.3.3:8700:0 request PreVote from 10.1.4.3:8700:0 error: [E111]Fail to connect Socket{id=376 addr=10.1.4.3:8700} (0x0x6310000c9300): Connection refused
W1218 01:16:24.117029 21884 node.cpp:1567] node Atomic:10.1.3.3:8700:0 request PreVote from 10.1.2.3:8700:0 error: [E111]Fail to connect Socket{id=374 addr=10.1.2.3:8700} (0x0x6310000c8d80): Connection refused
WARNING: Logging before InitGoogleLogging() is written to STDERR
W1218 01:16:24.150104 22070 sampler.cpp:192] bvar is busy at sampling for 2 seconds!
W1218 01:16:24.267433 21888 node.cpp:1567] node Atomic:10.1.3.3:8700:0 request PreVote from 10.1.5.3:8700:0 error: [E22][10.1.5.3:8700][E22]Invalid argument
W1218 01:16:24.964192 22047 bthread.cpp:409] Fail to set concurrency by tag: 0, tag concurrency must larger than old oncurrency. old concurrency: 24, new concurrency: 9
E1218 01:16:24.966071 22047 server.cpp:1101] Fail to listen 0.0.0.0:8700
E1218 01:16:24.979542 22047 server.cpp:499] Fail to start Server
I1218 01:16:26.129364 21868 node.cpp:949] node Atomic:10.1.3.3:8700:0 starts to do snapshot
I1218 01:16:26.300263 21872 snapshot.cpp:647] Deleting ./data/snapshot/snapshot_00000000000000000021
I1218 01:16:26.302304 21872 snapshot.cpp:653] Renaming ./data/snapshot/temp to ./data/snapshot/snapshot_00000000000000000021
I1218 01:16:26.366008 21872 snapshot.cpp:523] Deleting ./data/snapshot/snapshot_00000000000000000018
I1218 01:16:26.583823 21872 snapshot_executor.cpp:234] node Atomic:10.1.3.3:8700:0 snapshot_save_done, last_included_index=21 last_included_term=27
I1218 01:16:26.681665 21886 log.cpp:1153] log save_meta ./data/log/log_meta first_log_index: 19 time: 30792
I1218 01:16:29.687758 21886 node.cpp:1587] node Atomic:10.1.3.3:8700:0 term 27 start pre_vote
W1218 01:16:30.444701 21871 node.cpp:1567] node Atomic:10.1.3.3:8700:0 request PreVote from 10.1.5.3:8700:0 error: [E22][10.1.5.3:8700][E22]Invalid argument
I1218 01:16:30.489024 21872 node.cpp:1512] node Atomic:10.1.3.3:8700:0 received PreVoteResponse from 10.1.4.3:8700:0 term 27 granted 1 rejected_by_lease 0 disrupted 0
I1218 01:16:30.679961 21887 node.cpp:1512] node Atomic:10.1.3.3:8700:0 received PreVoteResponse from 10.1.2.3:8700:0 term 27 granted 1 rejected_by_lease 0 disrupted 0
I1218 01:16:30.681458 21887 node.cpp:1653] node Atomic:10.1.3.3:8700:0 term 27 start vote and grant vote self
W1218 01:16:30.849978 21884 node.cpp:1454] node Atomic:10.1.3.3:8700:0 received RequestVoteResponse from 10.1.5.3:8700:0 error: [E22][10.1.5.3:8700][E22]Invalid argument
I1218 01:16:31.195739 21887 raft_meta.cpp:546] Saved single stable meta, path ./data/raft_meta term 28 votedfor 10.1.3.3:8700:0 time: 406800
I1218 01:16:31.345491 21893 node.cpp:1403] node Atomic:10.1.3.3:8700:0 received RequestVoteResponse from 10.1.4.3:8700:0 term 28 granted 1 rejected_by_lease 0 disrupted 0
I1218 01:16:31.367228 21869 node.cpp:1403] node Atomic:10.1.3.3:8700:0 received RequestVoteResponse from 10.1.2.3:8700:0 term 28 granted 1 rejected_by_lease 0 disrupted 0
I1218 01:16:31.368745 21869 node.cpp:1908] node Atomic:10.1.3.3:8700:0 term 28 become leader of group 10.1.1.3:8700:0,10.1.2.3:8700:0,10.1.3.3:8700:0,10.1.4.3:8700:0,10.1.5.3:8700:0 
I1218 01:16:31.386981 21869 replicator.cpp:143] Replicator=6597069766657@10.1.1.3:8700:0 is started, group Atomic
I1218 01:16:31.443715 21869 replicator.cpp:143] Replicator=6614249635841@10.1.2.3:8700:0 is started, group Atomic
I1218 01:16:31.446978 21869 replicator.cpp:143] Replicator=6631429505025@10.1.4.3:8700:0 is started, group Atomic
I1218 01:16:31.456185 21869 replicator.cpp:143] Replicator=6648609374209@10.1.5.3:8700:0 is started, group Atomic
W1218 01:16:31.623670 21871 replicator.cpp:397] Group Atomic fail to issue RPC to 10.1.5.3:8700:0 _consecutive_error_times=1, [E22][10.1.5.3:8700][E22]node Atomic:10.1.5.3:8700:0 is not in active state, state ERROR
I1218 01:16:31.945109 21893 node.cpp:2129] node Atomic:10.1.3.3:8700:0 received PreVote from 10.1.2.3:8700:0 in term 29 current_term 28 granted 0 rejected_by_lease 0
W1218 01:16:32.052407 21886 node.cpp:1370] node Atomic:10.1.3.3:8700:0 received invalid RequestVoteResponse from 10.1.1.3:8700:0 ctx_version 1 current_ctx_version 2
W1218 01:16:32.063745 21886 node.cpp:1479] node Atomic:10.1.3.3:8700:0 received invalid PreVoteResponse from 10.1.1.3:8700:0 ctx_version 7 current_ctx_version 8
I1218 01:16:32.289913 21869 server.cpp:306] Configuration of this group is 10.1.1.3:8700:0,10.1.2.3:8700:0,10.1.3.3:8700:0,10.1.4.3:8700:0,10.1.5.3:8700:0
I1218 01:16:32.308830 21869 node.cpp:3310] node Atomic:10.1.3.3:8700:0 reset ConfigurationCtx, new_peers: 10.1.1.3:8700:0,10.1.2.3:8700:0,10.1.3.3:8700:0,10.1.4.3:8700:0,10.1.5.3:8700:0, old_peers: 10.1.1.3:8700:0,10.1.2.3:8700:0,10.1.3.3:8700:0,10.1.4.3:8700:0,10.1.5.3:8700:0
I1218 01:16:32.537006 21869 server.cpp:291] Node becomes leader
W1218 01:16:34.464908 21884 replicator.cpp:297] Group Atomic fail to issue RPC to 10.1.5.3:8700:0 _consecutive_error_times=11, [E22][10.1.5.3:8700][E22]node Atomic:10.1.5.3:8700:0 is not in active state, state ERROR
W1218 01:16:35.479185 21871 input_messenger.cpp:381] Fail to read from Socket{id=559 fd=12 addr=10.1.2.3:8700:42206} (0x63100012cac0): Connection reset by peer [104]
W1218 01:16:35.541129 21871 replicator.cpp:297] Group Atomic fail to issue RPC to 10.1.2.3:8700:0 _consecutive_error_times=1, [E104]Fail to read from Socket{id=559fd=12 addr=10.1.2.3:8700:42206} (0x0x63100012cac0): Connection reset by peer [R1][E112]Not connected to 10.1.2.3:8700 yet, server_id=559 [R2][E112]Not connected to 10.1.2.3:8700 yet, server_id=559 [R3][E112]Not connected to 10.1.2.3:8700 yet, server_id=559
I1218 01:16:35.621145 21893 socket.cpp:2570] Checking Socket{id=559 addr=10.1.2.3:8700} (0x63100012cac0)
W1218 01:16:37.192847 21871 replicator.cpp:297] Group Atomic fail to issue RPC to 10.1.1.3:8700:0 _consecutive_error_times=1, [E112]Not connected to 10.1.1.3:8700 yet, server_id=8589934778 [R1][E112]Not connected to 10.1.1.3:8700 yet, server_id=8589934778 [R2][E112]Not connected to 10.1.1.3:8700 yet, server_id=8589934778 [R3][E112]Not connected to 10.1.1.3:8700 yet, server_id=8589934778
I1218 01:16:37.240809 21887 socket.cpp:2570] Checking Socket{id=8589934778 addr=10.1.1.3:8700} (0x631000078800)
W1218 01:16:37.266937 21884 input_messenger.cpp:381] Fail to read from Socket{id=561 fd=13 addr=10.1.4.3:8700:47738} (0x63100012d040): Connection reset by peer [104]
W1218 01:16:37.268895 21884 replicator.cpp:297] Group Atomic fail to issue RPC to 10.1.4.3:8700:0 _consecutive_error_times=1, [E104]Fail to read from Socket{id=561fd=13 addr=10.1.4.3:8700:47738} (0x0x63100012d040): Connection reset by peer [R1][E112]Not connected to 10.1.4.3:8700 yet, server_id=561 [R2][E112]Not connected to 10.1.4.3:8700 yet, server_id=561 [R3][E112]Not connected to 10.1.4.3:8700 yet, server_id=561
I1218 01:16:37.372658 21869 socket.cpp:2570] Checking Socket{id=561 addr=10.1.4.3:8700} (0x63100012d040)
WARNING: Logging before InitGoogleLogging() is written to STDERR
W1218 01:17:04.159755 22458 sampler.cpp:192] bvar is busy at sampling for 2 seconds!
W1218 01:17:05.181396 22424 bthread.cpp:409] Fail to set concurrency by tag: 0, tag concurrency must larger than old oncurrency. old concurrency: 24, new concurrency: 9
I1218 01:17:05.641791 22424 server.cpp:1208] Server[braft::RaftStatImpl+braft::FileServiceImpl+braft::RaftServiceImpl+braft::CliServiceImpl+example::AtomicServiceImpl] is serving on port=8700.
I1218 01:17:05.677367 22424 server.cpp:1211] Check out http://n3:8700 in web browser.
I1218 01:17:06.165728 22424 log.cpp:691] Use murmurhash32 as the checksum type of appending entries
I1218 01:17:06.200474 22424 log.cpp:1175] log load_meta ./data/log/log_meta first_log_index: 19 time: 33406
I1218 01:17:06.202301 22424 log.cpp:1115] load open segment, path: ./data/log first_index: 15
I1218 01:17:06.414870 22424 snapshot.cpp:465] Deleting ./data/snapshot/temp
I1218 01:17:06.693480 22489 server.cpp:306] Configuration of this group is 10.1.1.3:8700:0,10.1.2.3:8700:0,10.1.3.3:8700:0,10.1.4.3:8700:0,10.1.5.3:8700:0
I1218 01:17:06.867592 22489 snapshot_executor.cpp:264] node Atomic:10.1.3.3:8700:0 snapshot_load_done, last_included_index: 21 last_included_term: 27 peers: "10.1.1.3:8700:0" peers: "10.1.2.3:8700:0" peers: "10.1.3.3:8700:0" peers: "10.1.4.3:8700:0" peers: "10.1.5.3:8700:0"
I1218 01:17:06.909799 22424 raft_meta.cpp:521] Loaded single stable meta, path ./data/raft_meta term 28 votedfor 10.1.3.3:8700:0 time: 30488
I1218 01:17:06.911481 22424 node.cpp:608] node Atomic:10.1.3.3:8700:0 init, term: 28 last_log_id: (index=22,term=28) conf: 10.1.1.3:8700:0,10.1.2.3:8700:0,10.1.3.3:8700:0,10.1.4.3:8700:0,10.1.5.3:8700:0 old_conf: 
I1218 01:17:06.933643 22424 server.cpp:509] Atomic service is running on 0.0.0.0:8700
I1218 01:17:11.066221 22520 node.cpp:2129] node Atomic:10.1.3.3:8700:0 received PreVote from 10.1.1.3:8700:0 in term 29 current_term 28 granted 1 rejected_by_lease 0
I1218 01:17:11.389572 22489 node.cpp:2129] node Atomic:10.1.3.3:8700:0 received PreVote from 10.1.4.3:8700:0 in term 29 current_term 28 granted 1 rejected_by_lease 0
I1218 01:17:11.521164 22491 node.cpp:2211] node Atomic:10.1.3.3:8700:0 received RequestVote from 10.1.1.3:8700:0 in term 29 current_term 28 log_is_ok 1 votable_time 0
I1218 01:17:11.565712 22491 raft_meta.cpp:546] Saved single stable meta, path ./data/raft_meta term 29 votedfor 0.0.0.0:0:0 time: 37489
I1218 01:17:11.648942 22491 raft_meta.cpp:546] Saved single stable meta, path ./data/raft_meta term 29 votedfor 10.1.1.3:8700:0 time: 33865
I1218 01:17:11.665338 22520 node.cpp:2211] node Atomic:10.1.3.3:8700:0 received RequestVote from 10.1.4.3:8700:0 in term 29 current_term 29 log_is_ok 1 votable_time 0
I1218 01:17:12.080485 22491 server.cpp:312] Node start following { leader_id=10.1.1.3:8700:0, term=29, status=Follower receives message from new leader with the same term.}
I1218 01:17:12.585269 22491 server.cpp:306] Configuration of this group is 10.1.1.3:8700:0,10.1.2.3:8700:0,10.1.3.3:8700:0,10.1.4.3:8700:0,10.1.5.3:8700:0
I1218 01:17:12.588687 22491 server.cpp:306] Configuration of this group is 10.1.1.3:8700:0,10.1.2.3:8700:0,10.1.3.3:8700:0,10.1.4.3:8700:0,10.1.5.3:8700:0
I1218 01:17:30.423918 22495 node.cpp:949] node Atomic:10.1.3.3:8700:0 starts to do snapshot
I1218 01:17:31.291100 22495 snapshot.cpp:647] Deleting ./data/snapshot/snapshot_00000000000000000023
I1218 01:17:31.293219 22495 snapshot.cpp:653] Renaming ./data/snapshot/temp to ./data/snapshot/snapshot_00000000000000000023
I1218 01:17:31.323688 22495 snapshot.cpp:523] Deleting ./data/snapshot/snapshot_00000000000000000021
I1218 01:17:31.373673 22495 snapshot_executor.cpp:234] node Atomic:10.1.3.3:8700:0 snapshot_save_done, last_included_index=23 last_included_term=29
I1218 01:17:31.465444 22495 log.cpp:1153] log save_meta ./data/log/log_meta first_log_index: 22 time: 37505
WARNING: Logging before InitGoogleLogging() is written to STDERR
W1218 01:18:19.457237 23268 bthread.cpp:409] Fail to set concurrency by tag: 0, tag concurrency must larger than old oncurrency. old concurrency: 24, new concurrency: 9
I1218 01:18:19.803043 23268 server.cpp:1208] Server[braft::RaftStatImpl+braft::FileServiceImpl+braft::RaftServiceImpl+braft::CliServiceImpl+example::AtomicServiceImpl] is serving on port=8700.
I1218 01:18:19.805101 23268 server.cpp:1211] Check out http://n3:8700 in web browser.
I1218 01:18:20.465453 23268 log.cpp:691] Use murmurhash32 as the checksum type of appending entries
I1218 01:18:20.509053 23268 log.cpp:1175] log load_meta ./data/log/log_meta first_log_index: 22 time: 28578
I1218 01:18:20.552122 23268 log.cpp:1115] load open segment, path: ./data/log first_index: 15
I1218 01:18:20.729882 23268 snapshot.cpp:465] Deleting ./data/snapshot/temp
I1218 01:18:20.984423 23318 server.cpp:306] Configuration of this group is 10.1.1.3:8700:0,10.1.2.3:8700:0,10.1.3.3:8700:0,10.1.4.3:8700:0,10.1.5.3:8700:0
I1218 01:18:21.023197 23318 snapshot_executor.cpp:264] node Atomic:10.1.3.3:8700:0 snapshot_load_done, last_included_index: 23 last_included_term: 29 peers: "10.1.1.3:8700:0" peers: "10.1.2.3:8700:0" peers: "10.1.3.3:8700:0" peers: "10.1.4.3:8700:0" peers: "10.1.5.3:8700:0"
I1218 01:18:21.076380 23268 raft_meta.cpp:521] Loaded single stable meta, path ./data/raft_meta term 29 votedfor 10.1.1.3:8700:0 time: 22109
I1218 01:18:21.099730 23268 node.cpp:608] node Atomic:10.1.3.3:8700:0 init, term: 29 last_log_id: (index=23,term=29) conf: 10.1.1.3:8700:0,10.1.2.3:8700:0,10.1.3.3:8700:0,10.1.4.3:8700:0,10.1.5.3:8700:0 old_conf: 
I1218 01:18:21.137404 23268 server.cpp:509] Atomic service is running on 0.0.0.0:8700
I1218 01:18:31.117244 23338 node.cpp:1587] node Atomic:10.1.3.3:8700:0 term 29 start pre_vote
I1218 01:18:31.639699 23318 node.cpp:2129] node Atomic:10.1.3.3:8700:0 received PreVote from 10.1.2.3:8700:0 in term 30 current_term 29 granted 1 rejected_by_lease 0
I1218 01:18:32.441488 23334 node.cpp:1512] node Atomic:10.1.3.3:8700:0 received PreVoteResponse from 10.1.2.3:8700:0 term 29 granted 1 rejected_by_lease 0 disrupted 0
I1218 01:18:32.977602 23307 node.cpp:1512] node Atomic:10.1.3.3:8700:0 received PreVoteResponse from 10.1.5.3:8700:0 term 1 granted 1 rejected_by_lease 0 disrupted 0
I1218 01:18:33.006995 23307 node.cpp:1653] node Atomic:10.1.3.3:8700:0 term 29 start vote and grant vote self
I1218 01:18:33.248677 23307 raft_meta.cpp:546] Saved single stable meta, path ./data/raft_meta term 30 votedfor 10.1.3.3:8700:0 time: 109594
I1218 01:18:33.281716 23302 node.cpp:1403] node Atomic:10.1.3.3:8700:0 received RequestVoteResponse from 10.1.2.3:8700:0 term 30 granted 1 rejected_by_lease 0 disrupted 0
I1218 01:18:33.298988 23334 node.cpp:2129] node Atomic:10.1.3.3:8700:0 received PreVote from 10.1.2.3:8700:0 in term 31 current_term 30 granted 1 rejected_by_lease 0
I1218 01:18:33.329104 23334 node.cpp:2129] node Atomic:10.1.3.3:8700:0 received PreVote from 10.1.1.3:8700:0 in term 30 current_term 30 granted 1 rejected_by_lease 0
I1218 01:18:33.395709 23330 node.cpp:1403] node Atomic:10.1.3.3:8700:0 received RequestVoteResponse from 10.1.5.3:8700:0 term 30 granted 1 rejected_by_lease 0 disrupted 0
I1218 01:18:33.396970 23330 node.cpp:1908] node Atomic:10.1.3.3:8700:0 term 30 become leader of group 10.1.1.3:8700:0,10.1.2.3:8700:0,10.1.3.3:8700:0,10.1.4.3:8700:0,10.1.5.3:8700:0 
I1218 01:18:33.460584 23330 replicator.cpp:143] Replicator=2207613190149@10.1.1.3:8700:0 is started, group Atomic
I1218 01:18:33.632674 23330 replicator.cpp:143] Replicator=4402341478401@10.1.2.3:8700:0 is started, group Atomic
I1218 01:18:33.677155 23330 replicator.cpp:143] Replicator=4419521347585@10.1.4.3:8700:0 is started, group Atomic
I1218 01:18:33.697429 23330 replicator.cpp:143] Replicator=4436701216769@10.1.5.3:8700:0 is started, group Atomic
I1218 01:18:33.865082 23307 replicator.cpp:1258] Replicator=4402341478401 is going to quit
I1218 01:18:33.866357 23303 replicator.cpp:1258] Replicator=4436701216769 is going to quit
W1218 01:18:33.907219 23302 node.cpp:1479] node Atomic:10.1.3.3:8700:0 received invalid PreVoteResponse from 10.1.1.3:8700:0 ctx_version 2 current_ctx_version 3
W1218 01:18:33.917757 23334 node.cpp:1370] node Atomic:10.1.3.3:8700:0 received invalid RequestVoteResponse from 10.1.1.3:8700:0 ctx_version 1 current_ctx_version 2
I1218 01:18:33.964179 23318 server.cpp:296] Node stepped down : Leader receives higher term braft.AppendEntriesResponse from peer:10.1.2.3:8700:0
I1218 01:18:33.980161 23307 node.cpp:3310] node Atomic:10.1.3.3:8700:0 reset ConfigurationCtx, new_peers: 10.1.1.3:8700:0,10.1.2.3:8700:0,10.1.3.3:8700:0,10.1.4.3:8700:0,10.1.5.3:8700:0, old_peers: 10.1.1.3:8700:0,10.1.2.3:8700:0,10.1.3.3:8700:0,10.1.4.3:8700:0,10.1.5.3:8700:0
I1218 01:18:34.064674 23307 raft_meta.cpp:546] Saved single stable meta, path ./data/raft_meta term 31 votedfor 0.0.0.0:0:0 time: 51055
I1218 01:18:34.109424 23328 replicator.cpp:317] Replicator=2207613190149 is going to quit, group Atomic
I1218 01:18:34.117259 23328 replicator.cpp:1258] Replicator=2207613190149 is going to quit
I1218 01:18:34.122364 23331 replicator.cpp:989] Group Atomic Replicator=4419521347585 is going to quit
I1218 01:18:34.140044 23331 replicator.cpp:1258] Replicator=4419521347585 is going to quit
I1218 01:18:34.188287 23317 node.cpp:2108] node Atomic:10.1.3.3:8700:0 ignore PreVote from 10.1.4.3:8700:0 in term 30 current_term 31
W1218 01:18:34.321655 23313 node.cpp:2202] node Atomic:10.1.3.3:8700:0 raise term 31 when get last_log_id
I1218 01:18:34.395900 23328 server.cpp:312] Node start following { leader_id=10.1.2.3:8700:0, term=31, status=Follower receives message from new leader with the same term.}
W1218 01:18:34.435833 23317 node.cpp:1479] node Atomic:10.1.3.3:8700:0 received invalid PreVoteResponse from 10.1.4.3:8700:0 ctx_version 2 current_ctx_version 5
W1218 01:18:34.589259 23311 log_manager.cpp:592] Truncating storage to last_index_kept=23
W1218 01:18:34.655117 23317 node.cpp:1370] node Atomic:10.1.3.3:8700:0 received invalid RequestVoteResponse from 10.1.4.3:8700:0 ctx_version 1 current_ctx_version 2
I1218 01:18:35.242821 23331 server.cpp:306] Configuration of this group is 10.1.1.3:8700:0,10.1.2.3:8700:0,10.1.3.3:8700:0,10.1.4.3:8700:0,10.1.5.3:8700:0
I1218 01:18:44.703423 23338 node.cpp:949] node Atomic:10.1.3.3:8700:0 starts to do snapshot
I1218 01:18:44.852689 23338 snapshot.cpp:647] Deleting ./data/snapshot/snapshot_00000000000000000024
I1218 01:18:44.854240 23338 snapshot.cpp:653] Renaming ./data/snapshot/temp to ./data/snapshot/snapshot_00000000000000000024
I1218 01:18:44.875880 23338 snapshot.cpp:523] Deleting ./data/snapshot/snapshot_00000000000000000023
I1218 01:18:44.906327 23338 snapshot_executor.cpp:234] node Atomic:10.1.3.3:8700:0 snapshot_save_done, last_included_index=24 last_included_term=31
I1218 01:18:44.944859 23338 log.cpp:1153] log save_meta ./data/log/log_meta first_log_index: 24 time: 18166
I1218 01:18:49.438202 23311 node.cpp:2129] node Atomic:10.1.3.3:8700:0 received PreVote from 10.1.5.3:8700:0 in term 32 current_term 31 granted 1 rejected_by_lease 0
I1218 01:18:49.528941 23328 node.cpp:2129] node Atomic:10.1.3.3:8700:0 received PreVote from 10.1.1.3:8700:0 in term 32 current_term 31 granted 1 rejected_by_lease 0
I1218 01:18:49.694252 23331 node.cpp:2211] node Atomic:10.1.3.3:8700:0 received RequestVote from 10.1.5.3:8700:0 in term 32 current_term 31 log_is_ok 1 votable_time 0
I1218 01:18:49.720564 23319 server.cpp:309] Node stops following { leader_id=10.1.2.3:8700:0, term=31, status=Raft node receives higher term request_vote_request.}
I1218 01:18:49.821447 23331 raft_meta.cpp:546] Saved single stable meta, path ./data/raft_meta term 32 votedfor 0.0.0.0:0:0 time: 77377
I1218 01:18:49.891651 23331 raft_meta.cpp:546] Saved single stable meta, path ./data/raft_meta term 32 votedfor 10.1.5.3:8700:0 time: 28055
I1218 01:18:49.899956 23335 node.cpp:2211] node Atomic:10.1.3.3:8700:0 received RequestVote from 10.1.1.3:8700:0 in term 32 current_term 32 log_is_ok 1 votable_time 0
I1218 01:18:50.577852 23304 node.cpp:1587] node Atomic:10.1.3.3:8700:0 term 32 start pre_vote
W1218 01:18:50.607416 23335 node.cpp:1567] node Atomic:10.1.3.3:8700:0 request PreVote from 10.1.2.3:8700:0 error: [E111]Fail to connect Socket{id=839 addr=10.1.2.3:8700} (0x0x631000190d80): Connection refused
I1218 01:18:50.638612 23319 node.cpp:1512] node Atomic:10.1.3.3:8700:0 received PreVoteResponse from 10.1.1.3:8700:0 term 32 granted 1 rejected_by_lease 0 disrupted 0
I1218 01:18:50.663192 23313 node.cpp:1512] node Atomic:10.1.3.3:8700:0 received PreVoteResponse from 10.1.4.3:8700:0 term 32 granted 1 rejected_by_lease 0 disrupted 0
I1218 01:18:50.664597 23313 node.cpp:1653] node Atomic:10.1.3.3:8700:0 term 32 start vote and grant vote self
W1218 01:18:50.736168 23319 node.cpp:1454] node Atomic:10.1.3.3:8700:0 received RequestVoteResponse from 10.1.2.3:8700:0 error: [E111]Fail to connect Socket{id=931 addr=10.1.2.3:8700} (0x0x6310001b8ac0): Connection refused
I1218 01:18:50.752025 23313 raft_meta.cpp:546] Saved single stable meta, path ./data/raft_meta term 33 votedfor 10.1.3.3:8700:0 time: 66888
W1218 01:18:50.759191 23317 node.cpp:1479] node Atomic:10.1.3.3:8700:0 received invalid PreVoteResponse from 10.1.5.3:8700:0 ctx_version 8 current_ctx_version 9
I1218 01:18:50.844169 23335 node.cpp:1403] node Atomic:10.1.3.3:8700:0 received RequestVoteResponse from 10.1.4.3:8700:0 term 33 granted 1 rejected_by_lease 0 disrupted 0
I1218 01:18:50.916666 23335 node.cpp:1403] node Atomic:10.1.3.3:8700:0 received RequestVoteResponse from 10.1.1.3:8700:0 term 33 granted 1 rejected_by_lease 0 disrupted 0
I1218 01:18:50.919086 23335 node.cpp:1908] node Atomic:10.1.3.3:8700:0 term 33 become leader of group 10.1.1.3:8700:0,10.1.2.3:8700:0,10.1.3.3:8700:0,10.1.4.3:8700:0,10.1.5.3:8700:0 
I1218 01:18:50.941012 23335 replicator.cpp:143] Replicator=9925669421062@10.1.1.3:8700:0 is started, group Atomic
I1218 01:18:50.969345 23335 replicator.cpp:143] Replicator=9904194584581@10.1.2.3:8700:0 is started, group Atomic
I1218 01:18:50.973814 23335 replicator.cpp:143] Replicator=10995116277761@10.1.4.3:8700:0 is started, group Atomic
I1218 01:18:50.997298 23335 replicator.cpp:143] Replicator=11012296146945@10.1.5.3:8700:0 is started, group Atomic
W1218 01:18:51.031013 23313 replicator.cpp:397] Group Atomic fail to issue RPC to 10.1.2.3:8700:0 _consecutive_error_times=1, [E111]Fail to connect Socket{id=8589935526 addr=10.1.2.3:8700} (0x0x6310001b9300): Connection refused [R1][E112]Not connected to 10.1.2.3:8700 yet, server_id=8589935526 [R2][E112]Not connected to 10.1.2.3:8700 yet, server_id=8589935526 [R3][E112]Not connected to 10.1.2.3:8700 yet, server_id=8589935526
I1218 01:18:51.103754 23313 socket.cpp:2570] Checking Socket{id=8589935526 addr=10.1.2.3:8700} (0x6310001b9300)
W1218 01:18:51.143635 23311 node.cpp:1370] node Atomic:10.1.3.3:8700:0 received invalid RequestVoteResponse from 10.1.5.3:8700:0 ctx_version 3 current_ctx_version 4
I1218 01:18:51.345533 23313 node.cpp:2129] node Atomic:10.1.3.3:8700:0 received PreVote from 10.1.4.3:8700:0 in term 34 current_term 33 granted 0 rejected_by_lease 0
I1218 01:18:51.397246 23331 server.cpp:306] Configuration of this group is 10.1.1.3:8700:0,10.1.2.3:8700:0,10.1.3.3:8700:0,10.1.4.3:8700:0,10.1.5.3:8700:0
I1218 01:18:51.401067 23331 node.cpp:3310] node Atomic:10.1.3.3:8700:0 reset ConfigurationCtx, new_peers: 10.1.1.3:8700:0,10.1.2.3:8700:0,10.1.3.3:8700:0,10.1.4.3:8700:0,10.1.5.3:8700:0, old_peers: 10.1.1.3:8700:0,10.1.2.3:8700:0,10.1.3.3:8700:0,10.1.4.3:8700:0,10.1.5.3:8700:0
I1218 01:18:51.439100 23331 server.cpp:291] Node becomes leader
W1218 01:18:53.827186 23325 replicator.cpp:397] Group Atomic fail to issue RPC to 10.1.2.3:8700:0 _consecutive_error_times=11, [E112]Not connected to 10.1.2.3:8700 yet, server_id=8589935526 [R1][E112]Not connected to 10.1.2.3:8700 yet, server_id=8589935526 [R2][E112]Not connected to 10.1.2.3:8700 yet, server_id=8589935526 [R3][E112]Not connected to 10.1.2.3:8700 yet, server_id=8589935526
W1218 01:18:56.491925 23338 replicator.cpp:297] Group Atomic fail to issue RPC to 10.1.2.3:8700:0 _consecutive_error_times=21, [E112]Not connected to 10.1.2.3:8700 yet, server_id=8589935526 [R1][E112]Not connected to 10.1.2.3:8700 yet, server_id=8589935526 [R2][E112]Not connected to 10.1.2.3:8700 yet, server_id=8589935526 [R3][E112]Not connected to 10.1.2.3:8700 yet, server_id=8589935526
W1218 01:18:59.091836 23312 replicator.cpp:297] Group Atomic fail to issue RPC to 10.1.2.3:8700:0 _consecutive_error_times=31, [E112]Not connected to 10.1.2.3:8700 yet, server_id=8589935526 [R1][E112]Not connected to 10.1.2.3:8700 yet, server_id=8589935526 [R2][E112]Not connected to 10.1.2.3:8700 yet, server_id=8589935526 [R3][E112]Not connected to 10.1.2.3:8700 yet, server_id=8589935526
W1218 01:19:01.653357 23312 replicator.cpp:297] Group Atomic fail to issue RPC to 10.1.2.3:8700:0 _consecutive_error_times=41, [E112]Not connected to 10.1.2.3:8700 yet, server_id=8589935526 [R1][E112]Not connected to 10.1.2.3:8700 yet, server_id=8589935526 [R2][E112]Not connected to 10.1.2.3:8700 yet, server_id=8589935526 [R3][E112]Not connected to 10.1.2.3:8700 yet, server_id=8589935526
W1218 01:19:05.248427 23326 replicator.cpp:397] Group Atomic fail to issue RPC to 10.1.2.3:8700:0 _consecutive_error_times=51, [E112]Not connected to 10.1.2.3:8700 yet, server_id=8589935526 [R1][E112]Not connected to 10.1.2.3:8700 yet, server_id=8589935526 [R2][E112]Not connected to 10.1.2.3:8700 yet, server_id=8589935526 [R3][E112]Not connected to 10.1.2.3:8700 yet, server_id=8589935526
W1218 01:19:07.809597 23306 replicator.cpp:397] Group Atomic fail to issue RPC to 10.1.2.3:8700:0 _consecutive_error_times=61, [E112]Not connected to 10.1.2.3:8700 yet, server_id=8589935526 [R1][E112]Not connected to 10.1.2.3:8700 yet, server_id=8589935526 [R2][E112]Not connected to 10.1.2.3:8700 yet, server_id=8589935526 [R3][E112]Not connected to 10.1.2.3:8700 yet, server_id=8589935526
