I1218 01:24:03.503958 26281 node.cpp:1403] node Atomic:10.1.3.3:8700:0 received RequestVoteResponse from 10.1.2.3:8700:0 term 44 granted 1 rejected_by_lease 0 disrupted 0
I1218 01:24:03.506742 26281 node.cpp:1908] node Atomic:10.1.3.3:8700:0 term 44 become leader of group 10.1.1.3:8700:0,10.1.2.3:8700:0,10.1.3.3:8700:0,10.1.4.3:8700:0,10.1.5.3:8700:0 
I1218 01:24:03.541194 26281 replicator.cpp:143] Replicator=4398046511105@10.1.1.3:8700:0 is started, group Atomic
I1218 01:24:03.642266 26281 replicator.cpp:143] Replicator=4415226380289@10.1.2.3:8700:0 is started, group Atomic
I1218 01:24:03.663355 26281 replicator.cpp:143] Replicator=4432406249473@10.1.4.3:8700:0 is started, group Atomic
I1218 01:24:03.703521 26281 replicator.cpp:143] Replicator=4449586118657@10.1.5.3:8700:0 is started, group Atomic
W1218 01:24:04.031261 26280 node.cpp:1370] node Atomic:10.1.3.3:8700:0 received invalid RequestVoteResponse from 10.1.4.3:8700:0 ctx_version 1 current_ctx_version 2
W1218 01:24:04.047704 26259 node.cpp:1370] node Atomic:10.1.3.3:8700:0 received invalid RequestVoteResponse from 10.1.5.3:8700:0 ctx_version 1 current_ctx_version 2
I1218 01:24:04.267448 26271 server.cpp:306] Configuration of this group is 10.1.1.3:8700:0,10.1.2.3:8700:0,10.1.3.3:8700:0,10.1.4.3:8700:0,10.1.5.3:8700:0
I1218 01:24:04.382035 26271 node.cpp:3310] node Atomic:10.1.3.3:8700:0 reset ConfigurationCtx, new_peers: 10.1.1.3:8700:0,10.1.2.3:8700:0,10.1.3.3:8700:0,10.1.4.3:8700:0,10.1.5.3:8700:0, old_peers: 10.1.1.3:8700:0,10.1.2.3:8700:0,10.1.3.3:8700:0,10.1.4.3:8700:0,10.1.5.3:8700:0
I1218 01:24:04.588466 26276 replicator.cpp:835] node Atomic:10.1.3.3:8700:0 send InstallSnapshotRequest to 10.1.5.3:8700:0 term 44 last_included_term 43 last_included_index 35 uri remote://10.1.3.3:8700/921735446367827112
I1218 01:24:04.781872 26276 server.cpp:291] Node becomes leader
I1218 01:24:06.263857 26268 replicator.cpp:902] received InstallSnapshotResponse from Atomic:10.1.5.3:8700:0 last_included_index 35 last_included_term 43 success.
W1218 01:24:07.403335 26281 input_messenger.cpp:381] Fail to read from Socket{id=465 fd=8 addr=10.1.1.3:8700:38332} (0x6310000dc800): Connection reset by peer [104]
W1218 01:24:07.422181 26281 replicator.cpp:297] Group Atomic fail to issue RPC to 10.1.1.3:8700:0 _consecutive_error_times=1, [E104]Fail to read from Socket{id=465fd=8 addr=10.1.1.3:8700:38332} (0x0x6310000dc800): Connection reset by peer [R1][E112]Not connected to 10.1.1.3:8700 yet, server_id=465 [R2][E112]Not connected to 10.1.1.3:8700 yet, server_id=465 [R3][E112]Not connected to 10.1.1.3:8700 yet, server_id=465
I1218 01:24:07.518970 26280 socket.cpp:2570] Checking Socket{id=465 addr=10.1.1.3:8700} (0x6310000dc800)
W1218 01:24:08.441757 26259 input_messenger.cpp:381] Fail to read from Socket{id=471 fd=11 addr=10.1.5.3:8700:44550} (0x6310000dd880): Connection reset by peer [104]
W1218 01:24:08.454833 26259 replicator.cpp:297] Group Atomic fail to issue RPC to 10.1.5.3:8700:0 _consecutive_error_times=1, [E104]Fail to read from Socket{id=471fd=11 addr=10.1.5.3:8700:44550} (0x0x6310000dd880): Connection reset by peer [R1][E112]Not connected to 10.1.5.3:8700 yet, server_id=471 [R2][E112]Not connected to 10.1.5.3:8700 yet, server_id=471 [R3][E112]Not connected to 10.1.5.3:8700 yet, server_id=471
I1218 01:24:08.552313 26265 socket.cpp:2570] Checking Socket{id=471 addr=10.1.5.3:8700} (0x6310000dd880)

=================================================================
==26730==ERROR: LeakSanitizer: detected memory leaks

Direct leak of 88 byte(s) in 1 object(s) allocated from:
    #0 0x73d63d in operator new(unsigned long) (/opt/fs/braft/example/atomic/atomic_server+0x73d63d)
    #1 0xaacffa in brpc::Server::StartInternal(butil::EndPoint const&, brpc::PortRange const&, brpc::ServerOptions const*) /opt/fs/brpc/src/brpc/server.cpp:903:22
    #2 0xaafd3f in brpc::Server::Start(butil::EndPoint const&, brpc::ServerOptions const*) /opt/fs/brpc/src/brpc/server.cpp:1225:12
    #3 0xaafd3f in brpc::Server::Start(int, brpc::ServerOptions const*) /opt/fs/brpc/src/brpc/server.cpp:1244:12
    #4 0x740915 in main /opt/fs/braft/example/atomic/server.cpp:498:16
    #5 0x7f16087ae09a in __libc_start_main /build/reproducible-path/glibc-2.28/csu/../csu/libc-start.c:308:16

Direct leak of 8 byte(s) in 1 object(s) allocated from:
    #0 0x73d63d in operator new(unsigned long) (/opt/fs/braft/example/atomic/atomic_server+0x73d63d)
    #1 0xaa7f39 in brpc::ServerOptions::ServerOptions() /opt/fs/brpc/src/brpc/server.cpp:155:30
    #2 0xaa94d1 in brpc::Server::Server(brpc::ProfilerLinker) /opt/fs/brpc/src/brpc/server.cpp:409:9
    #3 0x740625 in main /opt/fs/braft/example/atomic/server.cpp:474:18
    #4 0x7f16087ae09a in __libc_start_main /build/reproducible-path/glibc-2.28/csu/../csu/libc-start.c:308:16

Indirect leak of 88 byte(s) in 1 object(s) allocated from:
    #0 0x73d63d in operator new(unsigned long) (/opt/fs/braft/example/atomic/atomic_server+0x73d63d)
    #1 0xba3588 in bthread_keytable_pool_init /opt/fs/brpc/src/bthread/key.cpp:446:18
    #2 0xaad009 in brpc::Server::StartInternal(butil::EndPoint const&, brpc::PortRange const&, brpc::ServerOptions const*) /opt/fs/brpc/src/brpc/server.cpp:904:9
    #3 0xaafd3f in brpc::Server::Start(butil::EndPoint const&, brpc::ServerOptions const*) /opt/fs/brpc/src/brpc/server.cpp:1225:12
    #4 0xaafd3f in brpc::Server::Start(int, brpc::ServerOptions const*) /opt/fs/brpc/src/brpc/server.cpp:1244:12
    #5 0x740915 in main /opt/fs/braft/example/atomic/server.cpp:498:16
    #6 0x7f16087ae09a in __libc_start_main /build/reproducible-path/glibc-2.28/csu/../csu/libc-start.c:308:16

SUMMARY: AddressSanitizer: 184 byte(s) leaked in 3 allocation(s).
W1218 01:24:12.634110 26281 replicator.cpp:297] Group Atomic fail to issue RPC to 10.1.1.3:8700:0 _consecutive_error_times=11, [E112]Not connected to 10.1.1.3:8700 yet, server_id=465 [R1][E112]Not connected to 10.1.1.3:8700 yet, server_id=465 [R2][E112]Not connected to 10.1.1.3:8700 yet, server_id=465 [R3][E112]Not connected to 10.1.1.3:8700 yet, server_id=465
W1218 01:24:13.640506 26280 replicator.cpp:297] Group Atomic fail to issue RPC to 10.1.5.3:8700:0 _consecutive_error_times=11, [E112]Not connected to 10.1.5.3:8700 yet, server_id=471 [R1][E112]Not connected to 10.1.5.3:8700 yet, server_id=471 [R2][E112]Not connected to 10.1.5.3:8700 yet, server_id=471 [R3][E112]Not connected to 10.1.5.3:8700 yet, server_id=471
I1218 01:24:17.345611 26264 node.cpp:949] node Atomic:10.1.3.3:8700:0 starts to do snapshot
I1218 01:24:17.774844 26264 snapshot.cpp:647] Deleting ./data/snapshot/snapshot_00000000000000000036
I1218 01:24:17.776484 26264 snapshot.cpp:653] Renaming ./data/snapshot/temp to ./data/snapshot/snapshot_00000000000000000036
I1218 01:24:17.830708 26264 snapshot.cpp:523] Deleting ./data/snapshot/snapshot_00000000000000000035
I1218 01:24:17.977785 26264 snapshot_executor.cpp:234] node Atomic:10.1.3.3:8700:0 snapshot_save_done, last_included_index=36 last_included_term=44
W1218 01:24:17.982781 26265 replicator.cpp:297] Group Atomic fail to issue RPC to 10.1.1.3:8700:0 _consecutive_error_times=21, [E112]Not connected to 10.1.1.3:8700 yet, server_id=465 [R1][E112]Not connected to 10.1.1.3:8700 yet, server_id=465 [R2][E112]Not connected to 10.1.1.3:8700 yet, server_id=465 [R3][E112]Not connected to 10.1.1.3:8700 yet, server_id=465
I1218 01:24:18.368410 26264 log.cpp:1153] log save_meta ./data/log/log_meta first_log_index: 36 time: 49931
W1218 01:24:18.996912 26259 replicator.cpp:297] Group Atomic fail to issue RPC to 10.1.5.3:8700:0 _consecutive_error_times=21, [E112]Not connected to 10.1.5.3:8700 yet, server_id=471 [R1][E112]Not connected to 10.1.5.3:8700 yet, server_id=471 [R2][E112]Not connected to 10.1.5.3:8700 yet, server_id=471 [R3][E112]Not connected to 10.1.5.3:8700 yet, server_id=471
W1218 01:24:23.097332 26268 replicator.cpp:297] Group Atomic fail to issue RPC to 10.1.1.3:8700:0 _consecutive_error_times=31, [E112]Not connected to 10.1.1.3:8700 yet, server_id=465 [R1][E112]Not connected to 10.1.1.3:8700 yet, server_id=465 [R2][E112]Not connected to 10.1.1.3:8700 yet, server_id=465 [R3][E112]Not connected to 10.1.1.3:8700 yet, server_id=465
W1218 01:24:24.113003 26276 replicator.cpp:297] Group Atomic fail to issue RPC to 10.1.5.3:8700:0 _consecutive_error_times=31, [E112]Not connected to 10.1.5.3:8700 yet, server_id=471 [R1][E112]Not connected to 10.1.5.3:8700 yet, server_id=471 [R2][E112]Not connected to 10.1.5.3:8700 yet, server_id=471 [R3][E112]Not connected to 10.1.5.3:8700 yet, server_id=471
W1218 01:24:28.457450 26265 replicator.cpp:297] Group Atomic fail to issue RPC to 10.1.1.3:8700:0 _consecutive_error_times=41, [E112]Not connected to 10.1.1.3:8700 yet, server_id=465 [R1][E112]Not connected to 10.1.1.3:8700 yet, server_id=465 [R2][E112]Not connected to 10.1.1.3:8700 yet, server_id=465 [R3][E112]Not connected to 10.1.1.3:8700 yet, server_id=465
W1218 01:24:29.459199 26281 replicator.cpp:297] Group Atomic fail to issue RPC to 10.1.5.3:8700:0 _consecutive_error_times=41, [E112]Not connected to 10.1.5.3:8700 yet, server_id=471 [R1][E112]Not connected to 10.1.5.3:8700 yet, server_id=471 [R2][E112]Not connected to 10.1.5.3:8700 yet, server_id=471 [R3][E112]Not connected to 10.1.5.3:8700 yet, server_id=471
W1218 01:24:33.678229 26276 replicator.cpp:297] Group Atomic fail to issue RPC to 10.1.1.3:8700:0 _consecutive_error_times=51, [E112]Not connected to 10.1.1.3:8700 yet, server_id=465 [R1][E112]Not connected to 10.1.1.3:8700 yet, server_id=465 [R2][E112]Not connected to 10.1.1.3:8700 yet, server_id=465 [R3][E112]Not connected to 10.1.1.3:8700 yet, server_id=465
W1218 01:24:34.524641 26271 replicator.cpp:297] Group Atomic fail to issue RPC to 10.1.5.3:8700:0 _consecutive_error_times=51, [E112]Not connected to 10.1.5.3:8700 yet, server_id=471 [R1][E112]Not connected to 10.1.5.3:8700 yet, server_id=471 [R2][E112]Not connected to 10.1.5.3:8700 yet, server_id=471 [R3][E112]Not connected to 10.1.5.3:8700 yet, server_id=471
W1218 01:24:35.624063 26276 input_messenger.cpp:381] Fail to read from Socket{id=8589934876 fd=8 addr=10.1.1.3:46414:8700} (0x6310000a15c0): Connection reset by peer [104]
W1218 01:24:36.776753 26265 replicator.cpp:297] Group Atomic fail to issue RPC to 10.1.1.3:8700:0 _consecutive_error_times=61, [E112]Not connected to 10.1.1.3:8700 yet, server_id=465 [R1][E112]Not connected to 10.1.1.3:8700 yet, server_id=465 [R2][E112]Not connected to 10.1.1.3:8700 yet, server_id=465 [R3][E112]Not connected to 10.1.1.3:8700 yet, server_id=465
W1218 01:24:37.234920 26276 replicator.cpp:397] Group Atomic fail to issue RPC to 10.1.5.3:8700:0 _consecutive_error_times=61, [E112]Not connected to 10.1.5.3:8700 yet, server_id=471 [R1][E112]Not connected to 10.1.5.3:8700 yet, server_id=471 [R2][E112]Not connected to 10.1.5.3:8700 yet, server_id=471 [R3][E112]Not connected to 10.1.5.3:8700 yet, server_id=471
W1218 01:24:39.383921 26281 replicator.cpp:297] Group Atomic fail to issue RPC to 10.1.1.3:8700:0 _consecutive_error_times=71, [E112]Not connected to 10.1.1.3:8700 yet, server_id=465 [R1][E112]Not connected to 10.1.1.3:8700 yet, server_id=465 [R2][E112]Not connected to 10.1.1.3:8700 yet, server_id=465 [R3][E112]Not connected to 10.1.1.3:8700 yet, server_id=465
W1218 01:24:39.778090 26280 replicator.cpp:397] Group Atomic fail to issue RPC to 10.1.5.3:8700:0 _consecutive_error_times=71, [E112]Not connected to 10.1.5.3:8700 yet, server_id=471 [R1][E112]Not connected to 10.1.5.3:8700 yet, server_id=471 [R2][E112]Not connected to 10.1.5.3:8700 yet, server_id=471 [R3][E112]Not connected to 10.1.5.3:8700 yet, server_id=471
W1218 01:24:42.242925 26271 replicator.cpp:297] Group Atomic fail to issue RPC to 10.1.1.3:8700:0 _consecutive_error_times=81, [E112]Not connected to 10.1.1.3:8700 yet, server_id=465 [R1][E112]Not connected to 10.1.1.3:8700 yet, server_id=465 [R2][E112]Not connected to 10.1.1.3:8700 yet, server_id=465 [R3][E112]Not connected to 10.1.1.3:8700 yet, server_id=465
W1218 01:24:42.335765 26276 replicator.cpp:297] Group Atomic fail to issue RPC to 10.1.5.3:8700:0 _consecutive_error_times=81, [E112]Not connected to 10.1.5.3:8700 yet, server_id=471 [R1][E112]Not connected to 10.1.5.3:8700 yet, server_id=471 [R2][E112]Not connected to 10.1.5.3:8700 yet, server_id=471 [R3][E112]Not connected to 10.1.5.3:8700 yet, server_id=471
W1218 01:24:44.863029 26276 replicator.cpp:297] Group Atomic fail to issue RPC to 10.1.1.3:8700:0 _consecutive_error_times=91, [E112]Not connected to 10.1.1.3:8700 yet, server_id=465 [R1][E112]Not connected to 10.1.1.3:8700 yet, server_id=465 [R2][E112]Not connected to 10.1.1.3:8700 yet, server_id=465 [R3][E112]Not connected to 10.1.1.3:8700 yet, server_id=465
W1218 01:24:44.880034 26268 replicator.cpp:397] Group Atomic fail to issue RPC to 10.1.5.3:8700:0 _consecutive_error_times=91, [E112]Not connected to 10.1.5.3:8700 yet, server_id=471 [R1][E112]Not connected to 10.1.5.3:8700 yet, server_id=471 [R2][E112]Not connected to 10.1.5.3:8700 yet, server_id=471 [R3][E112]Not connected to 10.1.5.3:8700 yet, server_id=471
W1218 01:24:47.440292 26280 replicator.cpp:297] Group Atomic fail to issue RPC to 10.1.1.3:8700:0 _consecutive_error_times=101, [E112]Not connected to 10.1.1.3:8700 yet, server_id=465 [R1][E112]Not connected to 10.1.1.3:8700 yet, server_id=465 [R2][E112]Not connected to 10.1.1.3:8700 yet, server_id=465 [R3][E112]Not connected to 10.1.1.3:8700 yet, server_id=465
W1218 01:24:47.443670 26280 replicator.cpp:397] Group Atomic fail to issue RPC to 10.1.5.3:8700:0 _consecutive_error_times=101, [E112]Not connected to 10.1.5.3:8700 yet, server_id=471 [R1][E112]Not connected to 10.1.5.3:8700 yet, server_id=471 [R2][E112]Not connected to 10.1.5.3:8700 yet, server_id=471 [R3][E112]Not connected to 10.1.5.3:8700 yet, server_id=471
I1218 01:24:47.596248 26280 node.cpp:949] node Atomic:10.1.3.3:8700:0 starts to do snapshot
I1218 01:24:47.837471 26280 snapshot.cpp:647] Deleting ./data/snapshot/snapshot_00000000000000000037
I1218 01:24:47.999552 26280 snapshot.cpp:653] Renaming ./data/snapshot/temp to ./data/snapshot/snapshot_00000000000000000037
I1218 01:24:48.001659 26280 snapshot.cpp:523] Deleting ./data/snapshot/snapshot_00000000000000000036
I1218 01:24:48.058135 26280 snapshot_executor.cpp:234] node Atomic:10.1.3.3:8700:0 snapshot_save_done, last_included_index=37 last_included_term=44
I1218 01:24:48.309382 26280 log.cpp:1153] log save_meta ./data/log/log_meta first_log_index: 37 time: 74629
W1218 01:24:48.843362 26259 input_messenger.cpp:381] Fail to read from Socket{id=467 fd=9 addr=10.1.2.3:8700:40588} (0x6310000dcd80): Connection reset by peer [104]
W1218 01:24:48.851446 26259 replicator.cpp:297] Group Atomic fail to issue RPC to 10.1.2.3:8700:0 _consecutive_error_times=1, [E104]Fail to read from Socket{id=467fd=9 addr=10.1.2.3:8700:40588} (0x0x6310000dcd80): Connection reset by peer [R1][E112]Not connected to 10.1.2.3:8700 yet, server_id=467 [R2][E112]Not connected to 10.1.2.3:8700 yet, server_id=467 [R3][E112]Not connected to 10.1.2.3:8700 yet, server_id=467
I1218 01:24:48.956378 26276 socket.cpp:2570] Checking Socket{id=467 addr=10.1.2.3:8700} (0x6310000dcd80)
W1218 01:24:50.001035 26271 replicator.cpp:397] Group Atomic fail to issue RPC to 10.1.1.3:8700:0 _consecutive_error_times=111, [E112]Not connected to 10.1.1.3:8700 yet, server_id=465 [R1][E112]Not connected to 10.1.1.3:8700 yet, server_id=465 [R2][E112]Not connected to 10.1.1.3:8700 yet, server_id=465 [R3][E112]Not connected to 10.1.1.3:8700 yet, server_id=465
W1218 01:24:50.042346 26281 replicator.cpp:397] Group Atomic fail to issue RPC to 10.1.5.3:8700:0 _consecutive_error_times=111, [E112]Not connected to 10.1.5.3:8700 yet, server_id=471 [R1][E112]Not connected to 10.1.5.3:8700 yet, server_id=471 [R2][E112]Not connected to 10.1.5.3:8700 yet, server_id=471 [R3][E112]Not connected to 10.1.5.3:8700 yet, server_id=471
I1218 01:24:50.451639 26271 socket.cpp:2570] Checking Socket{id=469 addr=10.1.4.3:8700} (0x6310000dd300)
W1218 01:24:50.491816 26280 replicator.cpp:297] Group Atomic fail to issue RPC to 10.1.4.3:8700:0 _consecutive_error_times=1, [E112]Not connected to 10.1.4.3:8700 yet, server_id=469 [R1][E112]Not connected to 10.1.4.3:8700 yet, server_id=469 [R2][E112]Not connected to 10.1.4.3:8700 yet, server_id=469 [R3][E112]Not connected to 10.1.4.3:8700 yet, server_id=469
W1218 01:24:52.844276 26259 replicator.cpp:397] Group Atomic fail to issue RPC to 10.1.1.3:8700:0 _consecutive_error_times=121, [E112]Not connected to 10.1.1.3:8700 yet, server_id=465 [R1][E112]Not connected to 10.1.1.3:8700 yet, server_id=465 [R2][E112]Not connected to 10.1.1.3:8700 yet, server_id=465 [R3][E112]Not connected to 10.1.1.3:8700 yet, server_id=465
W1218 01:24:52.883417 26265 replicator.cpp:297] Group Atomic fail to issue RPC to 10.1.5.3:8700:0 _consecutive_error_times=121, [E112]Not connected to 10.1.5.3:8700 yet, server_id=471 [R1][E112]Not connected to 10.1.5.3:8700 yet, server_id=471 [R2][E112]Not connected to 10.1.5.3:8700 yet, server_id=471 [R3][E112]Not connected to 10.1.5.3:8700 yet, server_id=471
W1218 01:24:54.261467 26259 node.cpp:796] node Atomic:10.1.3.3:8700:0 term 44 steps down when alive nodes don't satisfy quorum dead_nodes: 10.1.1.3:8700:0,10.1.2.3:8700:0,10.1.5.3:8700:0 conf: 10.1.1.3:8700:0,10.1.2.3:8700:0,10.1.3.3:8700:0,10.1.4.3:8700:0,10.1.5.3:8700:0
W1218 01:24:54.374943 26280 replicator.cpp:297] Group Atomic fail to issue RPC to 10.1.2.3:8700:0 _consecutive_error_times=11, [E112]Not connected to 10.1.2.3:8700 yet, server_id=467 [R1][E112]Not connected to 10.1.2.3:8700 yet, server_id=467 [R2][E112]Not connected to 10.1.2.3:8700 yet, server_id=467 [R3][E112]Not connected to 10.1.2.3:8700 yet, server_id=467
I1218 01:24:54.400691 26280 server.cpp:296] Node stepped down : Majority of the group dies
I1218 01:24:54.535529 26259 replicator.cpp:989] Group Atomic Replicator=4398046511105 is going to quit
I1218 01:24:54.536882 26259 replicator.cpp:1258] Replicator=4398046511105 is going to quit
I1218 01:24:54.557833 26259 replicator.cpp:989] Group Atomic Replicator=4415226380289 is going to quit
I1218 01:24:54.586836 26259 replicator.cpp:1258] Replicator=4415226380289 is going to quit
I1218 01:24:54.589638 26259 replicator.cpp:989] Group Atomic Replicator=4432406249473 is going to quit
I1218 01:24:54.590332 26259 replicator.cpp:1258] Replicator=4432406249473 is going to quit
I1218 01:24:54.598291 26259 replicator.cpp:989] Group Atomic Replicator=4449586118657 is going to quit
I1218 01:24:54.599304 26259 replicator.cpp:1258] Replicator=4449586118657 is going to quit
WARNING: Logging before InitGoogleLogging() is written to STDERR
W1218 01:24:57.067287 27306 bthread.cpp:409] Fail to set concurrency by tag: 0, tag concurrency must larger than old oncurrency. old concurrency: 24, new concurrency: 9
E1218 01:24:57.123448 27306 server.cpp:1101] Fail to listen 0.0.0.0:8700
E1218 01:24:57.134253 27306 server.cpp:499] Fail to start Server
I1218 01:24:59.756953 26259 node.cpp:1587] node Atomic:10.1.3.3:8700:0 term 44 start pre_vote
I1218 01:25:00.658142 26268 node.cpp:1512] node Atomic:10.1.3.3:8700:0 received PreVoteResponse from 10.1.4.3:8700:0 term 44 granted 1 rejected_by_lease 0 disrupted 0
I1218 01:25:00.684141 26265 node.cpp:1512] node Atomic:10.1.3.3:8700:0 received PreVoteResponse from 10.1.2.3:8700:0 term 44 granted 1 rejected_by_lease 0 disrupted 0
I1218 01:25:00.685534 26265 node.cpp:1653] node Atomic:10.1.3.3:8700:0 term 44 start vote and grant vote self
I1218 01:25:00.816947 26265 raft_meta.cpp:546] Saved single stable meta, path ./data/raft_meta term 45 votedfor 10.1.3.3:8700:0 time: 101001
W1218 01:25:00.928270 26271 node.cpp:1479] node Atomic:10.1.3.3:8700:0 received invalid PreVoteResponse from 10.1.1.3:8700:0 ctx_version 10 current_ctx_version 11
I1218 01:25:01.052551 26276 node.cpp:1403] node Atomic:10.1.3.3:8700:0 received RequestVoteResponse from 10.1.1.3:8700:0 term 45 granted 1 rejected_by_lease 0 disrupted 0
I1218 01:25:01.055379 26276 node.cpp:1403] node Atomic:10.1.3.3:8700:0 received RequestVoteResponse from 10.1.4.3:8700:0 term 45 granted 1 rejected_by_lease 0 disrupted 0
I1218 01:25:01.056617 26276 node.cpp:1908] node Atomic:10.1.3.3:8700:0 term 45 become leader of group 10.1.1.3:8700:0,10.1.2.3:8700:0,10.1.3.3:8700:0,10.1.4.3:8700:0,10.1.5.3:8700:0 
I1218 01:25:01.061888 26276 replicator.cpp:143] Replicator=3410204033094@10.1.1.3:8700:0 is started, group Atomic
I1218 01:25:01.119393 26276 replicator.cpp:143] Replicator=3315714752565@10.1.2.3:8700:0 is started, group Atomic
I1218 01:25:01.183570 26276 replicator.cpp:143] Replicator=3423088934913@10.1.4.3:8700:0 is started, group Atomic
I1218 01:25:01.205869 26276 replicator.cpp:143] Replicator=3440268804097@10.1.5.3:8700:0 is started, group Atomic
W1218 01:25:01.478456 26264 node.cpp:1479] node Atomic:10.1.3.3:8700:0 received invalid PreVoteResponse from 10.1.5.3:8700:0 ctx_version 10 current_ctx_version 11
W1218 01:25:01.491892 26281 node.cpp:1370] node Atomic:10.1.3.3:8700:0 received invalid RequestVoteResponse from 10.1.5.3:8700:0 ctx_version 3 current_ctx_version 4
W1218 01:25:01.495211 26280 node.cpp:1370] node Atomic:10.1.3.3:8700:0 received invalid RequestVoteResponse from 10.1.2.3:8700:0 ctx_version 3 current_ctx_version 4
I1218 01:25:01.612162 26281 replicator.cpp:835] node Atomic:10.1.3.3:8700:0 send InstallSnapshotRequest to 10.1.5.3:8700:0 term 45 last_included_term 44 last_included_index 37 uri remote://10.1.3.3:8700/921735446367827113
I1218 01:25:01.718365 26271 server.cpp:306] Configuration of this group is 10.1.1.3:8700:0,10.1.2.3:8700:0,10.1.3.3:8700:0,10.1.4.3:8700:0,10.1.5.3:8700:0
I1218 01:25:01.747856 26271 node.cpp:3310] node Atomic:10.1.3.3:8700:0 reset ConfigurationCtx, new_peers: 10.1.1.3:8700:0,10.1.2.3:8700:0,10.1.3.3:8700:0,10.1.4.3:8700:0,10.1.5.3:8700:0, old_peers: 10.1.1.3:8700:0,10.1.2.3:8700:0,10.1.3.3:8700:0,10.1.4.3:8700:0,10.1.5.3:8700:0
I1218 01:25:01.927374 26271 server.cpp:291] Node becomes leader
I1218 01:25:03.623785 26280 replicator.cpp:902] received InstallSnapshotResponse from Atomic:10.1.5.3:8700:0 last_included_index 37 last_included_term 44 success.
W1218 01:25:04.214682 26225 sampler.cpp:192] bvar is busy at sampling for 2 seconds!
W1218 01:25:06.998284 26280 input_messenger.cpp:381] Fail to read from Socket{id=286 fd=10 addr=10.1.4.3:8700:34140} (0x6310000a1b40): Connection reset by peer [104]
W1218 01:25:07.051441 26271 replicator.cpp:297] Group Atomic fail to issue RPC to 10.1.4.3:8700:0 _consecutive_error_times=1, [E104]Fail to read from Socket{id=286fd=10 addr=10.1.4.3:8700:34140} (0x0x6310000a1b40): Connection reset by peer [R1][E112]Not connected to 10.1.4.3:8700 yet, server_id=286 [R2][E112]Not connected to 10.1.4.3:8700 yet, server_id=286 [R3][E112]Not connected to 10.1.4.3:8700 yet, server_id=286
I1218 01:25:07.232086 26281 socket.cpp:2570] Checking Socket{id=286 addr=10.1.4.3:8700} (0x6310000a1b40)
I1218 01:25:09.145550 26271 socket.cpp:2570] Checking Socket{id=17179869654 addr=10.1.1.3:8700} (0x6310000dd5c0)
W1218 01:25:09.163640 26264 replicator.cpp:297] Group Atomic fail to issue RPC to 10.1.1.3:8700:0 _consecutive_error_times=1, [E112]Not connected to 10.1.1.3:8700 yet, server_id=17179869654 [R1][E112]Not connected to 10.1.1.3:8700 yet, server_id=17179869654 [R2][E112]Not connected to 10.1.1.3:8700 yet, server_id=17179869654 [R3][E112]Not connected to 10.1.1.3:8700 yet, server_id=17179869654
W1218 01:25:09.166836 26268 replicator.cpp:297] Group Atomic fail to issue RPC to 10.1.2.3:8700:0 _consecutive_error_times=1, [E1014]Got EOF of Socket{id=8589934792fd=9 addr=10.1.2.3:8700:47640} (0x0x63100007ae80) [R1][E112]Not connected to 10.1.2.3:8700 yet, server_id=8589934792 [R2][E112]Not connected to 10.1.2.3:8700 yet, server_id=8589934792 [R3][E112]Not connected to 10.1.2.3:8700 yet, server_id=8589934792
I1218 01:25:09.271764 26281 socket.cpp:2570] Checking Socket{id=8589934792 addr=10.1.2.3:8700} (0x63100007ae80)
W1218 01:25:12.235802 26268 replicator.cpp:297] Group Atomic fail to issue RPC to 10.1.4.3:8700:0 _consecutive_error_times=11, [E112]Not connected to 10.1.4.3:8700 yet, server_id=286 [R1][E112]Not connected to 10.1.4.3:8700 yet, server_id=286 [R2][E112]Not connected to 10.1.4.3:8700 yet, server_id=286 [R3][E112]Not connected to 10.1.4.3:8700 yet, server_id=286
W1218 01:25:14.364715 26271 replicator.cpp:297] Group Atomic fail to issue RPC to 10.1.1.3:8700:0 _consecutive_error_times=11, [E112]Not connected to 10.1.1.3:8700 yet, server_id=17179869654 [R1][E112]Not connected to 10.1.1.3:8700 yet, server_id=17179869654 [R2][E112]Not connected to 10.1.1.3:8700 yet, server_id=17179869654 [R3][E112]Not connected to 10.1.1.3:8700 yet, server_id=17179869654
W1218 01:25:14.373242 26268 replicator.cpp:297] Group Atomic fail to issue RPC to 10.1.2.3:8700:0 _consecutive_error_times=11, [E112]Not connected to 10.1.2.3:8700 yet, server_id=8589934792 [R1][E112]Not connected to 10.1.2.3:8700 yet, server_id=8589934792 [R2][E112]Not connected to 10.1.2.3:8700 yet, server_id=8589934792 [R3][E112]Not connected to 10.1.2.3:8700 yet, server_id=8589934792
I1218 01:25:16.496292 26264 socket.cpp:2630] Revived Socket{id=286 addr=10.1.4.3:8700} (0x6310000a1b40) (Connectable)
W1218 01:25:16.643123 26271 node.cpp:796] node Atomic:10.1.3.3:8700:0 term 45 steps down when alive nodes don't satisfy quorum dead_nodes: 10.1.1.3:8700:0,10.1.2.3:8700:0,10.1.4.3:8700:0 conf: 10.1.1.3:8700:0,10.1.2.3:8700:0,10.1.3.3:8700:0,10.1.4.3:8700:0,10.1.5.3:8700:0
I1218 01:25:16.873433 26268 server.cpp:296] Node stepped down : Majority of the group dies
I1218 01:25:17.013332 26271 replicator.cpp:989] Group Atomic Replicator=3410204033094 is going to quit
I1218 01:25:17.051157 26271 replicator.cpp:1258] Replicator=3410204033094 is going to quit
I1218 01:25:17.056334 26271 replicator.cpp:989] Group Atomic Replicator=3315714752565 is going to quit
I1218 01:25:17.056977 26271 replicator.cpp:1258] Replicator=3315714752565 is going to quit
I1218 01:25:17.058377 26271 replicator.cpp:989] Group Atomic Replicator=3423088934913 is going to quit
I1218 01:25:17.124457 26271 replicator.cpp:1258] Replicator=3423088934913 is going to quit
I1218 01:25:17.132941 26271 replicator.cpp:989] Group Atomic Replicator=3440268804097 is going to quit
I1218 01:25:17.133761 26271 replicator.cpp:1258] Replicator=3440268804097 is going to quit
W1218 01:25:17.794118 26225 sampler.cpp:192] bvar is busy at sampling for 2 seconds!
I1218 01:25:17.713060 26268 node.cpp:949] node Atomic:10.1.3.3:8700:0 starts to do snapshot
I1218 01:25:18.986968 26265 snapshot.cpp:647] Deleting ./data/snapshot/snapshot_00000000000000000038
I1218 01:25:18.988690 26265 snapshot.cpp:653] Renaming ./data/snapshot/temp to ./data/snapshot/snapshot_00000000000000000038
I1218 01:25:18.994235 26265 snapshot.cpp:523] Deleting ./data/snapshot/snapshot_00000000000000000037
WARNING: Logging before InitGoogleLogging() is written to STDERR
W1218 01:25:19.270781 27499 bthread.cpp:409] Fail to set concurrency by tag: 0, tag concurrency must larger than old oncurrency. old concurrency: 24, new concurrency: 9
E1218 01:25:19.318143 27499 server.cpp:1101] Fail to listen 0.0.0.0:8700
E1218 01:25:19.324599 27499 server.cpp:499] Fail to start Server
I1218 01:25:19.351226 26265 snapshot_executor.cpp:234] node Atomic:10.1.3.3:8700:0 snapshot_save_done, last_included_index=38 last_included_term=45
I1218 01:25:19.533712 26265 log.cpp:1153] log save_meta ./data/log/log_meta first_log_index: 38 time: 110964

=================================================================
==27306==ERROR: LeakSanitizer: detected memory leaks

Direct leak of 88 byte(s) in 1 object(s) allocated from:
    #0 0x73d63d in operator new(unsigned long) (/opt/fs/braft/example/atomic/atomic_server+0x73d63d)
    #1 0xaacffa in brpc::Server::StartInternal(butil::EndPoint const&, brpc::PortRange const&, brpc::ServerOptions const*) /opt/fs/brpc/src/brpc/server.cpp:903:22
    #2 0xaafd3f in brpc::Server::Start(butil::EndPoint const&, brpc::ServerOptions const*) /opt/fs/brpc/src/brpc/server.cpp:1225:12
    #3 0xaafd3f in brpc::Server::Start(int, brpc::ServerOptions const*) /opt/fs/brpc/src/brpc/server.cpp:1244:12
    #4 0x740915 in main /opt/fs/braft/example/atomic/server.cpp:498:16
    #5 0x7f6aa155409a in __libc_start_main /build/reproducible-path/glibc-2.28/csu/../csu/libc-start.c:308:16

Direct leak of 8 byte(s) in 1 object(s) allocated from:
    #0 0x73d63d in operator new(unsigned long) (/opt/fs/braft/example/atomic/atomic_server+0x73d63d)
    #1 0xaa7f39 in brpc::ServerOptions::ServerOptions() /opt/fs/brpc/src/brpc/server.cpp:155:30
    #2 0xaa94d1 in brpc::Server::Server(brpc::ProfilerLinker) /opt/fs/brpc/src/brpc/server.cpp:409:9
    #3 0x740625 in main /opt/fs/braft/example/atomic/server.cpp:474:18
    #4 0x7f6aa155409a in __libc_start_main /build/reproducible-path/glibc-2.28/csu/../csu/libc-start.c:308:16

Indirect leak of 88 byte(s) in 1 object(s) allocated from:
    #0 0x73d63d in operator new(unsigned long) (/opt/fs/braft/example/atomic/atomic_server+0x73d63d)
    #1 0xba3588 in bthread_keytable_pool_init /opt/fs/brpc/src/bthread/key.cpp:446:18
    #2 0xaad009 in brpc::Server::StartInternal(butil::EndPoint const&, brpc::PortRange const&, brpc::ServerOptions const*) /opt/fs/brpc/src/brpc/server.cpp:904:9
    #3 0xaafd3f in brpc::Server::Start(butil::EndPoint const&, brpc::ServerOptions const*) /opt/fs/brpc/src/brpc/server.cpp:1225:12
    #4 0xaafd3f in brpc::Server::Start(int, brpc::ServerOptions const*) /opt/fs/brpc/src/brpc/server.cpp:1244:12
    #5 0x740915 in main /opt/fs/braft/example/atomic/server.cpp:498:16
    #6 0x7f6aa155409a in __libc_start_main /build/reproducible-path/glibc-2.28/csu/../csu/libc-start.c:308:16

SUMMARY: AddressSanitizer: 184 byte(s) leaked in 3 allocation(s).
I1218 01:25:22.537462 26259 node.cpp:1587] node Atomic:10.1.3.3:8700:0 term 45 start pre_vote
I1218 01:25:22.829502 26264 node.cpp:1512] node Atomic:10.1.3.3:8700:0 received PreVoteResponse from 10.1.5.3:8700:0 term 45 granted 1 rejected_by_lease 0 disrupted 0
I1218 01:25:22.904337 26280 node.cpp:1512] node Atomic:10.1.3.3:8700:0 received PreVoteResponse from 10.1.2.3:8700:0 term 45 granted 1 rejected_by_lease 0 disrupted 0
I1218 01:25:22.905596 26280 node.cpp:1653] node Atomic:10.1.3.3:8700:0 term 45 start vote and grant vote self
I1218 01:25:23.118824 26280 raft_meta.cpp:546] Saved single stable meta, path ./data/raft_meta term 46 votedfor 10.1.3.3:8700:0 time: 56935
W1218 01:25:23.120565 26276 node.cpp:1479] node Atomic:10.1.3.3:8700:0 received invalid PreVoteResponse from 10.1.4.3:8700:0 ctx_version 12 current_ctx_version 13
W1218 01:25:23.129853 26268 node.cpp:1479] node Atomic:10.1.3.3:8700:0 received invalid PreVoteResponse from 10.1.1.3:8700:0 ctx_version 12 current_ctx_version 13
I1218 01:25:23.318130 26271 node.cpp:1403] node Atomic:10.1.3.3:8700:0 received RequestVoteResponse from 10.1.5.3:8700:0 term 46 granted 0 rejected_by_lease 0 disrupted 0
I1218 01:25:23.331712 26259 node.cpp:1403] node Atomic:10.1.3.3:8700:0 received RequestVoteResponse from 10.1.1.3:8700:0 term 46 granted 1 rejected_by_lease 0 disrupted 0
I1218 01:25:23.367805 26271 node.cpp:1403] node Atomic:10.1.3.3:8700:0 received RequestVoteResponse from 10.1.2.3:8700:0 term 46 granted 1 rejected_by_lease 0 disrupted 0
I1218 01:25:23.369983 26271 node.cpp:1908] node Atomic:10.1.3.3:8700:0 term 46 become leader of group 10.1.1.3:8700:0,10.1.2.3:8700:0,10.1.3.3:8700:0,10.1.4.3:8700:0,10.1.5.3:8700:0 
I1218 01:25:23.403926 26271 replicator.cpp:143] Replicator=4514010628158@10.1.1.3:8700:0 is started, group Atomic
I1218 01:25:23.477145 26271 replicator.cpp:143] Replicator=3423088934917@10.1.2.3:8700:0 is started, group Atomic
I1218 01:25:23.491397 26271 replicator.cpp:143] Replicator=3410204033098@10.1.4.3:8700:0 is started, group Atomic
I1218 01:25:23.508141 26271 replicator.cpp:143] Replicator=4423816314917@10.1.5.3:8700:0 is started, group Atomic
W1218 01:25:23.601892 26265 node.cpp:1370] node Atomic:10.1.3.3:8700:0 received invalid RequestVoteResponse from 10.1.4.3:8700:0 ctx_version 5 current_ctx_version 6
I1218 01:25:23.806890 26281 server.cpp:306] Configuration of this group is 10.1.1.3:8700:0,10.1.2.3:8700:0,10.1.3.3:8700:0,10.1.4.3:8700:0,10.1.5.3:8700:0
I1218 01:25:23.815351 26281 node.cpp:3310] node Atomic:10.1.3.3:8700:0 reset ConfigurationCtx, new_peers: 10.1.1.3:8700:0,10.1.2.3:8700:0,10.1.3.3:8700:0,10.1.4.3:8700:0,10.1.5.3:8700:0, old_peers: 10.1.1.3:8700:0,10.1.2.3:8700:0,10.1.3.3:8700:0,10.1.4.3:8700:0,10.1.5.3:8700:0
I1218 01:25:23.845733 26281 server.cpp:291] Node becomes leader
WARNING: Logging before InitGoogleLogging() is written to STDERR
W1218 01:26:16.441215 28192 bthread.cpp:409] Fail to set concurrency by tag: 0, tag concurrency must larger than old oncurrency. old concurrency: 24, new concurrency: 9
I1218 01:26:16.651782 28192 server.cpp:1208] Server[braft::RaftStatImpl+braft::FileServiceImpl+braft::RaftServiceImpl+braft::CliServiceImpl+example::AtomicServiceImpl] is serving on port=8700.
I1218 01:26:16.744493 28192 server.cpp:1211] Check out http://n3:8700 in web browser.
I1218 01:26:16.813611 28192 log.cpp:691] Use murmurhash32 as the checksum type of appending entries
I1218 01:26:16.818073 28192 log.cpp:1175] log load_meta ./data/log/log_meta first_log_index: 38 time: 3181
I1218 01:26:16.820920 28192 log.cpp:1115] load open segment, path: ./data/log first_index: 35
I1218 01:26:17.197427 28192 snapshot.cpp:465] Deleting ./data/snapshot/temp
I1218 01:26:17.731148 28253 server.cpp:306] Configuration of this group is 10.1.1.3:8700:0,10.1.2.3:8700:0,10.1.3.3:8700:0,10.1.4.3:8700:0,10.1.5.3:8700:0
I1218 01:26:17.792011 28253 snapshot_executor.cpp:264] node Atomic:10.1.3.3:8700:0 snapshot_load_done, last_included_index: 38 last_included_term: 45 peers: "10.1.1.3:8700:0" peers: "10.1.2.3:8700:0" peers: "10.1.3.3:8700:0" peers: "10.1.4.3:8700:0" peers: "10.1.5.3:8700:0"
I1218 01:26:18.018795 28192 raft_meta.cpp:521] Loaded single stable meta, path ./data/raft_meta term 46 votedfor 10.1.3.3:8700:0 time: 111969
I1218 01:26:18.160703 28192 node.cpp:608] node Atomic:10.1.3.3:8700:0 init, term: 46 last_log_id: (index=39,term=46) conf: 10.1.1.3:8700:0,10.1.2.3:8700:0,10.1.3.3:8700:0,10.1.4.3:8700:0,10.1.5.3:8700:0 old_conf: 
I1218 01:26:18.357182 28192 server.cpp:509] Atomic service is running on 0.0.0.0:8700
I1218 01:26:22.517294 28228 node.cpp:2129] node Atomic:10.1.3.3:8700:0 received PreVote from 10.1.1.3:8700:0 in term 48 current_term 46 granted 1 rejected_by_lease 0
I1218 01:26:23.133550 28236 node.cpp:2211] node Atomic:10.1.3.3:8700:0 received RequestVote from 10.1.1.3:8700:0 in term 48 current_term 46 log_is_ok 1 votable_time 0
I1218 01:26:23.257664 28236 raft_meta.cpp:546] Saved single stable meta, path ./data/raft_meta term 48 votedfor 0.0.0.0:0:0 time: 120824
I1218 01:26:23.313158 28236 raft_meta.cpp:546] Saved single stable meta, path ./data/raft_meta term 48 votedfor 10.1.1.3:8700:0 time: 39717
I1218 01:26:23.630306 28256 node.cpp:2129] node Atomic:10.1.3.3:8700:0 received PreVote from 10.1.4.3:8700:0 in term 48 current_term 48 granted 1 rejected_by_lease 0
I1218 01:26:23.857450 28252 server.cpp:312] Node start following { leader_id=10.1.1.3:8700:0, term=48, status=Follower receives message from new leader with the same term.}
WARNING: Logging before InitGoogleLogging() is written to STDERR
W1218 01:26:59.032886 28708 bthread.cpp:409] Fail to set concurrency by tag: 0, tag concurrency must larger than old oncurrency. old concurrency: 24, new concurrency: 9
I1218 01:26:59.502796 28708 server.cpp:1208] Server[braft::RaftStatImpl+braft::FileServiceImpl+braft::RaftServiceImpl+braft::CliServiceImpl+example::AtomicServiceImpl] is serving on port=8700.
I1218 01:26:59.504412 28708 server.cpp:1211] Check out http://n3:8700 in web browser.
I1218 01:26:59.851238 28708 log.cpp:691] Use murmurhash32 as the checksum type of appending entries
I1218 01:26:59.906378 28708 log.cpp:1175] log load_meta ./data/log/log_meta first_log_index: 38 time: 53302
I1218 01:26:59.943655 28708 log.cpp:1115] load open segment, path: ./data/log first_index: 35
I1218 01:27:00.034204 28708 snapshot.cpp:465] Deleting ./data/snapshot/temp
I1218 01:27:00.254050 28765 server.cpp:306] Configuration of this group is 10.1.1.3:8700:0,10.1.2.3:8700:0,10.1.3.3:8700:0,10.1.4.3:8700:0,10.1.5.3:8700:0
I1218 01:27:00.290326 28765 snapshot_executor.cpp:264] node Atomic:10.1.3.3:8700:0 snapshot_load_done, last_included_index: 38 last_included_term: 45 peers: "10.1.1.3:8700:0" peers: "10.1.2.3:8700:0" peers: "10.1.3.3:8700:0" peers: "10.1.4.3:8700:0" peers: "10.1.5.3:8700:0"
I1218 01:27:00.353713 28708 raft_meta.cpp:521] Loaded single stable meta, path ./data/raft_meta term 48 votedfor 10.1.1.3:8700:0 time: 2437
I1218 01:27:00.355260 28708 node.cpp:608] node Atomic:10.1.3.3:8700:0 init, term: 48 last_log_id: (index=39,term=46) conf: 10.1.1.3:8700:0,10.1.2.3:8700:0,10.1.3.3:8700:0,10.1.4.3:8700:0,10.1.5.3:8700:0 old_conf: 
I1218 01:27:00.376636 28708 server.cpp:509] Atomic service is running on 0.0.0.0:8700
I1218 01:27:06.159355 28779 node.cpp:1587] node Atomic:10.1.3.3:8700:0 term 48 start pre_vote
W1218 01:27:06.748996 28757 node.cpp:1567] node Atomic:10.1.3.3:8700:0 request PreVote from 10.1.4.3:8700:0 error: [E110]Fail to connect Socket{id=97 addr=10.1.4.3:8700} (0x0x631000051300): Connection timed out
I1218 01:27:06.997063 28761 node.cpp:1512] node Atomic:10.1.3.3:8700:0 received PreVoteResponse from 10.1.1.3:8700:0 term 48 granted 0 rejected_by_lease 0 disrupted 0
I1218 01:27:06.999886 28776 node.cpp:1512] node Atomic:10.1.3.3:8700:0 received PreVoteResponse from 10.1.5.3:8700:0 term 1 granted 1 rejected_by_lease 0 disrupted 0
I1218 01:27:07.101810 28759 node.cpp:1512] node Atomic:10.1.3.3:8700:0 received PreVoteResponse from 10.1.2.3:8700:0 term 48 granted 0 rejected_by_lease 0 disrupted 0
I1218 01:27:09.636056 28758 node.cpp:2129] node Atomic:10.1.3.3:8700:0 received PreVote from 10.1.2.3:8700:0 in term 49 current_term 48 granted 1 rejected_by_lease 0
I1218 01:27:09.887148 28769 node.cpp:2211] node Atomic:10.1.3.3:8700:0 received RequestVote from 10.1.2.3:8700:0 in term 49 current_term 48 log_is_ok 1 votable_time 0
I1218 01:27:09.940310 28769 raft_meta.cpp:546] Saved single stable meta, path ./data/raft_meta term 49 votedfor 0.0.0.0:0:0 time: 50800
I1218 01:27:09.993674 28769 raft_meta.cpp:546] Saved single stable meta, path ./data/raft_meta term 49 votedfor 10.1.2.3:8700:0 time: 24911
I1218 01:27:10.498015 28776 server.cpp:312] Node start following { leader_id=10.1.2.3:8700:0, term=49, status=Follower receives message from new leader with the same term.}
I1218 01:27:11.296763 28758 node.cpp:2634] node Atomic:10.1.3.3:8700:0 received InstallSnapshotRequest last_included_log_index=40 last_include_log_term=47 from 10.1.2.3:8700:0 when last_log_id=(index=39,term=46)
I1218 01:27:11.758185 28776 snapshot.cpp:647] Deleting ./data/snapshot/snapshot_00000000000000000040
I1218 01:27:11.759505 28776 snapshot.cpp:653] Renaming ./data/snapshot/temp to ./data/snapshot/snapshot_00000000000000000040
I1218 01:27:11.779453 28776 snapshot.cpp:523] Deleting ./data/snapshot/snapshot_00000000000000000038
I1218 01:27:11.882185 28775 server.cpp:306] Configuration of this group is 10.1.1.3:8700:0,10.1.2.3:8700:0,10.1.3.3:8700:0,10.1.4.3:8700:0,10.1.5.3:8700:0
I1218 01:27:11.898988 28775 snapshot_executor.cpp:264] node Atomic:10.1.3.3:8700:0 snapshot_load_done, last_included_index: 40 last_included_term: 47 peers: "10.1.1.3:8700:0" peers: "10.1.2.3:8700:0" peers: "10.1.3.3:8700:0" peers: "10.1.4.3:8700:0" peers: "10.1.5.3:8700:0"
I1218 01:27:11.921118 28765 log.cpp:1153] log save_meta ./data/log/log_meta first_log_index: 41 time: 31856
I1218 01:27:11.943460 28765 log.cpp:608] Unlinked segment `./data/log/log_inprogress_00000000000000000035'
I1218 01:27:11.954011 28758 log.cpp:114] Created new segment `./data/log/log_inprogress_00000000000000000041' with fd=7
I1218 01:27:11.977399 28769 server.cpp:306] Configuration of this group is 10.1.1.3:8700:0,10.1.2.3:8700:0,10.1.3.3:8700:0,10.1.4.3:8700:0,10.1.5.3:8700:0
I1218 01:27:11.979318 28769 server.cpp:306] Configuration of this group is 10.1.1.3:8700:0,10.1.2.3:8700:0,10.1.3.3:8700:0,10.1.4.3:8700:0,10.1.5.3:8700:0
I1218 01:27:17.785429 28778 node.cpp:949] node Atomic:10.1.3.3:8700:0 starts to do snapshot
I1218 01:27:17.971889 28778 snapshot.cpp:647] Deleting ./data/snapshot/snapshot_00000000000000000042
I1218 01:27:17.982740 28778 snapshot.cpp:653] Renaming ./data/snapshot/temp to ./data/snapshot/snapshot_00000000000000000042
I1218 01:27:18.006356 28778 snapshot.cpp:523] Deleting ./data/snapshot/snapshot_00000000000000000040
I1218 01:27:18.146049 28778 snapshot_executor.cpp:234] node Atomic:10.1.3.3:8700:0 snapshot_save_done, last_included_index=42 last_included_term=49
WARNING: Logging before InitGoogleLogging() is written to STDERR
W1218 01:27:32.320964 29029 bthread.cpp:409] Fail to set concurrency by tag: 0, tag concurrency must larger than old oncurrency. old concurrency: 24, new concurrency: 9
E1218 01:27:32.350010 29029 server.cpp:1101] Fail to listen 0.0.0.0:8700
E1218 01:27:32.360278 29029 server.cpp:499] Fail to start Server
I1218 01:27:32.816867 28757 node.cpp:2129] node Atomic:10.1.3.3:8700:0 received PreVote from 10.1.5.3:8700:0 in term 50 current_term 49 granted 1 rejected_by_lease 0
I1218 01:27:33.116019 28773 node.cpp:2211] node Atomic:10.1.3.3:8700:0 received RequestVote from 10.1.5.3:8700:0 in term 50 current_term 49 log_is_ok 1 votable_time 0
I1218 01:27:33.124022 28777 server.cpp:309] Node stops following { leader_id=10.1.2.3:8700:0, term=49, status=Raft node receives higher term request_vote_request.}
I1218 01:27:33.211138 28773 raft_meta.cpp:546] Saved single stable meta, path ./data/raft_meta term 50 votedfor 0.0.0.0:0:0 time: 92344
I1218 01:27:33.311445 28773 raft_meta.cpp:546] Saved single stable meta, path ./data/raft_meta term 50 votedfor 10.1.5.3:8700:0 time: 95133
I1218 01:27:33.749017 28778 server.cpp:312] Node start following { leader_id=10.1.5.3:8700:0, term=50, status=Follower receives message from new leader with the same term.}
I1218 01:27:35.183087 28757 node.cpp:2211] node Atomic:10.1.3.3:8700:0 received RequestVote from 10.1.1.3:8700:0 in term 51 current_term 50 log_is_ok 1 votable_time 0
I1218 01:27:35.185487 28777 server.cpp:309] Node stops following { leader_id=10.1.5.3:8700:0, term=50, status=Raft node receives higher term request_vote_request.}
I1218 01:27:35.211144 28757 raft_meta.cpp:546] Saved single stable meta, path ./data/raft_meta term 51 votedfor 0.0.0.0:0:0 time: 25810
I1218 01:27:35.233417 28757 raft_meta.cpp:546] Saved single stable meta, path ./data/raft_meta term 51 votedfor 10.1.1.3:8700:0 time: 20769
I1218 01:27:35.596910 28779 server.cpp:312] Node start following { leader_id=10.1.1.3:8700:0, term=51, status=Follower receives message from new leader with the same term.}
I1218 01:27:36.133620 28773 server.cpp:306] Configuration of this group is 10.1.1.3:8700:0,10.1.2.3:8700:0,10.1.3.3:8700:0,10.1.4.3:8700:0,10.1.5.3:8700:0
I1218 01:27:36.148073 28773 server.cpp:306] Configuration of this group is 10.1.1.3:8700:0,10.1.2.3:8700:0,10.1.3.3:8700:0,10.1.4.3:8700:0,10.1.5.3:8700:0
I1218 01:27:47.885828 28778 node.cpp:949] node Atomic:10.1.3.3:8700:0 starts to do snapshot
I1218 01:27:48.441792 28778 snapshot.cpp:647] Deleting ./data/snapshot/snapshot_00000000000000000044
I1218 01:27:48.443614 28778 snapshot.cpp:653] Renaming ./data/snapshot/temp to ./data/snapshot/snapshot_00000000000000000044
I1218 01:27:48.445245 28778 snapshot.cpp:523] Deleting ./data/snapshot/snapshot_00000000000000000042
I1218 01:27:48.482784 28778 snapshot_executor.cpp:234] node Atomic:10.1.3.3:8700:0 snapshot_save_done, last_included_index=44 last_included_term=51
I1218 01:27:48.525154 28777 log.cpp:1153] log save_meta ./data/log/log_meta first_log_index: 43 time: 16508
I1218 01:27:50.604712 28779 node.cpp:1587] node Atomic:10.1.3.3:8700:0 term 51 start pre_vote
I1218 01:27:50.623365 28778 server.cpp:309] Node stops following { leader_id=10.1.1.3:8700:0, term=51, status=Lost connection from leader 10.1.1.3:8700:0}
W1218 01:27:50.746982 28757 node.cpp:1567] node Atomic:10.1.3.3:8700:0 request PreVote from 10.1.1.3:8700:0 error: [E111]Fail to connect Socket{id=17179869556 addr=10.1.1.3:8700} (0x0x6310000c8800): Connection refused
W1218 01:27:50.749162 28757 node.cpp:1567] node Atomic:10.1.3.3:8700:0 request PreVote from 10.1.2.3:8700:0 error: [E111]Fail to connect Socket{id=558 addr=10.1.2.3:8700} (0x0x63100012c800): Connection refused
W1218 01:27:50.792040 28757 node.cpp:1567] node Atomic:10.1.3.3:8700:0 request PreVote from 10.1.4.3:8700:0 error: [E111]Fail to connect Socket{id=560 addr=10.1.4.3:8700} (0x0x63100012cd80): Connection refused
W1218 01:27:50.923449 28773 node.cpp:1567] node Atomic:10.1.3.3:8700:0 request PreVote from 10.1.5.3:8700:0 error: [E22][10.1.5.3:8700][E22]Invalid argument

=================================================================
==29029==ERROR: LeakSanitizer: detected memory leaks

Direct leak of 88 byte(s) in 1 object(s) allocated from:
    #0 0x73d63d in operator new(unsigned long) (/opt/fs/braft/example/atomic/atomic_server+0x73d63d)
    #1 0xaacffa in brpc::Server::StartInternal(butil::EndPoint const&, brpc::PortRange const&, brpc::ServerOptions const*) /opt/fs/brpc/src/brpc/server.cpp:903:22
    #2 0xaafd3f in brpc::Server::Start(butil::EndPoint const&, brpc::ServerOptions const*) /opt/fs/brpc/src/brpc/server.cpp:1225:12
    #3 0xaafd3f in brpc::Server::Start(int, brpc::ServerOptions const*) /opt/fs/brpc/src/brpc/server.cpp:1244:12
    #4 0x740915 in main /opt/fs/braft/example/atomic/server.cpp:498:16
    #5 0x7fcbccb6009a in __libc_start_main /build/reproducible-path/glibc-2.28/csu/../csu/libc-start.c:308:16

Direct leak of 8 byte(s) in 1 object(s) allocated from:
    #0 0x73d63d in operator new(unsigned long) (/opt/fs/braft/example/atomic/atomic_server+0x73d63d)
    #1 0xaa7f39 in brpc::ServerOptions::ServerOptions() /opt/fs/brpc/src/brpc/server.cpp:155:30
    #2 0xaa94d1 in brpc::Server::Server(brpc::ProfilerLinker) /opt/fs/brpc/src/brpc/server.cpp:409:9
    #3 0x740625 in main /opt/fs/braft/example/atomic/server.cpp:474:18
    #4 0x7fcbccb6009a in __libc_start_main /build/reproducible-path/glibc-2.28/csu/../csu/libc-start.c:308:16

Indirect leak of 88 byte(s) in 1 object(s) allocated from:
    #0 0x73d63d in operator new(unsigned long) (/opt/fs/braft/example/atomic/atomic_server+0x73d63d)
    #1 0xba3588 in bthread_keytable_pool_init /opt/fs/brpc/src/bthread/key.cpp:446:18
    #2 0xaad009 in brpc::Server::StartInternal(butil::EndPoint const&, brpc::PortRange const&, brpc::ServerOptions const*) /opt/fs/brpc/src/brpc/server.cpp:904:9
    #3 0xaafd3f in brpc::Server::Start(butil::EndPoint const&, brpc::ServerOptions const*) /opt/fs/brpc/src/brpc/server.cpp:1225:12
    #4 0xaafd3f in brpc::Server::Start(int, brpc::ServerOptions const*) /opt/fs/brpc/src/brpc/server.cpp:1244:12
    #5 0x740915 in main /opt/fs/braft/example/atomic/server.cpp:498:16
    #6 0x7fcbccb6009a in __libc_start_main /build/reproducible-path/glibc-2.28/csu/../csu/libc-start.c:308:16

SUMMARY: AddressSanitizer: 184 byte(s) leaked in 3 allocation(s).
W1218 01:27:54.967475 28725 sampler.cpp:192] bvar is busy at sampling for 2 seconds!
I1218 01:27:56.069648 28777 node.cpp:1587] node Atomic:10.1.3.3:8700:0 term 51 start pre_vote
WARNING: Logging before InitGoogleLogging() is written to STDERR
W1218 01:27:56.086252 29214 bthread.cpp:409] Fail to set concurrency by tag: 0, tag concurrency must larger than old oncurrency. old concurrency: 24, new concurrency: 9
E1218 01:27:56.397131 29214 server.cpp:1101] Fail to listen 0.0.0.0:8700
E1218 01:27:56.699162 29214 server.cpp:499] Fail to start Server
I1218 01:27:56.884413 28757 node.cpp:1512] node Atomic:10.1.3.3:8700:0 received PreVoteResponse from 10.1.2.3:8700:0 term 51 granted 1 rejected_by_lease 0 disrupted 0
W1218 01:27:56.891314 28773 node.cpp:1567] node Atomic:10.1.3.3:8700:0 request PreVote from 10.1.5.3:8700:0 error: [E22][10.1.5.3:8700][E22]Invalid argument
W1218 01:27:57.075419 28757 node.cpp:1567] node Atomic:10.1.3.3:8700:0 request PreVote from 10.1.1.3:8700:0 error: [E2][10.1.1.3:8700][E2]peer_id not exist
W1218 01:27:57.288374 28757 node.cpp:1567] node Atomic:10.1.3.3:8700:0 request PreVote from 10.1.4.3:8700:0 error: [E2][10.1.4.3:8700][E2]peer_id not exist
I1218 01:28:02.127653 28778 node.cpp:2129] node Atomic:10.1.3.3:8700:0 received PreVote from 10.1.2.3:8700:0 in term 52 current_term 51 granted 1 rejected_by_lease 0
I1218 01:28:02.169857 28779 node.cpp:1587] node Atomic:10.1.3.3:8700:0 term 51 start pre_vote
I1218 01:28:02.279440 28773 node.cpp:1512] node Atomic:10.1.3.3:8700:0 received PreVoteResponse from 10.1.1.3:8700:0 term 51 granted 1 rejected_by_lease 0 disrupted 0
W1218 01:28:02.307175 28757 node.cpp:1567] node Atomic:10.1.3.3:8700:0 request PreVote from 10.1.5.3:8700:0 error: [E22][10.1.5.3:8700][E22]Invalid argument
I1218 01:28:02.391707 28757 node.cpp:1512] node Atomic:10.1.3.3:8700:0 received PreVoteResponse from 10.1.4.3:8700:0 term 51 granted 1 rejected_by_lease 0 disrupted 0
I1218 01:28:02.392918 28757 node.cpp:1653] node Atomic:10.1.3.3:8700:0 term 51 start vote and grant vote self
W1218 01:28:02.533458 28779 node.cpp:1454] node Atomic:10.1.3.3:8700:0 received RequestVoteResponse from 10.1.5.3:8700:0 error: [E22][10.1.5.3:8700][E22]Invalid argument
I1218 01:28:02.530196 28757 raft_meta.cpp:546] Saved single stable meta, path ./data/raft_meta term 52 votedfor 10.1.3.3:8700:0 time: 121166
I1218 01:28:02.660715 28773 node.cpp:1403] node Atomic:10.1.3.3:8700:0 received RequestVoteResponse from 10.1.1.3:8700:0 term 52 granted 1 rejected_by_lease 0 disrupted 0
