I1218 01:36:26.240587 34540 node.cpp:608] node Atomic:10.1.3.3:8700:0 init, term: 64 last_log_id: (index=56,term=64) conf: 10.1.1.3:8700:0,10.1.2.3:8700:0,10.1.3.3:8700:0,10.1.4.3:8700:0,10.1.5.3:8700:0 old_conf: 
I1218 01:36:26.253641 34540 server.cpp:509] Atomic service is running on 0.0.0.0:8700
I1218 01:36:26.855286 34600 node.cpp:949] node Atomic:10.1.3.3:8700:0 starts to do snapshot
I1218 01:36:26.954087 34600 snapshot_executor.cpp:154] node Atomic:10.1.3.3:8700:0 the gap between fsm applied index 56 and last_snapshot_index 56 is less than 1, will clear bufferred logs and return success
I1218 01:36:27.273397 34620 log.cpp:1153] log save_meta ./data/log/log_meta first_log_index: 57 time: 355938
I1218 01:36:27.456467 34620 log.cpp:608] Unlinked segment `./data/log/log_inprogress_00000000000000000041'
I1218 01:36:30.920794 34616 node.cpp:2211] node Atomic:10.1.3.3:8700:0 received RequestVote from 10.1.2.3:8700:0 in term 65 current_term 64 log_is_ok 1 votable_time 0
I1218 01:36:30.960881 34616 raft_meta.cpp:546] Saved single stable meta, path ./data/raft_meta term 65 votedfor 0.0.0.0:0:0 time: 37619
I1218 01:36:31.026887 34616 raft_meta.cpp:546] Saved single stable meta, path ./data/raft_meta term 65 votedfor 10.1.2.3:8700:0 time: 63650
I1218 01:36:31.593060 34601 server.cpp:312] Node start following { leader_id=10.1.2.3:8700:0, term=65, status=Follower receives message from new leader with the same term.}
I1218 01:36:32.089900 34601 log.cpp:114] Created new segment `./data/log/log_inprogress_00000000000000000057' with fd=7
I1218 01:36:32.531333 34602 server.cpp:306] Configuration of this group is 10.1.1.3:8700:0,10.1.2.3:8700:0,10.1.3.3:8700:0,10.1.4.3:8700:0,10.1.5.3:8700:0
I1218 01:36:56.969192 34605 node.cpp:949] node Atomic:10.1.3.3:8700:0 starts to do snapshot
I1218 01:36:57.089005 34605 snapshot.cpp:647] Deleting ./data/snapshot/snapshot_00000000000000000057
I1218 01:36:57.090396 34605 snapshot.cpp:653] Renaming ./data/snapshot/temp to ./data/snapshot/snapshot_00000000000000000057
I1218 01:36:57.092885 34605 snapshot.cpp:523] Deleting ./data/snapshot/snapshot_00000000000000000056
I1218 01:36:57.184412 34605 snapshot_executor.cpp:234] node Atomic:10.1.3.3:8700:0 snapshot_save_done, last_included_index=57 last_included_term=65
WARNING: Logging before InitGoogleLogging() is written to STDERR
W1218 01:37:35.667569 35377 bthread.cpp:409] Fail to set concurrency by tag: 0, tag concurrency must larger than old oncurrency. old concurrency: 24, new concurrency: 9
I1218 01:37:36.191833 35377 server.cpp:1208] Server[braft::RaftStatImpl+braft::FileServiceImpl+braft::RaftServiceImpl+braft::CliServiceImpl+example::AtomicServiceImpl] is serving on port=8700.
I1218 01:37:36.193428 35377 server.cpp:1211] Check out http://n3:8700 in web browser.
I1218 01:37:36.647575 35377 log.cpp:691] Use murmurhash32 as the checksum type of appending entries
I1218 01:37:36.679363 35377 log.cpp:1175] log load_meta ./data/log/log_meta first_log_index: 57 time: 29563
I1218 01:37:36.692199 35377 log.cpp:1115] load open segment, path: ./data/log first_index: 57
I1218 01:37:36.786626 35377 snapshot.cpp:465] Deleting ./data/snapshot/temp
I1218 01:37:36.964612 35424 server.cpp:306] Configuration of this group is 10.1.1.3:8700:0,10.1.2.3:8700:0,10.1.3.3:8700:0,10.1.4.3:8700:0,10.1.5.3:8700:0
I1218 01:37:37.051460 35424 snapshot_executor.cpp:264] node Atomic:10.1.3.3:8700:0 snapshot_load_done, last_included_index: 57 last_included_term: 65 peers: "10.1.1.3:8700:0" peers: "10.1.2.3:8700:0" peers: "10.1.3.3:8700:0" peers: "10.1.4.3:8700:0" peers: "10.1.5.3:8700:0"
I1218 01:37:37.192798 35377 raft_meta.cpp:521] Loaded single stable meta, path ./data/raft_meta term 65 votedfor 10.1.2.3:8700:0 time: 50954
I1218 01:37:37.236397 35377 node.cpp:608] node Atomic:10.1.3.3:8700:0 init, term: 65 last_log_id: (index=57,term=65) conf: 10.1.1.3:8700:0,10.1.2.3:8700:0,10.1.3.3:8700:0,10.1.4.3:8700:0,10.1.5.3:8700:0 old_conf: 
I1218 01:37:37.284024 35377 server.cpp:509] Atomic service is running on 0.0.0.0:8700
I1218 01:37:43.052248 35435 node.cpp:1587] node Atomic:10.1.3.3:8700:0 term 65 start pre_vote
I1218 01:37:43.374614 35418 node.cpp:1512] node Atomic:10.1.3.3:8700:0 received PreVoteResponse from 10.1.5.3:8700:0 term 1 granted 1 rejected_by_lease 0 disrupted 0
I1218 01:37:43.455924 35405 node.cpp:1512] node Atomic:10.1.3.3:8700:0 received PreVoteResponse from 10.1.4.3:8700:0 term 65 granted 1 rejected_by_lease 0 disrupted 0
I1218 01:37:43.467043 35405 node.cpp:1653] node Atomic:10.1.3.3:8700:0 term 65 start vote and grant vote self
I1218 01:37:43.719195 35405 raft_meta.cpp:546] Saved single stable meta, path ./data/raft_meta term 66 votedfor 10.1.3.3:8700:0 time: 70137
I1218 01:37:43.735913 35427 node.cpp:2129] node Atomic:10.1.3.3:8700:0 received PreVote from 10.1.2.3:8700:0 in term 66 current_term 66 granted 1 rejected_by_lease 0
I1218 01:37:43.814076 35406 node.cpp:1403] node Atomic:10.1.3.3:8700:0 received RequestVoteResponse from 10.1.4.3:8700:0 term 66 granted 1 rejected_by_lease 0 disrupted 0
I1218 01:37:43.941870 35435 node.cpp:2211] node Atomic:10.1.3.3:8700:0 received RequestVote from 10.1.2.3:8700:0 in term 66 current_term 66 log_is_ok 1 votable_time 0
W1218 01:37:44.015779 35405 node.cpp:1479] node Atomic:10.1.3.3:8700:0 received invalid PreVoteResponse from 10.1.1.3:8700:0 ctx_version 2 current_ctx_version 3
I1218 01:37:44.092694 35427 node.cpp:1403] node Atomic:10.1.3.3:8700:0 received RequestVoteResponse from 10.1.1.3:8700:0 term 66 granted 1 rejected_by_lease 0 disrupted 0
I1218 01:37:44.094213 35427 node.cpp:1908] node Atomic:10.1.3.3:8700:0 term 66 become leader of group 10.1.1.3:8700:0,10.1.2.3:8700:0,10.1.3.3:8700:0,10.1.4.3:8700:0,10.1.5.3:8700:0 
I1218 01:37:44.152323 35427 replicator.cpp:143] Replicator=1103806595073@10.1.1.3:8700:0 is started, group Atomic
I1218 01:37:44.254946 35427 replicator.cpp:143] Replicator=1120986464257@10.1.2.3:8700:0 is started, group Atomic
I1218 01:37:44.281385 35427 replicator.cpp:143] Replicator=1138166333441@10.1.4.3:8700:0 is started, group Atomic
I1218 01:37:44.284355 35427 replicator.cpp:143] Replicator=1155346202625@10.1.5.3:8700:0 is started, group Atomic
W1218 01:37:44.424062 35424 node.cpp:1370] node Atomic:10.1.3.3:8700:0 received invalid RequestVoteResponse from 10.1.5.3:8700:0 ctx_version 1 current_ctx_version 2
W1218 01:37:44.443524 35420 node.cpp:1479] node Atomic:10.1.3.3:8700:0 received invalid PreVoteResponse from 10.1.2.3:8700:0 ctx_version 2 current_ctx_version 3
W1218 01:37:44.463812 35412 node.cpp:1370] node Atomic:10.1.3.3:8700:0 received invalid RequestVoteResponse from 10.1.2.3:8700:0 ctx_version 1 current_ctx_version 2
I1218 01:37:44.739845 35433 server.cpp:306] Configuration of this group is 10.1.1.3:8700:0,10.1.2.3:8700:0,10.1.3.3:8700:0,10.1.4.3:8700:0,10.1.5.3:8700:0
I1218 01:37:44.769721 35433 node.cpp:3310] node Atomic:10.1.3.3:8700:0 reset ConfigurationCtx, new_peers: 10.1.1.3:8700:0,10.1.2.3:8700:0,10.1.3.3:8700:0,10.1.4.3:8700:0,10.1.5.3:8700:0, old_peers: 10.1.1.3:8700:0,10.1.2.3:8700:0,10.1.3.3:8700:0,10.1.4.3:8700:0,10.1.5.3:8700:0
I1218 01:37:44.803707 35420 replicator.cpp:835] node Atomic:10.1.3.3:8700:0 send InstallSnapshotRequest to 10.1.5.3:8700:0 term 66 last_included_term 65 last_included_index 57 uri remote://10.1.3.3:8700/1244727983008623810
I1218 01:37:45.087036 35423 server.cpp:291] Node becomes leader
I1218 01:37:45.781584 35436 replicator.cpp:902] received InstallSnapshotResponse from Atomic:10.1.5.3:8700:0 last_included_index 57 last_included_term 65 success.
WARNING: Logging before InitGoogleLogging() is written to STDERR
W1218 01:38:17.739450 35821 bthread.cpp:409] Fail to set concurrency by tag: 0, tag concurrency must larger than old oncurrency. old concurrency: 24, new concurrency: 9
I1218 01:38:18.277315 35821 server.cpp:1208] Server[braft::RaftStatImpl+braft::FileServiceImpl+braft::RaftServiceImpl+braft::CliServiceImpl+example::AtomicServiceImpl] is serving on port=8700.
I1218 01:38:18.315506 35821 server.cpp:1211] Check out http://n3:8700 in web browser.
I1218 01:38:18.740168 35821 log.cpp:691] Use murmurhash32 as the checksum type of appending entries
I1218 01:38:18.776906 35821 log.cpp:1175] log load_meta ./data/log/log_meta first_log_index: 57 time: 34866
I1218 01:38:18.798373 35821 log.cpp:1115] load open segment, path: ./data/log first_index: 57
I1218 01:38:19.086184 35821 snapshot.cpp:465] Deleting ./data/snapshot/temp
I1218 01:38:19.465219 35894 server.cpp:306] Configuration of this group is 10.1.1.3:8700:0,10.1.2.3:8700:0,10.1.3.3:8700:0,10.1.4.3:8700:0,10.1.5.3:8700:0
I1218 01:38:19.484755 35894 snapshot_executor.cpp:264] node Atomic:10.1.3.3:8700:0 snapshot_load_done, last_included_index: 57 last_included_term: 65 peers: "10.1.1.3:8700:0" peers: "10.1.2.3:8700:0" peers: "10.1.3.3:8700:0" peers: "10.1.4.3:8700:0" peers: "10.1.5.3:8700:0"
I1218 01:38:19.527307 35821 raft_meta.cpp:521] Loaded single stable meta, path ./data/raft_meta term 66 votedfor 10.1.3.3:8700:0 time: 1455
I1218 01:38:19.535749 35821 node.cpp:608] node Atomic:10.1.3.3:8700:0 init, term: 66 last_log_id: (index=58,term=66) conf: 10.1.1.3:8700:0,10.1.2.3:8700:0,10.1.3.3:8700:0,10.1.4.3:8700:0,10.1.5.3:8700:0 old_conf: 
I1218 01:38:19.640339 35821 server.cpp:509] Atomic service is running on 0.0.0.0:8700
I1218 01:38:20.877791 35875 node.cpp:949] node Atomic:10.1.3.3:8700:0 starts to do snapshot
I1218 01:38:20.887655 35875 snapshot_executor.cpp:154] node Atomic:10.1.3.3:8700:0 the gap between fsm applied index 57 and last_snapshot_index 57 is less than 1, will clear bufferred logs and return success
I1218 01:38:20.904940 35882 log.cpp:1153] log save_meta ./data/log/log_meta first_log_index: 58 time: 14988
I1218 01:38:25.397847 35886 node.cpp:1587] node Atomic:10.1.3.3:8700:0 term 66 start pre_vote
W1218 01:38:30.853247 35895 node.cpp:1567] node Atomic:10.1.3.3:8700:0 request PreVote from 10.1.1.3:8700:0 error: [E1008]Reached timeout=5000ms @10.1.1.3:8700
I1218 01:38:31.300583 35889 node.cpp:1512] node Atomic:10.1.3.3:8700:0 received PreVoteResponse from 10.1.5.3:8700:0 term 1 granted 1 rejected_by_lease 0 disrupted 0
W1218 01:38:31.331110 35894 node.cpp:1502] node Atomic:10.1.3.3:8700:0 received invalid PreVoteResponse from 10.1.2.3:8700:0 term 67 expect 66
I1218 01:38:31.484594 35894 raft_meta.cpp:546] Saved single stable meta, path ./data/raft_meta term 67 votedfor 0.0.0.0:0:0 time: 150368
I1218 01:38:31.500126 35893 node.cpp:2129] node Atomic:10.1.3.3:8700:0 received PreVote from 10.1.2.3:8700:0 in term 68 current_term 67 granted 1 rejected_by_lease 0
I1218 01:38:31.572027 35880 node.cpp:2129] node Atomic:10.1.3.3:8700:0 received PreVote from 10.1.1.3:8700:0 in term 68 current_term 67 granted 1 rejected_by_lease 0
I1218 01:38:31.933007 35892 node.cpp:2211] node Atomic:10.1.3.3:8700:0 received RequestVote from 10.1.2.3:8700:0 in term 68 current_term 67 log_is_ok 1 votable_time 0
I1218 01:38:31.981634 35892 raft_meta.cpp:546] Saved single stable meta, path ./data/raft_meta term 68 votedfor 0.0.0.0:0:0 time: 41871
I1218 01:38:32.009557 35892 raft_meta.cpp:546] Saved single stable meta, path ./data/raft_meta term 68 votedfor 10.1.2.3:8700:0 time: 20680
I1218 01:38:32.352137 35889 server.cpp:312] Node start following { leader_id=10.1.2.3:8700:0, term=68, status=Follower receives message from new leader with the same term.}
I1218 01:38:32.549105 35883 node.cpp:2211] node Atomic:10.1.3.3:8700:0 received RequestVote from 10.1.1.3:8700:0 in term 68 current_term 68 log_is_ok 1 votable_time 0
I1218 01:38:33.288707 35892 node.cpp:2129] node Atomic:10.1.3.3:8700:0 received PreVote from 10.1.4.3:8700:0 in term 68 current_term 68 granted 0 rejected_by_lease 0
W1218 01:38:33.361768 35893 node.cpp:1479] node Atomic:10.1.3.3:8700:0 received invalid PreVoteResponse from 10.1.4.3:8700:0 ctx_version 2 current_ctx_version 7
I1218 01:38:34.276260 35894 server.cpp:306] Configuration of this group is 10.1.1.3:8700:0,10.1.2.3:8700:0,10.1.3.3:8700:0,10.1.4.3:8700:0,10.1.5.3:8700:0
I1218 01:38:34.277877 35894 server.cpp:306] Configuration of this group is 10.1.1.3:8700:0,10.1.2.3:8700:0,10.1.3.3:8700:0,10.1.4.3:8700:0,10.1.5.3:8700:0
I1218 01:38:34.300783 35894 server.cpp:306] Configuration of this group is 10.1.1.3:8700:0,10.1.2.3:8700:0,10.1.3.3:8700:0,10.1.4.3:8700:0,10.1.5.3:8700:0
I1218 01:38:41.054934 35875 node.cpp:1587] node Atomic:10.1.3.3:8700:0 term 68 start pre_vote
I1218 01:38:41.011322 35884 server.cpp:309] Node stops following { leader_id=10.1.2.3:8700:0, term=68, status=Lost connection from leader 10.1.2.3:8700:0}
I1218 01:38:41.860309 35887 node.cpp:1512] node Atomic:10.1.3.3:8700:0 received PreVoteResponse from 10.1.5.3:8700:0 term 68 granted 1 rejected_by_lease 0 disrupted 0
I1218 01:38:41.884104 35889 node.cpp:1512] node Atomic:10.1.3.3:8700:0 received PreVoteResponse from 10.1.1.3:8700:0 term 68 granted 1 rejected_by_lease 0 disrupted 0
I1218 01:38:41.885376 35889 node.cpp:1653] node Atomic:10.1.3.3:8700:0 term 68 start vote and grant vote self
W1218 01:38:41.901553 35880 input_messenger.cpp:381] Fail to read from Socket{id=467 fd=10 addr=10.1.2.3:8700:43076} (0x6310000dcd80): Connection reset by peer [104]
W1218 01:38:41.945659 35880 node.cpp:1567] node Atomic:10.1.3.3:8700:0 request PreVote from 10.1.2.3:8700:0 error: [E104]Fail to read from Socket{id=467fd=10 addr=10.1.2.3:8700:43076} (0x0x6310000dcd80): Connection reset by peer
W1218 01:38:42.036226 35893 node.cpp:1454] node Atomic:10.1.3.3:8700:0 received RequestVoteResponse from 10.1.2.3:8700:0 error: [E111]Fail to connect Socket{id=559 addr=10.1.2.3:8700} (0x0x631000104ac0): Connection refused
I1218 01:38:42.113230 35889 raft_meta.cpp:546] Saved single stable meta, path ./data/raft_meta term 69 votedfor 10.1.3.3:8700:0 time: 73611
W1218 01:38:42.117534 35892 node.cpp:1479] node Atomic:10.1.3.3:8700:0 received invalid PreVoteResponse from 10.1.4.3:8700:0 ctx_version 8 current_ctx_version 9
I1218 01:38:42.205027 35885 node.cpp:1403] node Atomic:10.1.3.3:8700:0 received RequestVoteResponse from 10.1.1.3:8700:0 term 69 granted 1 rejected_by_lease 0 disrupted 0
I1218 01:38:42.264333 35887 node.cpp:1403] node Atomic:10.1.3.3:8700:0 received RequestVoteResponse from 10.1.5.3:8700:0 term 69 granted 1 rejected_by_lease 0 disrupted 0
I1218 01:38:42.279770 35887 node.cpp:1908] node Atomic:10.1.3.3:8700:0 term 69 become leader of group 10.1.1.3:8700:0,10.1.2.3:8700:0,10.1.3.3:8700:0,10.1.4.3:8700:0,10.1.5.3:8700:0 
I1218 01:38:42.404605 35887 replicator.cpp:143] Replicator=4440996184070@10.1.1.3:8700:0 is started, group Atomic
I1218 01:38:42.698375 35887 replicator.cpp:143] Replicator=4406636445701@10.1.2.3:8700:0 is started, group Atomic
I1218 01:38:42.803694 35887 replicator.cpp:143] Replicator=6609954668545@10.1.4.3:8700:0 is started, group Atomic
W1218 01:38:42.816283 35884 replicator.cpp:397] Group Atomic fail to issue RPC to 10.1.2.3:8700:0 _consecutive_error_times=1, [E111]Fail to connect Socket{id=8589935064 addr=10.1.2.3:8700} (0x0x6310000ddb40): Connection refused [R1][E112]Not connected to 10.1.2.3:8700 yet, server_id=8589935064 [R2][E112]Not connected to 10.1.2.3:8700 yet, server_id=8589935064 [R3][E112]Not connected to 10.1.2.3:8700 yet, server_id=8589935064
I1218 01:38:42.830197 35887 replicator.cpp:143] Replicator=6627134537729@10.1.5.3:8700:0 is started, group Atomic
I1218 01:38:42.884372 35895 socket.cpp:2570] Checking Socket{id=8589935064 addr=10.1.2.3:8700} (0x6310000ddb40)
W1218 01:38:43.366202 35883 node.cpp:1370] node Atomic:10.1.3.3:8700:0 received invalid RequestVoteResponse from 10.1.4.3:8700:0 ctx_version 1 current_ctx_version 2
I1218 01:38:43.418978 35895 node.cpp:2129] node Atomic:10.1.3.3:8700:0 received PreVote from 10.1.5.3:8700:0 in term 70 current_term 69 granted 0 rejected_by_lease 0
W1218 01:38:43.971427 35886 input_messenger.cpp:381] Fail to read from Socket{id=8589935058 fd=9 addr=10.1.4.3:8700:41198} (0x6310000dcac0): Connection reset by peer [104]
W1218 01:38:43.973937 35886 replicator.cpp:297] Group Atomic fail to issue RPC to 10.1.4.3:8700:0 _consecutive_error_times=1, [E104]Fail to read from Socket{id=8589935058fd=9 addr=10.1.4.3:8700:41198} (0x0x6310000dcac0): Connection reset by peer [R1][E112]Not connected to 10.1.4.3:8700 yet, server_id=8589935058 [R2][E112]Not connected to 10.1.4.3:8700 yet, server_id=8589935058 [R3][E112]Not connected to 10.1.4.3:8700 yet, server_id=8589935058
I1218 01:38:43.994675 35895 server.cpp:306] Configuration of this group is 10.1.1.3:8700:0,10.1.2.3:8700:0,10.1.3.3:8700:0,10.1.4.3:8700:0,10.1.5.3:8700:0
I1218 01:38:43.997462 35895 node.cpp:3310] node Atomic:10.1.3.3:8700:0 reset ConfigurationCtx, new_peers: 10.1.1.3:8700:0,10.1.2.3:8700:0,10.1.3.3:8700:0,10.1.4.3:8700:0,10.1.5.3:8700:0, old_peers: 10.1.1.3:8700:0,10.1.2.3:8700:0,10.1.3.3:8700:0,10.1.4.3:8700:0,10.1.5.3:8700:0
I1218 01:38:44.091063 35882 socket.cpp:2570] Checking Socket{id=8589935058 addr=10.1.4.3:8700} (0x6310000dcac0)
I1218 01:38:44.218813 35895 server.cpp:291] Node becomes leader
W1218 01:38:45.579178 35884 replicator.cpp:297] Group Atomic fail to issue RPC to 10.1.2.3:8700:0 _consecutive_error_times=11, [E112]Not connected to 10.1.2.3:8700 yet, server_id=8589935064 [R1][E112]Not connected to 10.1.2.3:8700 yet, server_id=8589935064 [R2][E112]Not connected to 10.1.2.3:8700 yet, server_id=8589935064 [R3][E112]Not connected to 10.1.2.3:8700 yet, server_id=8589935064
W1218 01:38:45.847178 35891 input_messenger.cpp:381] Fail to read from Socket{id=8589935063 fd=8 addr=10.1.1.3:8700:59760} (0x6310000dd880): Connection reset by peer [104]
W1218 01:38:45.850311 35891 replicator.cpp:297] Group Atomic fail to issue RPC to 10.1.1.3:8700:0 _consecutive_error_times=1, [E104]Fail to read from Socket{id=8589935063fd=8 addr=10.1.1.3:8700:59760} (0x0x6310000dd880): Connection reset by peer [R1][E112]Not connected to 10.1.1.3:8700 yet, server_id=8589935063 [R2][E112]Not connected to 10.1.1.3:8700 yet, server_id=8589935063 [R3][E112]Not connected to 10.1.1.3:8700 yet, server_id=8589935063
I1218 01:38:45.963380 35891 socket.cpp:2570] Checking Socket{id=8589935063 addr=10.1.1.3:8700} (0x6310000dd880)
W1218 01:38:46.503247 35875 replicator.cpp:297] Group Atomic fail to issue RPC to 10.1.5.3:8700:0 _consecutive_error_times=1, [E22][10.1.5.3:8700][E22]node Atomic:10.1.5.3:8700:0 is not in active state, state ERROR
W1218 01:38:46.581003 35882 replicator.cpp:297] Group Atomic fail to issue RPC to 10.1.4.3:8700:0 _consecutive_error_times=11, [E112]Not connected to 10.1.4.3:8700 yet, server_id=8589935058 [R1][E112]Not connected to 10.1.4.3:8700 yet, server_id=8589935058 [R2][E112]Not connected to 10.1.4.3:8700 yet, server_id=8589935058 [R3][E112]Not connected to 10.1.4.3:8700 yet, server_id=8589935058
W1218 01:38:48.196928 35895 replicator.cpp:397] Group Atomic fail to issue RPC to 10.1.2.3:8700:0 _consecutive_error_times=21, [E112]Not connected to 10.1.2.3:8700 yet, server_id=8589935064 [R1][E112]Not connected to 10.1.2.3:8700 yet, server_id=8589935064 [R2][E112]Not connected to 10.1.2.3:8700 yet, server_id=8589935064 [R3][E112]Not connected to 10.1.2.3:8700 yet, server_id=8589935064
W1218 01:38:49.155068 35884 replicator.cpp:297] Group Atomic fail to issue RPC to 10.1.4.3:8700:0 _consecutive_error_times=21, [E112]Not connected to 10.1.4.3:8700 yet, server_id=8589935058 [R1][E112]Not connected to 10.1.4.3:8700 yet, server_id=8589935058 [R2][E112]Not connected to 10.1.4.3:8700 yet, server_id=8589935058 [R3][E112]Not connected to 10.1.4.3:8700 yet, server_id=8589935058
WARNING: Logging before InitGoogleLogging() is written to STDERR
W1218 01:38:50.496362 36190 sampler.cpp:192] bvar is busy at sampling for 2 seconds!
W1218 01:38:50.746989 35895 replicator.cpp:297] Group Atomic fail to issue RPC to 10.1.2.3:8700:0 _consecutive_error_times=31, [E112]Not connected to 10.1.2.3:8700 yet, server_id=8589935064 [R1][E112]Not connected to 10.1.2.3:8700 yet, server_id=8589935064 [R2][E112]Not connected to 10.1.2.3:8700 yet, server_id=8589935064 [R3][E112]Not connected to 10.1.2.3:8700 yet, server_id=8589935064
I1218 01:38:50.891788 35886 node.cpp:949] node Atomic:10.1.3.3:8700:0 starts to do snapshot
I1218 01:38:51.182411 35875 snapshot.cpp:647] Deleting ./data/snapshot/snapshot_00000000000000000062
I1218 01:38:51.184231 35875 snapshot.cpp:653] Renaming ./data/snapshot/temp to ./data/snapshot/snapshot_00000000000000000062
I1218 01:38:51.240897 35875 snapshot.cpp:523] Deleting ./data/snapshot/snapshot_00000000000000000057
W1218 01:38:51.250375 35884 replicator.cpp:297] Group Atomic fail to issue RPC to 10.1.1.3:8700:0 _consecutive_error_times=11, [E112]Not connected to 10.1.1.3:8700 yet, server_id=8589935063 [R1][E112]Not connected to 10.1.1.3:8700 yet, server_id=8589935063 [R2][E112]Not connected to 10.1.1.3:8700 yet, server_id=8589935063 [R3][E112]Not connected to 10.1.1.3:8700 yet, server_id=8589935063
I1218 01:38:51.355149 35875 snapshot_executor.cpp:234] node Atomic:10.1.3.3:8700:0 snapshot_save_done, last_included_index=62 last_included_term=69
W1218 01:38:51.726994 35895 replicator.cpp:297] Group Atomic fail to issue RPC to 10.1.4.3:8700:0 _consecutive_error_times=31, [E112]Not connected to 10.1.4.3:8700 yet, server_id=8589935058 [R1][E112]Not connected to 10.1.4.3:8700 yet, server_id=8589935058 [R2][E112]Not connected to 10.1.4.3:8700 yet, server_id=8589935058 [R3][E112]Not connected to 10.1.4.3:8700 yet, server_id=8589935058
I1218 01:38:52.113567 35875 socket.cpp:2630] Revived Socket{id=8589935064 addr=10.1.2.3:8700} (0x6310000ddb40) (Connectable)
W1218 01:38:52.528915 35886 replicator.cpp:297] Group Atomic fail to issue RPC to 10.1.5.3:8700:0 _consecutive_error_times=11, [E22][10.1.5.3:8700][E22]node Atomic:10.1.5.3:8700:0 is not in active state, state ERROR
W1218 01:38:52.645133 36176 bthread.cpp:409] Fail to set concurrency by tag: 0, tag concurrency must larger than old oncurrency. old concurrency: 24, new concurrency: 9
E1218 01:38:52.647192 36176 server.cpp:1101] Fail to listen 0.0.0.0:8700
E1218 01:38:52.648975 36176 server.cpp:499] Fail to start Server
W1218 01:38:53.413538 35882 node.cpp:796] node Atomic:10.1.3.3:8700:0 term 69 steps down when alive nodes don't satisfy quorum dead_nodes: 10.1.1.3:8700:0,10.1.2.3:8700:0,10.1.4.3:8700:0,10.1.5.3:8700:0 conf: 10.1.1.3:8700:0,10.1.2.3:8700:0,10.1.3.3:8700:0,10.1.4.3:8700:0,10.1.5.3:8700:0
I1218 01:38:53.443681 35886 server.cpp:296] Node stepped down : Majority of the group dies
I1218 01:38:53.519636 35882 replicator.cpp:989] Group Atomic Replicator=4440996184070 is going to quit
I1218 01:38:53.523797 35882 replicator.cpp:1258] Replicator=4440996184070 is going to quit
I1218 01:38:53.584120 35882 replicator.cpp:989] Group Atomic Replicator=4406636445701 is going to quit
I1218 01:38:53.584990 35882 replicator.cpp:1258] Replicator=4406636445701 is going to quit
I1218 01:38:53.597188 35882 replicator.cpp:989] Group Atomic Replicator=6609954668545 is going to quit
I1218 01:38:53.597916 35882 replicator.cpp:1258] Replicator=6609954668545 is going to quit
I1218 01:38:53.620920 35882 replicator.cpp:989] Group Atomic Replicator=6627134537729 is going to quit
I1218 01:38:53.642371 35882 replicator.cpp:1258] Replicator=6627134537729 is going to quit
I1218 01:38:59.045348 35886 node.cpp:1587] node Atomic:10.1.3.3:8700:0 term 69 start pre_vote
I1218 01:38:59.264585 35884 node.cpp:1512] node Atomic:10.1.3.3:8700:0 received PreVoteResponse from 10.1.2.3:8700:0 term 68 granted 1 rejected_by_lease 0 disrupted 0
W1218 01:38:59.360371 35875 node.cpp:1567] node Atomic:10.1.3.3:8700:0 request PreVote from 10.1.5.3:8700:0 error: [E22][10.1.5.3:8700][E22]Invalid argument
I1218 01:38:59.641139 35886 node.cpp:1512] node Atomic:10.1.3.3:8700:0 received PreVoteResponse from 10.1.1.3:8700:0 term 69 granted 1 rejected_by_lease 0 disrupted 0
I1218 01:38:59.662061 35886 node.cpp:1653] node Atomic:10.1.3.3:8700:0 term 69 start vote and grant vote self
I1218 01:38:59.815748 35886 raft_meta.cpp:546] Saved single stable meta, path ./data/raft_meta term 70 votedfor 10.1.3.3:8700:0 time: 105540
W1218 01:38:59.825068 35884 node.cpp:1479] node Atomic:10.1.3.3:8700:0 received invalid PreVoteResponse from 10.1.4.3:8700:0 ctx_version 10 current_ctx_version 11
W1218 01:38:59.837286 35884 node.cpp:1454] node Atomic:10.1.3.3:8700:0 received RequestVoteResponse from 10.1.5.3:8700:0 error: [E22][10.1.5.3:8700][E22]Invalid argument
I1218 01:38:59.901153 35882 node.cpp:1403] node Atomic:10.1.3.3:8700:0 received RequestVoteResponse from 10.1.2.3:8700:0 term 70 granted 1 rejected_by_lease 0 disrupted 0
I1218 01:39:00.060079 35891 node.cpp:1403] node Atomic:10.1.3.3:8700:0 received RequestVoteResponse from 10.1.1.3:8700:0 term 70 granted 1 rejected_by_lease 0 disrupted 0
I1218 01:39:00.071543 35891 node.cpp:1908] node Atomic:10.1.3.3:8700:0 term 70 become leader of group 10.1.1.3:8700:0,10.1.2.3:8700:0,10.1.3.3:8700:0,10.1.4.3:8700:0,10.1.5.3:8700:0 
I1218 01:39:00.191574 35891 replicator.cpp:143] Replicator=7696581394513@10.1.1.3:8700:0 is started, group Atomic
I1218 01:39:00.214156 35891 replicator.cpp:143] Replicator=8804682956825@10.1.2.3:8700:0 is started, group Atomic
I1218 01:39:00.306058 35891 replicator.cpp:143] Replicator=8813272891393@10.1.4.3:8700:0 is started, group Atomic
I1218 01:39:00.921335 35891 replicator.cpp:143] Replicator=8830452760577@10.1.5.3:8700:0 is started, group Atomic
W1218 01:39:00.988418 35886 node.cpp:1370] node Atomic:10.1.3.3:8700:0 received invalid RequestVoteResponse from 10.1.4.3:8700:0 ctx_version 3 current_ctx_version 4
W1218 01:39:01.277494 35895 replicator.cpp:397] Group Atomic fail to issue RPC to 10.1.5.3:8700:0 _consecutive_error_times=1, [E22][10.1.5.3:8700][E22]node Atomic:10.1.5.3:8700:0 is not in active state, state ERROR
I1218 01:39:01.501258 35884 server.cpp:306] Configuration of this group is 10.1.1.3:8700:0,10.1.2.3:8700:0,10.1.3.3:8700:0,10.1.4.3:8700:0,10.1.5.3:8700:0
I1218 01:39:01.504463 35884 node.cpp:3310] node Atomic:10.1.3.3:8700:0 reset ConfigurationCtx, new_peers: 10.1.1.3:8700:0,10.1.2.3:8700:0,10.1.3.3:8700:0,10.1.4.3:8700:0,10.1.5.3:8700:0, old_peers: 10.1.1.3:8700:0,10.1.2.3:8700:0,10.1.3.3:8700:0,10.1.4.3:8700:0,10.1.5.3:8700:0
I1218 01:39:01.826047 35884 server.cpp:291] Node becomes leader
W1218 01:39:04.078294 35891 replicator.cpp:397] Group Atomic fail to issue RPC to 10.1.5.3:8700:0 _consecutive_error_times=11, [E22][10.1.5.3:8700][E22]node Atomic:10.1.5.3:8700:0 is not in active state, state ERROR
W1218 01:39:05.378118 35884 input_messenger.cpp:381] Fail to read from Socket{id=748 fd=11 addr=10.1.4.3:8700:57244} (0x6310001a5300): Connection reset by peer [104]
W1218 01:39:05.372805 35895 input_messenger.cpp:381] Fail to read from Socket{id=746 fd=10 addr=10.1.2.3:8700:58178} (0x6310001a4d80): Connection reset by peer [104]
W1218 01:39:05.396353 35895 replicator.cpp:297] Group Atomic fail to issue RPC to 10.1.2.3:8700:0 _consecutive_error_times=1, [E104]Fail to read from Socket{id=746fd=10 addr=10.1.2.3:8700:58178} (0x0x6310001a4d80): Connection reset by peer [R1][E112]Not connected to 10.1.2.3:8700 yet, server_id=746 [R2][E112]Not connected to 10.1.2.3:8700 yet, server_id=746 [R3][E112]Not connected to 10.1.2.3:8700 yet, server_id=746
W1218 01:39:05.401576 35875 replicator.cpp:297] Group Atomic fail to issue RPC to 10.1.4.3:8700:0 _consecutive_error_times=1, [E104]Fail to read from Socket{id=748fd=11 addr=10.1.4.3:8700:57244} (0x0x6310001a5300): Connection reset by peer [R1][E112]Not connected to 10.1.4.3:8700 yet, server_id=748 [R2][E112]Not connected to 10.1.4.3:8700 yet, server_id=748 [R3][E112]Not connected to 10.1.4.3:8700 yet, server_id=748
I1218 01:39:05.502664 35882 socket.cpp:2570] Checking Socket{id=746 addr=10.1.2.3:8700} (0x6310001a4d80)
I1218 01:39:05.505604 35882 socket.cpp:2570] Checking Socket{id=748 addr=10.1.4.3:8700} (0x6310001a5300)
W1218 01:39:05.551780 35886 input_messenger.cpp:381] Fail to read from Socket{id=744 fd=8 addr=10.1.1.3:8700:55340} (0x6310001a4800): Connection reset by peer [104]
W1218 01:39:05.554025 35886 replicator.cpp:297] Group Atomic fail to issue RPC to 10.1.1.3:8700:0 _consecutive_error_times=1, [E104]Fail to read from Socket{id=744fd=8 addr=10.1.1.3:8700:55340} (0x0x6310001a4800): Connection reset by peer [R1][E112]Not connected to 10.1.1.3:8700 yet, server_id=744 [R2][E112]Not connected to 10.1.1.3:8700 yet, server_id=744 [R3][E112]Not connected to 10.1.1.3:8700 yet, server_id=744
I1218 01:39:05.656236 35884 socket.cpp:2570] Checking Socket{id=744 addr=10.1.1.3:8700} (0x6310001a4800)
W1218 01:39:06.960796 35891 replicator.cpp:397] Group Atomic fail to issue RPC to 10.1.5.3:8700:0 _consecutive_error_times=21, [E22][10.1.5.3:8700][E22]node Atomic:10.1.5.3:8700:0 is not in active state, state ERROR
W1218 01:39:09.716662 35886 replicator.cpp:397] Group Atomic fail to issue RPC to 10.1.5.3:8700:0 _consecutive_error_times=31, [E22][10.1.5.3:8700][E22]node Atomic:10.1.5.3:8700:0 is not in active state, state ERROR
W1218 01:39:10.479943 35884 replicator.cpp:297] Group Atomic fail to issue RPC to 10.1.4.3:8700:0 _consecutive_error_times=11, [E112]Not connected to 10.1.4.3:8700 yet, server_id=748 [R1][E112]Not connected to 10.1.4.3:8700 yet, server_id=748 [R2][E112]Not connected to 10.1.4.3:8700 yet, server_id=748 [R3][E112]Not connected to 10.1.4.3:8700 yet, server_id=748
W1218 01:39:10.485713 35886 replicator.cpp:297] Group Atomic fail to issue RPC to 10.1.2.3:8700:0 _consecutive_error_times=11, [E112]Not connected to 10.1.2.3:8700 yet, server_id=746 [R1][E112]Not connected to 10.1.2.3:8700 yet, server_id=746 [R2][E112]Not connected to 10.1.2.3:8700 yet, server_id=746 [R3][E112]Not connected to 10.1.2.3:8700 yet, server_id=746
W1218 01:39:10.637132 35884 replicator.cpp:297] Group Atomic fail to issue RPC to 10.1.1.3:8700:0 _consecutive_error_times=11, [E112]Not connected to 10.1.1.3:8700 yet, server_id=744 [R1][E112]Not connected to 10.1.1.3:8700 yet, server_id=744 [R2][E112]Not connected to 10.1.1.3:8700 yet, server_id=744 [R3][E112]Not connected to 10.1.1.3:8700 yet, server_id=744
W1218 01:39:11.005069 35882 node.cpp:796] node Atomic:10.1.3.3:8700:0 term 70 steps down when alive nodes don't satisfy quorum dead_nodes: 10.1.1.3:8700:0,10.1.2.3:8700:0,10.1.4.3:8700:0,10.1.5.3:8700:0 conf: 10.1.1.3:8700:0,10.1.2.3:8700:0,10.1.3.3:8700:0,10.1.4.3:8700:0,10.1.5.3:8700:0
I1218 01:39:11.076134 35886 server.cpp:296] Node stepped down : Majority of the group dies
I1218 01:39:11.146106 35882 replicator.cpp:989] Group Atomic Replicator=7696581394513 is going to quit
I1218 01:39:11.155719 35882 replicator.cpp:1258] Replicator=7696581394513 is going to quit
I1218 01:39:11.168450 35882 replicator.cpp:989] Group Atomic Replicator=8804682956825 is going to quit
I1218 01:39:11.169549 35882 replicator.cpp:1258] Replicator=8804682956825 is going to quit
I1218 01:39:11.170957 35882 replicator.cpp:989] Group Atomic Replicator=8813272891393 is going to quit
I1218 01:39:11.171624 35882 replicator.cpp:1258] Replicator=8813272891393 is going to quit
I1218 01:39:11.172757 35882 replicator.cpp:989] Group Atomic Replicator=8830452760577 is going to quit
I1218 01:39:11.173381 35882 replicator.cpp:1258] Replicator=8830452760577 is going to quit
WARNING: Logging before InitGoogleLogging() is written to STDERR
W1218 01:39:16.003422 36372 bthread.cpp:409] Fail to set concurrency by tag: 0, tag concurrency must larger than old oncurrency. old concurrency: 24, new concurrency: 9
E1218 01:39:16.121893 36372 server.cpp:1101] Fail to listen 0.0.0.0:8700
E1218 01:39:16.123797 36372 server.cpp:499] Fail to start Server
I1218 01:39:16.457614 35891 node.cpp:1587] node Atomic:10.1.3.3:8700:0 term 70 start pre_vote
W1218 01:39:16.879887 35886 node.cpp:1567] node Atomic:10.1.3.3:8700:0 request PreVote from 10.1.1.3:8700:0 error: [E110]Fail to connect Socket{id=8589934698 addr=10.1.1.3:8700} (0x0x631000052bc0): Connection timed out
W1218 01:39:17.066172 35875 node.cpp:1567] node Atomic:10.1.3.3:8700:0 request PreVote from 10.1.5.3:8700:0 error: [E22][10.1.5.3:8700][E22]Invalid argument
I1218 01:39:17.238900 35886 node.cpp:1512] node Atomic:10.1.3.3:8700:0 received PreVoteResponse from 10.1.4.3:8700:0 term 70 granted 1 rejected_by_lease 0 disrupted 0
I1218 01:39:17.661674 35884 node.cpp:1512] node Atomic:10.1.3.3:8700:0 received PreVoteResponse from 10.1.2.3:8700:0 term 70 granted 1 rejected_by_lease 0 disrupted 0
I1218 01:39:17.715561 35884 node.cpp:1653] node Atomic:10.1.3.3:8700:0 term 70 start vote and grant vote self

=================================================================
==36176==ERROR: LeakSanitizer: detected memory leaks

Direct leak of 88 byte(s) in 1 object(s) allocated from:
    #0 0x73d63d in operator new(unsigned long) (/opt/fs/braft/example/atomic/atomic_server+0x73d63d)
    #1 0xaacffa in brpc::Server::StartInternal(butil::EndPoint const&, brpc::PortRange const&, brpc::ServerOptions const*) /opt/fs/brpc/src/brpc/server.cpp:903:22
    #2 0xaafd3f in brpc::Server::Start(butil::EndPoint const&, brpc::ServerOptions const*) /opt/fs/brpc/src/brpc/server.cpp:1225:12
    #3 0xaafd3f in brpc::Server::Start(int, brpc::ServerOptions const*) /opt/fs/brpc/src/brpc/server.cpp:1244:12
    #4 0x740915 in main /opt/fs/braft/example/atomic/server.cpp:498:16
    #5 0x7fafa205109a in __libc_start_main /build/reproducible-path/glibc-2.28/csu/../csu/libc-start.c:308:16

Direct leak of 8 byte(s) in 1 object(s) allocated from:
    #0 0x73d63d in operator new(unsigned long) (/opt/fs/braft/example/atomic/atomic_server+0x73d63d)
    #1 0xaa7f39 in brpc::ServerOptions::ServerOptions() /opt/fs/brpc/src/brpc/server.cpp:155:30
    #2 0xaa94d1 in brpc::Server::Server(brpc::ProfilerLinker) /opt/fs/brpc/src/brpc/server.cpp:409:9
    #3 0x740625 in main /opt/fs/braft/example/atomic/server.cpp:474:18
    #4 0x7fafa205109a in __libc_start_main /build/reproducible-path/glibc-2.28/csu/../csu/libc-start.c:308:16

Indirect leak of 88 byte(s) in 1 object(s) allocated from:
    #0 0x73d63d in operator new(unsigned long) (/opt/fs/braft/example/atomic/atomic_server+0x73d63d)
    #1 0xba3588 in bthread_keytable_pool_init /opt/fs/brpc/src/bthread/key.cpp:446:18
    #2 0xaad009 in brpc::Server::StartInternal(butil::EndPoint const&, brpc::PortRange const&, brpc::ServerOptions const*) /opt/fs/brpc/src/brpc/server.cpp:904:9
    #3 0xaafd3f in brpc::Server::Start(butil::EndPoint const&, brpc::ServerOptions const*) /opt/fs/brpc/src/brpc/server.cpp:1225:12
    #4 0xaafd3f in brpc::Server::Start(int, brpc::ServerOptions const*) /opt/fs/brpc/src/brpc/server.cpp:1244:12
    #5 0x740915 in main /opt/fs/braft/example/atomic/server.cpp:498:16
    #6 0x7fafa205109a in __libc_start_main /build/reproducible-path/glibc-2.28/csu/../csu/libc-start.c:308:16

SUMMARY: AddressSanitizer: 184 byte(s) leaked in 3 allocation(s).
W1218 01:39:18.060968 35895 node.cpp:1454] node Atomic:10.1.3.3:8700:0 received RequestVoteResponse from 10.1.5.3:8700:0 error: [E22][10.1.5.3:8700][E22]Invalid argument
I1218 01:39:18.071926 35884 raft_meta.cpp:546] Saved single stable meta, path ./data/raft_meta term 71 votedfor 10.1.3.3:8700:0 time: 180879
I1218 01:39:18.104518 35891 node.cpp:1403] node Atomic:10.1.3.3:8700:0 received RequestVoteResponse from 10.1.2.3:8700:0 term 71 granted 1 rejected_by_lease 0 disrupted 0
I1218 01:39:18.106977 35886 node.cpp:1403] node Atomic:10.1.3.3:8700:0 received RequestVoteResponse from 10.1.4.3:8700:0 term 71 granted 1 rejected_by_lease 0 disrupted 0
I1218 01:39:18.108227 35886 node.cpp:1908] node Atomic:10.1.3.3:8700:0 term 71 become leader of group 10.1.1.3:8700:0,10.1.2.3:8700:0,10.1.3.3:8700:0,10.1.4.3:8700:0,10.1.5.3:8700:0 
I1218 01:39:18.122018 35886 replicator.cpp:143] Replicator=1172526071835@10.1.1.3:8700:0 is started, group Atomic
I1218 01:39:18.177302 35886 replicator.cpp:143] Replicator=4466765987857@10.1.2.3:8700:0 is started, group Atomic
I1218 01:39:18.396329 35886 replicator.cpp:143] Replicator=1254130450433@10.1.4.3:8700:0 is started, group Atomic
I1218 01:39:18.400032 35886 replicator.cpp:143] Replicator=1271310319617@10.1.5.3:8700:0 is started, group Atomic
W1218 01:39:18.555367 35895 replicator.cpp:397] Group Atomic fail to issue RPC to 10.1.5.3:8700:0 _consecutive_error_times=1, [E22][10.1.5.3:8700][E22]node Atomic:10.1.5.3:8700:0 is not in active state, state ERROR
W1218 01:39:18.746131 35884 node.cpp:1370] node Atomic:10.1.3.3:8700:0 received invalid RequestVoteResponse from 10.1.1.3:8700:0 ctx_version 5 current_ctx_version 6
I1218 01:39:18.985766 35875 server.cpp:306] Configuration of this group is 10.1.1.3:8700:0,10.1.2.3:8700:0,10.1.3.3:8700:0,10.1.4.3:8700:0,10.1.5.3:8700:0
I1218 01:39:19.024389 35875 node.cpp:3310] node Atomic:10.1.3.3:8700:0 reset ConfigurationCtx, new_peers: 10.1.1.3:8700:0,10.1.2.3:8700:0,10.1.3.3:8700:0,10.1.4.3:8700:0,10.1.5.3:8700:0, old_peers: 10.1.1.3:8700:0,10.1.2.3:8700:0,10.1.3.3:8700:0,10.1.4.3:8700:0,10.1.5.3:8700:0
I1218 01:39:19.370961 35875 server.cpp:291] Node becomes leader
I1218 01:39:21.056308 35895 node.cpp:949] node Atomic:10.1.3.3:8700:0 starts to do snapshot
I1218 01:39:21.158382 35895 snapshot.cpp:647] Deleting ./data/snapshot/snapshot_00000000000000000064
I1218 01:39:21.176622 35895 snapshot.cpp:653] Renaming ./data/snapshot/temp to ./data/snapshot/snapshot_00000000000000000064
I1218 01:39:21.212627 35895 snapshot.cpp:523] Deleting ./data/snapshot/snapshot_00000000000000000062
W1218 01:39:21.325388 35886 replicator.cpp:397] Group Atomic fail to issue RPC to 10.1.5.3:8700:0 _consecutive_error_times=11, [E22][10.1.5.3:8700][E22]node Atomic:10.1.5.3:8700:0 is not in active state, state ERROR
I1218 01:39:21.359697 35895 snapshot_executor.cpp:234] node Atomic:10.1.3.3:8700:0 snapshot_save_done, last_included_index=64 last_included_term=71
I1218 01:39:21.432560 35895 log.cpp:1153] log save_meta ./data/log/log_meta first_log_index: 63 time: 59007
W1218 01:39:24.112654 35884 replicator.cpp:397] Group Atomic fail to issue RPC to 10.1.5.3:8700:0 _consecutive_error_times=21, [E22][10.1.5.3:8700][E22]node Atomic:10.1.5.3:8700:0 is not in active state, state ERROR
W1218 01:39:25.798686 35882 replicator.cpp:297] Group Atomic fail to issue RPC to 10.1.2.3:8700:0 _consecutive_error_times=1, [E112]Not connected to 10.1.2.3:8700 yet, server_id=25769804429 [R1][E112]Not connected to 10.1.2.3:8700 yet, server_id=25769804429 [R2][E112]Not connected to 10.1.2.3:8700 yet, server_id=25769804429 [R3][E112]Not connected to 10.1.2.3:8700 yet, server_id=25769804429
I1218 01:39:25.860898 35884 socket.cpp:2570] Checking Socket{id=25769804429 addr=10.1.2.3:8700} (0x631000140d80)
W1218 01:39:25.991415 35891 input_messenger.cpp:381] Fail to read from Socket{id=115 fd=12 addr=10.1.4.3:8700:56416} (0x631000054480): Connection reset by peer [104]
W1218 01:39:26.009333 35891 replicator.cpp:297] Group Atomic fail to issue RPC to 10.1.4.3:8700:0 _consecutive_error_times=1, [E104]Fail to read from Socket{id=115fd=12 addr=10.1.4.3:8700:56416} (0x0x631000054480): Connection reset by peer [R1][E112]Not connected to 10.1.4.3:8700 yet, server_id=115 [R2][E112]Not connected to 10.1.4.3:8700 yet, server_id=115 [R3][E112]Not connected to 10.1.4.3:8700 yet, server_id=115
I1218 01:39:26.101357 35882 socket.cpp:2570] Checking Socket{id=115 addr=10.1.4.3:8700} (0x631000054480)
W1218 01:39:27.323824 35884 replicator.cpp:297] Group Atomic fail to issue RPC to 10.1.5.3:8700:0 _consecutive_error_times=31, [E22][10.1.5.3:8700][E22]node Atomic:10.1.5.3:8700:0 is not in active state, state ERROR
WARNING: Logging before InitGoogleLogging() is written to STDERR
W1218 01:39:53.244238 36755 bthread.cpp:409] Fail to set concurrency by tag: 0, tag concurrency must larger than old oncurrency. old concurrency: 24, new concurrency: 9
I1218 01:39:53.690055 36755 server.cpp:1208] Server[braft::RaftStatImpl+braft::FileServiceImpl+braft::RaftServiceImpl+braft::CliServiceImpl+example::AtomicServiceImpl] is serving on port=8700.
I1218 01:39:53.692880 36755 server.cpp:1211] Check out http://n3:8700 in web browser.
I1218 01:39:53.971307 36755 log.cpp:691] Use murmurhash32 as the checksum type of appending entries
I1218 01:39:53.996677 36755 log.cpp:1175] log load_meta ./data/log/log_meta first_log_index: 63 time: 23952
I1218 01:39:54.021147 36755 log.cpp:1115] load open segment, path: ./data/log first_index: 57
I1218 01:39:54.243649 36755 snapshot.cpp:465] Deleting ./data/snapshot/temp
I1218 01:39:54.629767 36816 server.cpp:306] Configuration of this group is 10.1.1.3:8700:0,10.1.2.3:8700:0,10.1.3.3:8700:0,10.1.4.3:8700:0,10.1.5.3:8700:0
I1218 01:39:54.712790 36816 snapshot_executor.cpp:264] node Atomic:10.1.3.3:8700:0 snapshot_load_done, last_included_index: 64 last_included_term: 71 peers: "10.1.1.3:8700:0" peers: "10.1.2.3:8700:0" peers: "10.1.3.3:8700:0" peers: "10.1.4.3:8700:0" peers: "10.1.5.3:8700:0"
I1218 01:39:54.792961 36755 raft_meta.cpp:521] Loaded single stable meta, path ./data/raft_meta term 71 votedfor 10.1.3.3:8700:0 time: 717
I1218 01:39:54.807742 36755 node.cpp:608] node Atomic:10.1.3.3:8700:0 init, term: 71 last_log_id: (index=64,term=71) conf: 10.1.1.3:8700:0,10.1.2.3:8700:0,10.1.3.3:8700:0,10.1.4.3:8700:0,10.1.5.3:8700:0 old_conf: 
I1218 01:39:54.893164 36755 server.cpp:509] Atomic service is running on 0.0.0.0:8700
I1218 01:39:59.680574 36808 node.cpp:949] node Atomic:10.1.3.3:8700:0 starts to do snapshot
I1218 01:39:59.771189 36808 snapshot_executor.cpp:154] node Atomic:10.1.3.3:8700:0 the gap between fsm applied index 64 and last_snapshot_index 64 is less than 1, will clear bufferred logs and return success
I1218 01:39:59.926330 36815 log.cpp:1153] log save_meta ./data/log/log_meta first_log_index: 65 time: 224420
I1218 01:39:59.966809 36815 log.cpp:608] Unlinked segment `./data/log/log_inprogress_00000000000000000057'
I1218 01:40:00.688241 36808 node.cpp:1587] node Atomic:10.1.3.3:8700:0 term 71 start pre_vote
W1218 01:40:01.135768 36813 node.cpp:1567] node Atomic:10.1.3.3:8700:0 request PreVote from 10.1.5.3:8700:0 error: [E22][10.1.5.3:8700][E22]Invalid argument
I1218 01:40:01.139659 36809 node.cpp:2129] node Atomic:10.1.3.3:8700:0 received PreVote from 10.1.4.3:8700:0 in term 72 current_term 71 granted 1 rejected_by_lease 0
I1218 01:40:01.151748 36816 node.cpp:1512] node Atomic:10.1.3.3:8700:0 received PreVoteResponse from 10.1.4.3:8700:0 term 71 granted 1 rejected_by_lease 0 disrupted 0
I1218 01:40:01.213987 36813 node.cpp:2129] node Atomic:10.1.3.3:8700:0 received PreVote from 10.1.2.3:8700:0 in term 72 current_term 71 granted 1 rejected_by_lease 0
I1218 01:40:01.321099 36813 node.cpp:1512] node Atomic:10.1.3.3:8700:0 received PreVoteResponse from 10.1.2.3:8700:0 term 71 granted 1 rejected_by_lease 0 disrupted 0
I1218 01:40:01.322011 36813 node.cpp:1653] node Atomic:10.1.3.3:8700:0 term 71 start vote and grant vote self
I1218 01:40:01.448050 36813 raft_meta.cpp:546] Saved single stable meta, path ./data/raft_meta term 72 votedfor 10.1.3.3:8700:0 time: 64342
I1218 01:40:01.455529 36809 node.cpp:2211] node Atomic:10.1.3.3:8700:0 received RequestVote from 10.1.4.3:8700:0 in term 72 current_term 72 log_is_ok 1 votable_time 0
W1218 01:40:01.464592 36806 node.cpp:1454] node Atomic:10.1.3.3:8700:0 received RequestVoteResponse from 10.1.5.3:8700:0 error: [E22][10.1.5.3:8700][E22]Invalid argument
W1218 01:40:01.471729 36816 node.cpp:1479] node Atomic:10.1.3.3:8700:0 received invalid PreVoteResponse from 10.1.1.3:8700:0 ctx_version 2 current_ctx_version 3
I1218 01:40:01.486104 36816 node.cpp:1403] node Atomic:10.1.3.3:8700:0 received RequestVoteResponse from 10.1.4.3:8700:0 term 72 granted 0 rejected_by_lease 0 disrupted 0
I1218 01:40:01.563824 36816 node.cpp:1403] node Atomic:10.1.3.3:8700:0 received RequestVoteResponse from 10.1.2.3:8700:0 term 72 granted 0 rejected_by_lease 0 disrupted 0
I1218 01:40:01.564980 36813 node.cpp:1403] node Atomic:10.1.3.3:8700:0 received RequestVoteResponse from 10.1.1.3:8700:0 term 72 granted 1 rejected_by_lease 0 disrupted 0
I1218 01:40:01.707654 36816 node.cpp:2129] node Atomic:10.1.3.3:8700:0 received PreVote from 10.1.1.3:8700:0 in term 73 current_term 72 granted 1 rejected_by_lease 0
I1218 01:40:01.877844 36813 node.cpp:2211] node Atomic:10.1.3.3:8700:0 received RequestVote from 10.1.1.3:8700:0 in term 73 current_term 72 log_is_ok 1 votable_time 0
I1218 01:40:01.889890 36813 raft_meta.cpp:546] Saved single stable meta, path ./data/raft_meta term 73 votedfor 0.0.0.0:0:0 time: 9907
I1218 01:40:01.919350 36813 raft_meta.cpp:546] Saved single stable meta, path ./data/raft_meta term 73 votedfor 10.1.1.3:8700:0 time: 25980
I1218 01:40:02.413870 36806 server.cpp:312] Node start following { leader_id=10.1.1.3:8700:0, term=73, status=Follower receives message from new leader with the same term.}
I1218 01:40:03.208868 36809 log.cpp:114] Created new segment `./data/log/log_inprogress_00000000000000000065' with fd=9
I1218 01:40:03.677292 36816 server.cpp:306] Configuration of this group is 10.1.1.3:8700:0,10.1.2.3:8700:0,10.1.3.3:8700:0,10.1.4.3:8700:0,10.1.5.3:8700:0
WARNING: Logging before InitGoogleLogging() is written to STDERR
W1218 01:40:34.934863 37209 bthread.cpp:409] Fail to set concurrency by tag: 0, tag concurrency must larger than old oncurrency. old concurrency: 24, new concurrency: 9
I1218 01:40:35.088697 37209 server.cpp:1208] Server[braft::RaftStatImpl+braft::FileServiceImpl+braft::RaftServiceImpl+braft::CliServiceImpl+example::AtomicServiceImpl] is serving on port=8700.
I1218 01:40:35.091567 37209 server.cpp:1211] Check out http://n3:8700 in web browser.
I1218 01:40:35.230332 37209 log.cpp:691] Use murmurhash32 as the checksum type of appending entries
I1218 01:40:35.272157 37209 log.cpp:1175] log load_meta ./data/log/log_meta first_log_index: 65 time: 15324
I1218 01:40:35.275472 37209 log.cpp:1115] load open segment, path: ./data/log first_index: 65
I1218 01:40:35.292196 37209 snapshot.cpp:465] Deleting ./data/snapshot/temp
I1218 01:40:35.423182 37280 server.cpp:306] Configuration of this group is 10.1.1.3:8700:0,10.1.2.3:8700:0,10.1.3.3:8700:0,10.1.4.3:8700:0,10.1.5.3:8700:0
I1218 01:40:35.554626 37280 snapshot_executor.cpp:264] node Atomic:10.1.3.3:8700:0 snapshot_load_done, last_included_index: 64 last_included_term: 71 peers: "10.1.1.3:8700:0" peers: "10.1.2.3:8700:0" peers: "10.1.3.3:8700:0" peers: "10.1.4.3:8700:0" peers: "10.1.5.3:8700:0"
I1218 01:40:35.566095 37209 raft_meta.cpp:521] Loaded single stable meta, path ./data/raft_meta term 73 votedfor 10.1.1.3:8700:0 time: 2187
I1218 01:40:35.576723 37209 node.cpp:608] node Atomic:10.1.3.3:8700:0 init, term: 73 last_log_id: (index=65,term=73) conf: 10.1.1.3:8700:0,10.1.2.3:8700:0,10.1.3.3:8700:0,10.1.4.3:8700:0,10.1.5.3:8700:0 old_conf: 
I1218 01:40:35.588505 37209 server.cpp:509] Atomic service is running on 0.0.0.0:8700
I1218 01:40:41.502787 37306 node.cpp:1587] node Atomic:10.1.3.3:8700:0 term 73 start pre_vote
W1218 01:40:42.141462 37283 node.cpp:1567] node Atomic:10.1.3.3:8700:0 request PreVote from 10.1.1.3:8700:0 error: [E110]Fail to connect Socket{id=93 addr=10.1.1.3:8700} (0x0x631000050800): Connection timed out
I1218 01:40:42.655401 37316 node.cpp:1512] node Atomic:10.1.3.3:8700:0 received PreVoteResponse from 10.1.2.3:8700:0 term 73 granted 1 rejected_by_lease 0 disrupted 0
I1218 01:40:42.747114 37285 node.cpp:1512] node Atomic:10.1.3.3:8700:0 received PreVoteResponse from 10.1.4.3:8700:0 term 73 granted 1 rejected_by_lease 0 disrupted 0
I1218 01:40:42.748569 37285 node.cpp:1653] node Atomic:10.1.3.3:8700:0 term 73 start vote and grant vote self
I1218 01:40:42.908640 37285 raft_meta.cpp:546] Saved single stable meta, path ./data/raft_meta term 74 votedfor 10.1.3.3:8700:0 time: 116901
W1218 01:40:42.937620 37287 node.cpp:1479] node Atomic:10.1.3.3:8700:0 received invalid PreVoteResponse from 10.1.5.3:8700:0 ctx_version 2 current_ctx_version 3
I1218 01:40:42.965323 37280 node.cpp:1403] node Atomic:10.1.3.3:8700:0 received RequestVoteResponse from 10.1.2.3:8700:0 term 74 granted 1 rejected_by_lease 0 disrupted 0
I1218 01:40:42.982338 37279 node.cpp:1403] node Atomic:10.1.3.3:8700:0 received RequestVoteResponse from 10.1.4.3:8700:0 term 74 granted 1 rejected_by_lease 0 disrupted 0
I1218 01:40:42.999930 37279 node.cpp:1908] node Atomic:10.1.3.3:8700:0 term 74 become leader of group 10.1.1.3:8700:0,10.1.2.3:8700:0,10.1.3.3:8700:0,10.1.4.3:8700:0,10.1.5.3:8700:0 
I1218 01:40:43.143878 37279 replicator.cpp:143] Replicator=3302829850625@10.1.1.3:8700:0 is started, group Atomic
I1218 01:40:43.257122 37279 replicator.cpp:143] Replicator=3320009719809@10.1.2.3:8700:0 is started, group Atomic
I1218 01:40:43.297096 37279 replicator.cpp:143] Replicator=3337189588993@10.1.4.3:8700:0 is started, group Atomic
I1218 01:40:43.337517 37279 replicator.cpp:143] Replicator=3354369458177@10.1.5.3:8700:0 is started, group Atomic
W1218 01:40:43.590394 37297 node.cpp:1370] node Atomic:10.1.3.3:8700:0 received invalid RequestVoteResponse from 10.1.5.3:8700:0 ctx_version 1 current_ctx_version 2
I1218 01:40:43.907250 37296 replicator.cpp:835] node Atomic:10.1.3.3:8700:0 send InstallSnapshotRequest to 10.1.5.3:8700:0 term 74 last_included_term 71 last_included_index 64 uri remote://10.1.3.3:8700/1309185752855078903
I1218 01:40:44.204106 37294 server.cpp:306] Configuration of this group is 10.1.1.3:8700:0,10.1.2.3:8700:0,10.1.3.3:8700:0,10.1.4.3:8700:0,10.1.5.3:8700:0
W1218 01:40:44.215454 37316 node.cpp:1370] node Atomic:10.1.3.3:8700:0 received invalid RequestVoteResponse from 10.1.1.3:8700:0 ctx_version 1 current_ctx_version 2
I1218 01:40:44.229238 37294 server.cpp:306] Configuration of this group is 10.1.1.3:8700:0,10.1.2.3:8700:0,10.1.3.3:8700:0,10.1.4.3:8700:0,10.1.5.3:8700:0
I1218 01:40:44.270088 37294 node.cpp:3310] node Atomic:10.1.3.3:8700:0 reset ConfigurationCtx, new_peers: 10.1.1.3:8700:0,10.1.2.3:8700:0,10.1.3.3:8700:0,10.1.4.3:8700:0,10.1.5.3:8700:0, old_peers: 10.1.1.3:8700:0,10.1.2.3:8700:0,10.1.3.3:8700:0,10.1.4.3:8700:0,10.1.5.3:8700:0
