I1218 01:10:46.816584 18219 raft_meta.cpp:546] Saved single stable meta, path ./data/raft_meta term 15 votedfor 10.1.3.3:8700:0 time: 37482
I1218 01:10:46.920996 18212 node.cpp:1587] node Atomic:10.1.4.3:8700:0 term 15 start pre_vote
I1218 01:10:47.199225 18219 node.cpp:1512] node Atomic:10.1.4.3:8700:0 received PreVoteResponse from 10.1.2.3:8700:0 term 15 granted 1 rejected_by_lease 0 disrupted 0
I1218 01:10:47.232950 18218 node.cpp:1512] node Atomic:10.1.4.3:8700:0 received PreVoteResponse from 10.1.1.3:8700:0 term 15 granted 1 rejected_by_lease 0 disrupted 0
I1218 01:10:47.234090 18218 node.cpp:1653] node Atomic:10.1.4.3:8700:0 term 15 start vote and grant vote self
I1218 01:10:47.511912 18218 raft_meta.cpp:546] Saved single stable meta, path ./data/raft_meta term 16 votedfor 10.1.4.3:8700:0 time: 106365
W1218 01:10:47.516567 18199 node.cpp:1479] node Atomic:10.1.4.3:8700:0 received invalid PreVoteResponse from 10.1.5.3:8700:0 ctx_version 4 current_ctx_version 5
W1218 01:10:47.519121 18216 node.cpp:2399] node Atomic:10.1.4.3:8700:0 ignore stale AppendEntries from 10.1.3.3:8700:0 in term 15 current_term 16
I1218 01:10:47.519577 18192 node.cpp:1403] node Atomic:10.1.4.3:8700:0 received RequestVoteResponse from 10.1.2.3:8700:0 term 16 granted 1 rejected_by_lease 0 disrupted 0
I1218 01:10:47.533450 18219 node.cpp:1403] node Atomic:10.1.4.3:8700:0 received RequestVoteResponse from 10.1.1.3:8700:0 term 16 granted 1 rejected_by_lease 0 disrupted 0
I1218 01:10:47.534351 18219 node.cpp:1908] node Atomic:10.1.4.3:8700:0 term 16 become leader of group 10.1.1.3:8700:0,10.1.2.3:8700:0,10.1.3.3:8700:0,10.1.4.3:8700:0,10.1.5.3:8700:0 
I1218 01:10:47.541419 18219 replicator.cpp:143] Replicator=3311419785221@10.1.1.3:8700:0 is started, group Atomic
I1218 01:10:47.582343 18219 replicator.cpp:143] Replicator=3332894621701@10.1.2.3:8700:0 is started, group Atomic
I1218 01:10:47.686350 18219 replicator.cpp:143] Replicator=2207613190145@10.1.3.3:8700:0 is started, group Atomic
I1218 01:10:47.724799 18219 replicator.cpp:143] Replicator=2224793059329@10.1.5.3:8700:0 is started, group Atomic
W1218 01:10:47.821820 18217 node.cpp:1479] node Atomic:10.1.4.3:8700:0 received invalid PreVoteResponse from 10.1.3.3:8700:0 ctx_version 4 current_ctx_version 5
W1218 01:10:47.823210 18214 node.cpp:1370] node Atomic:10.1.4.3:8700:0 received invalid RequestVoteResponse from 10.1.5.3:8700:0 ctx_version 1 current_ctx_version 2
I1218 01:10:47.964063 18216 replicator.cpp:835] node Atomic:10.1.4.3:8700:0 send InstallSnapshotRequest to 10.1.5.3:8700:0 term 16 last_included_term 12 last_included_index 8 uri remote://10.1.4.3:8700/638923462768652486
W1218 01:10:48.063050 18217 node.cpp:1370] node Atomic:10.1.4.3:8700:0 received invalid RequestVoteResponse from 10.1.3.3:8700:0 ctx_version 1 current_ctx_version 2
I1218 01:10:48.115168 18194 server.cpp:306] Configuration of this group is 10.1.1.3:8700:0,10.1.2.3:8700:0,10.1.3.3:8700:0,10.1.4.3:8700:0,10.1.5.3:8700:0
I1218 01:10:48.131935 18194 server.cpp:306] Configuration of this group is 10.1.1.3:8700:0,10.1.2.3:8700:0,10.1.3.3:8700:0,10.1.4.3:8700:0,10.1.5.3:8700:0
I1218 01:10:48.133597 18194 server.cpp:306] Configuration of this group is 10.1.1.3:8700:0,10.1.2.3:8700:0,10.1.3.3:8700:0,10.1.4.3:8700:0,10.1.5.3:8700:0
I1218 01:10:48.188833 18194 node.cpp:3310] node Atomic:10.1.4.3:8700:0 reset ConfigurationCtx, new_peers: 10.1.1.3:8700:0,10.1.2.3:8700:0,10.1.3.3:8700:0,10.1.4.3:8700:0,10.1.5.3:8700:0, old_peers: 10.1.1.3:8700:0,10.1.2.3:8700:0,10.1.3.3:8700:0,10.1.4.3:8700:0,10.1.5.3:8700:0
I1218 01:10:48.499852 18195 server.cpp:291] Node becomes leader
I1218 01:10:49.486029 18219 replicator.cpp:902] received InstallSnapshotResponse from Atomic:10.1.5.3:8700:0 last_included_index 8 last_included_term 12 success.
W1218 01:10:52.172349 18217 input_messenger.cpp:381] Fail to read from Socket{id=8589934970 fd=8 addr=10.1.1.3:8700:36062} (0x6310000c9880): Connection reset by peer [104]
W1218 01:10:52.213038 18217 replicator.cpp:297] Group Atomic fail to issue RPC to 10.1.1.3:8700:0 _consecutive_error_times=1, [E104]Fail to read from Socket{id=8589934970fd=8 addr=10.1.1.3:8700:36062} (0x0x6310000c9880): Connection reset by peer [R1][E112]Not connected to 10.1.1.3:8700 yet, server_id=8589934970 [R2][E112]Not connected to 10.1.1.3:8700 yet, server_id=8589934970 [R3][E112]Not connected to 10.1.1.3:8700 yet, server_id=8589934970
I1218 01:10:52.300216 18195 socket.cpp:2570] Checking Socket{id=8589934970 addr=10.1.1.3:8700} (0x6310000c9880)
W1218 01:10:54.386277 18217 input_messenger.cpp:381] Fail to read from Socket{id=8589934874 fd=11 addr=10.1.2.3:8700:60198} (0x6310000a1040): Connection reset by peer [104]
W1218 01:10:54.405123 18217 replicator.cpp:297] Group Atomic fail to issue RPC to 10.1.2.3:8700:0 _consecutive_error_times=1, [E104]Fail to read from Socket{id=8589934874fd=11 addr=10.1.2.3:8700:60198} (0x0x6310000a1040): Connection reset by peer [R1][E112]Not connected to 10.1.2.3:8700 yet, server_id=8589934874 [R2][E112]Not connected to 10.1.2.3:8700 yet, server_id=8589934874 [R3][E112]Not connected to 10.1.2.3:8700 yet, server_id=8589934874
I1218 01:10:54.523100 18212 socket.cpp:2570] Checking Socket{id=8589934874 addr=10.1.2.3:8700} (0x6310000a1040)
WARNING: Logging before InitGoogleLogging() is written to STDERR
W1218 01:11:03.502996 18373 bthread.cpp:409] Fail to set concurrency by tag: 0, tag concurrency must larger than old oncurrency. old concurrency: 24, new concurrency: 9
I1218 01:11:04.509743 18373 server.cpp:1208] Server[braft::RaftStatImpl+braft::FileServiceImpl+braft::RaftServiceImpl+braft::CliServiceImpl+example::AtomicServiceImpl] is serving on port=8700.
I1218 01:11:04.511849 18373 server.cpp:1211] Check out http://n4:8700 in web browser.
I1218 01:11:04.672266 18373 log.cpp:691] Use murmurhash32 as the checksum type of appending entries
I1218 01:11:04.685133 18373 log.cpp:1175] log load_meta ./data/log/log_meta first_log_index: 8 time: 11436
I1218 01:11:04.693454 18373 log.cpp:1115] load open segment, path: ./data/log first_index: 7
I1218 01:11:04.796887 18373 snapshot.cpp:465] Deleting ./data/snapshot/temp
I1218 01:11:04.877976 18435 server.cpp:306] Configuration of this group is 10.1.1.3:8700:0,10.1.2.3:8700:0,10.1.3.3:8700:0,10.1.4.3:8700:0,10.1.5.3:8700:0
I1218 01:11:04.913002 18435 snapshot_executor.cpp:264] node Atomic:10.1.4.3:8700:0 snapshot_load_done, last_included_index: 8 last_included_term: 12 peers: "10.1.1.3:8700:0" peers: "10.1.2.3:8700:0" peers: "10.1.3.3:8700:0" peers: "10.1.4.3:8700:0" peers: "10.1.5.3:8700:0"
I1218 01:11:04.933344 18373 raft_meta.cpp:521] Loaded single stable meta, path ./data/raft_meta term 16 votedfor 10.1.4.3:8700:0 time: 887
I1218 01:11:04.971145 18373 node.cpp:608] node Atomic:10.1.4.3:8700:0 init, term: 16 last_log_id: (index=11,term=16) conf: 10.1.1.3:8700:0,10.1.2.3:8700:0,10.1.3.3:8700:0,10.1.4.3:8700:0,10.1.5.3:8700:0 old_conf: 
I1218 01:11:05.002813 18373 server.cpp:509] Atomic service is running on 0.0.0.0:8700
I1218 01:11:05.330864 18453 node.cpp:2129] node Atomic:10.1.4.3:8700:0 received PreVote from 10.1.5.3:8700:0 in term 17 current_term 16 granted 1 rejected_by_lease 0
I1218 01:11:05.565686 18449 node.cpp:2129] node Atomic:10.1.4.3:8700:0 received PreVote from 10.1.3.3:8700:0 in term 17 current_term 16 granted 1 rejected_by_lease 0
I1218 01:11:06.034662 18435 node.cpp:2211] node Atomic:10.1.4.3:8700:0 received RequestVote from 10.1.3.3:8700:0 in term 17 current_term 16 log_is_ok 1 votable_time 0
I1218 01:11:06.070353 18435 raft_meta.cpp:546] Saved single stable meta, path ./data/raft_meta term 17 votedfor 0.0.0.0:0:0 time: 33291
I1218 01:11:06.124918 18435 raft_meta.cpp:546] Saved single stable meta, path ./data/raft_meta term 17 votedfor 10.1.3.3:8700:0 time: 31883
I1218 01:11:06.127831 18436 node.cpp:2211] node Atomic:10.1.4.3:8700:0 received RequestVote from 10.1.5.3:8700:0 in term 17 current_term 17 log_is_ok 1 votable_time 0
I1218 01:11:06.525502 18431 server.cpp:312] Node start following { leader_id=10.1.3.3:8700:0, term=17, status=Follower receives message from new leader with the same term.}
I1218 01:11:06.605631 18431 server.cpp:306] Configuration of this group is 10.1.1.3:8700:0,10.1.2.3:8700:0,10.1.3.3:8700:0,10.1.4.3:8700:0,10.1.5.3:8700:0
I1218 01:11:06.657263 18431 server.cpp:306] Configuration of this group is 10.1.1.3:8700:0,10.1.2.3:8700:0,10.1.3.3:8700:0,10.1.4.3:8700:0,10.1.5.3:8700:0
I1218 01:11:06.703960 18431 server.cpp:306] Configuration of this group is 10.1.1.3:8700:0,10.1.2.3:8700:0,10.1.3.3:8700:0,10.1.4.3:8700:0,10.1.5.3:8700:0
I1218 01:11:06.797776 18453 server.cpp:306] Configuration of this group is 10.1.1.3:8700:0,10.1.2.3:8700:0,10.1.3.3:8700:0,10.1.4.3:8700:0,10.1.5.3:8700:0
WARNING: Logging before InitGoogleLogging() is written to STDERR
W1218 01:11:25.145406 18580 bthread.cpp:409] Fail to set concurrency by tag: 0, tag concurrency must larger than old oncurrency. old concurrency: 24, new concurrency: 9
I1218 01:11:25.549911 18580 server.cpp:1208] Server[braft::RaftStatImpl+braft::FileServiceImpl+braft::RaftServiceImpl+braft::CliServiceImpl+example::AtomicServiceImpl] is serving on port=8700.
I1218 01:11:25.552196 18580 server.cpp:1211] Check out http://n4:8700 in web browser.
I1218 01:11:26.047317 18580 log.cpp:691] Use murmurhash32 as the checksum type of appending entries
I1218 01:11:26.084434 18580 log.cpp:1175] log load_meta ./data/log/log_meta first_log_index: 8 time: 35289
I1218 01:11:26.086655 18580 log.cpp:1115] load open segment, path: ./data/log first_index: 7
I1218 01:11:26.229818 18580 snapshot.cpp:465] Deleting ./data/snapshot/temp
I1218 01:11:26.419930 18668 server.cpp:306] Configuration of this group is 10.1.1.3:8700:0,10.1.2.3:8700:0,10.1.3.3:8700:0,10.1.4.3:8700:0,10.1.5.3:8700:0
I1218 01:11:26.476110 18668 snapshot_executor.cpp:264] node Atomic:10.1.4.3:8700:0 snapshot_load_done, last_included_index: 8 last_included_term: 12 peers: "10.1.1.3:8700:0" peers: "10.1.2.3:8700:0" peers: "10.1.3.3:8700:0" peers: "10.1.4.3:8700:0" peers: "10.1.5.3:8700:0"
I1218 01:11:26.505188 18580 raft_meta.cpp:521] Loaded single stable meta, path ./data/raft_meta term 17 votedfor 10.1.3.3:8700:0 time: 10124
I1218 01:11:26.521490 18580 node.cpp:608] node Atomic:10.1.4.3:8700:0 init, term: 17 last_log_id: (index=12,term=17) conf: 10.1.1.3:8700:0,10.1.2.3:8700:0,10.1.3.3:8700:0,10.1.4.3:8700:0,10.1.5.3:8700:0 old_conf: 
I1218 01:11:26.577112 18580 server.cpp:509] Atomic service is running on 0.0.0.0:8700
I1218 01:11:28.339908 18666 node.cpp:2129] node Atomic:10.1.4.3:8700:0 received PreVote from 10.1.3.3:8700:0 in term 18 current_term 17 granted 1 rejected_by_lease 0
I1218 01:11:28.843794 18648 node.cpp:2211] node Atomic:10.1.4.3:8700:0 received RequestVote from 10.1.3.3:8700:0 in term 18 current_term 17 log_is_ok 1 votable_time 0
I1218 01:11:28.945200 18648 raft_meta.cpp:546] Saved single stable meta, path ./data/raft_meta term 18 votedfor 0.0.0.0:0:0 time: 97679
I1218 01:11:28.977612 18648 raft_meta.cpp:546] Saved single stable meta, path ./data/raft_meta term 18 votedfor 10.1.3.3:8700:0 time: 29606
I1218 01:11:29.203524 18666 server.cpp:312] Node start following { leader_id=10.1.3.3:8700:0, term=18, status=Follower receives message from new leader with the same term.}
I1218 01:11:29.206213 18666 server.cpp:306] Configuration of this group is 10.1.1.3:8700:0,10.1.2.3:8700:0,10.1.3.3:8700:0,10.1.4.3:8700:0,10.1.5.3:8700:0
I1218 01:11:29.351258 18666 server.cpp:306] Configuration of this group is 10.1.1.3:8700:0,10.1.2.3:8700:0,10.1.3.3:8700:0,10.1.4.3:8700:0,10.1.5.3:8700:0
I1218 01:11:29.353928 18666 server.cpp:306] Configuration of this group is 10.1.1.3:8700:0,10.1.2.3:8700:0,10.1.3.3:8700:0,10.1.4.3:8700:0,10.1.5.3:8700:0
I1218 01:11:29.370201 18666 server.cpp:306] Configuration of this group is 10.1.1.3:8700:0,10.1.2.3:8700:0,10.1.3.3:8700:0,10.1.4.3:8700:0,10.1.5.3:8700:0
I1218 01:11:30.178056 18648 server.cpp:306] Configuration of this group is 10.1.1.3:8700:0,10.1.2.3:8700:0,10.1.3.3:8700:0,10.1.4.3:8700:0,10.1.5.3:8700:0
WARNING: Logging before InitGoogleLogging() is written to STDERR
W1218 01:11:46.476265 18823 bthread.cpp:409] Fail to set concurrency by tag: 0, tag concurrency must larger than old oncurrency. old concurrency: 24, new concurrency: 9
I1218 01:11:46.953780 18823 server.cpp:1208] Server[braft::RaftStatImpl+braft::FileServiceImpl+braft::RaftServiceImpl+braft::CliServiceImpl+example::AtomicServiceImpl] is serving on port=8700.
I1218 01:11:46.955978 18823 server.cpp:1211] Check out http://n4:8700 in web browser.
I1218 01:11:47.302856 18823 log.cpp:691] Use murmurhash32 as the checksum type of appending entries
I1218 01:11:47.328419 18823 log.cpp:1175] log load_meta ./data/log/log_meta first_log_index: 8 time: 24024
I1218 01:11:47.330566 18823 log.cpp:1115] load open segment, path: ./data/log first_index: 7
I1218 01:11:47.392045 18823 snapshot.cpp:465] Deleting ./data/snapshot/temp
I1218 01:11:47.568346 18873 server.cpp:306] Configuration of this group is 10.1.1.3:8700:0,10.1.2.3:8700:0,10.1.3.3:8700:0,10.1.4.3:8700:0,10.1.5.3:8700:0
I1218 01:11:47.670146 18873 snapshot_executor.cpp:264] node Atomic:10.1.4.3:8700:0 snapshot_load_done, last_included_index: 8 last_included_term: 12 peers: "10.1.1.3:8700:0" peers: "10.1.2.3:8700:0" peers: "10.1.3.3:8700:0" peers: "10.1.4.3:8700:0" peers: "10.1.5.3:8700:0"
I1218 01:11:47.782904 18823 raft_meta.cpp:521] Loaded single stable meta, path ./data/raft_meta term 18 votedfor 10.1.3.3:8700:0 time: 27261
I1218 01:11:47.809973 18823 node.cpp:608] node Atomic:10.1.4.3:8700:0 init, term: 18 last_log_id: (index=13,term=18) conf: 10.1.1.3:8700:0,10.1.2.3:8700:0,10.1.3.3:8700:0,10.1.4.3:8700:0,10.1.5.3:8700:0 old_conf: 
I1218 01:11:47.863481 18823 server.cpp:509] Atomic service is running on 0.0.0.0:8700
I1218 01:11:51.680526 18890 node.cpp:2129] node Atomic:10.1.4.3:8700:0 received PreVote from 10.1.3.3:8700:0 in term 19 current_term 18 granted 1 rejected_by_lease 0
I1218 01:11:52.150226 18873 node.cpp:2211] node Atomic:10.1.4.3:8700:0 received RequestVote from 10.1.3.3:8700:0 in term 19 current_term 18 log_is_ok 1 votable_time 0
I1218 01:11:52.169112 18873 raft_meta.cpp:546] Saved single stable meta, path ./data/raft_meta term 19 votedfor 0.0.0.0:0:0 time: 16942
I1218 01:11:52.188124 18873 raft_meta.cpp:546] Saved single stable meta, path ./data/raft_meta term 19 votedfor 10.1.3.3:8700:0 time: 13810
I1218 01:11:52.677567 18873 server.cpp:312] Node start following { leader_id=10.1.3.3:8700:0, term=19, status=Follower receives message from new leader with the same term.}
I1218 01:11:52.706279 18873 server.cpp:306] Configuration of this group is 10.1.1.3:8700:0,10.1.2.3:8700:0,10.1.3.3:8700:0,10.1.4.3:8700:0,10.1.5.3:8700:0
I1218 01:11:52.708129 18873 server.cpp:306] Configuration of this group is 10.1.1.3:8700:0,10.1.2.3:8700:0,10.1.3.3:8700:0,10.1.4.3:8700:0,10.1.5.3:8700:0
I1218 01:11:52.709935 18873 server.cpp:306] Configuration of this group is 10.1.1.3:8700:0,10.1.2.3:8700:0,10.1.3.3:8700:0,10.1.4.3:8700:0,10.1.5.3:8700:0
I1218 01:11:52.735052 18873 server.cpp:306] Configuration of this group is 10.1.1.3:8700:0,10.1.2.3:8700:0,10.1.3.3:8700:0,10.1.4.3:8700:0,10.1.5.3:8700:0
I1218 01:11:52.737249 18873 server.cpp:306] Configuration of this group is 10.1.1.3:8700:0,10.1.2.3:8700:0,10.1.3.3:8700:0,10.1.4.3:8700:0,10.1.5.3:8700:0
I1218 01:11:53.104523 18890 server.cpp:306] Configuration of this group is 10.1.1.3:8700:0,10.1.2.3:8700:0,10.1.3.3:8700:0,10.1.4.3:8700:0,10.1.5.3:8700:0
I1218 01:12:17.044951 18882 node.cpp:949] node Atomic:10.1.4.3:8700:0 starts to do snapshot
I1218 01:12:17.589875 18882 snapshot.cpp:647] Deleting ./data/snapshot/snapshot_00000000000000000014
I1218 01:12:17.609369 18882 snapshot.cpp:653] Renaming ./data/snapshot/temp to ./data/snapshot/snapshot_00000000000000000014
I1218 01:12:17.681187 18882 snapshot.cpp:523] Deleting ./data/snapshot/snapshot_00000000000000000008
I1218 01:12:17.854164 18882 snapshot_executor.cpp:234] node Atomic:10.1.4.3:8700:0 snapshot_save_done, last_included_index=14 last_included_term=19
I1218 01:12:17.982256 18875 log.cpp:1153] log save_meta ./data/log/log_meta first_log_index: 9 time: 59170
WARNING: Logging before InitGoogleLogging() is written to STDERR
W1218 01:12:33.993927 19355 bthread.cpp:409] Fail to set concurrency by tag: 0, tag concurrency must larger than old oncurrency. old concurrency: 24, new concurrency: 9
I1218 01:12:35.069355 19355 server.cpp:1208] Server[braft::RaftStatImpl+braft::FileServiceImpl+braft::RaftServiceImpl+braft::CliServiceImpl+example::AtomicServiceImpl] is serving on port=8700.
I1218 01:12:35.096823 19355 server.cpp:1211] Check out http://n4:8700 in web browser.
I1218 01:12:35.476884 19355 log.cpp:691] Use murmurhash32 as the checksum type of appending entries
I1218 01:12:35.524943 19355 log.cpp:1175] log load_meta ./data/log/log_meta first_log_index: 9 time: 46795
I1218 01:12:35.532016 19355 log.cpp:1115] load open segment, path: ./data/log first_index: 7
I1218 01:12:35.679817 19355 snapshot.cpp:465] Deleting ./data/snapshot/temp
I1218 01:12:35.787900 19413 server.cpp:306] Configuration of this group is 10.1.1.3:8700:0,10.1.2.3:8700:0,10.1.3.3:8700:0,10.1.4.3:8700:0,10.1.5.3:8700:0
I1218 01:12:35.804342 19413 snapshot_executor.cpp:264] node Atomic:10.1.4.3:8700:0 snapshot_load_done, last_included_index: 14 last_included_term: 19 peers: "10.1.1.3:8700:0" peers: "10.1.2.3:8700:0" peers: "10.1.3.3:8700:0" peers: "10.1.4.3:8700:0" peers: "10.1.5.3:8700:0"
I1218 01:12:35.815186 19355 raft_meta.cpp:521] Loaded single stable meta, path ./data/raft_meta term 19 votedfor 10.1.3.3:8700:0 time: 774
I1218 01:12:35.816704 19355 node.cpp:608] node Atomic:10.1.4.3:8700:0 init, term: 19 last_log_id: (index=14,term=19) conf: 10.1.1.3:8700:0,10.1.2.3:8700:0,10.1.3.3:8700:0,10.1.4.3:8700:0,10.1.5.3:8700:0 old_conf: 
I1218 01:12:35.831934 19355 server.cpp:509] Atomic service is running on 0.0.0.0:8700
I1218 01:12:37.588398 19409 node.cpp:2129] node Atomic:10.1.4.3:8700:0 received PreVote from 10.1.3.3:8700:0 in term 20 current_term 19 granted 1 rejected_by_lease 0
I1218 01:12:38.209013 19422 node.cpp:2211] node Atomic:10.1.4.3:8700:0 received RequestVote from 10.1.3.3:8700:0 in term 20 current_term 19 log_is_ok 1 votable_time 0
I1218 01:12:38.333232 19422 raft_meta.cpp:546] Saved single stable meta, path ./data/raft_meta term 20 votedfor 0.0.0.0:0:0 time: 100063
I1218 01:12:38.396932 19422 raft_meta.cpp:546] Saved single stable meta, path ./data/raft_meta term 20 votedfor 10.1.3.3:8700:0 time: 42979
I1218 01:12:38.829855 19409 server.cpp:312] Node start following { leader_id=10.1.3.3:8700:0, term=20, status=Follower receives message from new leader with the same term.}
I1218 01:12:39.245309 19413 server.cpp:306] Configuration of this group is 10.1.1.3:8700:0,10.1.2.3:8700:0,10.1.3.3:8700:0,10.1.4.3:8700:0,10.1.5.3:8700:0
WARNING: Logging before InitGoogleLogging() is written to STDERR
W1218 01:13:12.811113 19766 bthread.cpp:409] Fail to set concurrency by tag: 0, tag concurrency must larger than old oncurrency. old concurrency: 24, new concurrency: 9
I1218 01:13:13.448396 19766 server.cpp:1208] Server[braft::RaftStatImpl+braft::FileServiceImpl+braft::RaftServiceImpl+braft::CliServiceImpl+example::AtomicServiceImpl] is serving on port=8700.
I1218 01:13:13.595938 19766 server.cpp:1211] Check out http://n4:8700 in web browser.
I1218 01:13:13.852403 19766 log.cpp:691] Use murmurhash32 as the checksum type of appending entries
I1218 01:13:13.898253 19766 log.cpp:1175] log load_meta ./data/log/log_meta first_log_index: 9 time: 44199
I1218 01:13:13.958333 19766 log.cpp:1115] load open segment, path: ./data/log first_index: 7
I1218 01:13:14.278306 19766 snapshot.cpp:465] Deleting ./data/snapshot/temp
I1218 01:13:14.437239 19841 server.cpp:306] Configuration of this group is 10.1.1.3:8700:0,10.1.2.3:8700:0,10.1.3.3:8700:0,10.1.4.3:8700:0,10.1.5.3:8700:0
I1218 01:13:14.576277 19841 snapshot_executor.cpp:264] node Atomic:10.1.4.3:8700:0 snapshot_load_done, last_included_index: 14 last_included_term: 19 peers: "10.1.1.3:8700:0" peers: "10.1.2.3:8700:0" peers: "10.1.3.3:8700:0" peers: "10.1.4.3:8700:0" peers: "10.1.5.3:8700:0"
I1218 01:13:14.597422 19766 raft_meta.cpp:521] Loaded single stable meta, path ./data/raft_meta term 20 votedfor 10.1.3.3:8700:0 time: 14585
I1218 01:13:14.604529 19766 node.cpp:608] node Atomic:10.1.4.3:8700:0 init, term: 20 last_log_id: (index=15,term=20) conf: 10.1.1.3:8700:0,10.1.2.3:8700:0,10.1.3.3:8700:0,10.1.4.3:8700:0,10.1.5.3:8700:0 old_conf: 
I1218 01:13:14.607571 19766 server.cpp:509] Atomic service is running on 0.0.0.0:8700
I1218 01:13:16.324258 19838 node.cpp:2129] node Atomic:10.1.4.3:8700:0 received PreVote from 10.1.3.3:8700:0 in term 21 current_term 20 granted 1 rejected_by_lease 0
I1218 01:13:16.716351 19851 node.cpp:2211] node Atomic:10.1.4.3:8700:0 received RequestVote from 10.1.3.3:8700:0 in term 21 current_term 20 log_is_ok 1 votable_time 0
I1218 01:13:16.748103 19851 raft_meta.cpp:546] Saved single stable meta, path ./data/raft_meta term 21 votedfor 0.0.0.0:0:0 time: 23337
I1218 01:13:16.793541 19851 raft_meta.cpp:546] Saved single stable meta, path ./data/raft_meta term 21 votedfor 10.1.3.3:8700:0 time: 42470
I1218 01:13:17.159569 19846 server.cpp:312] Node start following { leader_id=10.1.3.3:8700:0, term=21, status=Follower receives message from new leader with the same term.}
I1218 01:13:17.165743 19846 server.cpp:306] Configuration of this group is 10.1.1.3:8700:0,10.1.2.3:8700:0,10.1.3.3:8700:0,10.1.4.3:8700:0,10.1.5.3:8700:0
I1218 01:13:17.533598 19846 server.cpp:306] Configuration of this group is 10.1.1.3:8700:0,10.1.2.3:8700:0,10.1.3.3:8700:0,10.1.4.3:8700:0,10.1.5.3:8700:0
WARNING: Logging before InitGoogleLogging() is written to STDERR
W1218 01:13:56.948734 20296 bthread.cpp:409] Fail to set concurrency by tag: 0, tag concurrency must larger than old oncurrency. old concurrency: 24, new concurrency: 9
I1218 01:13:57.366225 20296 server.cpp:1208] Server[braft::RaftStatImpl+braft::FileServiceImpl+braft::RaftServiceImpl+braft::CliServiceImpl+example::AtomicServiceImpl] is serving on port=8700.
I1218 01:13:57.367926 20296 server.cpp:1211] Check out http://n4:8700 in web browser.
I1218 01:13:57.717200 20296 log.cpp:691] Use murmurhash32 as the checksum type of appending entries
I1218 01:13:57.788511 20296 log.cpp:1175] log load_meta ./data/log/log_meta first_log_index: 9 time: 69861
I1218 01:13:57.869064 20296 log.cpp:1115] load open segment, path: ./data/log first_index: 7
I1218 01:13:57.956178 20296 snapshot.cpp:465] Deleting ./data/snapshot/temp
I1218 01:13:58.112912 20343 server.cpp:306] Configuration of this group is 10.1.1.3:8700:0,10.1.2.3:8700:0,10.1.3.3:8700:0,10.1.4.3:8700:0,10.1.5.3:8700:0
I1218 01:13:58.171916 20343 snapshot_executor.cpp:264] node Atomic:10.1.4.3:8700:0 snapshot_load_done, last_included_index: 14 last_included_term: 19 peers: "10.1.1.3:8700:0" peers: "10.1.2.3:8700:0" peers: "10.1.3.3:8700:0" peers: "10.1.4.3:8700:0" peers: "10.1.5.3:8700:0"
I1218 01:13:58.177382 20296 raft_meta.cpp:521] Loaded single stable meta, path ./data/raft_meta term 21 votedfor 10.1.3.3:8700:0 time: 856
I1218 01:13:58.191731 20296 node.cpp:608] node Atomic:10.1.4.3:8700:0 init, term: 21 last_log_id: (index=16,term=21) conf: 10.1.1.3:8700:0,10.1.2.3:8700:0,10.1.3.3:8700:0,10.1.4.3:8700:0,10.1.5.3:8700:0 old_conf: 
I1218 01:13:58.206265 20296 server.cpp:509] Atomic service is running on 0.0.0.0:8700
I1218 01:14:03.968834 20342 node.cpp:1587] node Atomic:10.1.4.3:8700:0 term 21 start pre_vote
W1218 01:14:04.473899 20359 node.cpp:1567] node Atomic:10.1.4.3:8700:0 request PreVote from 10.1.1.3:8700:0 error: [E110]Fail to connect Socket{id=93 addr=10.1.1.3:8700} (0x0x631000050800): Connection timed out
W1218 01:14:04.622084 20355 node.cpp:1567] node Atomic:10.1.4.3:8700:0 request PreVote from 10.1.5.3:8700:0 error: [E22][10.1.5.3:8700][E22]Invalid argument
I1218 01:14:04.660643 20345 node.cpp:2129] node Atomic:10.1.4.3:8700:0 received PreVote from 10.1.3.3:8700:0 in term 22 current_term 21 granted 1 rejected_by_lease 0
I1218 01:14:04.820500 20346 node.cpp:1512] node Atomic:10.1.4.3:8700:0 received PreVoteResponse from 10.1.3.3:8700:0 term 21 granted 1 rejected_by_lease 0 disrupted 0
I1218 01:14:04.921998 20351 node.cpp:1512] node Atomic:10.1.4.3:8700:0 received PreVoteResponse from 10.1.2.3:8700:0 term 21 granted 1 rejected_by_lease 0 disrupted 0
I1218 01:14:04.938314 20351 node.cpp:1653] node Atomic:10.1.4.3:8700:0 term 21 start vote and grant vote self
W1218 01:14:05.137813 20341 node.cpp:1454] node Atomic:10.1.4.3:8700:0 received RequestVoteResponse from 10.1.5.3:8700:0 error: [E22][10.1.5.3:8700][E22]Invalid argument
I1218 01:14:05.225522 20351 raft_meta.cpp:546] Saved single stable meta, path ./data/raft_meta term 22 votedfor 10.1.4.3:8700:0 time: 241603
I1218 01:14:05.245304 20356 node.cpp:2211] node Atomic:10.1.4.3:8700:0 received RequestVote from 10.1.3.3:8700:0 in term 22 current_term 22 log_is_ok 1 votable_time 0
I1218 01:14:05.284567 20359 node.cpp:1403] node Atomic:10.1.4.3:8700:0 received RequestVoteResponse from 10.1.3.3:8700:0 term 22 granted 0 rejected_by_lease 0 disrupted 0
I1218 01:14:05.491065 20357 node.cpp:1403] node Atomic:10.1.4.3:8700:0 received RequestVoteResponse from 10.1.2.3:8700:0 term 22 granted 0 rejected_by_lease 0 disrupted 0
I1218 01:14:05.867947 20342 node.cpp:1403] node Atomic:10.1.4.3:8700:0 received RequestVoteResponse from 10.1.1.3:8700:0 term 22 granted 0 rejected_by_lease 0 disrupted 0
I1218 01:14:06.016602 20342 node.cpp:2129] node Atomic:10.1.4.3:8700:0 received PreVote from 10.1.1.3:8700:0 in term 23 current_term 22 granted 1 rejected_by_lease 0
I1218 01:14:06.143541 20356 server.cpp:312] Node start following { leader_id=10.1.3.3:8700:0, term=22, status=Candidate receives message from new leader with the same term.}
I1218 01:14:06.235845 20341 node.cpp:2211] node Atomic:10.1.4.3:8700:0 received RequestVote from 10.1.1.3:8700:0 in term 23 current_term 22 log_is_ok 1 votable_time 0
I1218 01:14:06.249282 20357 server.cpp:309] Node stops following { leader_id=10.1.3.3:8700:0, term=22, status=Raft node receives higher term request_vote_request.}
I1218 01:14:06.278754 20341 raft_meta.cpp:546] Saved single stable meta, path ./data/raft_meta term 23 votedfor 0.0.0.0:0:0 time: 36642
I1218 01:14:06.297736 20341 raft_meta.cpp:546] Saved single stable meta, path ./data/raft_meta term 23 votedfor 10.1.1.3:8700:0 time: 17401
W1218 01:14:06.301926 20342 node.cpp:2399] node Atomic:10.1.4.3:8700:0 ignore stale AppendEntries from 10.1.3.3:8700:0 in term 22 current_term 23
I1218 01:14:06.401166 20359 server.cpp:312] Node start following { leader_id=10.1.1.3:8700:0, term=23, status=Follower receives message from new leader with the same term.}
I1218 01:14:06.873939 20359 server.cpp:306] Configuration of this group is 10.1.1.3:8700:0,10.1.2.3:8700:0,10.1.3.3:8700:0,10.1.4.3:8700:0,10.1.5.3:8700:0
I1218 01:14:06.885353 20359 server.cpp:306] Configuration of this group is 10.1.1.3:8700:0,10.1.2.3:8700:0,10.1.3.3:8700:0,10.1.4.3:8700:0,10.1.5.3:8700:0
I1218 01:14:06.895411 20359 server.cpp:306] Configuration of this group is 10.1.1.3:8700:0,10.1.2.3:8700:0,10.1.3.3:8700:0,10.1.4.3:8700:0,10.1.5.3:8700:0
I1218 01:14:22.573406 20336 node.cpp:949] node Atomic:10.1.4.3:8700:0 starts to do snapshot
I1218 01:14:22.631307 20336 snapshot.cpp:647] Deleting ./data/snapshot/snapshot_00000000000000000017
I1218 01:14:22.632726 20336 snapshot.cpp:653] Renaming ./data/snapshot/temp to ./data/snapshot/snapshot_00000000000000000017
I1218 01:14:22.642987 20336 snapshot.cpp:523] Deleting ./data/snapshot/snapshot_00000000000000000014
I1218 01:14:22.653697 20336 snapshot_executor.cpp:234] node Atomic:10.1.4.3:8700:0 snapshot_save_done, last_included_index=17 last_included_term=23
I1218 01:14:22.671077 20342 log.cpp:1153] log save_meta ./data/log/log_meta first_log_index: 15 time: 12678
I1218 01:14:27.386222 20356 node.cpp:2129] node Atomic:10.1.4.3:8700:0 received PreVote from 10.1.2.3:8700:0 in term 24 current_term 23 granted 1 rejected_by_lease 0
I1218 01:14:28.053215 20336 node.cpp:2129] node Atomic:10.1.4.3:8700:0 received PreVote from 10.1.3.3:8700:0 in term 24 current_term 23 granted 1 rejected_by_lease 0
I1218 01:14:28.056624 20356 node.cpp:2211] node Atomic:10.1.4.3:8700:0 received RequestVote from 10.1.2.3:8700:0 in term 24 current_term 23 log_is_ok 1 votable_time 0
I1218 01:14:28.073277 20359 server.cpp:309] Node stops following { leader_id=10.1.1.3:8700:0, term=23, status=Raft node receives higher term request_vote_request.}
I1218 01:14:28.211583 20356 raft_meta.cpp:546] Saved single stable meta, path ./data/raft_meta term 24 votedfor 0.0.0.0:0:0 time: 124303
I1218 01:14:28.296283 20356 raft_meta.cpp:546] Saved single stable meta, path ./data/raft_meta term 24 votedfor 10.1.2.3:8700:0 time: 57762
I1218 01:14:28.332556 20336 node.cpp:1587] node Atomic:10.1.4.3:8700:0 term 24 start pre_vote
W1218 01:14:28.390697 20342 node.cpp:1567] node Atomic:10.1.4.3:8700:0 request PreVote from 10.1.1.3:8700:0 error: [E111]Fail to connect Socket{id=281 addr=10.1.1.3:8700} (0x0x6310000a0d80): Connection refused
W1218 01:14:28.412338 20356 node.cpp:1567] node Atomic:10.1.4.3:8700:0 request PreVote from 10.1.5.3:8700:0 error: [E22][10.1.5.3:8700][E22]Invalid argument
I1218 01:14:28.443213 20356 node.cpp:1512] node Atomic:10.1.4.3:8700:0 received PreVoteResponse from 10.1.3.3:8700:0 term 24 granted 1 rejected_by_lease 0 disrupted 0
I1218 01:14:28.726733 20341 server.cpp:312] Node start following { leader_id=10.1.2.3:8700:0, term=24, status=Follower receives message from new leader with the same term.}
W1218 01:14:28.816829 20357 node.cpp:1479] node Atomic:10.1.4.3:8700:0 received invalid PreVoteResponse from 10.1.2.3:8700:0 ctx_version 11 current_ctx_version 13
I1218 01:14:29.073606 20357 server.cpp:306] Configuration of this group is 10.1.1.3:8700:0,10.1.2.3:8700:0,10.1.3.3:8700:0,10.1.4.3:8700:0,10.1.5.3:8700:0
I1218 01:14:52.612442 20357 node.cpp:949] node Atomic:10.1.4.3:8700:0 starts to do snapshot
I1218 01:14:53.267109 20357 snapshot.cpp:647] Deleting ./data/snapshot/snapshot_00000000000000000018
I1218 01:14:53.269234 20357 snapshot.cpp:653] Renaming ./data/snapshot/temp to ./data/snapshot/snapshot_00000000000000000018
I1218 01:14:53.393668 20357 snapshot.cpp:523] Deleting ./data/snapshot/snapshot_00000000000000000017
I1218 01:14:53.485309 20357 snapshot_executor.cpp:234] node Atomic:10.1.4.3:8700:0 snapshot_save_done, last_included_index=18 last_included_term=24
I1218 01:14:53.616997 20357 log.cpp:1153] log save_meta ./data/log/log_meta first_log_index: 18 time: 28439
I1218 01:14:55.152396 20357 node.cpp:2129] node Atomic:10.1.4.3:8700:0 received PreVote from 10.1.2.3:8700:0 in term 25 current_term 24 granted 1 rejected_by_lease 0
I1218 01:14:55.391319 20356 node.cpp:1587] node Atomic:10.1.4.3:8700:0 term 24 start pre_vote
I1218 01:14:55.390901 20341 server.cpp:309] Node stops following { leader_id=10.1.2.3:8700:0, term=24, status=Lost connection from leader 10.1.2.3:8700:0}
W1218 01:14:55.415979 20359 node.cpp:1567] node Atomic:10.1.4.3:8700:0 request PreVote from 10.1.1.3:8700:0 error: [E111]Fail to connect Socket{id=8589934878 addr=10.1.1.3:8700} (0x0x6310000a1b40): Connection refused
I1218 01:14:55.450047 20342 node.cpp:1512] node Atomic:10.1.4.3:8700:0 received PreVoteResponse from 10.1.2.3:8700:0 term 24 granted 1 rejected_by_lease 0 disrupted 0
W1218 01:14:55.455915 20356 node.cpp:1567] node Atomic:10.1.4.3:8700:0 request PreVote from 10.1.5.3:8700:0 error: [E22][10.1.5.3:8700][E22]Invalid argument
W1218 01:15:00.439100 20341 node.cpp:1567] node Atomic:10.1.4.3:8700:0 request PreVote from 10.1.3.3:8700:0 error: [E1008]Reached timeout=5000ms @10.1.3.3:8700
I1218 01:15:00.676599 20357 node.cpp:1587] node Atomic:10.1.4.3:8700:0 term 24 start pre_vote
W1218 01:15:00.764178 20336 node.cpp:1567] node Atomic:10.1.4.3:8700:0 request PreVote from 10.1.1.3:8700:0 error: [E111]Fail to connect Socket{id=17179869471 addr=10.1.1.3:8700} (0x0x6310000a1e00): Connection refused
I1218 01:15:00.871834 20356 node.cpp:2129] node Atomic:10.1.4.3:8700:0 received PreVote from 10.1.2.3:8700:0 in term 25 current_term 24 granted 1 rejected_by_lease 0
I1218 01:15:00.873680 20341 node.cpp:1512] node Atomic:10.1.4.3:8700:0 received PreVoteResponse from 10.1.2.3:8700:0 term 24 granted 1 rejected_by_lease 0 disrupted 0
W1218 01:15:01.010010 20342 node.cpp:1567] node Atomic:10.1.4.3:8700:0 request PreVote from 10.1.5.3:8700:0 error: [E22][10.1.5.3:8700][E22]Invalid argument
W1218 01:15:05.851575 20341 node.cpp:1567] node Atomic:10.1.4.3:8700:0 request PreVote from 10.1.3.3:8700:0 error: [E1008]Reached timeout=5000ms @10.1.3.3:8700
I1218 01:15:06.436527 20336 node.cpp:2129] node Atomic:10.1.4.3:8700:0 received PreVote from 10.1.2.3:8700:0 in term 25 current_term 24 granted 1 rejected_by_lease 0
I1218 01:15:06.644088 20357 node.cpp:1587] node Atomic:10.1.4.3:8700:0 term 24 start pre_vote
W1218 01:15:06.751509 20356 node.cpp:1567] node Atomic:10.1.4.3:8700:0 request PreVote from 10.1.1.3:8700:0 error: [E111]Fail to connect Socket{id=467 addr=10.1.1.3:8700} (0x0x631000104d80): Connection refused
W1218 01:15:06.833602 20341 node.cpp:1567] node Atomic:10.1.4.3:8700:0 request PreVote from 10.1.5.3:8700:0 error: [E22][10.1.5.3:8700][E22]Invalid argument
I1218 01:15:06.873378 20356 node.cpp:1512] node Atomic:10.1.4.3:8700:0 received PreVoteResponse from 10.1.2.3:8700:0 term 24 granted 1 rejected_by_lease 0 disrupted 0
WARNING: Logging before InitGoogleLogging() is written to STDERR
W1218 01:15:19.466297 21129 bthread.cpp:409] Fail to set concurrency by tag: 0, tag concurrency must larger than old oncurrency. old concurrency: 24, new concurrency: 9
I1218 01:15:19.696549 21129 server.cpp:1208] Server[braft::RaftStatImpl+braft::FileServiceImpl+braft::RaftServiceImpl+braft::CliServiceImpl+example::AtomicServiceImpl] is serving on port=8700.
I1218 01:15:19.698163 21129 server.cpp:1211] Check out http://n4:8700 in web browser.
I1218 01:15:20.305886 21129 log.cpp:691] Use murmurhash32 as the checksum type of appending entries
I1218 01:15:20.348628 21129 log.cpp:1175] log load_meta ./data/log/log_meta first_log_index: 18 time: 2505
I1218 01:15:20.400079 21129 log.cpp:1115] load open segment, path: ./data/log first_index: 7
I1218 01:15:20.551429 21129 snapshot.cpp:465] Deleting ./data/snapshot/temp
I1218 01:15:20.723591 21207 server.cpp:306] Configuration of this group is 10.1.1.3:8700:0,10.1.2.3:8700:0,10.1.3.3:8700:0,10.1.4.3:8700:0,10.1.5.3:8700:0
I1218 01:15:20.859645 21207 snapshot_executor.cpp:264] node Atomic:10.1.4.3:8700:0 snapshot_load_done, last_included_index: 18 last_included_term: 24 peers: "10.1.1.3:8700:0" peers: "10.1.2.3:8700:0" peers: "10.1.3.3:8700:0" peers: "10.1.4.3:8700:0" peers: "10.1.5.3:8700:0"
I1218 01:15:20.897452 21129 raft_meta.cpp:521] Loaded single stable meta, path ./data/raft_meta term 24 votedfor 10.1.2.3:8700:0 time: 879
I1218 01:15:20.929359 21129 node.cpp:608] node Atomic:10.1.4.3:8700:0 init, term: 24 last_log_id: (index=18,term=24) conf: 10.1.1.3:8700:0,10.1.2.3:8700:0,10.1.3.3:8700:0,10.1.4.3:8700:0,10.1.5.3:8700:0 old_conf: 
I1218 01:15:20.962778 21129 server.cpp:509] Atomic service is running on 0.0.0.0:8700
I1218 01:15:22.687628 21183 node.cpp:2129] node Atomic:10.1.4.3:8700:0 received PreVote from 10.1.3.3:8700:0 in term 25 current_term 24 granted 1 rejected_by_lease 0
I1218 01:15:23.539927 21207 node.cpp:2211] node Atomic:10.1.4.3:8700:0 received RequestVote from 10.1.3.3:8700:0 in term 25 current_term 24 log_is_ok 1 votable_time 0
I1218 01:15:23.579995 21207 raft_meta.cpp:546] Saved single stable meta, path ./data/raft_meta term 25 votedfor 0.0.0.0:0:0 time: 35062
I1218 01:15:23.636485 21207 raft_meta.cpp:546] Saved single stable meta, path ./data/raft_meta term 25 votedfor 10.1.3.3:8700:0 time: 49889
I1218 01:15:24.262938 21207 server.cpp:312] Node start following { leader_id=10.1.3.3:8700:0, term=25, status=Follower receives message from new leader with the same term.}
I1218 01:15:24.718637 21188 server.cpp:306] Configuration of this group is 10.1.1.3:8700:0,10.1.2.3:8700:0,10.1.3.3:8700:0,10.1.4.3:8700:0,10.1.5.3:8700:0
I1218 01:15:42.292469 21207 node.cpp:2129] node Atomic:10.1.4.3:8700:0 received PreVote from 10.1.1.3:8700:0 in term 26 current_term 25 granted 1 rejected_by_lease 0
I1218 01:15:43.528160 21183 node.cpp:1587] node Atomic:10.1.4.3:8700:0 term 25 start pre_vote
I1218 01:15:43.551436 21182 server.cpp:309] Node stops following { leader_id=10.1.3.3:8700:0, term=25, status=Lost connection from leader 10.1.3.3:8700:0}
I1218 01:15:43.694715 21207 node.cpp:1512] node Atomic:10.1.4.3:8700:0 received PreVoteResponse from 10.1.1.3:8700:0 term 25 granted 1 rejected_by_lease 0 disrupted 0
W1218 01:15:43.724220 21183 node.cpp:1567] node Atomic:10.1.4.3:8700:0 request PreVote from 10.1.3.3:8700:0 error: [E111]Fail to connect Socket{id=282 addr=10.1.3.3:8700} (0x0x6310000b5040): Connection refused
I1218 01:15:43.744444 21188 node.cpp:1512] node Atomic:10.1.4.3:8700:0 received PreVoteResponse from 10.1.2.3:8700:0 term 25 granted 1 rejected_by_lease 0 disrupted 0
W1218 01:15:43.887431 21183 node.cpp:1567] node Atomic:10.1.4.3:8700:0 request PreVote from 10.1.5.3:8700:0 error: [E22][10.1.5.3:8700][E22]Invalid argument
I1218 01:15:44.012459 21188 node.cpp:1653] node Atomic:10.1.4.3:8700:0 term 25 start vote and grant vote self
W1218 01:15:44.082703 21183 node.cpp:1454] node Atomic:10.1.4.3:8700:0 received RequestVoteResponse from 10.1.3.3:8700:0 error: [E111]Fail to connect Socket{id=94 addr=10.1.3.3:8700} (0x0x631000050ac0): Connection refused
I1218 01:15:44.135087 21188 raft_meta.cpp:546] Saved single stable meta, path ./data/raft_meta term 26 votedfor 10.1.4.3:8700:0 time: 40438
W1218 01:15:44.238133 21207 node.cpp:1454] node Atomic:10.1.4.3:8700:0 received RequestVoteResponse from 10.1.5.3:8700:0 error: [E22][10.1.5.3:8700][E22]Invalid argument
I1218 01:15:44.257222 21188 node.cpp:1403] node Atomic:10.1.4.3:8700:0 received RequestVoteResponse from 10.1.2.3:8700:0 term 26 granted 1 rejected_by_lease 0 disrupted 0
I1218 01:15:44.295724 21183 node.cpp:1403] node Atomic:10.1.4.3:8700:0 received RequestVoteResponse from 10.1.1.3:8700:0 term 26 granted 1 rejected_by_lease 0 disrupted 0
I1218 01:15:44.297279 21183 node.cpp:1908] node Atomic:10.1.4.3:8700:0 term 26 become leader of group 10.1.1.3:8700:0,10.1.2.3:8700:0,10.1.3.3:8700:0,10.1.4.3:8700:0,10.1.5.3:8700:0 
I1218 01:15:44.360879 21183 replicator.cpp:143] Replicator=1116691496965@10.1.1.3:8700:0 is started, group Atomic
I1218 01:15:44.500759 21183 replicator.cpp:143] Replicator=3320009719813@10.1.2.3:8700:0 is started, group Atomic
I1218 01:15:44.537014 21183 replicator.cpp:143] Replicator=3358664425473@10.1.3.3:8700:0 is started, group Atomic
I1218 01:15:44.602819 21183 replicator.cpp:143] Replicator=3375844294657@10.1.5.3:8700:0 is started, group Atomic
W1218 01:15:44.632475 21190 replicator.cpp:397] Group Atomic fail to issue RPC to 10.1.3.3:8700:0 _consecutive_error_times=1, [E111]Fail to connect Socket{id=287 addr=10.1.3.3:8700} (0x0x6310000b5e00): Connection refused [R1][E112]Not connected to 10.1.3.3:8700 yet, server_id=287 [R2][E112]Not connected to 10.1.3.3:8700 yet, server_id=287 [R3][E112]Not connected to 10.1.3.3:8700 yet, server_id=287
W1218 01:15:44.704766 21196 replicator.cpp:397] Group Atomic fail to issue RPC to 10.1.5.3:8700:0 _consecutive_error_times=1, [E22][10.1.5.3:8700][E22]node Atomic:10.1.5.3:8700:0 is not in active state, state ERROR
I1218 01:15:44.735034 21182 socket.cpp:2570] Checking Socket{id=287 addr=10.1.3.3:8700} (0x6310000b5e00)
I1218 01:15:44.784940 21206 node.cpp:949] node Atomic:10.1.4.3:8700:0 starts to do snapshot
I1218 01:15:44.965788 21206 snapshot.cpp:647] Deleting ./data/snapshot/snapshot_00000000000000000019
I1218 01:15:44.991108 21206 snapshot.cpp:653] Renaming ./data/snapshot/temp to ./data/snapshot/snapshot_00000000000000000019
I1218 01:15:45.068399 21206 snapshot.cpp:523] Deleting ./data/snapshot/snapshot_00000000000000000018
I1218 01:15:45.341789 21206 snapshot_executor.cpp:234] node Atomic:10.1.4.3:8700:0 snapshot_save_done, last_included_index=19 last_included_term=25
I1218 01:15:45.681843 21190 server.cpp:306] Configuration of this group is 10.1.1.3:8700:0,10.1.2.3:8700:0,10.1.3.3:8700:0,10.1.4.3:8700:0,10.1.5.3:8700:0
I1218 01:15:45.685248 21190 node.cpp:3310] node Atomic:10.1.4.3:8700:0 reset ConfigurationCtx, new_peers: 10.1.1.3:8700:0,10.1.2.3:8700:0,10.1.3.3:8700:0,10.1.4.3:8700:0,10.1.5.3:8700:0, old_peers: 10.1.1.3:8700:0,10.1.2.3:8700:0,10.1.3.3:8700:0,10.1.4.3:8700:0,10.1.5.3:8700:0
I1218 01:15:45.695233 21206 log.cpp:1153] log save_meta ./data/log/log_meta first_log_index: 19 time: 299987
I1218 01:15:45.910868 21190 server.cpp:291] Node becomes leader
W1218 01:15:47.176519 21207 replicator.cpp:397] Group Atomic fail to issue RPC to 10.1.3.3:8700:0 _consecutive_error_times=11, [E112]Not connected to 10.1.3.3:8700 yet, server_id=287 [R1][E112]Not connected to 10.1.3.3:8700 yet, server_id=287 [R2][E112]Not connected to 10.1.3.3:8700 yet, server_id=287 [R3][E112]Not connected to 10.1.3.3:8700 yet, server_id=287
W1218 01:15:47.704564 21206 replicator.cpp:397] Group Atomic fail to issue RPC to 10.1.5.3:8700:0 _consecutive_error_times=11, [E22][10.1.5.3:8700][E22]node Atomic:10.1.5.3:8700:0 is not in active state, state ERROR
W1218 01:15:49.741274 21188 replicator.cpp:397] Group Atomic fail to issue RPC to 10.1.3.3:8700:0 _consecutive_error_times=21, [E112]Not connected to 10.1.3.3:8700 yet, server_id=287 [R1][E112]Not connected to 10.1.3.3:8700 yet, server_id=287 [R2][E112]Not connected to 10.1.3.3:8700 yet, server_id=287 [R3][E112]Not connected to 10.1.3.3:8700 yet, server_id=287
W1218 01:15:50.547634 21196 replicator.cpp:397] Group Atomic fail to issue RPC to 10.1.5.3:8700:0 _consecutive_error_times=21, [E22][10.1.5.3:8700][E22]node Atomic:10.1.5.3:8700:0 is not in active state, state ERROR
W1218 01:15:50.870911 21151 sampler.cpp:192] bvar is busy at sampling for 2 seconds!
W1218 01:15:52.490290 21207 replicator.cpp:297] Group Atomic fail to issue RPC to 10.1.3.3:8700:0 _consecutive_error_times=31, [E112]Not connected to 10.1.3.3:8700 yet, server_id=287 [R1][E112]Not connected to 10.1.3.3:8700 yet, server_id=287 [R2][E112]Not connected to 10.1.3.3:8700 yet, server_id=287 [R3][E112]Not connected to 10.1.3.3:8700 yet, server_id=287
W1218 01:15:52.989447 21188 replicator.cpp:297] Group Atomic fail to issue RPC to 10.1.2.3:8700:0 _consecutive_error_times=1, [E1014]Got EOF of Socket{id=8589934874fd=10 addr=10.1.2.3:8700:42218} (0x0x6310000b5040) [R1][E112]Not connected to 10.1.2.3:8700 yet, server_id=8589934874 [R2][E112]Not connected to 10.1.2.3:8700 yet, server_id=8589934874 [R3][E112]Not connected to 10.1.2.3:8700 yet, server_id=8589934874
I1218 01:15:53.072474 21183 socket.cpp:2570] Checking Socket{id=8589934874 addr=10.1.2.3:8700} (0x6310000b5040)
WARNING: Logging before InitGoogleLogging() is written to STDERR
W1218 01:16:01.756597 21546 bthread.cpp:409] Fail to set concurrency by tag: 0, tag concurrency must larger than old oncurrency. old concurrency: 24, new concurrency: 9
I1218 01:16:02.442750 21546 server.cpp:1208] Server[braft::RaftStatImpl+braft::FileServiceImpl+braft::RaftServiceImpl+braft::CliServiceImpl+example::AtomicServiceImpl] is serving on port=8700.
I1218 01:16:02.445339 21546 server.cpp:1211] Check out http://n4:8700 in web browser.
I1218 01:16:02.621299 21546 log.cpp:691] Use murmurhash32 as the checksum type of appending entries
I1218 01:16:02.678927 21546 log.cpp:1175] log load_meta ./data/log/log_meta first_log_index: 19 time: 27080
I1218 01:16:02.681262 21546 log.cpp:1115] load open segment, path: ./data/log first_index: 7
I1218 01:16:02.879012 21546 snapshot.cpp:465] Deleting ./data/snapshot/temp
I1218 01:16:03.199679 21612 server.cpp:306] Configuration of this group is 10.1.1.3:8700:0,10.1.2.3:8700:0,10.1.3.3:8700:0,10.1.4.3:8700:0,10.1.5.3:8700:0
I1218 01:16:03.260241 21612 snapshot_executor.cpp:264] node Atomic:10.1.4.3:8700:0 snapshot_load_done, last_included_index: 19 last_included_term: 25 peers: "10.1.1.3:8700:0" peers: "10.1.2.3:8700:0" peers: "10.1.3.3:8700:0" peers: "10.1.4.3:8700:0" peers: "10.1.5.3:8700:0"
I1218 01:16:03.275862 21546 raft_meta.cpp:521] Loaded single stable meta, path ./data/raft_meta term 26 votedfor 10.1.4.3:8700:0 time: 1007
I1218 01:16:03.277446 21546 node.cpp:608] node Atomic:10.1.4.3:8700:0 init, term: 26 last_log_id: (index=20,term=26) conf: 10.1.1.3:8700:0,10.1.2.3:8700:0,10.1.3.3:8700:0,10.1.4.3:8700:0,10.1.5.3:8700:0 old_conf: 
I1218 01:16:03.280341 21546 server.cpp:509] Atomic service is running on 0.0.0.0:8700
I1218 01:16:08.303954 21605 node.cpp:2129] node Atomic:10.1.4.3:8700:0 received PreVote from 10.1.1.3:8700:0 in term 27 current_term 26 granted 1 rejected_by_lease 0
I1218 01:16:08.755293 21598 node.cpp:2211] node Atomic:10.1.4.3:8700:0 received RequestVote from 10.1.1.3:8700:0 in term 27 current_term 26 log_is_ok 1 votable_time 0
I1218 01:16:08.931249 21598 raft_meta.cpp:546] Saved single stable meta, path ./data/raft_meta term 27 votedfor 0.0.0.0:0:0 time: 138199
I1218 01:16:09.005333 21598 raft_meta.cpp:546] Saved single stable meta, path ./data/raft_meta term 27 votedfor 10.1.1.3:8700:0 time: 71104
I1218 01:16:09.651540 21612 server.cpp:312] Node start following { leader_id=10.1.1.3:8700:0, term=27, status=Follower receives message from new leader with the same term.}
I1218 01:16:10.050079 21593 server.cpp:306] Configuration of this group is 10.1.1.3:8700:0,10.1.2.3:8700:0,10.1.3.3:8700:0,10.1.4.3:8700:0,10.1.5.3:8700:0
I1218 01:16:10.052165 21593 server.cpp:306] Configuration of this group is 10.1.1.3:8700:0,10.1.2.3:8700:0,10.1.3.3:8700:0,10.1.4.3:8700:0,10.1.5.3:8700:0
WARNING: Logging before InitGoogleLogging() is written to STDERR
W1218 01:16:24.530778 21785 bthread.cpp:409] Fail to set concurrency by tag: 0, tag concurrency must larger than old oncurrency. old concurrency: 24, new concurrency: 9
I1218 01:16:25.577592 21785 server.cpp:1208] Server[braft::RaftStatImpl+braft::FileServiceImpl+braft::RaftServiceImpl+braft::CliServiceImpl+example::AtomicServiceImpl] is serving on port=8700.
I1218 01:16:25.619513 21785 server.cpp:1211] Check out http://n4:8700 in web browser.
I1218 01:16:26.241355 21785 log.cpp:691] Use murmurhash32 as the checksum type of appending entries
I1218 01:16:26.251566 21785 log.cpp:1175] log load_meta ./data/log/log_meta first_log_index: 19 time: 8772
I1218 01:16:26.255398 21785 log.cpp:1115] load open segment, path: ./data/log first_index: 7
I1218 01:16:26.349159 21785 snapshot.cpp:465] Deleting ./data/snapshot/temp
I1218 01:16:26.687239 21851 server.cpp:306] Configuration of this group is 10.1.1.3:8700:0,10.1.2.3:8700:0,10.1.3.3:8700:0,10.1.4.3:8700:0,10.1.5.3:8700:0
I1218 01:16:26.754878 21851 snapshot_executor.cpp:264] node Atomic:10.1.4.3:8700:0 snapshot_load_done, last_included_index: 19 last_included_term: 25 peers: "10.1.1.3:8700:0" peers: "10.1.2.3:8700:0" peers: "10.1.3.3:8700:0" peers: "10.1.4.3:8700:0" peers: "10.1.5.3:8700:0"
I1218 01:16:26.773947 21785 raft_meta.cpp:521] Loaded single stable meta, path ./data/raft_meta term 27 votedfor 10.1.1.3:8700:0 time: 995
I1218 01:16:26.775964 21785 node.cpp:608] node Atomic:10.1.4.3:8700:0 init, term: 27 last_log_id: (index=21,term=27) conf: 10.1.1.3:8700:0,10.1.2.3:8700:0,10.1.3.3:8700:0,10.1.4.3:8700:0,10.1.5.3:8700:0 old_conf: 
I1218 01:16:26.884151 21785 server.cpp:509] Atomic service is running on 0.0.0.0:8700
I1218 01:16:30.377127 21859 node.cpp:2129] node Atomic:10.1.4.3:8700:0 received PreVote from 10.1.3.3:8700:0 in term 28 current_term 27 granted 1 rejected_by_lease 0
I1218 01:16:30.868465 21860 node.cpp:2211] node Atomic:10.1.4.3:8700:0 received RequestVote from 10.1.3.3:8700:0 in term 28 current_term 27 log_is_ok 1 votable_time 0
I1218 01:16:31.220331 21860 raft_meta.cpp:546] Saved single stable meta, path ./data/raft_meta term 28 votedfor 0.0.0.0:0:0 time: 245530
I1218 01:16:31.269053 21860 raft_meta.cpp:546] Saved single stable meta, path ./data/raft_meta term 28 votedfor 10.1.3.3:8700:0 time: 25121
I1218 01:16:31.600458 21859 server.cpp:312] Node start following { leader_id=10.1.3.3:8700:0, term=28, status=Follower receives message from new leader with the same term.}
I1218 01:16:31.733675 21860 node.cpp:2129] node Atomic:10.1.4.3:8700:0 received PreVote from 10.1.2.3:8700:0 in term 29 current_term 28 granted 1 rejected_by_lease 0
I1218 01:16:31.776559 21859 server.cpp:306] Configuration of this group is 10.1.1.3:8700:0,10.1.2.3:8700:0,10.1.3.3:8700:0,10.1.4.3:8700:0,10.1.5.3:8700:0
I1218 01:16:31.943279 21859 server.cpp:306] Configuration of this group is 10.1.1.3:8700:0,10.1.2.3:8700:0,10.1.3.3:8700:0,10.1.4.3:8700:0,10.1.5.3:8700:0
I1218 01:16:32.658358 21851 server.cpp:306] Configuration of this group is 10.1.1.3:8700:0,10.1.2.3:8700:0,10.1.3.3:8700:0,10.1.4.3:8700:0,10.1.5.3:8700:0
I1218 01:16:32.907353 21865 node.cpp:949] node Atomic:10.1.4.3:8700:0 starts to do snapshot
I1218 01:16:33.148404 21843 snapshot.cpp:647] Deleting ./data/snapshot/snapshot_00000000000000000022
I1218 01:16:33.150090 21843 snapshot.cpp:653] Renaming ./data/snapshot/temp to ./data/snapshot/snapshot_00000000000000000022
I1218 01:16:33.244644 21843 snapshot.cpp:523] Deleting ./data/snapshot/snapshot_00000000000000000019
I1218 01:16:33.324038 21843 snapshot_executor.cpp:234] node Atomic:10.1.4.3:8700:0 snapshot_save_done, last_included_index=22 last_included_term=28
I1218 01:16:33.409276 21843 log.cpp:1153] log save_meta ./data/log/log_meta first_log_index: 20 time: 43749
WARNING: Logging before InitGoogleLogging() is written to STDERR
W1218 01:17:02.849875 22214 bthread.cpp:409] Fail to set concurrency by tag: 0, tag concurrency must larger than old oncurrency. old concurrency: 24, new concurrency: 9
