I1218 01:45:44.826011 40592 snapshot_executor.cpp:234] node Atomic:10.1.4.3:8700:0 snapshot_save_done, last_included_index=74 last_included_term=82
I1218 01:45:44.941680 40592 log.cpp:1153] log save_meta ./data/log/log_meta first_log_index: 74 time: 36710
I1218 01:45:57.181773 40594 server.cpp:309] Node stops following { leader_id=10.1.2.3:8700:0, term=82, status=Lost connection from leader 10.1.2.3:8700:0}
I1218 01:45:57.206693 40595 node.cpp:1587] node Atomic:10.1.4.3:8700:0 term 82 start pre_vote
W1218 01:45:57.414302 40607 node.cpp:1567] node Atomic:10.1.4.3:8700:0 request PreVote from 10.1.2.3:8700:0 error: [E111]Fail to connect Socket{id=8589934780 addr=10.1.2.3:8700} (0x0x631000078d80): Connection refused
W1218 01:45:57.487123 40594 node.cpp:1567] node Atomic:10.1.4.3:8700:0 request PreVote from 10.1.5.3:8700:0 error: [E111]Fail to connect Socket{id=290 addr=10.1.5.3:8700} (0x0x6310000a2640): Connection refused
W1218 01:45:57.516305 40597 node.cpp:1567] node Atomic:10.1.4.3:8700:0 request PreVote from 10.1.3.3:8700:0 error: [E111]Fail to connect Socket{id=288 addr=10.1.3.3:8700} (0x0x6310000a20c0): Connection refused
I1218 01:45:57.668577 40592 node.cpp:2129] node Atomic:10.1.4.3:8700:0 received PreVote from 10.1.1.3:8700:0 in term 83 current_term 82 granted 1 rejected_by_lease 0
I1218 01:45:57.680980 40595 node.cpp:1512] node Atomic:10.1.4.3:8700:0 received PreVoteResponse from 10.1.1.3:8700:0 term 82 granted 1 rejected_by_lease 0 disrupted 0
I1218 01:46:02.708786 40607 node.cpp:1587] node Atomic:10.1.4.3:8700:0 term 82 start pre_vote
W1218 01:46:02.970305 40592 node.cpp:1567] node Atomic:10.1.4.3:8700:0 request PreVote from 10.1.2.3:8700:0 error: [E111]Fail to connect Socket{id=8589934877 addr=10.1.2.3:8700} (0x0x6310000a1880): Connection refused
W1218 01:46:02.998762 40581 node.cpp:1567] node Atomic:10.1.4.3:8700:0 request PreVote from 10.1.5.3:8700:0 error: [E111]Fail to connect Socket{id=375 addr=10.1.5.3:8700} (0x0x6310000f1040): Connection refused
W1218 01:46:03.000389 40581 node.cpp:1567] node Atomic:10.1.4.3:8700:0 request PreVote from 10.1.3.3:8700:0 error: [E111]Fail to connect Socket{id=373 addr=10.1.3.3:8700} (0x0x6310000f0ac0): Connection refused
I1218 01:46:03.161675 40594 node.cpp:1512] node Atomic:10.1.4.3:8700:0 received PreVoteResponse from 10.1.1.3:8700:0 term 82 granted 1 rejected_by_lease 0 disrupted 0
I1218 01:46:03.293833 40581 node.cpp:2129] node Atomic:10.1.4.3:8700:0 received PreVote from 10.1.1.3:8700:0 in term 83 current_term 82 granted 1 rejected_by_lease 0
I1218 01:46:08.007915 40581 node.cpp:1587] node Atomic:10.1.4.3:8700:0 term 82 start pre_vote
W1218 01:46:08.049263 40592 node.cpp:1567] node Atomic:10.1.4.3:8700:0 request PreVote from 10.1.2.3:8700:0 error: [E111]Fail to connect Socket{id=465 addr=10.1.2.3:8700} (0x0x631000104800): Connection refused
W1218 01:46:08.051093 40592 node.cpp:1567] node Atomic:10.1.4.3:8700:0 request PreVote from 10.1.3.3:8700:0 error: [E111]Fail to connect Socket{id=467 addr=10.1.3.3:8700} (0x0x631000104d80): Connection refused
I1218 01:46:08.098232 40597 node.cpp:1512] node Atomic:10.1.4.3:8700:0 received PreVoteResponse from 10.1.1.3:8700:0 term 82 granted 1 rejected_by_lease 0 disrupted 0
W1218 01:46:08.113401 40597 node.cpp:1567] node Atomic:10.1.4.3:8700:0 request PreVote from 10.1.5.3:8700:0 error: [E111]Fail to connect Socket{id=469 addr=10.1.5.3:8700} (0x0x631000105300): Connection refused
I1218 01:46:08.335888 40594 node.cpp:2129] node Atomic:10.1.4.3:8700:0 received PreVote from 10.1.1.3:8700:0 in term 83 current_term 82 granted 1 rejected_by_lease 0
I1218 01:46:13.595757 40581 node.cpp:1587] node Atomic:10.1.4.3:8700:0 term 82 start pre_vote
W1218 01:46:14.039666 40607 node.cpp:1567] node Atomic:10.1.4.3:8700:0 request PreVote from 10.1.2.3:8700:0 error: [E111]Fail to connect Socket{id=473 addr=10.1.2.3:8700} (0x0x631000105e00): Connection refused
W1218 01:46:14.064399 40594 node.cpp:1567] node Atomic:10.1.4.3:8700:0 request PreVote from 10.1.3.3:8700:0 error: [E111]Fail to connect Socket{id=475 addr=10.1.3.3:8700} (0x0x631000106380): Connection refused
W1218 01:46:14.082171 40595 node.cpp:1567] node Atomic:10.1.4.3:8700:0 request PreVote from 10.1.5.3:8700:0 error: [E111]Fail to connect Socket{id=477 addr=10.1.5.3:8700} (0x0x631000106900): Connection refused
I1218 01:46:14.178040 40592 node.cpp:2129] node Atomic:10.1.4.3:8700:0 received PreVote from 10.1.1.3:8700:0 in term 83 current_term 82 granted 1 rejected_by_lease 0
I1218 01:46:14.236397 40581 node.cpp:1512] node Atomic:10.1.4.3:8700:0 received PreVoteResponse from 10.1.1.3:8700:0 term 82 granted 1 rejected_by_lease 0 disrupted 0
I1218 01:46:14.708576 40592 node.cpp:949] node Atomic:10.1.4.3:8700:0 starts to do snapshot
I1218 01:46:14.820272 40592 snapshot_executor.cpp:154] node Atomic:10.1.4.3:8700:0 the gap between fsm applied index 74 and last_snapshot_index 74 is less than 1, will clear bufferred logs and return success
I1218 01:46:15.123458 40581 log.cpp:1153] log save_meta ./data/log/log_meta first_log_index: 75 time: 352655
I1218 01:46:15.137799 40581 log.cpp:608] Unlinked segment `./data/log/log_inprogress_00000000000000000071'
I1218 01:46:19.636133 40594 node.cpp:1587] node Atomic:10.1.4.3:8700:0 term 82 start pre_vote
W1218 01:46:19.730206 40595 node.cpp:1567] node Atomic:10.1.4.3:8700:0 request PreVote from 10.1.5.3:8700:0 error: [E111]Fail to connect Socket{id=17179869469 addr=10.1.5.3:8700} (0x0x6310000a1880): Connection refused
W1218 01:46:19.730041 40592 node.cpp:1567] node Atomic:10.1.4.3:8700:0 request PreVote from 10.1.2.3:8700:0 error: [E111]Fail to connect Socket{id=25769803962 addr=10.1.2.3:8700} (0x0x631000078800): Connection refused
W1218 01:46:19.732631 40592 node.cpp:1567] node Atomic:10.1.4.3:8700:0 request PreVote from 10.1.3.3:8700:0 error: [E111]Fail to connect Socket{id=8589934968 addr=10.1.3.3:8700} (0x0x6310000f1300): Connection refused
I1218 01:46:19.741884 40607 node.cpp:1512] node Atomic:10.1.4.3:8700:0 received PreVoteResponse from 10.1.1.3:8700:0 term 82 granted 1 rejected_by_lease 0 disrupted 0
I1218 01:46:19.943885 40581 node.cpp:2129] node Atomic:10.1.4.3:8700:0 received PreVote from 10.1.1.3:8700:0 in term 83 current_term 82 granted 1 rejected_by_lease 0
WARNING: Logging before InitGoogleLogging() is written to STDERR
W1218 01:46:32.085610 41250 bthread.cpp:409] Fail to set concurrency by tag: 0, tag concurrency must larger than old oncurrency. old concurrency: 24, new concurrency: 9
I1218 01:46:32.833307 41250 server.cpp:1208] Server[braft::RaftStatImpl+braft::FileServiceImpl+braft::RaftServiceImpl+braft::CliServiceImpl+example::AtomicServiceImpl] is serving on port=8700.
I1218 01:46:32.875627 41250 server.cpp:1211] Check out http://n4:8700 in web browser.
I1218 01:46:33.423523 41250 log.cpp:691] Use murmurhash32 as the checksum type of appending entries
I1218 01:46:33.475358 41250 log.cpp:1175] log load_meta ./data/log/log_meta first_log_index: 75 time: 50164
I1218 01:46:33.511778 41250 snapshot.cpp:465] Deleting ./data/snapshot/temp
I1218 01:46:33.783578 41309 server.cpp:306] Configuration of this group is 10.1.1.3:8700:0,10.1.2.3:8700:0,10.1.3.3:8700:0,10.1.4.3:8700:0,10.1.5.3:8700:0
I1218 01:46:33.811805 41309 snapshot_executor.cpp:264] node Atomic:10.1.4.3:8700:0 snapshot_load_done, last_included_index: 74 last_included_term: 82 peers: "10.1.1.3:8700:0" peers: "10.1.2.3:8700:0" peers: "10.1.3.3:8700:0" peers: "10.1.4.3:8700:0" peers: "10.1.5.3:8700:0"
I1218 01:46:33.894249 41250 raft_meta.cpp:521] Loaded single stable meta, path ./data/raft_meta term 82 votedfor 10.1.2.3:8700:0 time: 1049
I1218 01:46:33.896436 41250 node.cpp:608] node Atomic:10.1.4.3:8700:0 init, term: 82 last_log_id: (index=74,term=82) conf: 10.1.1.3:8700:0,10.1.2.3:8700:0,10.1.3.3:8700:0,10.1.4.3:8700:0,10.1.5.3:8700:0 old_conf: 
I1218 01:46:33.900063 41250 server.cpp:509] Atomic service is running on 0.0.0.0:8700
I1218 01:46:38.570842 41311 node.cpp:2129] node Atomic:10.1.4.3:8700:0 received PreVote from 10.1.2.3:8700:0 in term 83 current_term 82 granted 1 rejected_by_lease 0
I1218 01:46:38.639212 41335 node.cpp:2129] node Atomic:10.1.4.3:8700:0 received PreVote from 10.1.3.3:8700:0 in term 83 current_term 82 granted 1 rejected_by_lease 0
I1218 01:46:38.972194 41314 node.cpp:2211] node Atomic:10.1.4.3:8700:0 received RequestVote from 10.1.2.3:8700:0 in term 83 current_term 82 log_is_ok 1 votable_time 0
I1218 01:46:39.088150 41314 raft_meta.cpp:546] Saved single stable meta, path ./data/raft_meta term 83 votedfor 0.0.0.0:0:0 time: 68863
I1218 01:46:39.160341 41314 raft_meta.cpp:546] Saved single stable meta, path ./data/raft_meta term 83 votedfor 10.1.2.3:8700:0 time: 61326
I1218 01:46:39.180866 41307 node.cpp:2211] node Atomic:10.1.4.3:8700:0 received RequestVote from 10.1.3.3:8700:0 in term 83 current_term 83 log_is_ok 1 votable_time 0
I1218 01:46:39.469362 41335 server.cpp:312] Node start following { leader_id=10.1.2.3:8700:0, term=83, status=Follower receives message from new leader with the same term.}
I1218 01:46:39.695029 41309 log.cpp:114] Created new segment `./data/log/log_inprogress_00000000000000000075' with fd=8
I1218 01:46:40.367692 41305 server.cpp:306] Configuration of this group is 10.1.1.3:8700:0,10.1.2.3:8700:0,10.1.3.3:8700:0,10.1.4.3:8700:0,10.1.5.3:8700:0
WARNING: Logging before InitGoogleLogging() is written to STDERR
W1218 01:47:06.049791 41592 bthread.cpp:409] Fail to set concurrency by tag: 0, tag concurrency must larger than old oncurrency. old concurrency: 24, new concurrency: 9
I1218 01:47:06.660992 41592 server.cpp:1208] Server[braft::RaftStatImpl+braft::FileServiceImpl+braft::RaftServiceImpl+braft::CliServiceImpl+example::AtomicServiceImpl] is serving on port=8700.
I1218 01:47:06.674335 41592 server.cpp:1211] Check out http://n4:8700 in web browser.
I1218 01:47:06.957010 41592 log.cpp:691] Use murmurhash32 as the checksum type of appending entries
I1218 01:47:06.990657 41592 log.cpp:1175] log load_meta ./data/log/log_meta first_log_index: 75 time: 32094
I1218 01:47:07.039192 41592 log.cpp:1115] load open segment, path: ./data/log first_index: 75
I1218 01:47:07.089461 41592 snapshot.cpp:465] Deleting ./data/snapshot/temp
I1218 01:47:07.235970 41670 server.cpp:306] Configuration of this group is 10.1.1.3:8700:0,10.1.2.3:8700:0,10.1.3.3:8700:0,10.1.4.3:8700:0,10.1.5.3:8700:0
I1218 01:47:07.259682 41670 snapshot_executor.cpp:264] node Atomic:10.1.4.3:8700:0 snapshot_load_done, last_included_index: 74 last_included_term: 82 peers: "10.1.1.3:8700:0" peers: "10.1.2.3:8700:0" peers: "10.1.3.3:8700:0" peers: "10.1.4.3:8700:0" peers: "10.1.5.3:8700:0"
I1218 01:47:07.319494 41592 raft_meta.cpp:521] Loaded single stable meta, path ./data/raft_meta term 83 votedfor 10.1.2.3:8700:0 time: 22747
I1218 01:47:07.322170 41592 node.cpp:608] node Atomic:10.1.4.3:8700:0 init, term: 83 last_log_id: (index=75,term=83) conf: 10.1.1.3:8700:0,10.1.2.3:8700:0,10.1.3.3:8700:0,10.1.4.3:8700:0,10.1.5.3:8700:0 old_conf: 
I1218 01:47:07.352088 41592 server.cpp:509] Atomic service is running on 0.0.0.0:8700
I1218 01:47:07.924124 41639 node.cpp:2129] node Atomic:10.1.4.3:8700:0 received PreVote from 10.1.3.3:8700:0 in term 84 current_term 83 granted 1 rejected_by_lease 0
I1218 01:47:08.340186 41646 node.cpp:2211] node Atomic:10.1.4.3:8700:0 received RequestVote from 10.1.3.3:8700:0 in term 84 current_term 83 log_is_ok 1 votable_time 0
I1218 01:47:08.376088 41646 raft_meta.cpp:546] Saved single stable meta, path ./data/raft_meta term 84 votedfor 0.0.0.0:0:0 time: 31786
I1218 01:47:08.401856 41646 raft_meta.cpp:546] Saved single stable meta, path ./data/raft_meta term 84 votedfor 10.1.3.3:8700:0 time: 23148
I1218 01:47:08.797346 41639 server.cpp:312] Node start following { leader_id=10.1.3.3:8700:0, term=84, status=Follower receives message from new leader with the same term.}
I1218 01:47:08.860909 41646 server.cpp:306] Configuration of this group is 10.1.1.3:8700:0,10.1.2.3:8700:0,10.1.3.3:8700:0,10.1.4.3:8700:0,10.1.5.3:8700:0
I1218 01:47:09.216271 41639 server.cpp:306] Configuration of this group is 10.1.1.3:8700:0,10.1.2.3:8700:0,10.1.3.3:8700:0,10.1.4.3:8700:0,10.1.5.3:8700:0
WARNING: Logging before InitGoogleLogging() is written to STDERR
W1218 01:47:27.701128 41812 bthread.cpp:409] Fail to set concurrency by tag: 0, tag concurrency must larger than old oncurrency. old concurrency: 24, new concurrency: 9
I1218 01:47:28.359347 41812 server.cpp:1208] Server[braft::RaftStatImpl+braft::FileServiceImpl+braft::RaftServiceImpl+braft::CliServiceImpl+example::AtomicServiceImpl] is serving on port=8700.
I1218 01:47:28.360951 41812 server.cpp:1211] Check out http://n4:8700 in web browser.
I1218 01:47:28.528833 41812 log.cpp:691] Use murmurhash32 as the checksum type of appending entries
I1218 01:47:28.543614 41812 log.cpp:1175] log load_meta ./data/log/log_meta first_log_index: 75 time: 12397
I1218 01:47:28.545531 41812 log.cpp:1115] load open segment, path: ./data/log first_index: 75
I1218 01:47:28.571158 41812 snapshot.cpp:465] Deleting ./data/snapshot/temp
I1218 01:47:28.620316 41877 server.cpp:306] Configuration of this group is 10.1.1.3:8700:0,10.1.2.3:8700:0,10.1.3.3:8700:0,10.1.4.3:8700:0,10.1.5.3:8700:0
I1218 01:47:28.644948 41877 snapshot_executor.cpp:264] node Atomic:10.1.4.3:8700:0 snapshot_load_done, last_included_index: 74 last_included_term: 82 peers: "10.1.1.3:8700:0" peers: "10.1.2.3:8700:0" peers: "10.1.3.3:8700:0" peers: "10.1.4.3:8700:0" peers: "10.1.5.3:8700:0"
I1218 01:47:28.660789 41812 raft_meta.cpp:521] Loaded single stable meta, path ./data/raft_meta term 84 votedfor 10.1.3.3:8700:0 time: 1729
I1218 01:47:28.668133 41812 node.cpp:608] node Atomic:10.1.4.3:8700:0 init, term: 84 last_log_id: (index=76,term=84) conf: 10.1.1.3:8700:0,10.1.2.3:8700:0,10.1.3.3:8700:0,10.1.4.3:8700:0,10.1.5.3:8700:0 old_conf: 
I1218 01:47:28.685946 41812 server.cpp:509] Atomic service is running on 0.0.0.0:8700
I1218 01:47:30.236680 41859 node.cpp:2129] node Atomic:10.1.4.3:8700:0 received PreVote from 10.1.3.3:8700:0 in term 85 current_term 84 granted 1 rejected_by_lease 0
I1218 01:47:30.485994 41865 node.cpp:2211] node Atomic:10.1.4.3:8700:0 received RequestVote from 10.1.3.3:8700:0 in term 85 current_term 84 log_is_ok 1 votable_time 0
I1218 01:47:30.715837 41865 raft_meta.cpp:546] Saved single stable meta, path ./data/raft_meta term 85 votedfor 0.0.0.0:0:0 time: 130099
I1218 01:47:30.805073 41865 raft_meta.cpp:546] Saved single stable meta, path ./data/raft_meta term 85 votedfor 10.1.3.3:8700:0 time: 86635
I1218 01:47:31.181797 41860 server.cpp:312] Node start following { leader_id=10.1.3.3:8700:0, term=85, status=Follower receives message from new leader with the same term.}
I1218 01:47:31.184592 41860 server.cpp:306] Configuration of this group is 10.1.1.3:8700:0,10.1.2.3:8700:0,10.1.3.3:8700:0,10.1.4.3:8700:0,10.1.5.3:8700:0
I1218 01:47:31.189178 41860 server.cpp:306] Configuration of this group is 10.1.1.3:8700:0,10.1.2.3:8700:0,10.1.3.3:8700:0,10.1.4.3:8700:0,10.1.5.3:8700:0
I1218 01:47:31.633428 41858 server.cpp:306] Configuration of this group is 10.1.1.3:8700:0,10.1.2.3:8700:0,10.1.3.3:8700:0,10.1.4.3:8700:0,10.1.5.3:8700:0
I1218 01:47:45.585857 41884 node.cpp:949] node Atomic:10.1.4.3:8700:0 starts to do snapshot
I1218 01:47:45.774852 41884 snapshot.cpp:647] Deleting ./data/snapshot/snapshot_00000000000000000077
I1218 01:47:45.776681 41884 snapshot.cpp:653] Renaming ./data/snapshot/temp to ./data/snapshot/snapshot_00000000000000000077
I1218 01:47:45.779949 41884 snapshot.cpp:523] Deleting ./data/snapshot/snapshot_00000000000000000074
I1218 01:47:45.798359 41884 snapshot_executor.cpp:234] node Atomic:10.1.4.3:8700:0 snapshot_save_done, last_included_index=77 last_included_term=85
WARNING: Logging before InitGoogleLogging() is written to STDERR
W1218 01:48:21.515704 42350 bthread.cpp:409] Fail to set concurrency by tag: 0, tag concurrency must larger than old oncurrency. old concurrency: 24, new concurrency: 9
I1218 01:48:22.407430 42350 server.cpp:1208] Server[braft::RaftStatImpl+braft::FileServiceImpl+braft::RaftServiceImpl+braft::CliServiceImpl+example::AtomicServiceImpl] is serving on port=8700.
I1218 01:48:22.408953 42350 server.cpp:1211] Check out http://n4:8700 in web browser.
I1218 01:48:22.599073 42350 log.cpp:691] Use murmurhash32 as the checksum type of appending entries
I1218 01:48:22.603605 42350 log.cpp:1175] log load_meta ./data/log/log_meta first_log_index: 75 time: 3177
I1218 01:48:22.605504 42350 log.cpp:1115] load open segment, path: ./data/log first_index: 75
I1218 01:48:22.627928 42350 snapshot.cpp:465] Deleting ./data/snapshot/temp
I1218 01:48:22.735292 42423 server.cpp:306] Configuration of this group is 10.1.1.3:8700:0,10.1.2.3:8700:0,10.1.3.3:8700:0,10.1.4.3:8700:0,10.1.5.3:8700:0
I1218 01:48:22.755964 42423 snapshot_executor.cpp:264] node Atomic:10.1.4.3:8700:0 snapshot_load_done, last_included_index: 77 last_included_term: 85 peers: "10.1.1.3:8700:0" peers: "10.1.2.3:8700:0" peers: "10.1.3.3:8700:0" peers: "10.1.4.3:8700:0" peers: "10.1.5.3:8700:0"
I1218 01:48:22.789566 42350 raft_meta.cpp:521] Loaded single stable meta, path ./data/raft_meta term 85 votedfor 10.1.3.3:8700:0 time: 19360
I1218 01:48:22.806378 42350 node.cpp:608] node Atomic:10.1.4.3:8700:0 init, term: 85 last_log_id: (index=77,term=85) conf: 10.1.1.3:8700:0,10.1.2.3:8700:0,10.1.3.3:8700:0,10.1.4.3:8700:0,10.1.5.3:8700:0 old_conf: 
I1218 01:48:22.810698 42350 server.cpp:509] Atomic service is running on 0.0.0.0:8700
WARNING: Logging before InitGoogleLogging() is written to STDERR
W1218 01:49:00.076267 42769 bthread.cpp:409] Fail to set concurrency by tag: 0, tag concurrency must larger than old oncurrency. old concurrency: 24, new concurrency: 9
I1218 01:49:00.672470 42769 server.cpp:1208] Server[braft::RaftStatImpl+braft::FileServiceImpl+braft::RaftServiceImpl+braft::CliServiceImpl+example::AtomicServiceImpl] is serving on port=8700.
I1218 01:49:00.674263 42769 server.cpp:1211] Check out http://n4:8700 in web browser.
I1218 01:49:01.175613 42769 log.cpp:691] Use murmurhash32 as the checksum type of appending entries
I1218 01:49:01.187573 42769 log.cpp:1175] log load_meta ./data/log/log_meta first_log_index: 75 time: 2388
I1218 01:49:01.189632 42769 log.cpp:1115] load open segment, path: ./data/log first_index: 75
I1218 01:49:01.206912 42769 snapshot.cpp:465] Deleting ./data/snapshot/temp
I1218 01:49:01.250949 42838 server.cpp:306] Configuration of this group is 10.1.1.3:8700:0,10.1.2.3:8700:0,10.1.3.3:8700:0,10.1.4.3:8700:0,10.1.5.3:8700:0
I1218 01:49:01.287954 42838 snapshot_executor.cpp:264] node Atomic:10.1.4.3:8700:0 snapshot_load_done, last_included_index: 77 last_included_term: 85 peers: "10.1.1.3:8700:0" peers: "10.1.2.3:8700:0" peers: "10.1.3.3:8700:0" peers: "10.1.4.3:8700:0" peers: "10.1.5.3:8700:0"
I1218 01:49:01.310365 42769 raft_meta.cpp:521] Loaded single stable meta, path ./data/raft_meta term 85 votedfor 10.1.3.3:8700:0 time: 845
I1218 01:49:01.312021 42769 node.cpp:608] node Atomic:10.1.4.3:8700:0 init, term: 85 last_log_id: (index=77,term=85) conf: 10.1.1.3:8700:0,10.1.2.3:8700:0,10.1.3.3:8700:0,10.1.4.3:8700:0,10.1.5.3:8700:0 old_conf: 
I1218 01:49:01.335410 42769 server.cpp:509] Atomic service is running on 0.0.0.0:8700
I1218 01:49:05.393675 42838 node.cpp:2129] node Atomic:10.1.4.3:8700:0 received PreVote from 10.1.3.3:8700:0 in term 86 current_term 85 granted 1 rejected_by_lease 0
I1218 01:49:05.868671 42848 node.cpp:2211] node Atomic:10.1.4.3:8700:0 received RequestVote from 10.1.3.3:8700:0 in term 86 current_term 85 log_is_ok 1 votable_time 0
I1218 01:49:05.985713 42848 raft_meta.cpp:546] Saved single stable meta, path ./data/raft_meta term 86 votedfor 0.0.0.0:0:0 time: 70470
I1218 01:49:06.056955 42848 raft_meta.cpp:546] Saved single stable meta, path ./data/raft_meta term 86 votedfor 10.1.3.3:8700:0 time: 51882
I1218 01:49:06.079591 42843 node.cpp:2129] node Atomic:10.1.4.3:8700:0 received PreVote from 10.1.2.3:8700:0 in term 86 current_term 86 granted 1 rejected_by_lease 0
I1218 01:49:06.428098 42834 server.cpp:312] Node start following { leader_id=10.1.3.3:8700:0, term=86, status=Follower receives message from new leader with the same term.}
I1218 01:49:06.941381 42832 server.cpp:306] Configuration of this group is 10.1.1.3:8700:0,10.1.2.3:8700:0,10.1.3.3:8700:0,10.1.4.3:8700:0,10.1.5.3:8700:0
WARNING: Logging before InitGoogleLogging() is written to STDERR
W1218 01:49:29.232296 43091 bthread.cpp:409] Fail to set concurrency by tag: 0, tag concurrency must larger than old oncurrency. old concurrency: 24, new concurrency: 9
I1218 01:49:29.867372 43091 server.cpp:1208] Server[braft::RaftStatImpl+braft::FileServiceImpl+braft::RaftServiceImpl+braft::CliServiceImpl+example::AtomicServiceImpl] is serving on port=8700.
I1218 01:49:29.869010 43091 server.cpp:1211] Check out http://n4:8700 in web browser.
I1218 01:49:30.168628 43091 log.cpp:691] Use murmurhash32 as the checksum type of appending entries
I1218 01:49:30.189236 43091 log.cpp:1175] log load_meta ./data/log/log_meta first_log_index: 75 time: 19224
I1218 01:49:30.191264 43091 log.cpp:1115] load open segment, path: ./data/log first_index: 75
I1218 01:49:30.224402 43091 snapshot.cpp:465] Deleting ./data/snapshot/temp
I1218 01:49:30.315567 43161 server.cpp:306] Configuration of this group is 10.1.1.3:8700:0,10.1.2.3:8700:0,10.1.3.3:8700:0,10.1.4.3:8700:0,10.1.5.3:8700:0
I1218 01:49:30.381848 43161 snapshot_executor.cpp:264] node Atomic:10.1.4.3:8700:0 snapshot_load_done, last_included_index: 77 last_included_term: 85 peers: "10.1.1.3:8700:0" peers: "10.1.2.3:8700:0" peers: "10.1.3.3:8700:0" peers: "10.1.4.3:8700:0" peers: "10.1.5.3:8700:0"
I1218 01:49:30.439431 43091 raft_meta.cpp:521] Loaded single stable meta, path ./data/raft_meta term 86 votedfor 10.1.3.3:8700:0 time: 811
I1218 01:49:30.441269 43091 node.cpp:608] node Atomic:10.1.4.3:8700:0 init, term: 86 last_log_id: (index=78,term=86) conf: 10.1.1.3:8700:0,10.1.2.3:8700:0,10.1.3.3:8700:0,10.1.4.3:8700:0,10.1.5.3:8700:0 old_conf: 
I1218 01:49:30.452625 43091 server.cpp:509] Atomic service is running on 0.0.0.0:8700
I1218 01:49:32.814307 43158 node.cpp:2129] node Atomic:10.1.4.3:8700:0 received PreVote from 10.1.3.3:8700:0 in term 87 current_term 86 granted 1 rejected_by_lease 0
I1218 01:49:33.252341 43150 node.cpp:2211] node Atomic:10.1.4.3:8700:0 received RequestVote from 10.1.3.3:8700:0 in term 87 current_term 86 log_is_ok 1 votable_time 0
I1218 01:49:33.329895 43150 raft_meta.cpp:546] Saved single stable meta, path ./data/raft_meta term 87 votedfor 0.0.0.0:0:0 time: 75168
I1218 01:49:33.377691 43150 raft_meta.cpp:546] Saved single stable meta, path ./data/raft_meta term 87 votedfor 10.1.3.3:8700:0 time: 32972
I1218 01:49:35.229432 43150 server.cpp:312] Node start following { leader_id=10.1.3.3:8700:0, term=87, status=Follower receives message from new leader with the same term.}
I1218 01:49:35.289321 43150 server.cpp:306] Configuration of this group is 10.1.1.3:8700:0,10.1.2.3:8700:0,10.1.3.3:8700:0,10.1.4.3:8700:0,10.1.5.3:8700:0
I1218 01:49:35.697053 43161 server.cpp:306] Configuration of this group is 10.1.1.3:8700:0,10.1.2.3:8700:0,10.1.3.3:8700:0,10.1.4.3:8700:0,10.1.5.3:8700:0
WARNING: Logging before InitGoogleLogging() is written to STDERR
W1218 01:49:53.580713 43319 bthread.cpp:409] Fail to set concurrency by tag: 0, tag concurrency must larger than old oncurrency. old concurrency: 24, new concurrency: 9
I1218 01:49:54.609457 43319 server.cpp:1208] Server[braft::RaftStatImpl+braft::FileServiceImpl+braft::RaftServiceImpl+braft::CliServiceImpl+example::AtomicServiceImpl] is serving on port=8700.
I1218 01:49:54.625537 43319 server.cpp:1211] Check out http://n4:8700 in web browser.
I1218 01:49:54.934499 43319 log.cpp:691] Use murmurhash32 as the checksum type of appending entries
I1218 01:49:54.972016 43319 log.cpp:1175] log load_meta ./data/log/log_meta first_log_index: 75 time: 14437
I1218 01:49:54.974671 43319 log.cpp:1115] load open segment, path: ./data/log first_index: 75
I1218 01:49:55.044643 43319 snapshot.cpp:465] Deleting ./data/snapshot/temp
I1218 01:49:55.169346 43390 server.cpp:306] Configuration of this group is 10.1.1.3:8700:0,10.1.2.3:8700:0,10.1.3.3:8700:0,10.1.4.3:8700:0,10.1.5.3:8700:0
I1218 01:49:55.204725 43390 snapshot_executor.cpp:264] node Atomic:10.1.4.3:8700:0 snapshot_load_done, last_included_index: 77 last_included_term: 85 peers: "10.1.1.3:8700:0" peers: "10.1.2.3:8700:0" peers: "10.1.3.3:8700:0" peers: "10.1.4.3:8700:0" peers: "10.1.5.3:8700:0"
I1218 01:49:55.256117 43319 raft_meta.cpp:521] Loaded single stable meta, path ./data/raft_meta term 87 votedfor 10.1.3.3:8700:0 time: 950
I1218 01:49:55.257862 43319 node.cpp:608] node Atomic:10.1.4.3:8700:0 init, term: 87 last_log_id: (index=79,term=87) conf: 10.1.1.3:8700:0,10.1.2.3:8700:0,10.1.3.3:8700:0,10.1.4.3:8700:0,10.1.5.3:8700:0 old_conf: 
I1218 01:49:55.272559 43319 server.cpp:509] Atomic service is running on 0.0.0.0:8700
I1218 01:49:57.219923 43400 node.cpp:2129] node Atomic:10.1.4.3:8700:0 received PreVote from 10.1.3.3:8700:0 in term 88 current_term 87 granted 1 rejected_by_lease 0
I1218 01:49:57.665311 43385 node.cpp:2211] node Atomic:10.1.4.3:8700:0 received RequestVote from 10.1.3.3:8700:0 in term 88 current_term 87 log_is_ok 1 votable_time 0
I1218 01:49:57.713923 43385 raft_meta.cpp:546] Saved single stable meta, path ./data/raft_meta term 88 votedfor 0.0.0.0:0:0 time: 29842
I1218 01:49:57.738116 43385 raft_meta.cpp:546] Saved single stable meta, path ./data/raft_meta term 88 votedfor 10.1.3.3:8700:0 time: 15903
I1218 01:49:57.747632 43400 node.cpp:2129] node Atomic:10.1.4.3:8700:0 received PreVote from 10.1.1.3:8700:0 in term 88 current_term 88 granted 1 rejected_by_lease 0
I1218 01:49:57.927790 43379 node.cpp:2211] node Atomic:10.1.4.3:8700:0 received RequestVote from 10.1.1.3:8700:0 in term 88 current_term 88 log_is_ok 1 votable_time 0
I1218 01:49:58.153851 43379 server.cpp:312] Node start following { leader_id=10.1.3.3:8700:0, term=88, status=Follower receives message from new leader with the same term.}
I1218 01:49:58.158228 43379 server.cpp:306] Configuration of this group is 10.1.1.3:8700:0,10.1.2.3:8700:0,10.1.3.3:8700:0,10.1.4.3:8700:0,10.1.5.3:8700:0
I1218 01:49:58.164996 43379 server.cpp:306] Configuration of this group is 10.1.1.3:8700:0,10.1.2.3:8700:0,10.1.3.3:8700:0,10.1.4.3:8700:0,10.1.5.3:8700:0
I1218 01:49:58.562201 43387 node.cpp:949] node Atomic:10.1.4.3:8700:0 starts to do snapshot
I1218 01:49:58.650368 43404 server.cpp:306] Configuration of this group is 10.1.1.3:8700:0,10.1.2.3:8700:0,10.1.3.3:8700:0,10.1.4.3:8700:0,10.1.5.3:8700:0
I1218 01:49:58.907251 43401 snapshot.cpp:647] Deleting ./data/snapshot/snapshot_00000000000000000080
I1218 01:49:58.908490 43401 snapshot.cpp:653] Renaming ./data/snapshot/temp to ./data/snapshot/snapshot_00000000000000000080
I1218 01:49:58.916697 43401 snapshot.cpp:523] Deleting ./data/snapshot/snapshot_00000000000000000077
I1218 01:49:58.976792 43401 snapshot_executor.cpp:234] node Atomic:10.1.4.3:8700:0 snapshot_save_done, last_included_index=80 last_included_term=88
I1218 01:49:58.997215 43401 log.cpp:1153] log save_meta ./data/log/log_meta first_log_index: 78 time: 15290
WARNING: Logging before InitGoogleLogging() is written to STDERR
W1218 01:51:47.483314 44688 bthread.cpp:409] Fail to set concurrency by tag: 0, tag concurrency must larger than old oncurrency. old concurrency: 24, new concurrency: 9
I1218 01:51:47.743636 44688 server.cpp:1208] Server[braft::RaftStatImpl+braft::FileServiceImpl+braft::RaftServiceImpl+braft::CliServiceImpl+example::AtomicServiceImpl] is serving on port=8700.
I1218 01:51:47.749881 44688 server.cpp:1211] Check out http://n4:8700 in web browser.
I1218 01:51:47.985181 44688 log.cpp:691] Use murmurhash32 as the checksum type of appending entries
I1218 01:51:47.989413 44688 log.cpp:1175] log load_meta ./data/log/log_meta first_log_index: 78 time: 2702
I1218 01:51:48.016075 44688 log.cpp:1115] load open segment, path: ./data/log first_index: 75
I1218 01:51:48.053871 44688 snapshot.cpp:465] Deleting ./data/snapshot/temp
I1218 01:51:48.342761 44721 server.cpp:306] Configuration of this group is 10.1.1.3:8700:0,10.1.2.3:8700:0,10.1.3.3:8700:0,10.1.4.3:8700:0,10.1.5.3:8700:0
I1218 01:51:48.393852 44721 snapshot_executor.cpp:264] node Atomic:10.1.4.3:8700:0 snapshot_load_done, last_included_index: 80 last_included_term: 88 peers: "10.1.1.3:8700:0" peers: "10.1.2.3:8700:0" peers: "10.1.3.3:8700:0" peers: "10.1.4.3:8700:0" peers: "10.1.5.3:8700:0"
I1218 01:51:48.407275 44688 raft_meta.cpp:521] Loaded single stable meta, path ./data/raft_meta term 88 votedfor 10.1.3.3:8700:0 time: 1820
I1218 01:51:48.408653 44688 node.cpp:608] node Atomic:10.1.4.3:8700:0 init, term: 88 last_log_id: (index=80,term=88) conf: 10.1.1.3:8700:0,10.1.2.3:8700:0,10.1.3.3:8700:0,10.1.4.3:8700:0,10.1.5.3:8700:0 old_conf: 
I1218 01:51:48.431478 44688 server.cpp:509] Atomic service is running on 0.0.0.0:8700
I1218 01:51:53.680403 44736 node.cpp:2129] node Atomic:10.1.4.3:8700:0 received PreVote from 10.1.3.3:8700:0 in term 89 current_term 88 granted 1 rejected_by_lease 0
I1218 01:51:54.099578 44718 node.cpp:2211] node Atomic:10.1.4.3:8700:0 received RequestVote from 10.1.3.3:8700:0 in term 89 current_term 88 log_is_ok 1 votable_time 0
I1218 01:51:54.306034 44718 raft_meta.cpp:546] Saved single stable meta, path ./data/raft_meta term 89 votedfor 0.0.0.0:0:0 time: 111358
I1218 01:51:54.458042 44718 raft_meta.cpp:546] Saved single stable meta, path ./data/raft_meta term 89 votedfor 10.1.3.3:8700:0 time: 123745
I1218 01:51:54.579252 44739 server.cpp:312] Node start following { leader_id=10.1.3.3:8700:0, term=89, status=Follower receives message from new leader with the same term.}
I1218 01:51:54.586942 44735 node.cpp:2129] node Atomic:10.1.4.3:8700:0 received PreVote from 10.1.2.3:8700:0 in term 90 current_term 89 granted 1 rejected_by_lease 0
I1218 01:51:54.897931 44715 server.cpp:306] Configuration of this group is 10.1.1.3:8700:0,10.1.2.3:8700:0,10.1.3.3:8700:0,10.1.4.3:8700:0,10.1.5.3:8700:0
WARNING: Logging before InitGoogleLogging() is written to STDERR
W1218 01:52:21.740926 45066 bthread.cpp:409] Fail to set concurrency by tag: 0, tag concurrency must larger than old oncurrency. old concurrency: 24, new concurrency: 9
I1218 01:52:22.165452 45066 server.cpp:1208] Server[braft::RaftStatImpl+braft::FileServiceImpl+braft::RaftServiceImpl+braft::CliServiceImpl+example::AtomicServiceImpl] is serving on port=8700.
I1218 01:52:22.167228 45066 server.cpp:1211] Check out http://n4:8700 in web browser.
I1218 01:52:22.451743 45066 log.cpp:691] Use murmurhash32 as the checksum type of appending entries
I1218 01:52:22.475670 45066 log.cpp:1175] log load_meta ./data/log/log_meta first_log_index: 78 time: 4348
I1218 01:52:22.500655 45066 log.cpp:1115] load open segment, path: ./data/log first_index: 75
I1218 01:52:22.606879 45066 snapshot.cpp:465] Deleting ./data/snapshot/temp
I1218 01:52:22.835937 45134 server.cpp:306] Configuration of this group is 10.1.1.3:8700:0,10.1.2.3:8700:0,10.1.3.3:8700:0,10.1.4.3:8700:0,10.1.5.3:8700:0
I1218 01:52:22.853708 45134 snapshot_executor.cpp:264] node Atomic:10.1.4.3:8700:0 snapshot_load_done, last_included_index: 80 last_included_term: 88 peers: "10.1.1.3:8700:0" peers: "10.1.2.3:8700:0" peers: "10.1.3.3:8700:0" peers: "10.1.4.3:8700:0" peers: "10.1.5.3:8700:0"
I1218 01:52:22.903882 45066 raft_meta.cpp:521] Loaded single stable meta, path ./data/raft_meta term 89 votedfor 10.1.3.3:8700:0 time: 802
I1218 01:52:22.925531 45066 node.cpp:608] node Atomic:10.1.4.3:8700:0 init, term: 89 last_log_id: (index=81,term=89) conf: 10.1.1.3:8700:0,10.1.2.3:8700:0,10.1.3.3:8700:0,10.1.4.3:8700:0,10.1.5.3:8700:0 old_conf: 
I1218 01:52:23.007550 45066 server.cpp:509] Atomic service is running on 0.0.0.0:8700
I1218 01:52:25.255259 45137 server.cpp:312] Node start following { leader_id=10.1.3.3:8700:0, term=89, status=Follower receives message from new leader with the same term.}
I1218 01:52:25.258984 45137 server.cpp:306] Configuration of this group is 10.1.1.3:8700:0,10.1.2.3:8700:0,10.1.3.3:8700:0,10.1.4.3:8700:0,10.1.5.3:8700:0
I1218 01:52:32.564481 45136 node.cpp:949] node Atomic:10.1.4.3:8700:0 starts to do snapshot
I1218 01:52:33.150652 45136 snapshot.cpp:647] Deleting ./data/snapshot/snapshot_00000000000000000081
I1218 01:52:33.152746 45136 snapshot.cpp:653] Renaming ./data/snapshot/temp to ./data/snapshot/snapshot_00000000000000000081
I1218 01:52:33.289737 45136 snapshot.cpp:523] Deleting ./data/snapshot/snapshot_00000000000000000080
I1218 01:52:33.582934 45136 snapshot_executor.cpp:234] node Atomic:10.1.4.3:8700:0 snapshot_save_done, last_included_index=81 last_included_term=89
I1218 01:52:33.861991 45122 log.cpp:1153] log save_meta ./data/log/log_meta first_log_index: 81 time: 153216
I1218 01:52:50.909430 45110 server.cpp:309] Node stops following { leader_id=10.1.3.3:8700:0, term=89, status=Lost connection from leader 10.1.3.3:8700:0}
I1218 01:52:50.909137 45122 node.cpp:1587] node Atomic:10.1.4.3:8700:0 term 89 start pre_vote
W1218 01:52:51.131944 45104 node.cpp:1567] node Atomic:10.1.4.3:8700:0 request PreVote from 10.1.2.3:8700:0 error: [E111]Fail to connect Socket{id=281 addr=10.1.2.3:8700} (0x0x6310000a0d80): Connection refused
W1218 01:52:51.144989 45110 node.cpp:1567] node Atomic:10.1.4.3:8700:0 request PreVote from 10.1.3.3:8700:0 error: [E111]Fail to connect Socket{id=283 addr=10.1.3.3:8700} (0x0x6310000a1300): Connection refused
W1218 01:52:51.176453 45104 node.cpp:1567] node Atomic:10.1.4.3:8700:0 request PreVote from 10.1.5.3:8700:0 error: [E111]Fail to connect Socket{id=285 addr=10.1.5.3:8700} (0x0x6310000a1880): Connection refused
WARNING: Logging before InitGoogleLogging() is written to STDERR
W1218 01:53:33.907904 45894 bthread.cpp:409] Fail to set concurrency by tag: 0, tag concurrency must larger than old oncurrency. old concurrency: 24, new concurrency: 9
I1218 01:53:34.995548 45894 server.cpp:1208] Server[braft::RaftStatImpl+braft::FileServiceImpl+braft::RaftServiceImpl+braft::CliServiceImpl+example::AtomicServiceImpl] is serving on port=8700.
I1218 01:53:35.019909 45894 server.cpp:1211] Check out http://n4:8700 in web browser.
I1218 01:53:35.319716 45894 log.cpp:691] Use murmurhash32 as the checksum type of appending entries
I1218 01:53:35.336526 45894 log.cpp:1175] log load_meta ./data/log/log_meta first_log_index: 81 time: 15420
I1218 01:53:35.356747 45894 log.cpp:1115] load open segment, path: ./data/log first_index: 75
I1218 01:53:35.421118 45894 snapshot.cpp:465] Deleting ./data/snapshot/temp
I1218 01:53:35.537228 45977 server.cpp:306] Configuration of this group is 10.1.1.3:8700:0,10.1.2.3:8700:0,10.1.3.3:8700:0,10.1.4.3:8700:0,10.1.5.3:8700:0
I1218 01:53:35.565745 45977 snapshot_executor.cpp:264] node Atomic:10.1.4.3:8700:0 snapshot_load_done, last_included_index: 81 last_included_term: 89 peers: "10.1.1.3:8700:0" peers: "10.1.2.3:8700:0" peers: "10.1.3.3:8700:0" peers: "10.1.4.3:8700:0" peers: "10.1.5.3:8700:0"
I1218 01:53:35.620942 45894 raft_meta.cpp:521] Loaded single stable meta, path ./data/raft_meta term 89 votedfor 10.1.3.3:8700:0 time: 904
I1218 01:53:35.622223 45894 node.cpp:608] node Atomic:10.1.4.3:8700:0 init, term: 89 last_log_id: (index=81,term=89) conf: 10.1.1.3:8700:0,10.1.2.3:8700:0,10.1.3.3:8700:0,10.1.4.3:8700:0,10.1.5.3:8700:0 old_conf: 
I1218 01:53:35.637691 45894 server.cpp:509] Atomic service is running on 0.0.0.0:8700
I1218 01:53:42.225315 45968 node.cpp:2129] node Atomic:10.1.4.3:8700:0 received PreVote from 10.1.2.3:8700:0 in term 90 current_term 89 granted 1 rejected_by_lease 0
I1218 01:53:42.383602 45977 node.cpp:2129] node Atomic:10.1.4.3:8700:0 received PreVote from 10.1.3.3:8700:0 in term 90 current_term 89 granted 1 rejected_by_lease 0
I1218 01:53:42.407543 45970 node.cpp:2129] node Atomic:10.1.4.3:8700:0 received PreVote from 10.1.1.3:8700:0 in term 90 current_term 89 granted 1 rejected_by_lease 0
I1218 01:53:42.601063 45974 node.cpp:2211] node Atomic:10.1.4.3:8700:0 received RequestVote from 10.1.2.3:8700:0 in term 90 current_term 89 log_is_ok 1 votable_time 0
I1218 01:53:42.651721 45974 raft_meta.cpp:546] Saved single stable meta, path ./data/raft_meta term 90 votedfor 0.0.0.0:0:0 time: 33151
I1218 01:53:42.700258 45974 raft_meta.cpp:546] Saved single stable meta, path ./data/raft_meta term 90 votedfor 10.1.2.3:8700:0 time: 46321
W1218 01:53:42.733574 45972 input_messenger.cpp:381] Fail to read from Socket{id=93 fd=8 addr=10.1.1.3:59716:8700} (0x631000050800): Connection reset by peer [104]
I1218 01:53:43.099004 45977 server.cpp:312] Node start following { leader_id=10.1.2.3:8700:0, term=90, status=Follower receives message from new leader with the same term.}
I1218 01:53:43.418351 45974 server.cpp:306] Configuration of this group is 10.1.1.3:8700:0,10.1.2.3:8700:0,10.1.3.3:8700:0,10.1.4.3:8700:0,10.1.5.3:8700:0
WARNING: Logging before InitGoogleLogging() is written to STDERR
W1218 01:53:51.045380 46101 bthread.cpp:409] Fail to set concurrency by tag: 0, tag concurrency must larger than old oncurrency. old concurrency: 24, new concurrency: 9
I1218 01:53:51.285605 46101 server.cpp:1208] Server[braft::RaftStatImpl+braft::FileServiceImpl+braft::RaftServiceImpl+braft::CliServiceImpl+example::AtomicServiceImpl] is serving on port=8700.
I1218 01:53:51.287137 46101 server.cpp:1211] Check out http://n4:8700 in web browser.
I1218 01:53:51.619951 46101 log.cpp:691] Use murmurhash32 as the checksum type of appending entries
I1218 01:53:51.623512 46101 log.cpp:1175] log load_meta ./data/log/log_meta first_log_index: 81 time: 2261
I1218 01:53:51.642648 46101 log.cpp:1115] load open segment, path: ./data/log first_index: 75
I1218 01:53:51.725541 46101 snapshot.cpp:465] Deleting ./data/snapshot/temp
I1218 01:53:51.860297 46151 server.cpp:306] Configuration of this group is 10.1.1.3:8700:0,10.1.2.3:8700:0,10.1.3.3:8700:0,10.1.4.3:8700:0,10.1.5.3:8700:0
I1218 01:53:51.987784 46151 snapshot_executor.cpp:264] node Atomic:10.1.4.3:8700:0 snapshot_load_done, last_included_index: 81 last_included_term: 89 peers: "10.1.1.3:8700:0" peers: "10.1.2.3:8700:0" peers: "10.1.3.3:8700:0" peers: "10.1.4.3:8700:0" peers: "10.1.5.3:8700:0"
I1218 01:53:52.036747 46101 raft_meta.cpp:521] Loaded single stable meta, path ./data/raft_meta term 90 votedfor 10.1.2.3:8700:0 time: 19559
I1218 01:53:52.038372 46101 node.cpp:608] node Atomic:10.1.4.3:8700:0 init, term: 90 last_log_id: (index=82,term=90) conf: 10.1.1.3:8700:0,10.1.2.3:8700:0,10.1.3.3:8700:0,10.1.4.3:8700:0,10.1.5.3:8700:0 old_conf: 
I1218 01:53:52.041582 46101 server.cpp:509] Atomic service is running on 0.0.0.0:8700
I1218 01:53:54.008183 46137 node.cpp:2129] node Atomic:10.1.4.3:8700:0 received PreVote from 10.1.3.3:8700:0 in term 91 current_term 90 granted 1 rejected_by_lease 0
I1218 01:53:55.026727 46154 node.cpp:2211] node Atomic:10.1.4.3:8700:0 received RequestVote from 10.1.3.3:8700:0 in term 91 current_term 90 log_is_ok 1 votable_time 0
I1218 01:53:55.132506 46154 raft_meta.cpp:546] Saved single stable meta, path ./data/raft_meta term 91 votedfor 0.0.0.0:0:0 time: 94366
I1218 01:53:55.188598 46154 raft_meta.cpp:546] Saved single stable meta, path ./data/raft_meta term 91 votedfor 10.1.3.3:8700:0 time: 38581
I1218 01:53:55.532166 46155 server.cpp:312] Node start following { leader_id=10.1.3.3:8700:0, term=91, status=Follower receives message from new leader with the same term.}
I1218 01:53:55.561403 46144 server.cpp:306] Configuration of this group is 10.1.1.3:8700:0,10.1.2.3:8700:0,10.1.3.3:8700:0,10.1.4.3:8700:0,10.1.5.3:8700:0
I1218 01:53:56.110152 46151 server.cpp:306] Configuration of this group is 10.1.1.3:8700:0,10.1.2.3:8700:0,10.1.3.3:8700:0,10.1.4.3:8700:0,10.1.5.3:8700:0
I1218 01:54:12.657842 46144 node.cpp:2129] node Atomic:10.1.4.3:8700:0 received PreVote from 10.1.2.3:8700:0 in term 92 current_term 91 granted 1 rejected_by_lease 0
I1218 01:54:12.836556 46154 node.cpp:2129] node Atomic:10.1.4.3:8700:0 received PreVote from 10.1.1.3:8700:0 in term 92 current_term 91 granted 1 rejected_by_lease 0
I1218 01:54:13.029965 46148 node.cpp:2211] node Atomic:10.1.4.3:8700:0 received RequestVote from 10.1.1.3:8700:0 in term 92 current_term 91 log_is_ok 1 votable_time 0
I1218 01:54:13.032663 46155 server.cpp:309] Node stops following { leader_id=10.1.3.3:8700:0, term=91, status=Raft node receives higher term request_vote_request.}
I1218 01:54:13.121381 46148 raft_meta.cpp:546] Saved single stable meta, path ./data/raft_meta term 92 votedfor 0.0.0.0:0:0 time: 76830
I1218 01:54:13.158865 46148 raft_meta.cpp:546] Saved single stable meta, path ./data/raft_meta term 92 votedfor 10.1.1.3:8700:0 time: 31884
I1218 01:54:13.164788 46159 node.cpp:2211] node Atomic:10.1.4.3:8700:0 received RequestVote from 10.1.2.3:8700:0 in term 92 current_term 92 log_is_ok 1 votable_time 0
I1218 01:54:14.203516 46159 node.cpp:1587] node Atomic:10.1.4.3:8700:0 term 92 start pre_vote
W1218 01:54:14.439937 46137 node.cpp:1567] node Atomic:10.1.4.3:8700:0 request PreVote from 10.1.5.3:8700:0 error: [E22][10.1.5.3:8700][E22]Invalid argument
W1218 01:54:14.442312 46145 node.cpp:1567] node Atomic:10.1.4.3:8700:0 request PreVote from 10.1.3.3:8700:0 error: [E111]Fail to connect Socket{id=284 addr=10.1.3.3:8700} (0x0x6310000b55c0): Connection refused
I1218 01:54:14.454792 46151 node.cpp:1512] node Atomic:10.1.4.3:8700:0 received PreVoteResponse from 10.1.1.3:8700:0 term 92 granted 1 rejected_by_lease 0 disrupted 0
I1218 01:54:14.456336 46154 node.cpp:1512] node Atomic:10.1.4.3:8700:0 received PreVoteResponse from 10.1.2.3:8700:0 term 92 granted 1 rejected_by_lease 0 disrupted 0
I1218 01:54:14.457149 46154 node.cpp:1653] node Atomic:10.1.4.3:8700:0 term 92 start vote and grant vote self
I1218 01:54:14.579668 46154 raft_meta.cpp:546] Saved single stable meta, path ./data/raft_meta term 93 votedfor 10.1.4.3:8700:0 time: 35915
W1218 01:54:14.585683 46144 node.cpp:1454] node Atomic:10.1.4.3:8700:0 received RequestVoteResponse from 10.1.3.3:8700:0 error: [E111]Fail to connect Socket{id=188 addr=10.1.3.3:8700} (0x0x631000078d80): Connection refused
W1218 01:54:14.618857 46159 node.cpp:1454] node Atomic:10.1.4.3:8700:0 received RequestVoteResponse from 10.1.5.3:8700:0 error: [E22][10.1.5.3:8700][E22]Invalid argument
I1218 01:54:14.654973 46159 node.cpp:1403] node Atomic:10.1.4.3:8700:0 received RequestVoteResponse from 10.1.2.3:8700:0 term 93 granted 1 rejected_by_lease 0 disrupted 0
I1218 01:54:14.803731 46159 node.cpp:1403] node Atomic:10.1.4.3:8700:0 received RequestVoteResponse from 10.1.1.3:8700:0 term 93 granted 1 rejected_by_lease 0 disrupted 0
I1218 01:54:14.804915 46159 node.cpp:1908] node Atomic:10.1.4.3:8700:0 term 93 become leader of group 10.1.1.3:8700:0,10.1.2.3:8700:0,10.1.3.3:8700:0,10.1.4.3:8700:0,10.1.5.3:8700:0 
I1218 01:54:14.959609 46159 replicator.cpp:143] Replicator=2216203124742@10.1.1.3:8700:0 is started, group Atomic
I1218 01:54:15.143621 46159 replicator.cpp:143] Replicator=2207613190149@10.1.2.3:8700:0 is started, group Atomic
I1218 01:54:15.176193 46159 replicator.cpp:143] Replicator=4453881085953@10.1.3.3:8700:0 is started, group Atomic
W1218 01:54:15.252763 46154 replicator.cpp:397] Group Atomic fail to issue RPC to 10.1.3.3:8700:0 _consecutive_error_times=1, [E111]Fail to connect Socket{id=8589934781 addr=10.1.3.3:8700} (0x0x631000079040): Connection refused [R1][E112]Not connected to 10.1.3.3:8700 yet, server_id=8589934781 [R2][E112]Not connected to 10.1.3.3:8700 yet, server_id=8589934781 [R3][E112]Not connected to 10.1.3.3:8700 yet, server_id=8589934781
I1218 01:54:15.188642 46159 replicator.cpp:143] Replicator=4471060955137@10.1.5.3:8700:0 is started, group Atomic
I1218 01:54:15.348559 46148 socket.cpp:2570] Checking Socket{id=8589934781 addr=10.1.3.3:8700} (0x631000079040)
W1218 01:54:15.419045 46154 replicator.cpp:397] Group Atomic fail to issue RPC to 10.1.5.3:8700:0 _consecutive_error_times=1, [E22][10.1.5.3:8700][E22]node Atomic:10.1.5.3:8700:0 is not in active state, state ERROR
I1218 01:54:15.972563 46159 server.cpp:306] Configuration of this group is 10.1.1.3:8700:0,10.1.2.3:8700:0,10.1.3.3:8700:0,10.1.4.3:8700:0,10.1.5.3:8700:0
I1218 01:54:15.976325 46159 node.cpp:3310] node Atomic:10.1.4.3:8700:0 reset ConfigurationCtx, new_peers: 10.1.1.3:8700:0,10.1.2.3:8700:0,10.1.3.3:8700:0,10.1.4.3:8700:0,10.1.5.3:8700:0, old_peers: 10.1.1.3:8700:0,10.1.2.3:8700:0,10.1.3.3:8700:0,10.1.4.3:8700:0,10.1.5.3:8700:0
I1218 01:54:16.005108 46159 server.cpp:291] Node becomes leader
I1218 01:54:17.463990 46137 node.cpp:949] node Atomic:10.1.4.3:8700:0 starts to do snapshot
WARNING: Logging before InitGoogleLogging() is written to STDERR
W1218 01:54:25.958061 46451 bthread.cpp:409] Fail to set concurrency by tag: 0, tag concurrency must larger than old oncurrency. old concurrency: 24, new concurrency: 9
I1218 01:54:26.163123 46451 server.cpp:1208] Server[braft::RaftStatImpl+braft::FileServiceImpl+braft::RaftServiceImpl+braft::CliServiceImpl+example::AtomicServiceImpl] is serving on port=8700.
I1218 01:54:26.166237 46451 server.cpp:1211] Check out http://n4:8700 in web browser.
I1218 01:54:26.474278 46451 log.cpp:691] Use murmurhash32 as the checksum type of appending entries
I1218 01:54:26.491204 46451 log.cpp:1175] log load_meta ./data/log/log_meta first_log_index: 81 time: 15046
I1218 01:54:26.493010 46451 log.cpp:1115] load open segment, path: ./data/log first_index: 75
I1218 01:54:26.555537 46451 snapshot.cpp:465] Deleting ./data/snapshot/temp
I1218 01:54:26.736210 46497 server.cpp:306] Configuration of this group is 10.1.1.3:8700:0,10.1.2.3:8700:0,10.1.3.3:8700:0,10.1.4.3:8700:0,10.1.5.3:8700:0
I1218 01:54:26.784646 46497 snapshot_executor.cpp:264] node Atomic:10.1.4.3:8700:0 snapshot_load_done, last_included_index: 81 last_included_term: 89 peers: "10.1.1.3:8700:0" peers: "10.1.2.3:8700:0" peers: "10.1.3.3:8700:0" peers: "10.1.4.3:8700:0" peers: "10.1.5.3:8700:0"
I1218 01:54:26.883103 46451 raft_meta.cpp:521] Loaded single stable meta, path ./data/raft_meta term 93 votedfor 10.1.4.3:8700:0 time: 715
I1218 01:54:26.884553 46451 node.cpp:608] node Atomic:10.1.4.3:8700:0 init, term: 93 last_log_id: (index=84,term=93) conf: 10.1.1.3:8700:0,10.1.2.3:8700:0,10.1.3.3:8700:0,10.1.4.3:8700:0,10.1.5.3:8700:0 old_conf: 
I1218 01:54:26.887029 46451 server.cpp:509] Atomic service is running on 0.0.0.0:8700
I1218 01:54:31.698282 46508 node.cpp:949] node Atomic:10.1.4.3:8700:0 starts to do snapshot
I1218 01:54:31.848341 46508 snapshot_executor.cpp:154] node Atomic:10.1.4.3:8700:0 the gap between fsm applied index 81 and last_snapshot_index 81 is less than 1, will clear bufferred logs and return success
I1218 01:54:31.939792 46500 log.cpp:1153] log save_meta ./data/log/log_meta first_log_index: 82 time: 105502
I1218 01:54:32.715998 46512 node.cpp:1587] node Atomic:10.1.4.3:8700:0 term 93 start pre_vote
W1218 01:54:33.844288 46504 node.cpp:1567] node Atomic:10.1.4.3:8700:0 request PreVote from 10.1.5.3:8700:0 error: [E22][10.1.5.3:8700][E22]Invalid argument
I1218 01:54:33.997045 46497 node.cpp:1512] node Atomic:10.1.4.3:8700:0 received PreVoteResponse from 10.1.2.3:8700:0 term 93 granted 1 rejected_by_lease 0 disrupted 0
I1218 01:54:34.186800 46515 node.cpp:1512] node Atomic:10.1.4.3:8700:0 received PreVoteResponse from 10.1.3.3:8700:0 term 91 granted 1 rejected_by_lease 0 disrupted 0
I1218 01:54:34.188792 46515 node.cpp:1653] node Atomic:10.1.4.3:8700:0 term 93 start vote and grant vote self
I1218 01:54:34.242115 46515 raft_meta.cpp:546] Saved single stable meta, path ./data/raft_meta term 94 votedfor 10.1.4.3:8700:0 time: 24499
W1218 01:54:34.318284 46504 node.cpp:1454] node Atomic:10.1.4.3:8700:0 received RequestVoteResponse from 10.1.5.3:8700:0 error: [E22][10.1.5.3:8700][E22]Invalid argument
W1218 01:54:34.344784 46497 node.cpp:1479] node Atomic:10.1.4.3:8700:0 received invalid PreVoteResponse from 10.1.1.3:8700:0 ctx_version 2 current_ctx_version 3
I1218 01:54:34.460631 46515 node.cpp:1403] node Atomic:10.1.4.3:8700:0 received RequestVoteResponse from 10.1.3.3:8700:0 term 94 granted 1 rejected_by_lease 0 disrupted 0
I1218 01:54:34.524457 46504 node.cpp:1403] node Atomic:10.1.4.3:8700:0 received RequestVoteResponse from 10.1.2.3:8700:0 term 94 granted 1 rejected_by_lease 0 disrupted 0
I1218 01:54:34.525607 46504 node.cpp:1908] node Atomic:10.1.4.3:8700:0 term 94 become leader of group 10.1.1.3:8700:0,10.1.2.3:8700:0,10.1.3.3:8700:0,10.1.4.3:8700:0,10.1.5.3:8700:0 
I1218 01:54:34.583986 46504 replicator.cpp:143] Replicator=2241972928518@10.1.1.3:8700:0 is started, group Atomic
I1218 01:54:34.697743 46504 replicator.cpp:143] Replicator=2233382993925@10.1.2.3:8700:0 is started, group Atomic
I1218 01:54:34.705699 46504 replicator.cpp:143] Replicator=1133871366149@10.1.3.3:8700:0 is started, group Atomic
I1218 01:54:34.715761 46504 replicator.cpp:143] Replicator=3302829850625@10.1.5.3:8700:0 is started, group Atomic
W1218 01:54:34.775588 46497 node.cpp:1370] node Atomic:10.1.4.3:8700:0 received invalid RequestVoteResponse from 10.1.1.3:8700:0 ctx_version 1 current_ctx_version 2
W1218 01:54:34.850716 46500 replicator.cpp:397] Group Atomic fail to issue RPC to 10.1.5.3:8700:0 _consecutive_error_times=1, [E22][10.1.5.3:8700][E22]node Atomic:10.1.5.3:8700:0 is not in active state, state ERROR
I1218 01:54:35.288735 46512 server.cpp:306] Configuration of this group is 10.1.1.3:8700:0,10.1.2.3:8700:0,10.1.3.3:8700:0,10.1.4.3:8700:0,10.1.5.3:8700:0
I1218 01:54:35.317826 46512 server.cpp:306] Configuration of this group is 10.1.1.3:8700:0,10.1.2.3:8700:0,10.1.3.3:8700:0,10.1.4.3:8700:0,10.1.5.3:8700:0
I1218 01:54:35.320514 46512 server.cpp:306] Configuration of this group is 10.1.1.3:8700:0,10.1.2.3:8700:0,10.1.3.3:8700:0,10.1.4.3:8700:0,10.1.5.3:8700:0
I1218 01:54:35.321851 46512 server.cpp:306] Configuration of this group is 10.1.1.3:8700:0,10.1.2.3:8700:0,10.1.3.3:8700:0,10.1.4.3:8700:0,10.1.5.3:8700:0
