I1218 01:31:04.092839 31290 raft_meta.cpp:546] Saved single stable meta, path ./data/raft_meta term 60 votedfor 0.0.0.0:0:0 time: 117546
I1218 01:31:04.129025 31290 raft_meta.cpp:546] Saved single stable meta, path ./data/raft_meta term 60 votedfor 10.1.3.3:8700:0 time: 34279
I1218 01:31:04.835500 31290 server.cpp:312] Node start following { leader_id=10.1.3.3:8700:0, term=60, status=Follower receives message from new leader with the same term.}
I1218 01:31:05.904199 31285 server.cpp:306] Configuration of this group is 10.1.1.3:8700:0,10.1.2.3:8700:0,10.1.3.3:8700:0,10.1.4.3:8700:0,10.1.5.3:8700:0
I1218 01:31:05.905735 31285 server.cpp:306] Configuration of this group is 10.1.1.3:8700:0,10.1.2.3:8700:0,10.1.3.3:8700:0,10.1.4.3:8700:0,10.1.5.3:8700:0
I1218 01:31:06.779567 31268 node.cpp:949] node Atomic:10.1.4.3:8700:0 starts to do snapshot
I1218 01:31:07.069581 31268 snapshot.cpp:647] Deleting ./data/snapshot/snapshot_00000000000000000052
I1218 01:31:07.167695 31268 snapshot.cpp:653] Renaming ./data/snapshot/temp to ./data/snapshot/snapshot_00000000000000000052
I1218 01:31:07.209496 31268 snapshot.cpp:523] Deleting ./data/snapshot/snapshot_00000000000000000050
I1218 01:31:07.399891 31268 snapshot_executor.cpp:234] node Atomic:10.1.4.3:8700:0 snapshot_save_done, last_included_index=52 last_included_term=60
I1218 01:31:07.485380 31268 log.cpp:1153] log save_meta ./data/log/log_meta first_log_index: 51 time: 59210
I1218 01:31:29.135003 31289 node.cpp:2129] node Atomic:10.1.4.3:8700:0 received PreVote from 10.1.1.3:8700:0 in term 61 current_term 60 granted 1 rejected_by_lease 0
I1218 01:31:31.407750 31289 server.cpp:309] Node stops following { leader_id=10.1.3.3:8700:0, term=60, status=Lost connection from leader 10.1.3.3:8700:0}
I1218 01:31:31.407810 31284 node.cpp:1587] node Atomic:10.1.4.3:8700:0 term 60 start pre_vote
I1218 01:31:31.487340 31291 node.cpp:1512] node Atomic:10.1.4.3:8700:0 received PreVoteResponse from 10.1.1.3:8700:0 term 60 granted 1 rejected_by_lease 0 disrupted 0
I1218 01:31:34.304721 31291 node.cpp:2129] node Atomic:10.1.4.3:8700:0 received PreVote from 10.1.1.3:8700:0 in term 61 current_term 60 granted 1 rejected_by_lease 0
W1218 01:31:36.432199 31291 node.cpp:1567] node Atomic:10.1.4.3:8700:0 request PreVote from 10.1.3.3:8700:0 error: [E1008]Reached timeout=5000ms @10.1.3.3:8700
W1218 01:31:36.433804 31291 node.cpp:1567] node Atomic:10.1.4.3:8700:0 request PreVote from 10.1.5.3:8700:0 error: [E1008]Reached timeout=5000ms @10.1.5.3:8700
W1218 01:31:36.435523 31291 node.cpp:1567] node Atomic:10.1.4.3:8700:0 request PreVote from 10.1.2.3:8700:0 error: [E1008]Reached timeout=5000ms @10.1.2.3:8700
I1218 01:31:36.877974 31268 node.cpp:949] node Atomic:10.1.4.3:8700:0 starts to do snapshot
I1218 01:31:36.941215 31268 snapshot_executor.cpp:154] node Atomic:10.1.4.3:8700:0 the gap between fsm applied index 52 and last_snapshot_index 52 is less than 1, will clear bufferred logs and return success
I1218 01:31:37.032509 31285 log.cpp:1153] log save_meta ./data/log/log_meta first_log_index: 53 time: 117797
I1218 01:31:37.045074 31285 log.cpp:608] Unlinked segment `./data/log/log_inprogress_00000000000000000024'
I1218 01:31:37.188027 31291 node.cpp:1587] node Atomic:10.1.4.3:8700:0 term 60 start pre_vote
I1218 01:31:37.268186 31298 node.cpp:1512] node Atomic:10.1.4.3:8700:0 received PreVoteResponse from 10.1.1.3:8700:0 term 60 granted 1 rejected_by_lease 0 disrupted 0
I1218 01:31:40.235687 31284 node.cpp:2129] node Atomic:10.1.4.3:8700:0 received PreVote from 10.1.1.3:8700:0 in term 61 current_term 60 granted 1 rejected_by_lease 0
W1218 01:31:42.227706 31291 node.cpp:1567] node Atomic:10.1.4.3:8700:0 request PreVote from 10.1.2.3:8700:0 error: [E1008]Reached timeout=5000ms @10.1.2.3:8700
W1218 01:31:42.231683 31268 node.cpp:1567] node Atomic:10.1.4.3:8700:0 request PreVote from 10.1.3.3:8700:0 error: [E1008]Reached timeout=5000ms @10.1.3.3:8700
W1218 01:31:42.235749 31298 node.cpp:1567] node Atomic:10.1.4.3:8700:0 request PreVote from 10.1.5.3:8700:0 error: [E1008]Reached timeout=5000ms @10.1.5.3:8700
I1218 01:31:42.970863 31301 node.cpp:1587] node Atomic:10.1.4.3:8700:0 term 60 start pre_vote
I1218 01:31:43.092206 31303 node.cpp:1512] node Atomic:10.1.4.3:8700:0 received PreVoteResponse from 10.1.1.3:8700:0 term 60 granted 1 rejected_by_lease 0 disrupted 0
I1218 01:31:45.782783 31285 node.cpp:2129] node Atomic:10.1.4.3:8700:0 received PreVote from 10.1.1.3:8700:0 in term 61 current_term 60 granted 1 rejected_by_lease 0
W1218 01:31:47.981063 31289 node.cpp:1567] node Atomic:10.1.4.3:8700:0 request PreVote from 10.1.3.3:8700:0 error: [E1008]Reached timeout=5000ms @10.1.3.3:8700
W1218 01:31:47.982081 31298 node.cpp:1567] node Atomic:10.1.4.3:8700:0 request PreVote from 10.1.2.3:8700:0 error: [E1008]Reached timeout=5000ms @10.1.2.3:8700
W1218 01:31:47.991451 31298 node.cpp:1567] node Atomic:10.1.4.3:8700:0 request PreVote from 10.1.5.3:8700:0 error: [E1008]Reached timeout=5000ms @10.1.5.3:8700
I1218 01:31:48.138073 31284 node.cpp:1587] node Atomic:10.1.4.3:8700:0 term 60 start pre_vote
I1218 01:31:48.189486 31291 node.cpp:1512] node Atomic:10.1.4.3:8700:0 received PreVoteResponse from 10.1.1.3:8700:0 term 60 granted 1 rejected_by_lease 0 disrupted 0
I1218 01:31:52.080204 31291 node.cpp:2129] node Atomic:10.1.4.3:8700:0 received PreVote from 10.1.1.3:8700:0 in term 61 current_term 60 granted 1 rejected_by_lease 0
W1218 01:31:53.148394 31285 node.cpp:1567] node Atomic:10.1.4.3:8700:0 request PreVote from 10.1.2.3:8700:0 error: [E1008]Reached timeout=5000ms @10.1.2.3:8700
W1218 01:31:53.156760 31303 node.cpp:1567] node Atomic:10.1.4.3:8700:0 request PreVote from 10.1.3.3:8700:0 error: [E1008]Reached timeout=5000ms @10.1.3.3:8700
W1218 01:31:53.158349 31291 node.cpp:1567] node Atomic:10.1.4.3:8700:0 request PreVote from 10.1.5.3:8700:0 error: [E1008]Reached timeout=5000ms @10.1.5.3:8700
I1218 01:31:53.703866 31268 node.cpp:1587] node Atomic:10.1.4.3:8700:0 term 60 start pre_vote
I1218 01:31:53.788662 31298 node.cpp:1512] node Atomic:10.1.4.3:8700:0 received PreVoteResponse from 10.1.1.3:8700:0 term 60 granted 1 rejected_by_lease 0 disrupted 0
I1218 01:31:58.092561 31298 node.cpp:2129] node Atomic:10.1.4.3:8700:0 received PreVote from 10.1.1.3:8700:0 in term 61 current_term 60 granted 1 rejected_by_lease 0
W1218 01:31:58.723654 31289 node.cpp:1567] node Atomic:10.1.4.3:8700:0 request PreVote from 10.1.2.3:8700:0 error: [E1008]Reached timeout=5000ms @10.1.2.3:8700
W1218 01:31:58.750766 31303 node.cpp:1567] node Atomic:10.1.4.3:8700:0 request PreVote from 10.1.5.3:8700:0 error: [E1008]Reached timeout=5000ms @10.1.5.3:8700
W1218 01:31:58.752121 31303 node.cpp:1567] node Atomic:10.1.4.3:8700:0 request PreVote from 10.1.3.3:8700:0 error: [E1008]Reached timeout=5000ms @10.1.3.3:8700
I1218 01:31:59.607496 31301 node.cpp:1587] node Atomic:10.1.4.3:8700:0 term 60 start pre_vote
I1218 01:31:59.694850 31268 node.cpp:1512] node Atomic:10.1.4.3:8700:0 received PreVoteResponse from 10.1.1.3:8700:0 term 60 granted 1 rejected_by_lease 0 disrupted 0
W1218 01:32:01.304277 31291 input_messenger.cpp:381] Fail to read from Socket{id=293 fd=11 addr=10.1.5.3:8700:40326} (0x6310000a2e80): Connection reset by peer [104]
W1218 01:32:01.320919 31291 node.cpp:1567] node Atomic:10.1.4.3:8700:0 request PreVote from 10.1.5.3:8700:0 error: [E104]Fail to read from Socket{id=293fd=11 addr=10.1.5.3:8700:40326} (0x0x6310000a2e80): Connection reset by peer
WARNING: Logging before InitGoogleLogging() is written to STDERR
W1218 01:32:25.806854 32196 sampler.cpp:192] bvar is busy at sampling for 2 seconds!
W1218 01:32:27.094086 32181 bthread.cpp:409] Fail to set concurrency by tag: 0, tag concurrency must larger than old oncurrency. old concurrency: 24, new concurrency: 9
I1218 01:32:27.585148 32181 server.cpp:1208] Server[braft::RaftStatImpl+braft::FileServiceImpl+braft::RaftServiceImpl+braft::CliServiceImpl+example::AtomicServiceImpl] is serving on port=8700.
I1218 01:32:27.620704 32181 server.cpp:1211] Check out http://n4:8700 in web browser.
I1218 01:32:28.053462 32181 log.cpp:691] Use murmurhash32 as the checksum type of appending entries
I1218 01:32:28.066310 32181 log.cpp:1175] log load_meta ./data/log/log_meta first_log_index: 53 time: 11575
I1218 01:32:28.087939 32181 snapshot.cpp:465] Deleting ./data/snapshot/temp
I1218 01:32:28.343849 32253 server.cpp:306] Configuration of this group is 10.1.1.3:8700:0,10.1.2.3:8700:0,10.1.3.3:8700:0,10.1.4.3:8700:0,10.1.5.3:8700:0
I1218 01:32:28.466876 32253 snapshot_executor.cpp:264] node Atomic:10.1.4.3:8700:0 snapshot_load_done, last_included_index: 52 last_included_term: 60 peers: "10.1.1.3:8700:0" peers: "10.1.2.3:8700:0" peers: "10.1.3.3:8700:0" peers: "10.1.4.3:8700:0" peers: "10.1.5.3:8700:0"
I1218 01:32:28.475539 32181 raft_meta.cpp:521] Loaded single stable meta, path ./data/raft_meta term 60 votedfor 10.1.3.3:8700:0 time: 754
I1218 01:32:28.476553 32181 node.cpp:608] node Atomic:10.1.4.3:8700:0 init, term: 60 last_log_id: (index=52,term=60) conf: 10.1.1.3:8700:0,10.1.2.3:8700:0,10.1.3.3:8700:0,10.1.4.3:8700:0,10.1.5.3:8700:0 old_conf: 
I1218 01:32:28.496229 32181 server.cpp:509] Atomic service is running on 0.0.0.0:8700
I1218 01:32:34.235503 32250 node.cpp:1587] node Atomic:10.1.4.3:8700:0 term 60 start pre_vote
I1218 01:32:35.261981 32236 node.cpp:1512] node Atomic:10.1.4.3:8700:0 received PreVoteResponse from 10.1.5.3:8700:0 term 1 granted 1 rejected_by_lease 0 disrupted 0
W1218 01:32:39.357012 32265 node.cpp:1567] node Atomic:10.1.4.3:8700:0 request PreVote from 10.1.1.3:8700:0 error: [E1008]Reached timeout=5000ms @10.1.1.3:8700
W1218 01:32:39.424306 32250 node.cpp:1567] node Atomic:10.1.4.3:8700:0 request PreVote from 10.1.2.3:8700:0 error: [E1008]Reached timeout=5000ms @10.1.2.3:8700
W1218 01:32:39.440263 32236 node.cpp:1567] node Atomic:10.1.4.3:8700:0 request PreVote from 10.1.3.3:8700:0 error: [E1008]Reached timeout=5000ms @10.1.3.3:8700
I1218 01:32:39.555591 32253 node.cpp:1587] node Atomic:10.1.4.3:8700:0 term 60 start pre_vote
W1218 01:32:39.995647 32250 node.cpp:1567] node Atomic:10.1.4.3:8700:0 request PreVote from 10.1.5.3:8700:0 error: [E111]Fail to connect Socket{id=192 addr=10.1.5.3:8700} (0x0x631000079880): Connection refused
W1218 01:32:44.856444 32265 node.cpp:1567] node Atomic:10.1.4.3:8700:0 request PreVote from 10.1.1.3:8700:0 error: [E1008]Reached timeout=5000ms @10.1.1.3:8700
W1218 01:32:44.922879 32253 node.cpp:1567] node Atomic:10.1.4.3:8700:0 request PreVote from 10.1.2.3:8700:0 error: [E1008]Reached timeout=5000ms @10.1.2.3:8700
W1218 01:32:44.924705 32236 node.cpp:1567] node Atomic:10.1.4.3:8700:0 request PreVote from 10.1.3.3:8700:0 error: [E1008]Reached timeout=5000ms @10.1.3.3:8700
I1218 01:32:45.906201 32253 node.cpp:1587] node Atomic:10.1.4.3:8700:0 term 60 start pre_vote
W1218 01:32:45.976665 32236 node.cpp:1567] node Atomic:10.1.4.3:8700:0 request PreVote from 10.1.5.3:8700:0 error: [E111]Fail to connect Socket{id=199 addr=10.1.5.3:8700} (0x0x63100007abc0): Connection refused
W1218 01:32:50.942695 32236 node.cpp:1567] node Atomic:10.1.4.3:8700:0 request PreVote from 10.1.1.3:8700:0 error: [E1008]Reached timeout=5000ms @10.1.1.3:8700
W1218 01:32:50.943499 32250 node.cpp:1567] node Atomic:10.1.4.3:8700:0 request PreVote from 10.1.3.3:8700:0 error: [E1008]Reached timeout=5000ms @10.1.3.3:8700
W1218 01:32:50.944197 32253 node.cpp:1567] node Atomic:10.1.4.3:8700:0 request PreVote from 10.1.2.3:8700:0 error: [E1008]Reached timeout=5000ms @10.1.2.3:8700
I1218 01:32:51.665175 32236 node.cpp:1587] node Atomic:10.1.4.3:8700:0 term 60 start pre_vote
W1218 01:32:51.895987 32250 node.cpp:1567] node Atomic:10.1.4.3:8700:0 request PreVote from 10.1.5.3:8700:0 error: [E111]Fail to connect Socket{id=8589934690 addr=10.1.5.3:8700} (0x0x6310000515c0): Connection refused
WARNING: Logging before InitGoogleLogging() is written to STDERR
W1218 01:33:18.847138 32802 bthread.cpp:409] Fail to set concurrency by tag: 0, tag concurrency must larger than old oncurrency. old concurrency: 24, new concurrency: 9
I1218 01:33:19.129953 32802 server.cpp:1208] Server[braft::RaftStatImpl+braft::FileServiceImpl+braft::RaftServiceImpl+braft::CliServiceImpl+example::AtomicServiceImpl] is serving on port=8700.
I1218 01:33:19.138967 32802 server.cpp:1211] Check out http://n4:8700 in web browser.
I1218 01:33:19.733717 32802 log.cpp:691] Use murmurhash32 as the checksum type of appending entries
I1218 01:33:19.737397 32802 log.cpp:1175] log load_meta ./data/log/log_meta first_log_index: 53 time: 2383
I1218 01:33:19.799932 32802 snapshot.cpp:465] Deleting ./data/snapshot/temp
I1218 01:33:19.948232 32887 server.cpp:306] Configuration of this group is 10.1.1.3:8700:0,10.1.2.3:8700:0,10.1.3.3:8700:0,10.1.4.3:8700:0,10.1.5.3:8700:0
I1218 01:33:20.149556 32887 snapshot_executor.cpp:264] node Atomic:10.1.4.3:8700:0 snapshot_load_done, last_included_index: 52 last_included_term: 60 peers: "10.1.1.3:8700:0" peers: "10.1.2.3:8700:0" peers: "10.1.3.3:8700:0" peers: "10.1.4.3:8700:0" peers: "10.1.5.3:8700:0"
I1218 01:33:20.187908 32802 raft_meta.cpp:521] Loaded single stable meta, path ./data/raft_meta term 60 votedfor 10.1.3.3:8700:0 time: 674
I1218 01:33:20.189031 32802 node.cpp:608] node Atomic:10.1.4.3:8700:0 init, term: 60 last_log_id: (index=52,term=60) conf: 10.1.1.3:8700:0,10.1.2.3:8700:0,10.1.3.3:8700:0,10.1.4.3:8700:0,10.1.5.3:8700:0 old_conf: 
I1218 01:33:20.203578 32802 server.cpp:509] Atomic service is running on 0.0.0.0:8700
I1218 01:33:24.412626 32900 node.cpp:2129] node Atomic:10.1.4.3:8700:0 received PreVote from 10.1.3.3:8700:0 in term 61 current_term 60 granted 1 rejected_by_lease 0
I1218 01:33:25.131255 32892 node.cpp:2211] node Atomic:10.1.4.3:8700:0 received RequestVote from 10.1.3.3:8700:0 in term 61 current_term 60 log_is_ok 1 votable_time 0
I1218 01:33:25.316068 32892 raft_meta.cpp:546] Saved single stable meta, path ./data/raft_meta term 61 votedfor 0.0.0.0:0:0 time: 182110
I1218 01:33:25.473321 32892 raft_meta.cpp:546] Saved single stable meta, path ./data/raft_meta term 61 votedfor 10.1.3.3:8700:0 time: 86008
I1218 01:33:26.133491 32887 server.cpp:312] Node start following { leader_id=10.1.3.3:8700:0, term=61, status=Follower receives message from new leader with the same term.}
WARNING: Logging before InitGoogleLogging() is written to STDERR
W1218 01:33:35.101908 33003 bthread.cpp:409] Fail to set concurrency by tag: 0, tag concurrency must larger than old oncurrency. old concurrency: 24, new concurrency: 9
I1218 01:33:35.650054 33003 server.cpp:1208] Server[braft::RaftStatImpl+braft::FileServiceImpl+braft::RaftServiceImpl+braft::CliServiceImpl+example::AtomicServiceImpl] is serving on port=8700.
I1218 01:33:35.720800 33003 server.cpp:1211] Check out http://n4:8700 in web browser.
I1218 01:33:37.127657 33003 log.cpp:691] Use murmurhash32 as the checksum type of appending entries
W1218 01:33:37.145219 33042 baidu_rpc_protocol.cpp:349] Fail to write into Socket{id=186 fd=7 addr=10.1.3.3:43802:8700} (0x631000078800): Unknown error 1014 [1014]
W1218 01:33:37.124055 33061 baidu_rpc_protocol.cpp:349] Fail to write into Socket{id=186 fd=7 addr=10.1.3.3:43802:8700} (0x631000078800): Unknown error 1014 [1014]
I1218 01:33:37.246073 33003 log.cpp:1175] log load_meta ./data/log/log_meta first_log_index: 53 time: 116428
I1218 01:33:37.509729 33003 snapshot.cpp:465] Deleting ./data/snapshot/temp
I1218 01:33:38.275297 33064 server.cpp:306] Configuration of this group is 10.1.1.3:8700:0,10.1.2.3:8700:0,10.1.3.3:8700:0,10.1.4.3:8700:0,10.1.5.3:8700:0
I1218 01:33:38.477829 33064 snapshot_executor.cpp:264] node Atomic:10.1.4.3:8700:0 snapshot_load_done, last_included_index: 52 last_included_term: 60 peers: "10.1.1.3:8700:0" peers: "10.1.2.3:8700:0" peers: "10.1.3.3:8700:0" peers: "10.1.4.3:8700:0" peers: "10.1.5.3:8700:0"
I1218 01:33:38.616612 33003 raft_meta.cpp:521] Loaded single stable meta, path ./data/raft_meta term 61 votedfor 10.1.3.3:8700:0 time: 11810
I1218 01:33:38.633841 33003 node.cpp:608] node Atomic:10.1.4.3:8700:0 init, term: 61 last_log_id: (index=52,term=60) conf: 10.1.1.3:8700:0,10.1.2.3:8700:0,10.1.3.3:8700:0,10.1.4.3:8700:0,10.1.5.3:8700:0 old_conf: 
I1218 01:33:38.664521 33003 server.cpp:509] Atomic service is running on 0.0.0.0:8700
I1218 01:33:42.860503 33066 node.cpp:2129] node Atomic:10.1.4.3:8700:0 received PreVote from 10.1.3.3:8700:0 in term 62 current_term 61 granted 1 rejected_by_lease 0
I1218 01:33:43.382616 33045 node.cpp:2211] node Atomic:10.1.4.3:8700:0 received RequestVote from 10.1.3.3:8700:0 in term 62 current_term 61 log_is_ok 1 votable_time 0
I1218 01:33:43.444126 33045 raft_meta.cpp:546] Saved single stable meta, path ./data/raft_meta term 62 votedfor 0.0.0.0:0:0 time: 58142
I1218 01:33:43.548681 33045 raft_meta.cpp:546] Saved single stable meta, path ./data/raft_meta term 62 votedfor 10.1.3.3:8700:0 time: 102422
I1218 01:33:43.942368 33070 server.cpp:312] Node start following { leader_id=10.1.3.3:8700:0, term=62, status=Follower receives message from new leader with the same term.}
I1218 01:33:44.183135 33042 log.cpp:114] Created new segment `./data/log/log_inprogress_00000000000000000053' with fd=9
I1218 01:33:44.258992 33042 server.cpp:306] Configuration of this group is 10.1.1.3:8700:0,10.1.2.3:8700:0,10.1.3.3:8700:0,10.1.4.3:8700:0,10.1.5.3:8700:0
I1218 01:33:44.263455 33042 server.cpp:306] Configuration of this group is 10.1.1.3:8700:0,10.1.2.3:8700:0,10.1.3.3:8700:0,10.1.4.3:8700:0,10.1.5.3:8700:0
I1218 01:34:03.359268 33071 node.cpp:949] node Atomic:10.1.4.3:8700:0 starts to do snapshot
I1218 01:34:03.859723 33047 snapshot.cpp:647] Deleting ./data/snapshot/snapshot_00000000000000000054
I1218 01:34:03.861392 33047 snapshot.cpp:653] Renaming ./data/snapshot/temp to ./data/snapshot/snapshot_00000000000000000054
I1218 01:34:03.876184 33047 snapshot.cpp:523] Deleting ./data/snapshot/snapshot_00000000000000000052
I1218 01:34:03.919109 33047 snapshot_executor.cpp:234] node Atomic:10.1.4.3:8700:0 snapshot_save_done, last_included_index=54 last_included_term=62
WARNING: Logging before InitGoogleLogging() is written to STDERR
W1218 01:34:17.448784 33419 bthread.cpp:409] Fail to set concurrency by tag: 0, tag concurrency must larger than old oncurrency. old concurrency: 24, new concurrency: 9
I1218 01:34:18.128000 33419 server.cpp:1208] Server[braft::RaftStatImpl+braft::FileServiceImpl+braft::RaftServiceImpl+braft::CliServiceImpl+example::AtomicServiceImpl] is serving on port=8700.
I1218 01:34:18.144893 33419 server.cpp:1211] Check out http://n4:8700 in web browser.
I1218 01:34:18.464968 33419 log.cpp:691] Use murmurhash32 as the checksum type of appending entries
I1218 01:34:18.488323 33419 log.cpp:1175] log load_meta ./data/log/log_meta first_log_index: 53 time: 21981
I1218 01:34:18.490900 33419 log.cpp:1115] load open segment, path: ./data/log first_index: 53
I1218 01:34:18.503767 33419 snapshot.cpp:465] Deleting ./data/snapshot/temp
I1218 01:34:18.671180 33471 server.cpp:306] Configuration of this group is 10.1.1.3:8700:0,10.1.2.3:8700:0,10.1.3.3:8700:0,10.1.4.3:8700:0,10.1.5.3:8700:0
I1218 01:34:18.749046 33471 snapshot_executor.cpp:264] node Atomic:10.1.4.3:8700:0 snapshot_load_done, last_included_index: 54 last_included_term: 62 peers: "10.1.1.3:8700:0" peers: "10.1.2.3:8700:0" peers: "10.1.3.3:8700:0" peers: "10.1.4.3:8700:0" peers: "10.1.5.3:8700:0"
I1218 01:34:18.786181 33419 raft_meta.cpp:521] Loaded single stable meta, path ./data/raft_meta term 62 votedfor 10.1.3.3:8700:0 time: 1003
I1218 01:34:18.796190 33419 node.cpp:608] node Atomic:10.1.4.3:8700:0 init, term: 62 last_log_id: (index=54,term=62) conf: 10.1.1.3:8700:0,10.1.2.3:8700:0,10.1.3.3:8700:0,10.1.4.3:8700:0,10.1.5.3:8700:0 old_conf: 
I1218 01:34:18.847342 33419 server.cpp:509] Atomic service is running on 0.0.0.0:8700
I1218 01:34:20.821086 33488 node.cpp:2129] node Atomic:10.1.4.3:8700:0 received PreVote from 10.1.3.3:8700:0 in term 63 current_term 62 granted 1 rejected_by_lease 0
I1218 01:34:21.293126 33495 node.cpp:2211] node Atomic:10.1.4.3:8700:0 received RequestVote from 10.1.3.3:8700:0 in term 63 current_term 62 log_is_ok 1 votable_time 0
I1218 01:34:21.425690 33495 raft_meta.cpp:546] Saved single stable meta, path ./data/raft_meta term 63 votedfor 0.0.0.0:0:0 time: 130367
I1218 01:34:21.461443 33495 raft_meta.cpp:546] Saved single stable meta, path ./data/raft_meta term 63 votedfor 10.1.3.3:8700:0 time: 27958
I1218 01:34:21.759846 33494 server.cpp:312] Node start following { leader_id=10.1.3.3:8700:0, term=63, status=Follower receives message from new leader with the same term.}
I1218 01:34:22.768839 33471 server.cpp:306] Configuration of this group is 10.1.1.3:8700:0,10.1.2.3:8700:0,10.1.3.3:8700:0,10.1.4.3:8700:0,10.1.5.3:8700:0
WARNING: Logging before InitGoogleLogging() is written to STDERR
W1218 01:34:42.376854 33653 bthread.cpp:409] Fail to set concurrency by tag: 0, tag concurrency must larger than old oncurrency. old concurrency: 24, new concurrency: 9
I1218 01:34:42.633150 33653 server.cpp:1208] Server[braft::RaftStatImpl+braft::FileServiceImpl+braft::RaftServiceImpl+braft::CliServiceImpl+example::AtomicServiceImpl] is serving on port=8700.
I1218 01:34:42.635075 33653 server.cpp:1211] Check out http://n4:8700 in web browser.
I1218 01:34:42.896842 33653 log.cpp:691] Use murmurhash32 as the checksum type of appending entries
I1218 01:34:42.937619 33653 log.cpp:1175] log load_meta ./data/log/log_meta first_log_index: 53 time: 27108
I1218 01:34:42.951619 33653 log.cpp:1115] load open segment, path: ./data/log first_index: 53
I1218 01:34:43.111038 33653 snapshot.cpp:465] Deleting ./data/snapshot/temp
I1218 01:34:43.349325 33736 server.cpp:306] Configuration of this group is 10.1.1.3:8700:0,10.1.2.3:8700:0,10.1.3.3:8700:0,10.1.4.3:8700:0,10.1.5.3:8700:0
I1218 01:34:43.361013 33736 snapshot_executor.cpp:264] node Atomic:10.1.4.3:8700:0 snapshot_load_done, last_included_index: 54 last_included_term: 62 peers: "10.1.1.3:8700:0" peers: "10.1.2.3:8700:0" peers: "10.1.3.3:8700:0" peers: "10.1.4.3:8700:0" peers: "10.1.5.3:8700:0"
I1218 01:34:43.472931 33653 raft_meta.cpp:521] Loaded single stable meta, path ./data/raft_meta term 63 votedfor 10.1.3.3:8700:0 time: 33264
I1218 01:34:43.508791 33653 node.cpp:608] node Atomic:10.1.4.3:8700:0 init, term: 63 last_log_id: (index=55,term=63) conf: 10.1.1.3:8700:0,10.1.2.3:8700:0,10.1.3.3:8700:0,10.1.4.3:8700:0,10.1.5.3:8700:0 old_conf: 
I1218 01:34:43.626122 33653 server.cpp:509] Atomic service is running on 0.0.0.0:8700
I1218 01:34:48.633476 33736 node.cpp:2129] node Atomic:10.1.4.3:8700:0 received PreVote from 10.1.3.3:8700:0 in term 64 current_term 63 granted 1 rejected_by_lease 0
I1218 01:34:48.903791 33724 node.cpp:2211] node Atomic:10.1.4.3:8700:0 received RequestVote from 10.1.3.3:8700:0 in term 64 current_term 63 log_is_ok 1 votable_time 0
I1218 01:34:48.941735 33724 raft_meta.cpp:546] Saved single stable meta, path ./data/raft_meta term 64 votedfor 0.0.0.0:0:0 time: 35327
I1218 01:34:48.976724 33724 raft_meta.cpp:546] Saved single stable meta, path ./data/raft_meta term 64 votedfor 10.1.3.3:8700:0 time: 24047
I1218 01:34:49.080529 33700 node.cpp:1587] node Atomic:10.1.4.3:8700:0 term 64 start pre_vote
I1218 01:34:49.311589 33725 server.cpp:312] Node start following { leader_id=10.1.3.3:8700:0, term=64, status=Follower receives message from new leader with the same term.}
I1218 01:34:49.316001 33725 server.cpp:306] Configuration of this group is 10.1.1.3:8700:0,10.1.2.3:8700:0,10.1.3.3:8700:0,10.1.4.3:8700:0,10.1.5.3:8700:0
W1218 01:34:49.362160 33724 node.cpp:1479] node Atomic:10.1.4.3:8700:0 received invalid PreVoteResponse from 10.1.2.3:8700:0 ctx_version 4 current_ctx_version 6
W1218 01:34:49.379356 33734 node.cpp:1567] node Atomic:10.1.4.3:8700:0 request PreVote from 10.1.5.3:8700:0 error: [E22][10.1.5.3:8700][E22]Invalid argument
W1218 01:34:49.557822 33724 node.cpp:1479] node Atomic:10.1.4.3:8700:0 received invalid PreVoteResponse from 10.1.1.3:8700:0 ctx_version 4 current_ctx_version 6
W1218 01:34:49.585950 33725 node.cpp:1479] node Atomic:10.1.4.3:8700:0 received invalid PreVoteResponse from 10.1.3.3:8700:0 ctx_version 4 current_ctx_version 6
I1218 01:34:49.905720 33724 server.cpp:306] Configuration of this group is 10.1.1.3:8700:0,10.1.2.3:8700:0,10.1.3.3:8700:0,10.1.4.3:8700:0,10.1.5.3:8700:0
I1218 01:35:08.716974 33729 node.cpp:949] node Atomic:10.1.4.3:8700:0 starts to do snapshot
I1218 01:35:09.179510 33729 snapshot.cpp:647] Deleting ./data/snapshot/snapshot_00000000000000000056
I1218 01:35:09.184614 33729 snapshot.cpp:653] Renaming ./data/snapshot/temp to ./data/snapshot/snapshot_00000000000000000056
I1218 01:35:09.200893 33729 snapshot.cpp:523] Deleting ./data/snapshot/snapshot_00000000000000000054
I1218 01:35:09.261461 33729 snapshot_executor.cpp:234] node Atomic:10.1.4.3:8700:0 snapshot_save_done, last_included_index=56 last_included_term=64
I1218 01:35:09.366336 33721 log.cpp:1153] log save_meta ./data/log/log_meta first_log_index: 55 time: 41332
I1218 01:35:27.976718 33722 node.cpp:2129] node Atomic:10.1.4.3:8700:0 received PreVote from 10.1.2.3:8700:0 in term 65 current_term 64 granted 1 rejected_by_lease 0
I1218 01:35:28.028201 33700 node.cpp:1587] node Atomic:10.1.4.3:8700:0 term 64 start pre_vote
I1218 01:35:28.035761 33732 server.cpp:309] Node stops following { leader_id=10.1.3.3:8700:0, term=64, status=Lost connection from leader 10.1.3.3:8700:0}
W1218 01:35:28.123788 33733 node.cpp:1567] node Atomic:10.1.4.3:8700:0 request PreVote from 10.1.1.3:8700:0 error: [E111]Fail to connect Socket{id=8589934877 addr=10.1.1.3:8700} (0x0x6310000b5880): Connection refused
W1218 01:35:28.141147 33721 node.cpp:1567] node Atomic:10.1.4.3:8700:0 request PreVote from 10.1.3.3:8700:0 error: [E111]Fail to connect Socket{id=289 addr=10.1.3.3:8700} (0x0x6310000b6380): Connection refused
I1218 01:35:28.152222 33729 node.cpp:1512] node Atomic:10.1.4.3:8700:0 received PreVoteResponse from 10.1.2.3:8700:0 term 64 granted 1 rejected_by_lease 0 disrupted 0
W1218 01:35:28.161214 33700 node.cpp:1567] node Atomic:10.1.4.3:8700:0 request PreVote from 10.1.5.3:8700:0 error: [E22][10.1.5.3:8700][E22]Invalid argument
I1218 01:35:33.192667 33729 node.cpp:1587] node Atomic:10.1.4.3:8700:0 term 64 start pre_vote
W1218 01:35:33.296527 33732 node.cpp:1567] node Atomic:10.1.4.3:8700:0 request PreVote from 10.1.1.3:8700:0 error: [E111]Fail to connect Socket{id=8589934879 addr=10.1.1.3:8700} (0x0x6310000b5e00): Connection refused
I1218 01:35:33.313381 33700 node.cpp:2129] node Atomic:10.1.4.3:8700:0 received PreVote from 10.1.2.3:8700:0 in term 65 current_term 64 granted 1 rejected_by_lease 0
W1218 01:35:33.328150 33721 node.cpp:1567] node Atomic:10.1.4.3:8700:0 request PreVote from 10.1.3.3:8700:0 error: [E111]Fail to connect Socket{id=560 addr=10.1.3.3:8700} (0x0x631000118d80): Connection refused
I1218 01:35:33.333396 33722 node.cpp:1512] node Atomic:10.1.4.3:8700:0 received PreVoteResponse from 10.1.2.3:8700:0 term 64 granted 1 rejected_by_lease 0 disrupted 0
W1218 01:35:33.346911 33722 node.cpp:1567] node Atomic:10.1.4.3:8700:0 request PreVote from 10.1.5.3:8700:0 error: [E22][10.1.5.3:8700][E22]Invalid argument
I1218 01:35:38.675722 33700 node.cpp:1587] node Atomic:10.1.4.3:8700:0 term 64 start pre_vote
W1218 01:35:38.723052 33721 node.cpp:1567] node Atomic:10.1.4.3:8700:0 request PreVote from 10.1.1.3:8700:0 error: [E111]Fail to connect Socket{id=17179869475 addr=10.1.1.3:8700} (0x0x6310000b6900): Connection refused
W1218 01:35:38.730062 33733 node.cpp:1567] node Atomic:10.1.4.3:8700:0 request PreVote from 10.1.3.3:8700:0 error: [E111]Fail to connect Socket{id=296 addr=10.1.3.3:8700} (0x0x6310000b76c0): Connection refused
W1218 01:35:38.756217 33722 node.cpp:1567] node Atomic:10.1.4.3:8700:0 request PreVote from 10.1.5.3:8700:0 error: [E22][10.1.5.3:8700][E22]Invalid argument
I1218 01:35:39.002033 33721 node.cpp:949] node Atomic:10.1.4.3:8700:0 starts to do snapshot
I1218 01:35:39.023512 33721 snapshot_executor.cpp:154] node Atomic:10.1.4.3:8700:0 the gap between fsm applied index 56 and last_snapshot_index 56 is less than 1, will clear bufferred logs and return success
I1218 01:35:39.359169 33733 log.cpp:1153] log save_meta ./data/log/log_meta first_log_index: 57 time: 218435
I1218 01:35:39.425441 33733 log.cpp:608] Unlinked segment `./data/log/log_inprogress_00000000000000000053'
WARNING: Logging before InitGoogleLogging() is written to STDERR
W1218 01:36:26.041999 34806 bthread.cpp:409] Fail to set concurrency by tag: 0, tag concurrency must larger than old oncurrency. old concurrency: 24, new concurrency: 9
I1218 01:36:26.515031 34806 server.cpp:1208] Server[braft::RaftStatImpl+braft::FileServiceImpl+braft::RaftServiceImpl+braft::CliServiceImpl+example::AtomicServiceImpl] is serving on port=8700.
I1218 01:36:26.516469 34806 server.cpp:1211] Check out http://n4:8700 in web browser.
I1218 01:36:26.636623 34806 log.cpp:691] Use murmurhash32 as the checksum type of appending entries
I1218 01:36:26.640468 34806 log.cpp:1175] log load_meta ./data/log/log_meta first_log_index: 57 time: 2553
I1218 01:36:26.652446 34806 snapshot.cpp:465] Deleting ./data/snapshot/temp
I1218 01:36:26.949102 34864 server.cpp:306] Configuration of this group is 10.1.1.3:8700:0,10.1.2.3:8700:0,10.1.3.3:8700:0,10.1.4.3:8700:0,10.1.5.3:8700:0
I1218 01:36:27.060869 34864 snapshot_executor.cpp:264] node Atomic:10.1.4.3:8700:0 snapshot_load_done, last_included_index: 56 last_included_term: 64 peers: "10.1.1.3:8700:0" peers: "10.1.2.3:8700:0" peers: "10.1.3.3:8700:0" peers: "10.1.4.3:8700:0" peers: "10.1.5.3:8700:0"
I1218 01:36:27.095538 34806 raft_meta.cpp:521] Loaded single stable meta, path ./data/raft_meta term 64 votedfor 10.1.3.3:8700:0 time: 863
I1218 01:36:27.096771 34806 node.cpp:608] node Atomic:10.1.4.3:8700:0 init, term: 64 last_log_id: (index=56,term=64) conf: 10.1.1.3:8700:0,10.1.2.3:8700:0,10.1.3.3:8700:0,10.1.4.3:8700:0,10.1.5.3:8700:0 old_conf: 
I1218 01:36:27.117280 34806 server.cpp:509] Atomic service is running on 0.0.0.0:8700
I1218 01:36:30.379894 34860 node.cpp:2129] node Atomic:10.1.4.3:8700:0 received PreVote from 10.1.2.3:8700:0 in term 65 current_term 64 granted 1 rejected_by_lease 0
I1218 01:36:30.747611 34876 node.cpp:2211] node Atomic:10.1.4.3:8700:0 received RequestVote from 10.1.2.3:8700:0 in term 65 current_term 64 log_is_ok 1 votable_time 0
I1218 01:36:30.781572 34876 raft_meta.cpp:546] Saved single stable meta, path ./data/raft_meta term 65 votedfor 0.0.0.0:0:0 time: 31931
I1218 01:36:30.810773 34876 raft_meta.cpp:546] Saved single stable meta, path ./data/raft_meta term 65 votedfor 10.1.2.3:8700:0 time: 22315
I1218 01:36:32.197595 34864 server.cpp:312] Node start following { leader_id=10.1.2.3:8700:0, term=65, status=Follower receives message from new leader with the same term.}
I1218 01:36:32.299886 34883 log.cpp:114] Created new segment `./data/log/log_inprogress_00000000000000000057' with fd=8
I1218 01:36:32.332650 34883 server.cpp:306] Configuration of this group is 10.1.1.3:8700:0,10.1.2.3:8700:0,10.1.3.3:8700:0,10.1.4.3:8700:0,10.1.5.3:8700:0
I1218 01:36:33.243502 34883 node.cpp:949] node Atomic:10.1.4.3:8700:0 starts to do snapshot
I1218 01:36:33.425246 34883 snapshot.cpp:647] Deleting ./data/snapshot/snapshot_00000000000000000057
I1218 01:36:33.451647 34883 snapshot.cpp:653] Renaming ./data/snapshot/temp to ./data/snapshot/snapshot_00000000000000000057
I1218 01:36:33.489328 34883 snapshot.cpp:523] Deleting ./data/snapshot/snapshot_00000000000000000056
I1218 01:36:33.687513 34883 snapshot_executor.cpp:234] node Atomic:10.1.4.3:8700:0 snapshot_save_done, last_included_index=57 last_included_term=65
WARNING: Logging before InitGoogleLogging() is written to STDERR
W1218 01:37:37.293358 35656 bthread.cpp:409] Fail to set concurrency by tag: 0, tag concurrency must larger than old oncurrency. old concurrency: 24, new concurrency: 9
I1218 01:37:37.670811 35656 server.cpp:1208] Server[braft::RaftStatImpl+braft::FileServiceImpl+braft::RaftServiceImpl+braft::CliServiceImpl+example::AtomicServiceImpl] is serving on port=8700.
I1218 01:37:37.691521 35656 server.cpp:1211] Check out http://n4:8700 in web browser.
I1218 01:37:38.031096 35656 log.cpp:691] Use murmurhash32 as the checksum type of appending entries
I1218 01:37:38.059326 35656 log.cpp:1175] log load_meta ./data/log/log_meta first_log_index: 57 time: 2085
I1218 01:37:38.061561 35656 log.cpp:1115] load open segment, path: ./data/log first_index: 57
I1218 01:37:38.121860 35656 snapshot.cpp:465] Deleting ./data/snapshot/temp
I1218 01:37:38.224563 35711 server.cpp:306] Configuration of this group is 10.1.1.3:8700:0,10.1.2.3:8700:0,10.1.3.3:8700:0,10.1.4.3:8700:0,10.1.5.3:8700:0
I1218 01:37:38.251317 35711 snapshot_executor.cpp:264] node Atomic:10.1.4.3:8700:0 snapshot_load_done, last_included_index: 57 last_included_term: 65 peers: "10.1.1.3:8700:0" peers: "10.1.2.3:8700:0" peers: "10.1.3.3:8700:0" peers: "10.1.4.3:8700:0" peers: "10.1.5.3:8700:0"
I1218 01:37:38.274952 35656 raft_meta.cpp:521] Loaded single stable meta, path ./data/raft_meta term 65 votedfor 10.1.2.3:8700:0 time: 969
I1218 01:37:38.276572 35656 node.cpp:608] node Atomic:10.1.4.3:8700:0 init, term: 65 last_log_id: (index=57,term=65) conf: 10.1.1.3:8700:0,10.1.2.3:8700:0,10.1.3.3:8700:0,10.1.4.3:8700:0,10.1.5.3:8700:0 old_conf: 
I1218 01:37:38.291786 35656 server.cpp:509] Atomic service is running on 0.0.0.0:8700
I1218 01:37:43.272179 35722 node.cpp:2129] node Atomic:10.1.4.3:8700:0 received PreVote from 10.1.2.3:8700:0 in term 66 current_term 65 granted 1 rejected_by_lease 0
I1218 01:37:43.285015 35708 node.cpp:2129] node Atomic:10.1.4.3:8700:0 received PreVote from 10.1.3.3:8700:0 in term 66 current_term 65 granted 1 rejected_by_lease 0
I1218 01:37:43.668413 35707 node.cpp:2211] node Atomic:10.1.4.3:8700:0 received RequestVote from 10.1.3.3:8700:0 in term 66 current_term 65 log_is_ok 1 votable_time 0
I1218 01:37:43.717238 35707 raft_meta.cpp:546] Saved single stable meta, path ./data/raft_meta term 66 votedfor 0.0.0.0:0:0 time: 43117
I1218 01:37:43.779263 35707 raft_meta.cpp:546] Saved single stable meta, path ./data/raft_meta term 66 votedfor 10.1.3.3:8700:0 time: 56296
I1218 01:37:43.917508 35728 node.cpp:2211] node Atomic:10.1.4.3:8700:0 received RequestVote from 10.1.2.3:8700:0 in term 66 current_term 66 log_is_ok 1 votable_time 0
I1218 01:37:44.333331 35708 server.cpp:312] Node start following { leader_id=10.1.3.3:8700:0, term=66, status=Follower receives message from new leader with the same term.}
I1218 01:37:45.006294 35707 server.cpp:306] Configuration of this group is 10.1.1.3:8700:0,10.1.2.3:8700:0,10.1.3.3:8700:0,10.1.4.3:8700:0,10.1.5.3:8700:0
I1218 01:37:54.395011 35727 server.cpp:309] Node stops following { leader_id=10.1.3.3:8700:0, term=66, status=Lost connection from leader 10.1.3.3:8700:0}
I1218 01:37:54.392472 35703 node.cpp:1587] node Atomic:10.1.4.3:8700:0 term 66 start pre_vote
W1218 01:37:54.580768 35728 node.cpp:1567] node Atomic:10.1.4.3:8700:0 request PreVote from 10.1.3.3:8700:0 error: [E111]Fail to connect Socket{id=469 addr=10.1.3.3:8700} (0x0x6310000dd300): Connection refused
W1218 01:37:54.580782 35708 node.cpp:1567] node Atomic:10.1.4.3:8700:0 request PreVote from 10.1.5.3:8700:0 error: [E111]Fail to connect Socket{id=471 addr=10.1.5.3:8700} (0x0x6310000dd880): Connection refused
I1218 01:37:54.651082 35711 node.cpp:1512] node Atomic:10.1.4.3:8700:0 received PreVoteResponse from 10.1.2.3:8700:0 term 66 granted 1 rejected_by_lease 0 disrupted 0
I1218 01:37:54.680864 35722 node.cpp:1512] node Atomic:10.1.4.3:8700:0 received PreVoteResponse from 10.1.1.3:8700:0 term 66 granted 1 rejected_by_lease 0 disrupted 0
I1218 01:37:54.682873 35722 node.cpp:1653] node Atomic:10.1.4.3:8700:0 term 66 start vote and grant vote self
W1218 01:37:54.798164 35708 node.cpp:1454] node Atomic:10.1.4.3:8700:0 received RequestVoteResponse from 10.1.3.3:8700:0 error: [E111]Fail to connect Socket{id=377 addr=10.1.3.3:8700} (0x0x6310000c95c0): Connection refused
W1218 01:37:54.797421 35711 node.cpp:1454] node Atomic:10.1.4.3:8700:0 received RequestVoteResponse from 10.1.5.3:8700:0 error: [E111]Fail to connect Socket{id=379 addr=10.1.5.3:8700} (0x0x6310000c9b40): Connection refused
I1218 01:37:54.823770 35722 raft_meta.cpp:546] Saved single stable meta, path ./data/raft_meta term 67 votedfor 10.1.4.3:8700:0 time: 113349
I1218 01:37:54.967846 35707 node.cpp:1403] node Atomic:10.1.4.3:8700:0 received RequestVoteResponse from 10.1.2.3:8700:0 term 67 granted 1 rejected_by_lease 0 disrupted 0
I1218 01:37:55.020717 35728 node.cpp:1403] node Atomic:10.1.4.3:8700:0 received RequestVoteResponse from 10.1.1.3:8700:0 term 67 granted 1 rejected_by_lease 0 disrupted 0
I1218 01:37:55.021931 35728 node.cpp:1908] node Atomic:10.1.4.3:8700:0 term 67 become leader of group 10.1.1.3:8700:0,10.1.2.3:8700:0,10.1.3.3:8700:0,10.1.4.3:8700:0,10.1.5.3:8700:0 
I1218 01:37:55.075937 35728 replicator.cpp:143] Replicator=4423816314885@10.1.1.3:8700:0 is started, group Atomic
I1218 01:37:55.173928 35728 replicator.cpp:143] Replicator=2211908157441@10.1.2.3:8700:0 is started, group Atomic
I1218 01:37:55.177918 35728 replicator.cpp:143] Replicator=2229088026625@10.1.3.3:8700:0 is started, group Atomic
I1218 01:37:55.273962 35728 replicator.cpp:143] Replicator=2246267895809@10.1.5.3:8700:0 is started, group Atomic
W1218 01:37:55.453769 35724 replicator.cpp:397] Group Atomic fail to issue RPC to 10.1.5.3:8700:0 _consecutive_error_times=1, [E111]Fail to connect Socket{id=190 addr=10.1.5.3:8700} (0x0x631000079300): Connection refused [R1][E112]Not connected to 10.1.5.3:8700 yet, server_id=190 [R2][E112]Not connected to 10.1.5.3:8700 yet, server_id=190 [R3][E112]Not connected to 10.1.5.3:8700 yet, server_id=190
W1218 01:37:55.474766 35730 replicator.cpp:397] Group Atomic fail to issue RPC to 10.1.3.3:8700:0 _consecutive_error_times=1, [E111]Fail to connect Socket{id=188 addr=10.1.3.3:8700} (0x0x631000078d80): Connection refused [R1][E112]Not connected to 10.1.3.3:8700 yet, server_id=188 [R2][E112]Not connected to 10.1.3.3:8700 yet, server_id=188 [R3][E112]Not connected to 10.1.3.3:8700 yet, server_id=188
I1218 01:37:55.536362 35712 socket.cpp:2570] Checking Socket{id=188 addr=10.1.3.3:8700} (0x631000078d80)
I1218 01:37:55.545020 35707 socket.cpp:2570] Checking Socket{id=190 addr=10.1.5.3:8700} (0x631000079300)
I1218 01:37:55.629952 35702 server.cpp:306] Configuration of this group is 10.1.1.3:8700:0,10.1.2.3:8700:0,10.1.3.3:8700:0,10.1.4.3:8700:0,10.1.5.3:8700:0
I1218 01:37:55.633541 35702 node.cpp:3310] node Atomic:10.1.4.3:8700:0 reset ConfigurationCtx, new_peers: 10.1.1.3:8700:0,10.1.2.3:8700:0,10.1.3.3:8700:0,10.1.4.3:8700:0,10.1.5.3:8700:0, old_peers: 10.1.1.3:8700:0,10.1.2.3:8700:0,10.1.3.3:8700:0,10.1.4.3:8700:0,10.1.5.3:8700:0
I1218 01:37:55.679226 35702 server.cpp:291] Node becomes leader
W1218 01:37:58.193058 35729 replicator.cpp:397] Group Atomic fail to issue RPC to 10.1.3.3:8700:0 _consecutive_error_times=11, [E112]Not connected to 10.1.3.3:8700 yet, server_id=188 [R1][E112]Not connected to 10.1.3.3:8700 yet, server_id=188 [R2][E112]Not connected to 10.1.3.3:8700 yet, server_id=188 [R3][E112]Not connected to 10.1.3.3:8700 yet, server_id=188
W1218 01:37:58.194104 35703 replicator.cpp:397] Group Atomic fail to issue RPC to 10.1.5.3:8700:0 _consecutive_error_times=11, [E112]Not connected to 10.1.5.3:8700 yet, server_id=190 [R1][E112]Not connected to 10.1.5.3:8700 yet, server_id=190 [R2][E112]Not connected to 10.1.5.3:8700 yet, server_id=190 [R3][E112]Not connected to 10.1.5.3:8700 yet, server_id=190
W1218 01:37:58.280126 35728 input_messenger.cpp:381] Fail to read from Socket{id=8589934783 fd=9 addr=10.1.5.3:39530:8700} (0x6310000795c0): Connection reset by peer [104]
WARNING: Logging before InitGoogleLogging() is written to STDERR
W1218 01:38:18.225152 36094 bthread.cpp:409] Fail to set concurrency by tag: 0, tag concurrency must larger than old oncurrency. old concurrency: 24, new concurrency: 9
I1218 01:38:18.779474 36094 server.cpp:1208] Server[braft::RaftStatImpl+braft::FileServiceImpl+braft::RaftServiceImpl+braft::CliServiceImpl+example::AtomicServiceImpl] is serving on port=8700.
I1218 01:38:18.780933 36094 server.cpp:1211] Check out http://n4:8700 in web browser.
I1218 01:38:19.080447 36094 log.cpp:691] Use murmurhash32 as the checksum type of appending entries
I1218 01:38:19.095433 36094 log.cpp:1175] log load_meta ./data/log/log_meta first_log_index: 57 time: 3506
I1218 01:38:19.097398 36094 log.cpp:1115] load open segment, path: ./data/log first_index: 57
I1218 01:38:19.135121 36094 snapshot.cpp:465] Deleting ./data/snapshot/temp
I1218 01:38:19.321870 36170 server.cpp:306] Configuration of this group is 10.1.1.3:8700:0,10.1.2.3:8700:0,10.1.3.3:8700:0,10.1.4.3:8700:0,10.1.5.3:8700:0
I1218 01:38:19.431938 36170 snapshot_executor.cpp:264] node Atomic:10.1.4.3:8700:0 snapshot_load_done, last_included_index: 57 last_included_term: 65 peers: "10.1.1.3:8700:0" peers: "10.1.2.3:8700:0" peers: "10.1.3.3:8700:0" peers: "10.1.4.3:8700:0" peers: "10.1.5.3:8700:0"
I1218 01:38:19.525108 36094 raft_meta.cpp:521] Loaded single stable meta, path ./data/raft_meta term 67 votedfor 10.1.4.3:8700:0 time: 14926
I1218 01:38:19.539986 36094 node.cpp:608] node Atomic:10.1.4.3:8700:0 init, term: 67 last_log_id: (index=60,term=67) conf: 10.1.1.3:8700:0,10.1.2.3:8700:0,10.1.3.3:8700:0,10.1.4.3:8700:0,10.1.5.3:8700:0 old_conf: 
I1218 01:38:19.585558 36094 server.cpp:509] Atomic service is running on 0.0.0.0:8700
I1218 01:38:19.713543 36138 node.cpp:949] node Atomic:10.1.4.3:8700:0 starts to do snapshot
I1218 01:38:19.750351 36138 snapshot_executor.cpp:154] node Atomic:10.1.4.3:8700:0 the gap between fsm applied index 57 and last_snapshot_index 57 is less than 1, will clear bufferred logs and return success
I1218 01:38:19.836405 36143 log.cpp:1153] log save_meta ./data/log/log_meta first_log_index: 58 time: 74358
I1218 01:38:31.891265 36143 node.cpp:1587] node Atomic:10.1.4.3:8700:0 term 67 start pre_vote
I1218 01:38:33.088265 36170 node.cpp:2129] node Atomic:10.1.4.3:8700:0 received PreVote from 10.1.1.3:8700:0 in term 68 current_term 67 granted 1 rejected_by_lease 0
W1218 01:38:33.104012 36138 node.cpp:1567] node Atomic:10.1.4.3:8700:0 request PreVote from 10.1.1.3:8700:0 error: [E110]Fail to connect Socket{id=186 addr=10.1.1.3:8700} (0x0x631000078800): Connection timed out
I1218 01:38:33.253186 36166 raft_meta.cpp:546] Saved single stable meta, path ./data/raft_meta term 68 votedfor 0.0.0.0:0:0 time: 51677
I1218 01:38:33.259903 36145 server.cpp:312] Node start following { leader_id=10.1.2.3:8700:0, term=68, status=Raft node receives message from new leader with higher term.}
I1218 01:38:33.280769 36144 node.cpp:2129] node Atomic:10.1.4.3:8700:0 received PreVote from 10.1.2.3:8700:0 in term 68 current_term 68 granted 1 rejected_by_lease 0
W1218 01:38:33.302260 36156 node.cpp:1479] node Atomic:10.1.4.3:8700:0 received invalid PreVoteResponse from 10.1.5.3:8700:0 ctx_version 2 current_ctx_version 4
W1218 01:38:33.333958 36168 node.cpp:1479] node Atomic:10.1.4.3:8700:0 received invalid PreVoteResponse from 10.1.3.3:8700:0 ctx_version 2 current_ctx_version 4
W1218 01:38:33.345007 36141 node.cpp:2202] node Atomic:10.1.4.3:8700:0 raise term 68 when get last_log_id
I1218 01:38:33.347553 36142 node.cpp:2129] node Atomic:10.1.4.3:8700:0 received PreVote from 10.1.3.3:8700:0 in term 67 current_term 68 granted 0 rejected_by_lease 0
W1218 01:38:33.355381 36138 node.cpp:2202] node Atomic:10.1.4.3:8700:0 raise term 68 when get last_log_id
W1218 01:38:33.487946 36119 sampler.cpp:192] bvar is busy at sampling for 2 seconds!
W1218 01:38:33.509552 36170 node.cpp:1479] node Atomic:10.1.4.3:8700:0 received invalid PreVoteResponse from 10.1.2.3:8700:0 ctx_version 2 current_ctx_version 4
I1218 01:38:34.037423 36152 server.cpp:306] Configuration of this group is 10.1.1.3:8700:0,10.1.2.3:8700:0,10.1.3.3:8700:0,10.1.4.3:8700:0,10.1.5.3:8700:0
I1218 01:38:34.047452 36152 server.cpp:306] Configuration of this group is 10.1.1.3:8700:0,10.1.2.3:8700:0,10.1.3.3:8700:0,10.1.4.3:8700:0,10.1.5.3:8700:0
I1218 01:38:34.061038 36152 server.cpp:306] Configuration of this group is 10.1.1.3:8700:0,10.1.2.3:8700:0,10.1.3.3:8700:0,10.1.4.3:8700:0,10.1.5.3:8700:0
I1218 01:38:41.739097 36170 node.cpp:2129] node Atomic:10.1.4.3:8700:0 received PreVote from 10.1.3.3:8700:0 in term 69 current_term 68 granted 1 rejected_by_lease 0
I1218 01:38:42.046634 36152 node.cpp:2211] node Atomic:10.1.4.3:8700:0 received RequestVote from 10.1.3.3:8700:0 in term 69 current_term 68 log_is_ok 1 votable_time 0
I1218 01:38:42.052330 36170 server.cpp:309] Node stops following { leader_id=10.1.2.3:8700:0, term=68, status=Raft node receives higher term request_vote_request.}
I1218 01:38:42.187070 36152 raft_meta.cpp:546] Saved single stable meta, path ./data/raft_meta term 69 votedfor 0.0.0.0:0:0 time: 135645
I1218 01:38:42.304678 36152 raft_meta.cpp:546] Saved single stable meta, path ./data/raft_meta term 69 votedfor 10.1.3.3:8700:0 time: 116025
I1218 01:38:42.871598 36167 server.cpp:312] Node start following { leader_id=10.1.3.3:8700:0, term=69, status=Follower receives message from new leader with the same term.}
WARNING: Logging before InitGoogleLogging() is written to STDERR
W1218 01:38:53.497363 36443 bthread.cpp:409] Fail to set concurrency by tag: 0, tag concurrency must larger than old oncurrency. old concurrency: 24, new concurrency: 9
I1218 01:38:53.975273 36443 server.cpp:1208] Server[braft::RaftStatImpl+braft::FileServiceImpl+braft::RaftServiceImpl+braft::CliServiceImpl+example::AtomicServiceImpl] is serving on port=8700.
I1218 01:38:54.000998 36443 server.cpp:1211] Check out http://n4:8700 in web browser.
I1218 01:38:54.291117 36443 log.cpp:691] Use murmurhash32 as the checksum type of appending entries
I1218 01:38:54.328274 36443 log.cpp:1175] log load_meta ./data/log/log_meta first_log_index: 58 time: 2251
I1218 01:38:54.331158 36443 log.cpp:1115] load open segment, path: ./data/log first_index: 57
I1218 01:38:54.371456 36443 snapshot.cpp:465] Deleting ./data/snapshot/temp
I1218 01:38:54.454504 36511 server.cpp:306] Configuration of this group is 10.1.1.3:8700:0,10.1.2.3:8700:0,10.1.3.3:8700:0,10.1.4.3:8700:0,10.1.5.3:8700:0
I1218 01:38:54.540957 36511 snapshot_executor.cpp:264] node Atomic:10.1.4.3:8700:0 snapshot_load_done, last_included_index: 57 last_included_term: 65 peers: "10.1.1.3:8700:0" peers: "10.1.2.3:8700:0" peers: "10.1.3.3:8700:0" peers: "10.1.4.3:8700:0" peers: "10.1.5.3:8700:0"
I1218 01:38:54.579252 36443 raft_meta.cpp:521] Loaded single stable meta, path ./data/raft_meta term 69 votedfor 10.1.3.3:8700:0 time: 739
I1218 01:38:54.580876 36443 node.cpp:608] node Atomic:10.1.4.3:8700:0 init, term: 69 last_log_id: (index=61,term=68) conf: 10.1.1.3:8700:0,10.1.2.3:8700:0,10.1.3.3:8700:0,10.1.4.3:8700:0,10.1.5.3:8700:0 old_conf: 
I1218 01:38:54.631811 36443 server.cpp:509] Atomic service is running on 0.0.0.0:8700
I1218 01:38:59.686211 36518 node.cpp:2129] node Atomic:10.1.4.3:8700:0 received PreVote from 10.1.3.3:8700:0 in term 70 current_term 69 granted 1 rejected_by_lease 0
I1218 01:39:00.003499 36505 node.cpp:2211] node Atomic:10.1.4.3:8700:0 received RequestVote from 10.1.3.3:8700:0 in term 70 current_term 69 log_is_ok 1 votable_time 0
I1218 01:39:00.041350 36505 raft_meta.cpp:546] Saved single stable meta, path ./data/raft_meta term 70 votedfor 0.0.0.0:0:0 time: 35382
I1218 01:39:00.117134 36505 raft_meta.cpp:546] Saved single stable meta, path ./data/raft_meta term 70 votedfor 10.1.3.3:8700:0 time: 35257
I1218 01:39:01.357146 36520 server.cpp:312] Node start following { leader_id=10.1.3.3:8700:0, term=70, status=Follower receives message from new leader with the same term.}
I1218 01:39:01.475235 36520 server.cpp:306] Configuration of this group is 10.1.1.3:8700:0,10.1.2.3:8700:0,10.1.3.3:8700:0,10.1.4.3:8700:0,10.1.5.3:8700:0
I1218 01:39:01.521061 36520 server.cpp:306] Configuration of this group is 10.1.1.3:8700:0,10.1.2.3:8700:0,10.1.3.3:8700:0,10.1.4.3:8700:0,10.1.5.3:8700:0
I1218 01:39:01.523504 36520 server.cpp:306] Configuration of this group is 10.1.1.3:8700:0,10.1.2.3:8700:0,10.1.3.3:8700:0,10.1.4.3:8700:0,10.1.5.3:8700:0
I1218 01:39:01.611534 36508 server.cpp:306] Configuration of this group is 10.1.1.3:8700:0,10.1.2.3:8700:0,10.1.3.3:8700:0,10.1.4.3:8700:0,10.1.5.3:8700:0
I1218 01:39:01.612813 36508 server.cpp:306] Configuration of this group is 10.1.1.3:8700:0,10.1.2.3:8700:0,10.1.3.3:8700:0,10.1.4.3:8700:0,10.1.5.3:8700:0
WARNING: Logging before InitGoogleLogging() is written to STDERR
W1218 01:39:13.308620 36652 bthread.cpp:409] Fail to set concurrency by tag: 0, tag concurrency must larger than old oncurrency. old concurrency: 24, new concurrency: 9
I1218 01:39:14.120368 36652 server.cpp:1208] Server[braft::RaftStatImpl+braft::FileServiceImpl+braft::RaftServiceImpl+braft::CliServiceImpl+example::AtomicServiceImpl] is serving on port=8700.
I1218 01:39:14.155896 36652 server.cpp:1211] Check out http://n4:8700 in web browser.
I1218 01:39:14.765679 36652 log.cpp:691] Use murmurhash32 as the checksum type of appending entries
I1218 01:39:14.806069 36652 log.cpp:1175] log load_meta ./data/log/log_meta first_log_index: 58 time: 22648
I1218 01:39:14.827108 36652 log.cpp:1115] load open segment, path: ./data/log first_index: 57
I1218 01:39:14.884395 36652 snapshot.cpp:465] Deleting ./data/snapshot/temp
I1218 01:39:15.026351 36716 server.cpp:306] Configuration of this group is 10.1.1.3:8700:0,10.1.2.3:8700:0,10.1.3.3:8700:0,10.1.4.3:8700:0,10.1.5.3:8700:0
I1218 01:39:15.321998 36716 snapshot_executor.cpp:264] node Atomic:10.1.4.3:8700:0 snapshot_load_done, last_included_index: 57 last_included_term: 65 peers: "10.1.1.3:8700:0" peers: "10.1.2.3:8700:0" peers: "10.1.3.3:8700:0" peers: "10.1.4.3:8700:0" peers: "10.1.5.3:8700:0"
