I1218 01:39:15.489349 36652 raft_meta.cpp:521] Loaded single stable meta, path ./data/raft_meta term 70 votedfor 10.1.3.3:8700:0 time: 25543
I1218 01:39:15.562928 36652 node.cpp:608] node Atomic:10.1.4.3:8700:0 init, term: 70 last_log_id: (index=63,term=70) conf: 10.1.1.3:8700:0,10.1.2.3:8700:0,10.1.3.3:8700:0,10.1.4.3:8700:0,10.1.5.3:8700:0 old_conf: 
I1218 01:39:15.678778 36652 server.cpp:509] Atomic service is running on 0.0.0.0:8700
I1218 01:39:17.150314 36718 node.cpp:2129] node Atomic:10.1.4.3:8700:0 received PreVote from 10.1.3.3:8700:0 in term 71 current_term 70 granted 1 rejected_by_lease 0
I1218 01:39:17.988761 36709 node.cpp:2211] node Atomic:10.1.4.3:8700:0 received RequestVote from 10.1.3.3:8700:0 in term 71 current_term 70 log_is_ok 1 votable_time 0
I1218 01:39:18.028640 36709 raft_meta.cpp:546] Saved single stable meta, path ./data/raft_meta term 71 votedfor 0.0.0.0:0:0 time: 37393
I1218 01:39:18.085124 36709 raft_meta.cpp:546] Saved single stable meta, path ./data/raft_meta term 71 votedfor 10.1.3.3:8700:0 time: 51747
I1218 01:39:18.486182 36711 server.cpp:312] Node start following { leader_id=10.1.3.3:8700:0, term=71, status=Follower receives message from new leader with the same term.}
I1218 01:39:18.543758 36689 server.cpp:306] Configuration of this group is 10.1.1.3:8700:0,10.1.2.3:8700:0,10.1.3.3:8700:0,10.1.4.3:8700:0,10.1.5.3:8700:0
I1218 01:39:18.549000 36689 server.cpp:306] Configuration of this group is 10.1.1.3:8700:0,10.1.2.3:8700:0,10.1.3.3:8700:0,10.1.4.3:8700:0,10.1.5.3:8700:0
I1218 01:39:18.582772 36689 server.cpp:306] Configuration of this group is 10.1.1.3:8700:0,10.1.2.3:8700:0,10.1.3.3:8700:0,10.1.4.3:8700:0,10.1.5.3:8700:0
I1218 01:39:18.584930 36689 server.cpp:306] Configuration of this group is 10.1.1.3:8700:0,10.1.2.3:8700:0,10.1.3.3:8700:0,10.1.4.3:8700:0,10.1.5.3:8700:0
I1218 01:39:18.589569 36689 server.cpp:306] Configuration of this group is 10.1.1.3:8700:0,10.1.2.3:8700:0,10.1.3.3:8700:0,10.1.4.3:8700:0,10.1.5.3:8700:0
I1218 01:39:19.563196 36709 server.cpp:306] Configuration of this group is 10.1.1.3:8700:0,10.1.2.3:8700:0,10.1.3.3:8700:0,10.1.4.3:8700:0,10.1.5.3:8700:0
WARNING: Logging before InitGoogleLogging() is written to STDERR
W1218 01:39:52.714244 37109 sampler.cpp:192] bvar is busy at sampling for 2 seconds!
W1218 01:39:53.311879 37079 bthread.cpp:409] Fail to set concurrency by tag: 0, tag concurrency must larger than old oncurrency. old concurrency: 24, new concurrency: 9
I1218 01:39:53.682086 37079 server.cpp:1208] Server[braft::RaftStatImpl+braft::FileServiceImpl+braft::RaftServiceImpl+braft::CliServiceImpl+example::AtomicServiceImpl] is serving on port=8700.
I1218 01:39:53.686254 37079 server.cpp:1211] Check out http://n4:8700 in web browser.
I1218 01:39:53.964717 37079 log.cpp:691] Use murmurhash32 as the checksum type of appending entries
I1218 01:39:54.008023 37079 log.cpp:1175] log load_meta ./data/log/log_meta first_log_index: 58 time: 41443
I1218 01:39:54.014145 37079 log.cpp:1115] load open segment, path: ./data/log first_index: 57
I1218 01:39:54.253859 37079 snapshot.cpp:465] Deleting ./data/snapshot/temp
I1218 01:39:54.560565 37160 server.cpp:306] Configuration of this group is 10.1.1.3:8700:0,10.1.2.3:8700:0,10.1.3.3:8700:0,10.1.4.3:8700:0,10.1.5.3:8700:0
I1218 01:39:54.725605 37160 snapshot_executor.cpp:264] node Atomic:10.1.4.3:8700:0 snapshot_load_done, last_included_index: 57 last_included_term: 65 peers: "10.1.1.3:8700:0" peers: "10.1.2.3:8700:0" peers: "10.1.3.3:8700:0" peers: "10.1.4.3:8700:0" peers: "10.1.5.3:8700:0"
I1218 01:39:54.793006 37079 raft_meta.cpp:521] Loaded single stable meta, path ./data/raft_meta term 71 votedfor 10.1.3.3:8700:0 time: 4645
I1218 01:39:54.797627 37079 node.cpp:608] node Atomic:10.1.4.3:8700:0 init, term: 71 last_log_id: (index=64,term=71) conf: 10.1.1.3:8700:0,10.1.2.3:8700:0,10.1.3.3:8700:0,10.1.4.3:8700:0,10.1.5.3:8700:0 old_conf: 
I1218 01:39:54.851002 37079 server.cpp:509] Atomic service is running on 0.0.0.0:8700
I1218 01:40:00.354028 37172 node.cpp:1587] node Atomic:10.1.4.3:8700:0 term 71 start pre_vote
I1218 01:40:01.085107 37173 node.cpp:2129] node Atomic:10.1.4.3:8700:0 received PreVote from 10.1.3.3:8700:0 in term 72 current_term 71 granted 1 rejected_by_lease 0
W1218 01:40:01.217339 37174 node.cpp:1567] node Atomic:10.1.4.3:8700:0 request PreVote from 10.1.5.3:8700:0 error: [E22][10.1.5.3:8700][E22]Invalid argument
I1218 01:40:01.244685 37160 node.cpp:1512] node Atomic:10.1.4.3:8700:0 received PreVoteResponse from 10.1.3.3:8700:0 term 71 granted 1 rejected_by_lease 0 disrupted 0
I1218 01:40:01.252120 37152 node.cpp:1512] node Atomic:10.1.4.3:8700:0 received PreVoteResponse from 10.1.2.3:8700:0 term 71 granted 1 rejected_by_lease 0 disrupted 0
I1218 01:40:01.253675 37152 node.cpp:1653] node Atomic:10.1.4.3:8700:0 term 71 start vote and grant vote self
I1218 01:40:01.416038 37152 raft_meta.cpp:546] Saved single stable meta, path ./data/raft_meta term 72 votedfor 10.1.4.3:8700:0 time: 78828
W1218 01:40:01.429229 37162 node.cpp:1454] node Atomic:10.1.4.3:8700:0 received RequestVoteResponse from 10.1.5.3:8700:0 error: [E22][10.1.5.3:8700][E22]Invalid argument
I1218 01:40:01.437453 37154 node.cpp:2129] node Atomic:10.1.4.3:8700:0 received PreVote from 10.1.2.3:8700:0 in term 72 current_term 72 granted 1 rejected_by_lease 0
I1218 01:40:01.462383 37160 node.cpp:2211] node Atomic:10.1.4.3:8700:0 received RequestVote from 10.1.3.3:8700:0 in term 72 current_term 72 log_is_ok 1 votable_time 0
W1218 01:40:01.488765 37152 node.cpp:1479] node Atomic:10.1.4.3:8700:0 received invalid PreVoteResponse from 10.1.1.3:8700:0 ctx_version 2 current_ctx_version 3
I1218 01:40:01.490725 37173 node.cpp:1403] node Atomic:10.1.4.3:8700:0 received RequestVoteResponse from 10.1.3.3:8700:0 term 72 granted 0 rejected_by_lease 0 disrupted 0
I1218 01:40:01.533035 37152 node.cpp:1403] node Atomic:10.1.4.3:8700:0 received RequestVoteResponse from 10.1.2.3:8700:0 term 72 granted 1 rejected_by_lease 0 disrupted 0
I1218 01:40:01.557117 37152 node.cpp:1403] node Atomic:10.1.4.3:8700:0 received RequestVoteResponse from 10.1.1.3:8700:0 term 72 granted 0 rejected_by_lease 0 disrupted 0
I1218 01:40:01.617626 37152 node.cpp:2129] node Atomic:10.1.4.3:8700:0 received PreVote from 10.1.1.3:8700:0 in term 73 current_term 72 granted 1 rejected_by_lease 0
I1218 01:40:01.901546 37174 node.cpp:2211] node Atomic:10.1.4.3:8700:0 received RequestVote from 10.1.1.3:8700:0 in term 73 current_term 72 log_is_ok 1 votable_time 0
I1218 01:40:01.924149 37174 raft_meta.cpp:546] Saved single stable meta, path ./data/raft_meta term 73 votedfor 0.0.0.0:0:0 time: 15286
I1218 01:40:01.989409 37174 raft_meta.cpp:546] Saved single stable meta, path ./data/raft_meta term 73 votedfor 10.1.1.3:8700:0 time: 63141
I1218 01:40:02.452723 37152 server.cpp:312] Node start following { leader_id=10.1.1.3:8700:0, term=73, status=Follower receives message from new leader with the same term.}
I1218 01:40:03.550225 37162 server.cpp:306] Configuration of this group is 10.1.1.3:8700:0,10.1.2.3:8700:0,10.1.3.3:8700:0,10.1.4.3:8700:0,10.1.5.3:8700:0
I1218 01:40:03.615208 37162 server.cpp:306] Configuration of this group is 10.1.1.3:8700:0,10.1.2.3:8700:0,10.1.3.3:8700:0,10.1.4.3:8700:0,10.1.5.3:8700:0
I1218 01:40:03.683486 37162 server.cpp:306] Configuration of this group is 10.1.1.3:8700:0,10.1.2.3:8700:0,10.1.3.3:8700:0,10.1.4.3:8700:0,10.1.5.3:8700:0
I1218 01:40:03.685725 37162 server.cpp:306] Configuration of this group is 10.1.1.3:8700:0,10.1.2.3:8700:0,10.1.3.3:8700:0,10.1.4.3:8700:0,10.1.5.3:8700:0
I1218 01:40:03.740221 37162 server.cpp:306] Configuration of this group is 10.1.1.3:8700:0,10.1.2.3:8700:0,10.1.3.3:8700:0,10.1.4.3:8700:0,10.1.5.3:8700:0
I1218 01:40:03.742363 37162 server.cpp:306] Configuration of this group is 10.1.1.3:8700:0,10.1.2.3:8700:0,10.1.3.3:8700:0,10.1.4.3:8700:0,10.1.5.3:8700:0
I1218 01:40:03.772426 37162 server.cpp:306] Configuration of this group is 10.1.1.3:8700:0,10.1.2.3:8700:0,10.1.3.3:8700:0,10.1.4.3:8700:0,10.1.5.3:8700:0
WARNING: Logging before InitGoogleLogging() is written to STDERR
W1218 01:40:35.438320 37581 bthread.cpp:409] Fail to set concurrency by tag: 0, tag concurrency must larger than old oncurrency. old concurrency: 24, new concurrency: 9
I1218 01:40:35.981382 37581 server.cpp:1208] Server[braft::RaftStatImpl+braft::FileServiceImpl+braft::RaftServiceImpl+braft::CliServiceImpl+example::AtomicServiceImpl] is serving on port=8700.
I1218 01:40:36.035002 37581 server.cpp:1211] Check out http://n4:8700 in web browser.
I1218 01:40:36.265370 37581 log.cpp:691] Use murmurhash32 as the checksum type of appending entries
I1218 01:40:36.270337 37581 log.cpp:1175] log load_meta ./data/log/log_meta first_log_index: 58 time: 3393
I1218 01:40:36.279456 37581 log.cpp:1115] load open segment, path: ./data/log first_index: 57
I1218 01:40:36.332041 37581 snapshot.cpp:465] Deleting ./data/snapshot/temp
I1218 01:40:36.499517 37634 server.cpp:306] Configuration of this group is 10.1.1.3:8700:0,10.1.2.3:8700:0,10.1.3.3:8700:0,10.1.4.3:8700:0,10.1.5.3:8700:0
I1218 01:40:36.525974 37634 snapshot_executor.cpp:264] node Atomic:10.1.4.3:8700:0 snapshot_load_done, last_included_index: 57 last_included_term: 65 peers: "10.1.1.3:8700:0" peers: "10.1.2.3:8700:0" peers: "10.1.3.3:8700:0" peers: "10.1.4.3:8700:0" peers: "10.1.5.3:8700:0"
I1218 01:40:36.544037 37581 raft_meta.cpp:521] Loaded single stable meta, path ./data/raft_meta term 73 votedfor 10.1.1.3:8700:0 time: 738
I1218 01:40:36.545522 37581 node.cpp:608] node Atomic:10.1.4.3:8700:0 init, term: 73 last_log_id: (index=65,term=73) conf: 10.1.1.3:8700:0,10.1.2.3:8700:0,10.1.3.3:8700:0,10.1.4.3:8700:0,10.1.5.3:8700:0 old_conf: 
I1218 01:40:36.548493 37581 server.cpp:509] Atomic service is running on 0.0.0.0:8700
I1218 01:40:42.472460 37626 node.cpp:2129] node Atomic:10.1.4.3:8700:0 received PreVote from 10.1.3.3:8700:0 in term 74 current_term 73 granted 1 rejected_by_lease 0
I1218 01:40:42.894693 37634 node.cpp:2211] node Atomic:10.1.4.3:8700:0 received RequestVote from 10.1.3.3:8700:0 in term 74 current_term 73 log_is_ok 1 votable_time 0
I1218 01:40:42.938251 37634 raft_meta.cpp:546] Saved single stable meta, path ./data/raft_meta term 74 votedfor 0.0.0.0:0:0 time: 30775
I1218 01:40:42.956614 37634 raft_meta.cpp:546] Saved single stable meta, path ./data/raft_meta term 74 votedfor 10.1.3.3:8700:0 time: 15714
I1218 01:40:43.465787 37633 server.cpp:312] Node start following { leader_id=10.1.3.3:8700:0, term=74, status=Follower receives message from new leader with the same term.}
I1218 01:40:44.657845 37633 server.cpp:306] Configuration of this group is 10.1.1.3:8700:0,10.1.2.3:8700:0,10.1.3.3:8700:0,10.1.4.3:8700:0,10.1.5.3:8700:0
I1218 01:40:44.660662 37633 server.cpp:306] Configuration of this group is 10.1.1.3:8700:0,10.1.2.3:8700:0,10.1.3.3:8700:0,10.1.4.3:8700:0,10.1.5.3:8700:0
I1218 01:40:44.708298 37633 server.cpp:306] Configuration of this group is 10.1.1.3:8700:0,10.1.2.3:8700:0,10.1.3.3:8700:0,10.1.4.3:8700:0,10.1.5.3:8700:0
I1218 01:40:44.710880 37633 server.cpp:306] Configuration of this group is 10.1.1.3:8700:0,10.1.2.3:8700:0,10.1.3.3:8700:0,10.1.4.3:8700:0,10.1.5.3:8700:0
I1218 01:40:44.712487 37633 server.cpp:306] Configuration of this group is 10.1.1.3:8700:0,10.1.2.3:8700:0,10.1.3.3:8700:0,10.1.4.3:8700:0,10.1.5.3:8700:0
I1218 01:40:44.714321 37633 server.cpp:306] Configuration of this group is 10.1.1.3:8700:0,10.1.2.3:8700:0,10.1.3.3:8700:0,10.1.4.3:8700:0,10.1.5.3:8700:0
I1218 01:40:44.737010 37633 server.cpp:306] Configuration of this group is 10.1.1.3:8700:0,10.1.2.3:8700:0,10.1.3.3:8700:0,10.1.4.3:8700:0,10.1.5.3:8700:0
I1218 01:40:44.738765 37633 server.cpp:306] Configuration of this group is 10.1.1.3:8700:0,10.1.2.3:8700:0,10.1.3.3:8700:0,10.1.4.3:8700:0,10.1.5.3:8700:0
I1218 01:40:52.182667 37627 node.cpp:949] node Atomic:10.1.4.3:8700:0 starts to do snapshot
I1218 01:40:52.561527 37629 server.cpp:309] Node stops following { leader_id=10.1.3.3:8700:0, term=74, status=Lost connection from leader 10.1.3.3:8700:0}
I1218 01:40:52.571678 37648 node.cpp:1587] node Atomic:10.1.4.3:8700:0 term 74 start pre_vote
I1218 01:40:52.838972 37634 node.cpp:2129] node Atomic:10.1.4.3:8700:0 received PreVote from 10.1.2.3:8700:0 in term 75 current_term 74 granted 1 rejected_by_lease 0
I1218 01:40:52.856302 37633 node.cpp:1512] node Atomic:10.1.4.3:8700:0 received PreVoteResponse from 10.1.2.3:8700:0 term 74 granted 1 rejected_by_lease 0 disrupted 0
I1218 01:40:52.903734 37637 snapshot.cpp:647] Deleting ./data/snapshot/snapshot_00000000000000000066
I1218 01:40:52.905405 37637 snapshot.cpp:653] Renaming ./data/snapshot/temp to ./data/snapshot/snapshot_00000000000000000066
I1218 01:40:52.931663 37637 snapshot.cpp:523] Deleting ./data/snapshot/snapshot_00000000000000000057
I1218 01:40:53.070956 37637 snapshot_executor.cpp:234] node Atomic:10.1.4.3:8700:0 snapshot_save_done, last_included_index=66 last_included_term=74
W1218 01:40:57.760203 37648 node.cpp:1567] node Atomic:10.1.4.3:8700:0 request PreVote from 10.1.3.3:8700:0 error: [E1008]Reached timeout=5000ms @10.1.3.3:8700
W1218 01:40:57.762991 37648 node.cpp:1567] node Atomic:10.1.4.3:8700:0 request PreVote from 10.1.5.3:8700:0 error: [E1008]Reached timeout=5000ms @10.1.5.3:8700
W1218 01:40:57.763440 37647 node.cpp:1567] node Atomic:10.1.4.3:8700:0 request PreVote from 10.1.1.3:8700:0 error: [E1008]Reached timeout=5000ms @10.1.1.3:8700
I1218 01:40:58.177043 37648 node.cpp:1587] node Atomic:10.1.4.3:8700:0 term 74 start pre_vote
I1218 01:40:58.271333 37626 node.cpp:1512] node Atomic:10.1.4.3:8700:0 received PreVoteResponse from 10.1.2.3:8700:0 term 74 granted 1 rejected_by_lease 0 disrupted 0
I1218 01:40:58.811522 37633 node.cpp:2129] node Atomic:10.1.4.3:8700:0 received PreVote from 10.1.2.3:8700:0 in term 75 current_term 74 granted 1 rejected_by_lease 0
I1218 01:41:09.389974 37627 node.cpp:1587] node Atomic:10.1.4.3:8700:0 term 74 start pre_vote
W1218 01:41:09.398883 37635 node.cpp:1567] node Atomic:10.1.4.3:8700:0 request PreVote from 10.1.1.3:8700:0 error: [E1008]Reached timeout=5000ms @10.1.1.3:8700
W1218 01:41:09.382891 37648 node.cpp:1567] node Atomic:10.1.4.3:8700:0 request PreVote from 10.1.3.3:8700:0 error: [E1008]Reached timeout=5000ms @10.1.3.3:8700
W1218 01:41:09.821180 37633 node.cpp:1479] node Atomic:10.1.4.3:8700:0 received invalid PreVoteResponse from 10.1.5.3:8700:0 ctx_version 7 current_ctx_version 10
I1218 01:41:09.823598 37634 node.cpp:2129] node Atomic:10.1.4.3:8700:0 received PreVote from 10.1.1.3:8700:0 in term 75 current_term 74 granted 1 rejected_by_lease 0
I1218 01:41:09.825986 37636 node.cpp:2211] node Atomic:10.1.4.3:8700:0 received RequestVote from 10.1.2.3:8700:0 in term 75 current_term 74 log_is_ok 1 votable_time 0
I1218 01:41:09.827649 37628 server.cpp:312] Node start following { leader_id=10.1.3.3:8700:0, term=74, status=Follower receives message from new leader with the same term.}
I1218 01:41:09.828781 37628 server.cpp:309] Node stops following { leader_id=10.1.3.3:8700:0, term=74, status=Raft node receives higher term request_vote_request.}
W1218 01:41:09.821960 37626 baidu_rpc_protocol.cpp:349] Fail to write into Socket{id=94 fd=8 addr=10.1.3.3:50574:8700} (0x631000050ac0): Unknown error 1014 [1014]
I1218 01:41:09.871441 37636 raft_meta.cpp:546] Saved single stable meta, path ./data/raft_meta term 75 votedfor 0.0.0.0:0:0 time: 35963
I1218 01:41:09.921551 37636 raft_meta.cpp:546] Saved single stable meta, path ./data/raft_meta term 75 votedfor 10.1.2.3:8700:0 time: 48037
W1218 01:41:09.935634 37641 node.cpp:1479] node Atomic:10.1.4.3:8700:0 received invalid PreVoteResponse from 10.1.2.3:8700:0 ctx_version 8 current_ctx_version 12
W1218 01:41:09.937836 37643 node.cpp:1479] node Atomic:10.1.4.3:8700:0 received invalid PreVoteResponse from 10.1.1.3:8700:0 ctx_version 8 current_ctx_version 12
W1218 01:41:09.941989 37657 node.cpp:1479] node Atomic:10.1.4.3:8700:0 received invalid PreVoteResponse from 10.1.5.3:8700:0 ctx_version 8 current_ctx_version 12
W1218 01:41:10.164741 37658 node.cpp:1479] node Atomic:10.1.4.3:8700:0 received invalid PreVoteResponse from 10.1.3.3:8700:0 ctx_version 8 current_ctx_version 12
I1218 01:41:10.329468 37641 server.cpp:312] Node start following { leader_id=10.1.2.3:8700:0, term=75, status=Follower receives message from new leader with the same term.}
I1218 01:41:11.540817 37639 server.cpp:306] Configuration of this group is 10.1.1.3:8700:0,10.1.2.3:8700:0,10.1.3.3:8700:0,10.1.4.3:8700:0,10.1.5.3:8700:0
I1218 01:41:22.575991 37648 node.cpp:949] node Atomic:10.1.4.3:8700:0 starts to do snapshot
I1218 01:41:23.013937 37648 snapshot.cpp:647] Deleting ./data/snapshot/snapshot_00000000000000000067
I1218 01:41:23.018899 37648 snapshot.cpp:653] Renaming ./data/snapshot/temp to ./data/snapshot/snapshot_00000000000000000067
I1218 01:41:23.047252 37648 snapshot.cpp:523] Deleting ./data/snapshot/snapshot_00000000000000000066
I1218 01:41:23.118031 37648 snapshot_executor.cpp:234] node Atomic:10.1.4.3:8700:0 snapshot_save_done, last_included_index=67 last_included_term=75
I1218 01:41:23.280843 37627 log.cpp:1153] log save_meta ./data/log/log_meta first_log_index: 67 time: 57066
WARNING: Logging before InitGoogleLogging() is written to STDERR
W1218 01:41:48.528980 38336 bthread.cpp:409] Fail to set concurrency by tag: 0, tag concurrency must larger than old oncurrency. old concurrency: 24, new concurrency: 9
I1218 01:41:48.741474 38336 server.cpp:1208] Server[braft::RaftStatImpl+braft::FileServiceImpl+braft::RaftServiceImpl+braft::CliServiceImpl+example::AtomicServiceImpl] is serving on port=8700.
I1218 01:41:48.743778 38336 server.cpp:1211] Check out http://n4:8700 in web browser.
I1218 01:41:49.000963 38336 log.cpp:691] Use murmurhash32 as the checksum type of appending entries
I1218 01:41:49.020407 38336 log.cpp:1175] log load_meta ./data/log/log_meta first_log_index: 67 time: 2661
I1218 01:41:49.049809 38336 log.cpp:1115] load open segment, path: ./data/log first_index: 57
I1218 01:41:49.154219 38336 snapshot.cpp:465] Deleting ./data/snapshot/temp
I1218 01:41:49.301898 38395 server.cpp:306] Configuration of this group is 10.1.1.3:8700:0,10.1.2.3:8700:0,10.1.3.3:8700:0,10.1.4.3:8700:0,10.1.5.3:8700:0
I1218 01:41:49.403188 38395 snapshot_executor.cpp:264] node Atomic:10.1.4.3:8700:0 snapshot_load_done, last_included_index: 67 last_included_term: 75 peers: "10.1.1.3:8700:0" peers: "10.1.2.3:8700:0" peers: "10.1.3.3:8700:0" peers: "10.1.4.3:8700:0" peers: "10.1.5.3:8700:0"
I1218 01:41:49.437953 38336 raft_meta.cpp:521] Loaded single stable meta, path ./data/raft_meta term 75 votedfor 10.1.2.3:8700:0 time: 6364
I1218 01:41:49.439779 38336 node.cpp:608] node Atomic:10.1.4.3:8700:0 init, term: 75 last_log_id: (index=67,term=75) conf: 10.1.1.3:8700:0,10.1.2.3:8700:0,10.1.3.3:8700:0,10.1.4.3:8700:0,10.1.5.3:8700:0 old_conf: 
I1218 01:41:49.464644 38336 server.cpp:509] Atomic service is running on 0.0.0.0:8700
I1218 01:41:55.881109 38395 node.cpp:2129] node Atomic:10.1.4.3:8700:0 received PreVote from 10.1.1.3:8700:0 in term 76 current_term 75 granted 1 rejected_by_lease 0
I1218 01:41:56.464874 38421 node.cpp:2211] node Atomic:10.1.4.3:8700:0 received RequestVote from 10.1.1.3:8700:0 in term 76 current_term 75 log_is_ok 1 votable_time 0
I1218 01:41:56.630970 38421 raft_meta.cpp:546] Saved single stable meta, path ./data/raft_meta term 76 votedfor 0.0.0.0:0:0 time: 163611
I1218 01:41:56.704289 38421 raft_meta.cpp:546] Saved single stable meta, path ./data/raft_meta term 76 votedfor 10.1.1.3:8700:0 time: 70619
I1218 01:41:56.936100 38424 server.cpp:312] Node start following { leader_id=10.1.1.3:8700:0, term=76, status=Follower receives message from new leader with the same term.}
WARNING: Logging before InitGoogleLogging() is written to STDERR
W1218 01:42:07.028836 38538 bthread.cpp:409] Fail to set concurrency by tag: 0, tag concurrency must larger than old oncurrency. old concurrency: 24, new concurrency: 9
I1218 01:42:07.472101 38538 server.cpp:1208] Server[braft::RaftStatImpl+braft::FileServiceImpl+braft::RaftServiceImpl+braft::CliServiceImpl+example::AtomicServiceImpl] is serving on port=8700.
I1218 01:42:07.473560 38538 server.cpp:1211] Check out http://n4:8700 in web browser.
I1218 01:42:07.583441 38538 log.cpp:691] Use murmurhash32 as the checksum type of appending entries
I1218 01:42:07.595772 38538 log.cpp:1175] log load_meta ./data/log/log_meta first_log_index: 67 time: 8063
I1218 01:42:07.597790 38538 log.cpp:1115] load open segment, path: ./data/log first_index: 57
I1218 01:42:07.631134 38538 snapshot.cpp:465] Deleting ./data/snapshot/temp
I1218 01:42:07.696872 38579 server.cpp:306] Configuration of this group is 10.1.1.3:8700:0,10.1.2.3:8700:0,10.1.3.3:8700:0,10.1.4.3:8700:0,10.1.5.3:8700:0
I1218 01:42:07.722175 38579 snapshot_executor.cpp:264] node Atomic:10.1.4.3:8700:0 snapshot_load_done, last_included_index: 67 last_included_term: 75 peers: "10.1.1.3:8700:0" peers: "10.1.2.3:8700:0" peers: "10.1.3.3:8700:0" peers: "10.1.4.3:8700:0" peers: "10.1.5.3:8700:0"
I1218 01:42:07.738375 38538 raft_meta.cpp:521] Loaded single stable meta, path ./data/raft_meta term 76 votedfor 10.1.1.3:8700:0 time: 11755
I1218 01:42:07.752686 38538 node.cpp:608] node Atomic:10.1.4.3:8700:0 init, term: 76 last_log_id: (index=68,term=76) conf: 10.1.1.3:8700:0,10.1.2.3:8700:0,10.1.3.3:8700:0,10.1.4.3:8700:0,10.1.5.3:8700:0 old_conf: 
I1218 01:42:07.781893 38538 server.cpp:509] Atomic service is running on 0.0.0.0:8700
I1218 01:42:11.291617 38585 node.cpp:2129] node Atomic:10.1.4.3:8700:0 received PreVote from 10.1.3.3:8700:0 in term 77 current_term 76 granted 1 rejected_by_lease 0
I1218 01:42:11.612094 38591 node.cpp:2211] node Atomic:10.1.4.3:8700:0 received RequestVote from 10.1.3.3:8700:0 in term 77 current_term 76 log_is_ok 1 votable_time 0
I1218 01:42:11.664938 38591 raft_meta.cpp:546] Saved single stable meta, path ./data/raft_meta term 77 votedfor 0.0.0.0:0:0 time: 37229
I1218 01:42:11.791225 38591 raft_meta.cpp:546] Saved single stable meta, path ./data/raft_meta term 77 votedfor 10.1.3.3:8700:0 time: 98678
I1218 01:42:15.575345 38585 node.cpp:949] node Atomic:10.1.4.3:8700:0 starts to do snapshot
I1218 01:42:15.577641 38585 snapshot_executor.cpp:154] node Atomic:10.1.4.3:8700:0 the gap between fsm applied index 67 and last_snapshot_index 67 is less than 1, will clear bufferred logs and return success
I1218 01:42:15.610178 38585 log.cpp:1153] log save_meta ./data/log/log_meta first_log_index: 68 time: 27708
I1218 01:42:15.610847 38595 node.cpp:1587] node Atomic:10.1.4.3:8700:0 term 77 start pre_vote
I1218 01:42:16.447328 38585 node.cpp:1512] node Atomic:10.1.4.3:8700:0 received PreVoteResponse from 10.1.3.3:8700:0 term 77 granted 0 rejected_by_lease 0 disrupted 1
I1218 01:42:16.611027 38585 server.cpp:312] Node start following { leader_id=10.1.3.3:8700:0, term=77, status=Follower receives message from new leader with the same term.}
I1218 01:42:17.022318 38585 node.cpp:2129] node Atomic:10.1.4.3:8700:0 received PreVote from 10.1.2.3:8700:0 in term 78 current_term 77 granted 0 rejected_by_lease 0
W1218 01:42:17.026103 38579 node.cpp:1479] node Atomic:10.1.4.3:8700:0 received invalid PreVoteResponse from 10.1.1.3:8700:0 ctx_version 4 current_ctx_version 6
W1218 01:42:17.039216 38585 node.cpp:1479] node Atomic:10.1.4.3:8700:0 received invalid PreVoteResponse from 10.1.2.3:8700:0 ctx_version 4 current_ctx_version 6
W1218 01:42:18.081638 38579 node.cpp:1567] node Atomic:10.1.4.3:8700:0 request PreVote from 10.1.5.3:8700:0 error: [E22][10.1.5.3:8700][E22]Invalid argument
I1218 01:42:18.355552 38587 server.cpp:306] Configuration of this group is 10.1.1.3:8700:0,10.1.2.3:8700:0,10.1.3.3:8700:0,10.1.4.3:8700:0,10.1.5.3:8700:0
I1218 01:42:18.357208 38587 server.cpp:306] Configuration of this group is 10.1.1.3:8700:0,10.1.2.3:8700:0,10.1.3.3:8700:0,10.1.4.3:8700:0,10.1.5.3:8700:0
I1218 01:42:45.614796 38591 node.cpp:949] node Atomic:10.1.4.3:8700:0 starts to do snapshot
I1218 01:42:45.884423 38587 snapshot.cpp:647] Deleting ./data/snapshot/snapshot_00000000000000000069
I1218 01:42:45.886085 38587 snapshot.cpp:653] Renaming ./data/snapshot/temp to ./data/snapshot/snapshot_00000000000000000069
I1218 01:42:45.924314 38587 snapshot.cpp:523] Deleting ./data/snapshot/snapshot_00000000000000000067
I1218 01:42:46.023150 38587 snapshot_executor.cpp:234] node Atomic:10.1.4.3:8700:0 snapshot_save_done, last_included_index=69 last_included_term=77
I1218 01:42:54.684310 38579 server.cpp:309] Node stops following { leader_id=10.1.3.3:8700:0, term=77, status=Lost connection from leader 10.1.3.3:8700:0}
I1218 01:42:54.706245 38591 node.cpp:1587] node Atomic:10.1.4.3:8700:0 term 77 start pre_vote
W1218 01:42:54.955570 38579 node.cpp:1567] node Atomic:10.1.4.3:8700:0 request PreVote from 10.1.2.3:8700:0 error: [E111]Fail to connect Socket{id=188 addr=10.1.2.3:8700} (0x0x631000078d80): Connection refused
W1218 01:42:55.008158 38585 node.cpp:1567] node Atomic:10.1.4.3:8700:0 request PreVote from 10.1.5.3:8700:0 error: [E22][10.1.5.3:8700][E22]Invalid argument
W1218 01:42:59.839287 38585 node.cpp:1567] node Atomic:10.1.4.3:8700:0 request PreVote from 10.1.1.3:8700:0 error: [E1008]Reached timeout=5000ms @10.1.1.3:8700
W1218 01:42:59.842206 38579 node.cpp:1567] node Atomic:10.1.4.3:8700:0 request PreVote from 10.1.3.3:8700:0 error: [E1008]Reached timeout=5000ms @10.1.3.3:8700
I1218 01:43:00.704105 38585 node.cpp:1587] node Atomic:10.1.4.3:8700:0 term 77 start pre_vote
W1218 01:43:00.907505 38585 node.cpp:1567] node Atomic:10.1.4.3:8700:0 request PreVote from 10.1.2.3:8700:0 error: [E111]Fail to connect Socket{id=8589934779 addr=10.1.2.3:8700} (0x0x631000078ac0): Connection refused
W1218 01:43:00.909245 38585 node.cpp:1567] node Atomic:10.1.4.3:8700:0 request PreVote from 10.1.5.3:8700:0 error: [E111]Fail to connect Socket{id=8589934873 addr=10.1.5.3:8700} (0x0x6310000a0d80): Connection refused
W1218 01:43:05.768704 38579 node.cpp:1567] node Atomic:10.1.4.3:8700:0 request PreVote from 10.1.1.3:8700:0 error: [E1008]Reached timeout=5000ms @10.1.1.3:8700
W1218 01:43:05.826066 38585 node.cpp:1567] node Atomic:10.1.4.3:8700:0 request PreVote from 10.1.3.3:8700:0 error: [E1008]Reached timeout=5000ms @10.1.3.3:8700
I1218 01:43:06.327564 38591 node.cpp:1587] node Atomic:10.1.4.3:8700:0 term 77 start pre_vote
W1218 01:43:06.387802 38579 node.cpp:1567] node Atomic:10.1.4.3:8700:0 request PreVote from 10.1.2.3:8700:0 error: [E111]Fail to connect Socket{id=196 addr=10.1.2.3:8700} (0x0x63100007a380): Connection refused
W1218 01:43:06.467414 38579 node.cpp:1567] node Atomic:10.1.4.3:8700:0 request PreVote from 10.1.5.3:8700:0 error: [E111]Fail to connect Socket{id=200 addr=10.1.5.3:8700} (0x0x63100007ae80): Connection refused
I1218 01:43:06.704109 38591 server.cpp:312] Node start following { leader_id=10.1.3.3:8700:0, term=77, status=Follower receives message from new leader with the same term.}
I1218 01:43:06.780931 38585 node.cpp:2129] node Atomic:10.1.4.3:8700:0 received PreVote from 10.1.1.3:8700:0 in term 78 current_term 77 granted 1 rejected_by_lease 0
W1218 01:43:06.865211 38587 node.cpp:1479] node Atomic:10.1.4.3:8700:0 received invalid PreVoteResponse from 10.1.1.3:8700:0 ctx_version 9 current_ctx_version 11
W1218 01:43:06.902204 38591 node.cpp:1479] node Atomic:10.1.4.3:8700:0 received invalid PreVoteResponse from 10.1.3.3:8700:0 ctx_version 9 current_ctx_version 11
I1218 01:43:12.144089 38585 node.cpp:2129] node Atomic:10.1.4.3:8700:0 received PreVote from 10.1.3.3:8700:0 in term 78 current_term 77 granted 1 rejected_by_lease 0
I1218 01:43:12.354545 38579 node.cpp:2211] node Atomic:10.1.4.3:8700:0 received RequestVote from 10.1.3.3:8700:0 in term 78 current_term 77 log_is_ok 1 votable_time 0
I1218 01:43:12.378633 38591 server.cpp:309] Node stops following { leader_id=10.1.3.3:8700:0, term=77, status=Raft node receives higher term request_vote_request.}
I1218 01:43:12.380864 38579 raft_meta.cpp:546] Saved single stable meta, path ./data/raft_meta term 78 votedfor 0.0.0.0:0:0 time: 24755
I1218 01:43:12.421967 38579 raft_meta.cpp:546] Saved single stable meta, path ./data/raft_meta term 78 votedfor 10.1.3.3:8700:0 time: 25826
I1218 01:43:12.666046 38587 server.cpp:312] Node start following { leader_id=10.1.3.3:8700:0, term=78, status=Follower receives message from new leader with the same term.}
I1218 01:43:13.104542 38591 server.cpp:306] Configuration of this group is 10.1.1.3:8700:0,10.1.2.3:8700:0,10.1.3.3:8700:0,10.1.4.3:8700:0,10.1.5.3:8700:0
I1218 01:43:15.771600 38591 node.cpp:949] node Atomic:10.1.4.3:8700:0 starts to do snapshot
I1218 01:43:16.162245 38591 snapshot.cpp:647] Deleting ./data/snapshot/snapshot_00000000000000000070
I1218 01:43:16.179908 38591 snapshot.cpp:653] Renaming ./data/snapshot/temp to ./data/snapshot/snapshot_00000000000000000070
I1218 01:43:16.233808 38591 snapshot.cpp:523] Deleting ./data/snapshot/snapshot_00000000000000000069
I1218 01:43:16.309855 38591 snapshot_executor.cpp:234] node Atomic:10.1.4.3:8700:0 snapshot_save_done, last_included_index=70 last_included_term=78
I1218 01:43:16.385433 38587 log.cpp:1153] log save_meta ./data/log/log_meta first_log_index: 70 time: 54206
W1218 01:43:32.875769 38579 baidu_rpc_protocol.cpp:349] Fail to write into Socket{id=25769803974 fd=8 addr=10.1.3.3:44596:8700} (0x63100007a900): Unknown error 1014 [1014]
I1218 01:43:39.076525 38585 node.cpp:2129] node Atomic:10.1.4.3:8700:0 received PreVote from 10.1.3.3:8700:0 in term 79 current_term 78 granted 1 rejected_by_lease 0
I1218 01:43:39.573242 38585 node.cpp:1587] node Atomic:10.1.4.3:8700:0 term 78 start pre_vote
W1218 01:43:39.665176 38585 node.cpp:1567] node Atomic:10.1.4.3:8700:0 request PreVote from 10.1.1.3:8700:0 error: [E111]Fail to connect Socket{id=17179869465 addr=10.1.1.3:8700} (0x0x6310000a0d80): Connection refused
W1218 01:43:39.665251 38595 node.cpp:1567] node Atomic:10.1.4.3:8700:0 request PreVote from 10.1.2.3:8700:0 error: [E111]Fail to connect Socket{id=373 addr=10.1.2.3:8700} (0x0x6310000c8ac0): Connection refused
I1218 01:43:39.621974 38591 server.cpp:309] Node stops following { leader_id=10.1.3.3:8700:0, term=78, status=Lost connection from leader 10.1.3.3:8700:0}
W1218 01:43:39.756189 38585 node.cpp:1567] node Atomic:10.1.4.3:8700:0 request PreVote from 10.1.5.3:8700:0 error: [E111]Fail to connect Socket{id=377 addr=10.1.5.3:8700} (0x0x6310000c95c0): Connection refused
I1218 01:43:39.802228 38587 node.cpp:1512] node Atomic:10.1.4.3:8700:0 received PreVoteResponse from 10.1.3.3:8700:0 term 78 granted 1 rejected_by_lease 0 disrupted 0
I1218 01:43:44.661309 38587 node.cpp:2129] node Atomic:10.1.4.3:8700:0 received PreVote from 10.1.3.3:8700:0 in term 79 current_term 78 granted 1 rejected_by_lease 0
I1218 01:43:45.172142 38579 node.cpp:1587] node Atomic:10.1.4.3:8700:0 term 78 start pre_vote
W1218 01:43:45.199667 38591 node.cpp:1567] node Atomic:10.1.4.3:8700:0 request PreVote from 10.1.1.3:8700:0 error: [E111]Fail to connect Socket{id=25769804059 addr=10.1.1.3:8700} (0x0x6310000a1300): Connection refused
W1218 01:43:45.299340 38591 node.cpp:1567] node Atomic:10.1.4.3:8700:0 request PreVote from 10.1.2.3:8700:0 error: [E111]Fail to connect Socket{id=25769803967 addr=10.1.2.3:8700} (0x0x6310000795c0): Connection refused
W1218 01:43:45.331992 38579 node.cpp:1567] node Atomic:10.1.4.3:8700:0 request PreVote from 10.1.5.3:8700:0 error: [E111]Fail to connect Socket{id=8589934782 addr=10.1.5.3:8700} (0x0x631000079300): Connection refused
I1218 01:43:45.387765 38585 node.cpp:1512] node Atomic:10.1.4.3:8700:0 received PreVoteResponse from 10.1.3.3:8700:0 term 78 granted 1 rejected_by_lease 0 disrupted 0
I1218 01:43:46.030753 38579 node.cpp:949] node Atomic:10.1.4.3:8700:0 starts to do snapshot
I1218 01:43:46.080595 38579 snapshot_executor.cpp:154] node Atomic:10.1.4.3:8700:0 the gap between fsm applied index 70 and last_snapshot_index 70 is less than 1, will clear bufferred logs and return success
I1218 01:43:46.188575 38579 log.cpp:1153] log save_meta ./data/log/log_meta first_log_index: 71 time: 83584
I1218 01:43:46.227775 38579 log.cpp:608] Unlinked segment `./data/log/log_inprogress_00000000000000000057'
I1218 01:43:50.416535 38591 node.cpp:2129] node Atomic:10.1.4.3:8700:0 received PreVote from 10.1.3.3:8700:0 in term 79 current_term 78 granted 1 rejected_by_lease 0
I1218 01:43:50.863883 38587 node.cpp:1587] node Atomic:10.1.4.3:8700:0 term 78 start pre_vote
W1218 01:43:50.887946 38591 node.cpp:1567] node Atomic:10.1.4.3:8700:0 request PreVote from 10.1.1.3:8700:0 error: [E111]Fail to connect Socket{id=17179869559 addr=10.1.1.3:8700} (0x0x6310000c9040): Connection refused
I1218 01:43:50.952698 38579 node.cpp:1512] node Atomic:10.1.4.3:8700:0 received PreVoteResponse from 10.1.3.3:8700:0 term 78 granted 1 rejected_by_lease 0 disrupted 0
W1218 01:43:50.960732 38591 node.cpp:1567] node Atomic:10.1.4.3:8700:0 request PreVote from 10.1.2.3:8700:0 error: [E111]Fail to connect Socket{id=8589934968 addr=10.1.2.3:8700} (0x0x6310000c9300): Connection refused
W1218 01:43:50.960902 38585 node.cpp:1567] node Atomic:10.1.4.3:8700:0 request PreVote from 10.1.5.3:8700:0 error: [E111]Fail to connect Socket{id=8589934793 addr=10.1.5.3:8700} (0x0x63100007b140): Connection refused
I1218 01:43:55.797938 38579 node.cpp:2129] node Atomic:10.1.4.3:8700:0 received PreVote from 10.1.3.3:8700:0 in term 79 current_term 78 granted 1 rejected_by_lease 0
I1218 01:43:56.587965 38587 node.cpp:1587] node Atomic:10.1.4.3:8700:0 term 78 start pre_vote
W1218 01:43:56.617847 38579 node.cpp:1567] node Atomic:10.1.4.3:8700:0 request PreVote from 10.1.1.3:8700:0 error: [E111]Fail to connect Socket{id=8589934791 addr=10.1.1.3:8700} (0x0x63100007abc0): Connection refused
W1218 01:43:56.625370 38591 node.cpp:1567] node Atomic:10.1.4.3:8700:0 request PreVote from 10.1.2.3:8700:0 error: [E111]Fail to connect Socket{id=8589934964 addr=10.1.2.3:8700} (0x0x6310000c8800): Connection refused
W1218 01:43:56.686837 38591 node.cpp:1567] node Atomic:10.1.4.3:8700:0 request PreVote from 10.1.5.3:8700:0 error: [E111]Fail to connect Socket{id=8589934685 addr=10.1.5.3:8700} (0x0x631000050800): Connection refused
I1218 01:43:56.719842 38585 node.cpp:1512] node Atomic:10.1.4.3:8700:0 received PreVoteResponse from 10.1.3.3:8700:0 term 78 granted 1 rejected_by_lease 0 disrupted 0
WARNING: Logging before InitGoogleLogging() is written to STDERR
W1218 01:44:06.833720 39796 sampler.cpp:192] bvar is busy at sampling for 2 seconds!
W1218 01:44:07.846133 39782 bthread.cpp:409] Fail to set concurrency by tag: 0, tag concurrency must larger than old oncurrency. old concurrency: 24, new concurrency: 9
I1218 01:44:08.219458 39782 server.cpp:1208] Server[braft::RaftStatImpl+braft::FileServiceImpl+braft::RaftServiceImpl+braft::CliServiceImpl+example::AtomicServiceImpl] is serving on port=8700.
I1218 01:44:08.236938 39782 server.cpp:1211] Check out http://n4:8700 in web browser.
I1218 01:44:08.689188 39782 log.cpp:691] Use murmurhash32 as the checksum type of appending entries
I1218 01:44:08.892167 39782 log.cpp:1175] log load_meta ./data/log/log_meta first_log_index: 71 time: 201265
I1218 01:44:08.972030 39782 snapshot.cpp:465] Deleting ./data/snapshot/temp
I1218 01:44:09.334766 39824 server.cpp:306] Configuration of this group is 10.1.1.3:8700:0,10.1.2.3:8700:0,10.1.3.3:8700:0,10.1.4.3:8700:0,10.1.5.3:8700:0
I1218 01:44:09.380451 39824 snapshot_executor.cpp:264] node Atomic:10.1.4.3:8700:0 snapshot_load_done, last_included_index: 70 last_included_term: 78 peers: "10.1.1.3:8700:0" peers: "10.1.2.3:8700:0" peers: "10.1.3.3:8700:0" peers: "10.1.4.3:8700:0" peers: "10.1.5.3:8700:0"
I1218 01:44:09.474673 39782 raft_meta.cpp:521] Loaded single stable meta, path ./data/raft_meta term 78 votedfor 10.1.3.3:8700:0 time: 65218
I1218 01:44:09.476190 39782 node.cpp:608] node Atomic:10.1.4.3:8700:0 init, term: 78 last_log_id: (index=70,term=78) conf: 10.1.1.3:8700:0,10.1.2.3:8700:0,10.1.3.3:8700:0,10.1.4.3:8700:0,10.1.5.3:8700:0 old_conf: 
I1218 01:44:09.548449 39782 server.cpp:509] Atomic service is running on 0.0.0.0:8700
I1218 01:44:09.787917 39842 raft_meta.cpp:546] Saved single stable meta, path ./data/raft_meta term 79 votedfor 0.0.0.0:0:0 time: 25473
I1218 01:44:09.791437 39817 server.cpp:312] Node start following { leader_id=10.1.3.3:8700:0, term=79, status=Raft node receives message from new leader with higher term.}
I1218 01:44:10.235996 39824 log.cpp:114] Created new segment `./data/log/log_inprogress_00000000000000000071' with fd=8
I1218 01:44:11.136425 39843 server.cpp:306] Configuration of this group is 10.1.1.3:8700:0,10.1.2.3:8700:0,10.1.3.3:8700:0,10.1.4.3:8700:0,10.1.5.3:8700:0
WARNING: Logging before InitGoogleLogging() is written to STDERR
W1218 01:44:26.691694 39982 sampler.cpp:192] bvar is busy at sampling for 2 seconds!
W1218 01:44:27.500367 39977 bthread.cpp:409] Fail to set concurrency by tag: 0, tag concurrency must larger than old oncurrency. old concurrency: 24, new concurrency: 9
I1218 01:44:28.076985 39977 server.cpp:1208] Server[braft::RaftStatImpl+braft::FileServiceImpl+braft::RaftServiceImpl+braft::CliServiceImpl+example::AtomicServiceImpl] is serving on port=8700.
I1218 01:44:28.093961 39977 server.cpp:1211] Check out http://n4:8700 in web browser.
I1218 01:44:28.602340 39977 log.cpp:691] Use murmurhash32 as the checksum type of appending entries
I1218 01:44:28.642719 39977 log.cpp:1175] log load_meta ./data/log/log_meta first_log_index: 71 time: 30930
I1218 01:44:28.753654 39977 log.cpp:1115] load open segment, path: ./data/log first_index: 71
I1218 01:44:28.837664 39977 snapshot.cpp:465] Deleting ./data/snapshot/temp
I1218 01:44:29.157864 40021 server.cpp:306] Configuration of this group is 10.1.1.3:8700:0,10.1.2.3:8700:0,10.1.3.3:8700:0,10.1.4.3:8700:0,10.1.5.3:8700:0
I1218 01:44:29.651515 40021 snapshot_executor.cpp:264] node Atomic:10.1.4.3:8700:0 snapshot_load_done, last_included_index: 70 last_included_term: 78 peers: "10.1.1.3:8700:0" peers: "10.1.2.3:8700:0" peers: "10.1.3.3:8700:0" peers: "10.1.4.3:8700:0" peers: "10.1.5.3:8700:0"
I1218 01:44:29.676810 39977 raft_meta.cpp:521] Loaded single stable meta, path ./data/raft_meta term 79 votedfor 0.0.0.0:0:0 time: 4151
I1218 01:44:29.678350 39977 node.cpp:608] node Atomic:10.1.4.3:8700:0 init, term: 79 last_log_id: (index=71,term=79) conf: 10.1.1.3:8700:0,10.1.2.3:8700:0,10.1.3.3:8700:0,10.1.4.3:8700:0,10.1.5.3:8700:0 old_conf: 
I1218 01:44:29.708977 39977 server.cpp:509] Atomic service is running on 0.0.0.0:8700
I1218 01:44:29.969192 40023 server.cpp:312] Node start following { leader_id=10.1.3.3:8700:0, term=79, status=Follower receives message from new leader with the same term.}
I1218 01:44:30.008556 40026 server.cpp:306] Configuration of this group is 10.1.1.3:8700:0,10.1.2.3:8700:0,10.1.3.3:8700:0,10.1.4.3:8700:0,10.1.5.3:8700:0
W1218 01:44:30.029492 40043 baidu_rpc_protocol.cpp:349] Fail to write into Socket{id=186 fd=8 addr=10.1.3.3:42582:8700} (0x631000078800): Unknown error 1014 [1014]
I1218 01:44:35.063170 40029 node.cpp:2129] node Atomic:10.1.4.3:8700:0 received PreVote from 10.1.1.3:8700:0 in term 80 current_term 79 granted 1 rejected_by_lease 0
I1218 01:44:35.160270 40021 node.cpp:2129] node Atomic:10.1.4.3:8700:0 received PreVote from 10.1.3.3:8700:0 in term 80 current_term 79 granted 1 rejected_by_lease 0
I1218 01:44:35.163905 40024 node.cpp:949] node Atomic:10.1.4.3:8700:0 starts to do snapshot
I1218 01:44:36.137248 40026 node.cpp:2211] node Atomic:10.1.4.3:8700:0 received RequestVote from 10.1.1.3:8700:0 in term 80 current_term 79 log_is_ok 1 votable_time 0
I1218 01:44:36.260860 40026 raft_meta.cpp:546] Saved single stable meta, path ./data/raft_meta term 80 votedfor 0.0.0.0:0:0 time: 95771
I1218 01:44:36.485249 40026 raft_meta.cpp:546] Saved single stable meta, path ./data/raft_meta term 80 votedfor 10.1.1.3:8700:0 time: 209302
I1218 01:44:36.509191 40046 node.cpp:2129] node Atomic:10.1.4.3:8700:0 received PreVote from 10.1.5.3:8700:0 in term 80 current_term 80 granted 1 rejected_by_lease 0
I1218 01:44:36.604698 40021 server.cpp:309] Node stops following { leader_id=10.1.3.3:8700:0, term=79, status=Raft node receives higher term request_vote_request.}
I1218 01:44:36.728526 40023 snapshot.cpp:647] Deleting ./data/snapshot/snapshot_00000000000000000071
I1218 01:44:36.751268 40023 snapshot.cpp:653] Renaming ./data/snapshot/temp to ./data/snapshot/snapshot_00000000000000000071
I1218 01:44:36.777007 40023 snapshot.cpp:523] Deleting ./data/snapshot/snapshot_00000000000000000070
I1218 01:44:36.920444 40023 snapshot_executor.cpp:234] node Atomic:10.1.4.3:8700:0 snapshot_save_done, last_included_index=71 last_included_term=79
I1218 01:44:36.967229 40043 node.cpp:2211] node Atomic:10.1.4.3:8700:0 received RequestVote from 10.1.3.3:8700:0 in term 80 current_term 80 log_is_ok 1 votable_time 0
I1218 01:44:37.299566 40023 server.cpp:312] Node start following { leader_id=10.1.1.3:8700:0, term=80, status=Follower receives message from new leader with the same term.}
I1218 01:44:38.352170 40023 server.cpp:306] Configuration of this group is 10.1.1.3:8700:0,10.1.2.3:8700:0,10.1.3.3:8700:0,10.1.4.3:8700:0,10.1.5.3:8700:0
WARNING: Logging before InitGoogleLogging() is written to STDERR
W1218 01:45:01.387981 40325 bthread.cpp:409] Fail to set concurrency by tag: 0, tag concurrency must larger than old oncurrency. old concurrency: 24, new concurrency: 9
I1218 01:45:01.732004 40325 server.cpp:1208] Server[braft::RaftStatImpl+braft::FileServiceImpl+braft::RaftServiceImpl+braft::CliServiceImpl+example::AtomicServiceImpl] is serving on port=8700.
I1218 01:45:01.733595 40325 server.cpp:1211] Check out http://n4:8700 in web browser.
I1218 01:45:02.155064 40325 log.cpp:691] Use murmurhash32 as the checksum type of appending entries
I1218 01:45:02.175722 40325 log.cpp:1175] log load_meta ./data/log/log_meta first_log_index: 71 time: 18934
I1218 01:45:02.178189 40325 log.cpp:1115] load open segment, path: ./data/log first_index: 71
I1218 01:45:02.225831 40325 snapshot.cpp:465] Deleting ./data/snapshot/temp
I1218 01:45:02.293831 40388 server.cpp:306] Configuration of this group is 10.1.1.3:8700:0,10.1.2.3:8700:0,10.1.3.3:8700:0,10.1.4.3:8700:0,10.1.5.3:8700:0
I1218 01:45:02.357112 40388 snapshot_executor.cpp:264] node Atomic:10.1.4.3:8700:0 snapshot_load_done, last_included_index: 71 last_included_term: 79 peers: "10.1.1.3:8700:0" peers: "10.1.2.3:8700:0" peers: "10.1.3.3:8700:0" peers: "10.1.4.3:8700:0" peers: "10.1.5.3:8700:0"
I1218 01:45:02.372874 40325 raft_meta.cpp:521] Loaded single stable meta, path ./data/raft_meta term 80 votedfor 10.1.1.3:8700:0 time: 1359
I1218 01:45:02.374212 40325 node.cpp:608] node Atomic:10.1.4.3:8700:0 init, term: 80 last_log_id: (index=72,term=80) conf: 10.1.1.3:8700:0,10.1.2.3:8700:0,10.1.3.3:8700:0,10.1.4.3:8700:0,10.1.5.3:8700:0 old_conf: 
I1218 01:45:02.385828 40325 server.cpp:509] Atomic service is running on 0.0.0.0:8700
I1218 01:45:08.312609 40408 node.cpp:1587] node Atomic:10.1.4.3:8700:0 term 80 start pre_vote
W1218 01:45:08.753536 40391 node.cpp:1567] node Atomic:10.1.4.3:8700:0 request PreVote from 10.1.5.3:8700:0 error: [E22][10.1.5.3:8700][E22]Invalid argument
I1218 01:45:08.793300 40401 node.cpp:2129] node Atomic:10.1.4.3:8700:0 received PreVote from 10.1.2.3:8700:0 in term 81 current_term 80 granted 1 rejected_by_lease 0
I1218 01:45:08.969727 40388 node.cpp:1512] node Atomic:10.1.4.3:8700:0 received PreVoteResponse from 10.1.1.3:8700:0 term 80 granted 1 rejected_by_lease 0 disrupted 0
I1218 01:45:09.057958 40389 node.cpp:2211] node Atomic:10.1.4.3:8700:0 received RequestVote from 10.1.2.3:8700:0 in term 81 current_term 80 log_is_ok 1 votable_time 0
I1218 01:45:09.085446 40389 raft_meta.cpp:546] Saved single stable meta, path ./data/raft_meta term 81 votedfor 0.0.0.0:0:0 time: 24200
I1218 01:45:09.132917 40389 raft_meta.cpp:546] Saved single stable meta, path ./data/raft_meta term 81 votedfor 10.1.2.3:8700:0 time: 32575
W1218 01:45:09.254267 40400 node.cpp:1479] node Atomic:10.1.4.3:8700:0 received invalid PreVoteResponse from 10.1.2.3:8700:0 ctx_version 2 current_ctx_version 4
I1218 01:45:09.851135 40389 server.cpp:312] Node start following { leader_id=10.1.2.3:8700:0, term=81, status=Follower receives message from new leader with the same term.}
I1218 01:45:11.816704 40385 server.cpp:306] Configuration of this group is 10.1.1.3:8700:0,10.1.2.3:8700:0,10.1.3.3:8700:0,10.1.4.3:8700:0,10.1.5.3:8700:0
I1218 01:45:11.927918 40385 server.cpp:306] Configuration of this group is 10.1.1.3:8700:0,10.1.2.3:8700:0,10.1.3.3:8700:0,10.1.4.3:8700:0,10.1.5.3:8700:0
I1218 01:45:12.476645 40383 node.cpp:949] node Atomic:10.1.4.3:8700:0 starts to do snapshot
I1218 01:45:13.245855 40383 snapshot.cpp:647] Deleting ./data/snapshot/snapshot_00000000000000000073
I1218 01:45:13.285015 40383 snapshot.cpp:653] Renaming ./data/snapshot/temp to ./data/snapshot/snapshot_00000000000000000073
I1218 01:45:13.371134 40383 snapshot.cpp:523] Deleting ./data/snapshot/snapshot_00000000000000000071
I1218 01:45:13.530086 40383 snapshot_executor.cpp:234] node Atomic:10.1.4.3:8700:0 snapshot_save_done, last_included_index=73 last_included_term=81
W1218 01:45:13.631718 40385 node.cpp:1567] node Atomic:10.1.4.3:8700:0 request PreVote from 10.1.3.3:8700:0 error: [E1008]Reached timeout=5000ms @10.1.3.3:8700
I1218 01:45:13.704869 40408 log.cpp:1153] log save_meta ./data/log/log_meta first_log_index: 72 time: 48750
WARNING: Logging before InitGoogleLogging() is written to STDERR
W1218 01:45:22.767359 40525 bthread.cpp:409] Fail to set concurrency by tag: 0, tag concurrency must larger than old oncurrency. old concurrency: 24, new concurrency: 9
I1218 01:45:23.524267 40525 server.cpp:1208] Server[braft::RaftStatImpl+braft::FileServiceImpl+braft::RaftServiceImpl+braft::CliServiceImpl+example::AtomicServiceImpl] is serving on port=8700.
I1218 01:45:23.536279 40525 server.cpp:1211] Check out http://n4:8700 in web browser.
I1218 01:45:24.240509 40525 log.cpp:691] Use murmurhash32 as the checksum type of appending entries
I1218 01:45:24.296607 40525 log.cpp:1175] log load_meta ./data/log/log_meta first_log_index: 72 time: 30949
I1218 01:45:24.320883 40525 log.cpp:1115] load open segment, path: ./data/log first_index: 71
I1218 01:45:24.409869 40525 snapshot.cpp:465] Deleting ./data/snapshot/temp
I1218 01:45:24.597635 40599 server.cpp:306] Configuration of this group is 10.1.1.3:8700:0,10.1.2.3:8700:0,10.1.3.3:8700:0,10.1.4.3:8700:0,10.1.5.3:8700:0
I1218 01:45:24.623157 40599 snapshot_executor.cpp:264] node Atomic:10.1.4.3:8700:0 snapshot_load_done, last_included_index: 73 last_included_term: 81 peers: "10.1.1.3:8700:0" peers: "10.1.2.3:8700:0" peers: "10.1.3.3:8700:0" peers: "10.1.4.3:8700:0" peers: "10.1.5.3:8700:0"
I1218 01:45:24.649762 40525 raft_meta.cpp:521] Loaded single stable meta, path ./data/raft_meta term 81 votedfor 10.1.2.3:8700:0 time: 2680
I1218 01:45:24.655121 40525 node.cpp:608] node Atomic:10.1.4.3:8700:0 init, term: 81 last_log_id: (index=73,term=81) conf: 10.1.1.3:8700:0,10.1.2.3:8700:0,10.1.3.3:8700:0,10.1.4.3:8700:0,10.1.5.3:8700:0 old_conf: 
I1218 01:45:24.673698 40525 server.cpp:509] Atomic service is running on 0.0.0.0:8700
I1218 01:45:28.672287 40591 node.cpp:2129] node Atomic:10.1.4.3:8700:0 received PreVote from 10.1.2.3:8700:0 in term 82 current_term 81 granted 1 rejected_by_lease 0
I1218 01:45:34.425787 40591 node.cpp:2129] node Atomic:10.1.4.3:8700:0 received PreVote from 10.1.2.3:8700:0 in term 82 current_term 81 granted 1 rejected_by_lease 0
I1218 01:45:34.459406 40591 node.cpp:2129] node Atomic:10.1.4.3:8700:0 received PreVote from 10.1.1.3:8700:0 in term 82 current_term 81 granted 1 rejected_by_lease 0
I1218 01:45:34.480942 40595 node.cpp:1587] node Atomic:10.1.4.3:8700:0 term 81 start pre_vote
I1218 01:45:34.523654 40581 node.cpp:2211] node Atomic:10.1.4.3:8700:0 received RequestVote from 10.1.2.3:8700:0 in term 82 current_term 81 log_is_ok 1 votable_time 0
I1218 01:45:34.561396 40581 raft_meta.cpp:546] Saved single stable meta, path ./data/raft_meta term 82 votedfor 0.0.0.0:0:0 time: 26529
I1218 01:45:34.595808 40581 raft_meta.cpp:546] Saved single stable meta, path ./data/raft_meta term 82 votedfor 10.1.2.3:8700:0 time: 15187
I1218 01:45:34.601121 40606 node.cpp:2108] node Atomic:10.1.4.3:8700:0 ignore PreVote from 10.1.3.3:8700:0 in term 81 current_term 82
W1218 01:45:34.607990 40594 node.cpp:1479] node Atomic:10.1.4.3:8700:0 received invalid PreVoteResponse from 10.1.3.3:8700:0 ctx_version 2 current_ctx_version 4
W1218 01:45:34.618031 40607 node.cpp:1567] node Atomic:10.1.4.3:8700:0 request PreVote from 10.1.5.3:8700:0 error: [E22][10.1.5.3:8700][E22]Invalid argument
I1218 01:45:34.901566 40581 node.cpp:2211] node Atomic:10.1.4.3:8700:0 received RequestVote from 10.1.1.3:8700:0 in term 82 current_term 82 log_is_ok 1 votable_time 0
W1218 01:45:34.904067 40594 node.cpp:1479] node Atomic:10.1.4.3:8700:0 received invalid PreVoteResponse from 10.1.1.3:8700:0 ctx_version 2 current_ctx_version 4
I1218 01:45:35.911089 40607 server.cpp:312] Node start following { leader_id=10.1.2.3:8700:0, term=82, status=Follower receives message from new leader with the same term.}
W1218 01:45:36.587517 40595 node.cpp:1479] node Atomic:10.1.4.3:8700:0 received invalid PreVoteResponse from 10.1.2.3:8700:0 ctx_version 2 current_ctx_version 6
I1218 01:45:37.358963 40594 server.cpp:306] Configuration of this group is 10.1.1.3:8700:0,10.1.2.3:8700:0,10.1.3.3:8700:0,10.1.4.3:8700:0,10.1.5.3:8700:0
I1218 01:45:44.616830 40597 node.cpp:949] node Atomic:10.1.4.3:8700:0 starts to do snapshot
I1218 01:45:44.766769 40592 snapshot.cpp:647] Deleting ./data/snapshot/snapshot_00000000000000000074
I1218 01:45:44.767853 40592 snapshot.cpp:653] Renaming ./data/snapshot/temp to ./data/snapshot/snapshot_00000000000000000074
I1218 01:45:44.770052 40592 snapshot.cpp:523] Deleting ./data/snapshot/snapshot_00000000000000000073
