I1218 01:50:53.569022 47930 snapshot_executor.cpp:154] node Atomic:10.1.2.3:8700:0 the gap between fsm applied index 80 and last_snapshot_index 80 is less than 1, will clear bufferred logs and return success
I1218 01:50:53.688912 47933 log.cpp:1153] log save_meta ./data/log/log_meta first_log_index: 81 time: 135735
I1218 01:50:53.727427 47933 log.cpp:608] Unlinked segment `./data/log/log_inprogress_00000000000000000078'
W1218 01:50:54.765973 47933 node.cpp:1567] node Atomic:10.1.2.3:8700:0 request PreVote from 10.1.3.3:8700:0 error: [E1008]Reached timeout=5000ms @10.1.3.3:8700
I1218 01:50:55.556824 47940 node.cpp:1587] node Atomic:10.1.2.3:8700:0 term 88 start pre_vote
W1218 01:50:55.851876 47935 node.cpp:1567] node Atomic:10.1.2.3:8700:0 request PreVote from 10.1.4.3:8700:0 error: [E111]Fail to connect Socket{id=485 addr=10.1.4.3:8700} (0x0x6310000dff00): Connection refused
W1218 01:50:55.855742 47948 node.cpp:1567] node Atomic:10.1.2.3:8700:0 request PreVote from 10.1.1.3:8700:0 error: [E111]Fail to connect Socket{id=481 addr=10.1.1.3:8700} (0x0x6310000df400): Connection refused
W1218 01:50:55.880474 47939 node.cpp:1567] node Atomic:10.1.2.3:8700:0 request PreVote from 10.1.5.3:8700:0 error: [E111]Fail to connect Socket{id=487 addr=10.1.5.3:8700} (0x0x6310000e0480): Connection refused
W1218 01:51:00.765960 47952 node.cpp:1567] node Atomic:10.1.2.3:8700:0 request PreVote from 10.1.3.3:8700:0 error: [E1008]Reached timeout=5000ms @10.1.3.3:8700
I1218 01:51:00.977195 47940 node.cpp:1587] node Atomic:10.1.2.3:8700:0 term 88 start pre_vote
W1218 01:51:01.004163 47954 node.cpp:1567] node Atomic:10.1.2.3:8700:0 request PreVote from 10.1.1.3:8700:0 error: [E111]Fail to connect Socket{id=489 addr=10.1.1.3:8700} (0x0x6310000e0a00): Connection refused
W1218 01:51:01.046701 47935 node.cpp:1567] node Atomic:10.1.2.3:8700:0 request PreVote from 10.1.5.3:8700:0 error: [E111]Fail to connect Socket{id=495 addr=10.1.5.3:8700} (0x0x6310000e1a80): Connection refused
W1218 01:51:01.051622 47939 node.cpp:1567] node Atomic:10.1.2.3:8700:0 request PreVote from 10.1.4.3:8700:0 error: [E111]Fail to connect Socket{id=493 addr=10.1.4.3:8700} (0x0x6310000e1500): Connection refused
W1218 01:51:06.051465 47930 node.cpp:1567] node Atomic:10.1.2.3:8700:0 request PreVote from 10.1.3.3:8700:0 error: [E1008]Reached timeout=5000ms @10.1.3.3:8700
I1218 01:51:06.649372 47936 node.cpp:1587] node Atomic:10.1.2.3:8700:0 term 88 start pre_vote
W1218 01:51:07.019956 47935 node.cpp:1567] node Atomic:10.1.2.3:8700:0 request PreVote from 10.1.1.3:8700:0 error: [E111]Fail to connect Socket{id=8589935065 addr=10.1.1.3:8700} (0x0x6310000dde00): Connection refused
W1218 01:51:07.079277 47939 node.cpp:1567] node Atomic:10.1.2.3:8700:0 request PreVote from 10.1.5.3:8700:0 error: [E111]Fail to connect Socket{id=656 addr=10.1.5.3:8700} (0x0x63100012d5c0): Connection refused
W1218 01:51:07.113570 47948 node.cpp:1567] node Atomic:10.1.2.3:8700:0 request PreVote from 10.1.4.3:8700:0 error: [E111]Fail to connect Socket{id=654 addr=10.1.4.3:8700} (0x0x63100012d040): Connection refused
W1218 01:51:11.671661 47943 input_messenger.cpp:381] Fail to read from Socket{id=652 fd=8 addr=10.1.3.3:8700:33666} (0x63100012cac0): Connection reset by peer [104]
W1218 01:51:11.690901 47935 node.cpp:1567] node Atomic:10.1.2.3:8700:0 request PreVote from 10.1.3.3:8700:0 error: [E104]Fail to read from Socket{id=652fd=8 addr=10.1.3.3:8700:33666} (0x0x63100012cac0): Connection reset by peer
I1218 01:51:12.600102 47936 node.cpp:1587] node Atomic:10.1.2.3:8700:0 term 88 start pre_vote
W1218 01:51:12.648379 47939 node.cpp:1567] node Atomic:10.1.2.3:8700:0 request PreVote from 10.1.1.3:8700:0 error: [E111]Fail to connect Socket{id=658 addr=10.1.1.3:8700} (0x0x63100012db40): Connection refused
W1218 01:51:12.649205 47935 node.cpp:1567] node Atomic:10.1.2.3:8700:0 request PreVote from 10.1.3.3:8700:0 error: [E111]Fail to connect Socket{id=660 addr=10.1.3.3:8700} (0x0x63100012e0c0): Connection refused
W1218 01:51:12.650070 47939 node.cpp:1567] node Atomic:10.1.2.3:8700:0 request PreVote from 10.1.5.3:8700:0 error: [E111]Fail to connect Socket{id=664 addr=10.1.5.3:8700} (0x0x63100012ebc0): Connection refused
W1218 01:51:12.667394 47948 node.cpp:1567] node Atomic:10.1.2.3:8700:0 request PreVote from 10.1.4.3:8700:0 error: [E111]Fail to connect Socket{id=662 addr=10.1.4.3:8700} (0x0x63100012e640): Connection refused
WARNING: Logging before InitGoogleLogging() is written to STDERR
W1218 01:51:46.848812 49168 bthread.cpp:409] Fail to set concurrency by tag: 0, tag concurrency must larger than old oncurrency. old concurrency: 24, new concurrency: 9
I1218 01:51:47.522691 49168 server.cpp:1208] Server[braft::RaftStatImpl+braft::FileServiceImpl+braft::RaftServiceImpl+braft::CliServiceImpl+example::AtomicServiceImpl] is serving on port=8700.
I1218 01:51:47.524893 49168 server.cpp:1211] Check out http://n2:8700 in web browser.
I1218 01:51:47.980996 49168 log.cpp:691] Use murmurhash32 as the checksum type of appending entries
I1218 01:51:47.985512 49168 log.cpp:1175] log load_meta ./data/log/log_meta first_log_index: 81 time: 3114
I1218 01:51:47.998653 49168 snapshot.cpp:465] Deleting ./data/snapshot/temp
I1218 01:51:48.157891 49222 server.cpp:306] Configuration of this group is 10.1.1.3:8700:0,10.1.2.3:8700:0,10.1.3.3:8700:0,10.1.4.3:8700:0,10.1.5.3:8700:0
I1218 01:51:48.230991 49222 snapshot_executor.cpp:264] node Atomic:10.1.2.3:8700:0 snapshot_load_done, last_included_index: 80 last_included_term: 88 peers: "10.1.1.3:8700:0" peers: "10.1.2.3:8700:0" peers: "10.1.3.3:8700:0" peers: "10.1.4.3:8700:0" peers: "10.1.5.3:8700:0"
I1218 01:51:48.246923 49168 raft_meta.cpp:521] Loaded single stable meta, path ./data/raft_meta term 88 votedfor 10.1.3.3:8700:0 time: 839
I1218 01:51:48.248353 49168 node.cpp:608] node Atomic:10.1.2.3:8700:0 init, term: 88 last_log_id: (index=80,term=88) conf: 10.1.1.3:8700:0,10.1.2.3:8700:0,10.1.3.3:8700:0,10.1.4.3:8700:0,10.1.5.3:8700:0 old_conf: 
I1218 01:51:48.251327 49168 server.cpp:509] Atomic service is running on 0.0.0.0:8700
I1218 01:51:53.494156 49204 node.cpp:2129] node Atomic:10.1.2.3:8700:0 received PreVote from 10.1.3.3:8700:0 in term 89 current_term 88 granted 1 rejected_by_lease 0
I1218 01:51:54.052517 49223 node.cpp:2211] node Atomic:10.1.2.3:8700:0 received RequestVote from 10.1.3.3:8700:0 in term 89 current_term 88 log_is_ok 1 votable_time 0
I1218 01:51:54.081459 49223 raft_meta.cpp:546] Saved single stable meta, path ./data/raft_meta term 89 votedfor 0.0.0.0:0:0 time: 26579
I1218 01:51:54.143399 49223 raft_meta.cpp:546] Saved single stable meta, path ./data/raft_meta term 89 votedfor 10.1.3.3:8700:0 time: 56973
I1218 01:51:54.160369 49229 node.cpp:1587] node Atomic:10.1.2.3:8700:0 term 89 start pre_vote
I1218 01:51:54.458515 49224 server.cpp:312] Node start following { leader_id=10.1.3.3:8700:0, term=89, status=Follower receives message from new leader with the same term.}
W1218 01:51:54.504525 49208 node.cpp:1479] node Atomic:10.1.2.3:8700:0 received invalid PreVoteResponse from 10.1.5.3:8700:0 ctx_version 4 current_ctx_version 6
W1218 01:51:54.511922 49223 node.cpp:1479] node Atomic:10.1.2.3:8700:0 received invalid PreVoteResponse from 10.1.3.3:8700:0 ctx_version 4 current_ctx_version 6
I1218 01:51:54.617724 49222 log.cpp:114] Created new segment `./data/log/log_inprogress_00000000000000000081' with fd=8
W1218 01:51:54.623515 49211 node.cpp:1479] node Atomic:10.1.2.3:8700:0 received invalid PreVoteResponse from 10.1.4.3:8700:0 ctx_version 4 current_ctx_version 6
W1218 01:51:54.777145 49209 node.cpp:1479] node Atomic:10.1.2.3:8700:0 received invalid PreVoteResponse from 10.1.1.3:8700:0 ctx_version 4 current_ctx_version 6
I1218 01:51:54.883109 49207 server.cpp:306] Configuration of this group is 10.1.1.3:8700:0,10.1.2.3:8700:0,10.1.3.3:8700:0,10.1.4.3:8700:0,10.1.5.3:8700:0
WARNING: Logging before InitGoogleLogging() is written to STDERR
W1218 01:52:21.036195 49529 bthread.cpp:409] Fail to set concurrency by tag: 0, tag concurrency must larger than old oncurrency. old concurrency: 24, new concurrency: 9
I1218 01:52:21.693269 49529 server.cpp:1208] Server[braft::RaftStatImpl+braft::FileServiceImpl+braft::RaftServiceImpl+braft::CliServiceImpl+example::AtomicServiceImpl] is serving on port=8700.
I1218 01:52:21.769891 49529 server.cpp:1211] Check out http://n2:8700 in web browser.
I1218 01:52:22.331774 49529 log.cpp:691] Use murmurhash32 as the checksum type of appending entries
I1218 01:52:22.383621 49529 log.cpp:1175] log load_meta ./data/log/log_meta first_log_index: 81 time: 42936
I1218 01:52:22.405584 49529 log.cpp:1115] load open segment, path: ./data/log first_index: 81
I1218 01:52:22.612293 49529 snapshot.cpp:465] Deleting ./data/snapshot/temp
I1218 01:52:22.829833 49585 server.cpp:306] Configuration of this group is 10.1.1.3:8700:0,10.1.2.3:8700:0,10.1.3.3:8700:0,10.1.4.3:8700:0,10.1.5.3:8700:0
I1218 01:52:22.887364 49585 snapshot_executor.cpp:264] node Atomic:10.1.2.3:8700:0 snapshot_load_done, last_included_index: 80 last_included_term: 88 peers: "10.1.1.3:8700:0" peers: "10.1.2.3:8700:0" peers: "10.1.3.3:8700:0" peers: "10.1.4.3:8700:0" peers: "10.1.5.3:8700:0"
I1218 01:52:22.936525 49529 raft_meta.cpp:521] Loaded single stable meta, path ./data/raft_meta term 89 votedfor 10.1.3.3:8700:0 time: 2679
I1218 01:52:22.938138 49529 node.cpp:608] node Atomic:10.1.2.3:8700:0 init, term: 89 last_log_id: (index=81,term=89) conf: 10.1.1.3:8700:0,10.1.2.3:8700:0,10.1.3.3:8700:0,10.1.4.3:8700:0,10.1.5.3:8700:0 old_conf: 
I1218 01:52:22.996671 49529 server.cpp:509] Atomic service is running on 0.0.0.0:8700
I1218 01:52:23.389663 49595 server.cpp:312] Node start following { leader_id=10.1.3.3:8700:0, term=89, status=Follower receives message from new leader with the same term.}
I1218 01:52:23.429229 49595 server.cpp:306] Configuration of this group is 10.1.1.3:8700:0,10.1.2.3:8700:0,10.1.3.3:8700:0,10.1.4.3:8700:0,10.1.5.3:8700:0
WARNING: Logging before InitGoogleLogging() is written to STDERR
W1218 01:53:34.305743 50306 bthread.cpp:409] Fail to set concurrency by tag: 0, tag concurrency must larger than old oncurrency. old concurrency: 24, new concurrency: 9
I1218 01:53:34.822131 50306 server.cpp:1208] Server[braft::RaftStatImpl+braft::FileServiceImpl+braft::RaftServiceImpl+braft::CliServiceImpl+example::AtomicServiceImpl] is serving on port=8700.
I1218 01:53:34.824093 50306 server.cpp:1211] Check out http://n2:8700 in web browser.
I1218 01:53:35.276883 50306 log.cpp:691] Use murmurhash32 as the checksum type of appending entries
I1218 01:53:35.293385 50306 log.cpp:1175] log load_meta ./data/log/log_meta first_log_index: 81 time: 15133
I1218 01:53:35.325126 50306 log.cpp:1115] load open segment, path: ./data/log first_index: 81
I1218 01:53:35.354074 50306 snapshot.cpp:465] Deleting ./data/snapshot/temp
I1218 01:53:35.481794 50398 server.cpp:306] Configuration of this group is 10.1.1.3:8700:0,10.1.2.3:8700:0,10.1.3.3:8700:0,10.1.4.3:8700:0,10.1.5.3:8700:0
I1218 01:53:35.579608 50398 snapshot_executor.cpp:264] node Atomic:10.1.2.3:8700:0 snapshot_load_done, last_included_index: 80 last_included_term: 88 peers: "10.1.1.3:8700:0" peers: "10.1.2.3:8700:0" peers: "10.1.3.3:8700:0" peers: "10.1.4.3:8700:0" peers: "10.1.5.3:8700:0"
I1218 01:53:35.629602 50306 raft_meta.cpp:521] Loaded single stable meta, path ./data/raft_meta term 89 votedfor 10.1.3.3:8700:0 time: 17986
I1218 01:53:35.646355 50306 node.cpp:608] node Atomic:10.1.2.3:8700:0 init, term: 89 last_log_id: (index=81,term=89) conf: 10.1.1.3:8700:0,10.1.2.3:8700:0,10.1.3.3:8700:0,10.1.4.3:8700:0,10.1.5.3:8700:0 old_conf: 
I1218 01:53:35.649711 50306 server.cpp:509] Atomic service is running on 0.0.0.0:8700
I1218 01:53:35.779620 50391 node.cpp:949] node Atomic:10.1.2.3:8700:0 starts to do snapshot
I1218 01:53:35.800006 50391 snapshot_executor.cpp:154] node Atomic:10.1.2.3:8700:0 the gap between fsm applied index 80 and last_snapshot_index 80 is less than 1, will clear bufferred logs and return success
I1218 01:53:41.534791 50379 node.cpp:1587] node Atomic:10.1.2.3:8700:0 term 89 start pre_vote
I1218 01:53:42.201792 50379 node.cpp:2129] node Atomic:10.1.2.3:8700:0 received PreVote from 10.1.3.3:8700:0 in term 90 current_term 89 granted 1 rejected_by_lease 0
I1218 01:53:42.289186 50383 node.cpp:1512] node Atomic:10.1.2.3:8700:0 received PreVoteResponse from 10.1.1.3:8700:0 term 89 granted 1 rejected_by_lease 0 disrupted 0
I1218 01:53:42.409183 50391 node.cpp:1512] node Atomic:10.1.2.3:8700:0 received PreVoteResponse from 10.1.3.3:8700:0 term 89 granted 1 rejected_by_lease 0 disrupted 0
I1218 01:53:42.419126 50391 node.cpp:1653] node Atomic:10.1.2.3:8700:0 term 89 start vote and grant vote self
I1218 01:53:42.597790 50391 raft_meta.cpp:546] Saved single stable meta, path ./data/raft_meta term 90 votedfor 10.1.2.3:8700:0 time: 53866
I1218 01:53:42.675678 50379 node.cpp:1403] node Atomic:10.1.2.3:8700:0 received RequestVoteResponse from 10.1.3.3:8700:0 term 90 granted 1 rejected_by_lease 0 disrupted 0
W1218 01:53:42.723201 50388 node.cpp:1479] node Atomic:10.1.2.3:8700:0 received invalid PreVoteResponse from 10.1.4.3:8700:0 ctx_version 2 current_ctx_version 3
W1218 01:53:42.753135 50383 input_messenger.cpp:381] Fail to read from Socket{id=17179869282 fd=8 addr=10.1.1.3:8700:55588} (0x6310000515c0): Connection reset by peer [104]
W1218 01:53:42.776705 50383 node.cpp:1454] node Atomic:10.1.2.3:8700:0 received RequestVoteResponse from 10.1.1.3:8700:0 error: [E104]Fail to read from Socket{id=17179869282fd=8 addr=10.1.1.3:8700:55588} (0x0x6310000515c0): Connection reset by peer
I1218 01:53:42.779803 50391 node.cpp:1403] node Atomic:10.1.2.3:8700:0 received RequestVoteResponse from 10.1.4.3:8700:0 term 90 granted 1 rejected_by_lease 0 disrupted 0
I1218 01:53:42.781356 50391 node.cpp:1908] node Atomic:10.1.2.3:8700:0 term 90 become leader of group 10.1.1.3:8700:0,10.1.2.3:8700:0,10.1.3.3:8700:0,10.1.4.3:8700:0,10.1.5.3:8700:0 
I1218 01:53:42.812708 50391 replicator.cpp:143] Replicator=1116691496966@10.1.1.3:8700:0 is started, group Atomic
I1218 01:53:42.882891 50391 replicator.cpp:143] Replicator=3362959392769@10.1.3.3:8700:0 is started, group Atomic
I1218 01:53:42.886085 50391 replicator.cpp:143] Replicator=3380139261953@10.1.4.3:8700:0 is started, group Atomic
I1218 01:53:42.897374 50391 replicator.cpp:143] Replicator=3397319131137@10.1.5.3:8700:0 is started, group Atomic
I1218 01:53:43.044103 50392 socket.cpp:2570] Checking Socket{id=8589934687 addr=10.1.1.3:8700} (0x631000050d80)
W1218 01:53:43.084204 50388 node.cpp:1370] node Atomic:10.1.2.3:8700:0 received invalid RequestVoteResponse from 10.1.5.3:8700:0 ctx_version 1 current_ctx_version 2
W1218 01:53:43.086915 50398 replicator.cpp:397] Group Atomic fail to issue RPC to 10.1.1.3:8700:0 _consecutive_error_times=1, [E111]Fail to connect Socket{id=8589934687 addr=10.1.1.3:8700} (0x0x631000050d80): Connection refused [R1][E112]Not connected to 10.1.1.3:8700 yet, server_id=8589934687 [R2][E112]Not connected to 10.1.1.3:8700 yet, server_id=8589934687 [R3][E112]Not connected to 10.1.1.3:8700 yet, server_id=8589934687
W1218 01:53:43.095409 50379 node.cpp:1479] node Atomic:10.1.2.3:8700:0 received invalid PreVoteResponse from 10.1.5.3:8700:0 ctx_version 2 current_ctx_version 3
I1218 01:53:43.453791 50395 server.cpp:306] Configuration of this group is 10.1.1.3:8700:0,10.1.2.3:8700:0,10.1.3.3:8700:0,10.1.4.3:8700:0,10.1.5.3:8700:0
I1218 01:53:43.455607 50395 server.cpp:306] Configuration of this group is 10.1.1.3:8700:0,10.1.2.3:8700:0,10.1.3.3:8700:0,10.1.4.3:8700:0,10.1.5.3:8700:0
I1218 01:53:43.477495 50379 replicator.cpp:835] node Atomic:10.1.2.3:8700:0 send InstallSnapshotRequest to 10.1.5.3:8700:0 term 90 last_included_term 88 last_included_index 80 uri remote://10.1.2.3:8700/1770030659253623061
I1218 01:53:43.458313 50395 node.cpp:3310] node Atomic:10.1.2.3:8700:0 reset ConfigurationCtx, new_peers: 10.1.1.3:8700:0,10.1.2.3:8700:0,10.1.3.3:8700:0,10.1.4.3:8700:0,10.1.5.3:8700:0, old_peers: 10.1.1.3:8700:0,10.1.2.3:8700:0,10.1.3.3:8700:0,10.1.4.3:8700:0,10.1.5.3:8700:0
I1218 01:53:43.711274 50395 server.cpp:291] Node becomes leader
I1218 01:53:43.857434 50388 socket.cpp:2570] Checking Socket{id=289 addr=10.1.4.3:8700} (0x6310000b6380)
I1218 01:53:43.973632 50390 replicator.cpp:882] received InstallSnapshotResponse from Atomic:10.1.5.3:8700:0 last_included_index 80 last_included_term 88 error: [E5][10.1.5.3:8700][E5]Fail to create snapshot writer
W1218 01:53:43.992266 50390 replicator.cpp:884] Group Atomic Fail to install snapshot at peer=10.1.5.3:8700:0, [E5][10.1.5.3:8700][E5]Fail to create snapshot writer
W1218 01:53:44.035933 50388 replicator.cpp:297] Group Atomic fail to issue RPC to 10.1.4.3:8700:0 _consecutive_error_times=1, [E112]Not connected to 10.1.4.3:8700 yet, server_id=289 [R1][E112]Not connected to 10.1.4.3:8700 yet, server_id=289 [R2][E112]Not connected to 10.1.4.3:8700 yet, server_id=289 [R3][E112]Not connected to 10.1.4.3:8700 yet, server_id=289
WARNING: Logging before InitGoogleLogging() is written to STDERR
W1218 01:53:52.411296 50537 bthread.cpp:409] Fail to set concurrency by tag: 0, tag concurrency must larger than old oncurrency. old concurrency: 24, new concurrency: 9
I1218 01:53:52.628069 50537 server.cpp:1208] Server[braft::RaftStatImpl+braft::FileServiceImpl+braft::RaftServiceImpl+braft::CliServiceImpl+example::AtomicServiceImpl] is serving on port=8700.
I1218 01:53:52.631362 50537 server.cpp:1211] Check out http://n2:8700 in web browser.
I1218 01:53:53.437638 50537 log.cpp:691] Use murmurhash32 as the checksum type of appending entries
I1218 01:53:53.599361 50537 log.cpp:1175] log load_meta ./data/log/log_meta first_log_index: 81 time: 81501
I1218 01:53:53.672339 50537 log.cpp:1115] load open segment, path: ./data/log first_index: 81
I1218 01:53:54.045823 50537 snapshot.cpp:465] Deleting ./data/snapshot/temp
I1218 01:53:54.810173 50587 server.cpp:306] Configuration of this group is 10.1.1.3:8700:0,10.1.2.3:8700:0,10.1.3.3:8700:0,10.1.4.3:8700:0,10.1.5.3:8700:0
I1218 01:53:54.862805 50587 snapshot_executor.cpp:264] node Atomic:10.1.2.3:8700:0 snapshot_load_done, last_included_index: 80 last_included_term: 88 peers: "10.1.1.3:8700:0" peers: "10.1.2.3:8700:0" peers: "10.1.3.3:8700:0" peers: "10.1.4.3:8700:0" peers: "10.1.5.3:8700:0"
I1218 01:53:54.906319 50537 raft_meta.cpp:521] Loaded single stable meta, path ./data/raft_meta term 90 votedfor 10.1.2.3:8700:0 time: 2913
I1218 01:53:55.037914 50537 node.cpp:608] node Atomic:10.1.2.3:8700:0 init, term: 90 last_log_id: (index=82,term=90) conf: 10.1.1.3:8700:0,10.1.2.3:8700:0,10.1.3.3:8700:0,10.1.4.3:8700:0,10.1.5.3:8700:0 old_conf: 
I1218 01:53:55.125422 50537 server.cpp:509] Atomic service is running on 0.0.0.0:8700
I1218 01:53:55.562049 50585 raft_meta.cpp:546] Saved single stable meta, path ./data/raft_meta term 91 votedfor 0.0.0.0:0:0 time: 38486
I1218 01:53:55.593928 50596 server.cpp:312] Node start following { leader_id=10.1.3.3:8700:0, term=91, status=Raft node receives message from new leader with higher term.}
I1218 01:53:55.623042 50596 server.cpp:306] Configuration of this group is 10.1.1.3:8700:0,10.1.2.3:8700:0,10.1.3.3:8700:0,10.1.4.3:8700:0,10.1.5.3:8700:0
I1218 01:53:55.625761 50596 server.cpp:306] Configuration of this group is 10.1.1.3:8700:0,10.1.2.3:8700:0,10.1.3.3:8700:0,10.1.4.3:8700:0,10.1.5.3:8700:0
I1218 01:53:56.092805 50607 server.cpp:306] Configuration of this group is 10.1.1.3:8700:0,10.1.2.3:8700:0,10.1.3.3:8700:0,10.1.4.3:8700:0,10.1.5.3:8700:0
I1218 01:54:02.989104 50584 node.cpp:949] node Atomic:10.1.2.3:8700:0 starts to do snapshot
I1218 01:54:03.041684 50584 snapshot.cpp:647] Deleting ./data/snapshot/snapshot_00000000000000000083
I1218 01:54:03.067091 50584 snapshot.cpp:653] Renaming ./data/snapshot/temp to ./data/snapshot/snapshot_00000000000000000083
I1218 01:54:03.069729 50584 snapshot.cpp:523] Deleting ./data/snapshot/snapshot_00000000000000000080
I1218 01:54:03.212694 50584 snapshot_executor.cpp:234] node Atomic:10.1.2.3:8700:0 snapshot_save_done, last_included_index=83 last_included_term=91
I1218 01:54:11.853374 50595 server.cpp:309] Node stops following { leader_id=10.1.3.3:8700:0, term=91, status=Lost connection from leader 10.1.3.3:8700:0}
I1218 01:54:11.954020 50606 node.cpp:1587] node Atomic:10.1.2.3:8700:0 term 91 start pre_vote
W1218 01:54:12.597673 50598 node.cpp:1567] node Atomic:10.1.2.3:8700:0 request PreVote from 10.1.3.3:8700:0 error: [E111]Fail to connect Socket{id=374 addr=10.1.3.3:8700} (0x0x6310000c8d80): Connection refused
I1218 01:54:12.704715 50596 node.cpp:2129] node Atomic:10.1.2.3:8700:0 received PreVote from 10.1.1.3:8700:0 in term 92 current_term 91 granted 1 rejected_by_lease 0
I1218 01:54:12.741351 50585 node.cpp:1512] node Atomic:10.1.2.3:8700:0 received PreVoteResponse from 10.1.1.3:8700:0 term 91 granted 1 rejected_by_lease 0 disrupted 0
W1218 01:54:12.855823 50585 node.cpp:1567] node Atomic:10.1.2.3:8700:0 request PreVote from 10.1.5.3:8700:0 error: [E22][10.1.5.3:8700][E22]Invalid argument
I1218 01:54:12.856037 50588 node.cpp:1512] node Atomic:10.1.2.3:8700:0 received PreVoteResponse from 10.1.4.3:8700:0 term 91 granted 1 rejected_by_lease 0 disrupted 0
I1218 01:54:12.867434 50588 node.cpp:1653] node Atomic:10.1.2.3:8700:0 term 91 start vote and grant vote self
W1218 01:54:12.960379 50587 node.cpp:1454] node Atomic:10.1.2.3:8700:0 received RequestVoteResponse from 10.1.3.3:8700:0 error: [E111]Fail to connect Socket{id=467 addr=10.1.3.3:8700} (0x0x6310000f0d80): Connection refused
W1218 01:54:13.078953 50596 node.cpp:1454] node Atomic:10.1.2.3:8700:0 received RequestVoteResponse from 10.1.5.3:8700:0 error: [E22][10.1.5.3:8700][E22]Invalid argument
I1218 01:54:13.193337 50588 raft_meta.cpp:546] Saved single stable meta, path ./data/raft_meta term 92 votedfor 10.1.2.3:8700:0 time: 207942
I1218 01:54:13.196259 50592 node.cpp:2211] node Atomic:10.1.2.3:8700:0 received RequestVote from 10.1.1.3:8700:0 in term 92 current_term 92 log_is_ok 1 votable_time 0
I1218 01:54:13.205152 50598 node.cpp:1403] node Atomic:10.1.2.3:8700:0 received RequestVoteResponse from 10.1.4.3:8700:0 term 92 granted 0 rejected_by_lease 0 disrupted 0
I1218 01:54:13.207928 50596 node.cpp:1403] node Atomic:10.1.2.3:8700:0 received RequestVoteResponse from 10.1.1.3:8700:0 term 92 granted 0 rejected_by_lease 0 disrupted 0
I1218 01:54:14.410259 50587 node.cpp:2129] node Atomic:10.1.2.3:8700:0 received PreVote from 10.1.4.3:8700:0 in term 93 current_term 92 granted 1 rejected_by_lease 0
I1218 01:54:14.520920 50585 node.cpp:2211] node Atomic:10.1.2.3:8700:0 received RequestVote from 10.1.4.3:8700:0 in term 93 current_term 92 log_is_ok 1 votable_time 0
I1218 01:54:14.595463 50585 raft_meta.cpp:546] Saved single stable meta, path ./data/raft_meta term 93 votedfor 0.0.0.0:0:0 time: 17819
I1218 01:54:14.637756 50585 raft_meta.cpp:546] Saved single stable meta, path ./data/raft_meta term 93 votedfor 10.1.4.3:8700:0 time: 40015
I1218 01:54:15.242247 50617 server.cpp:312] Node start following { leader_id=10.1.4.3:8700:0, term=93, status=Follower receives message from new leader with the same term.}
I1218 01:54:16.273222 50587 server.cpp:306] Configuration of this group is 10.1.1.3:8700:0,10.1.2.3:8700:0,10.1.3.3:8700:0,10.1.4.3:8700:0,10.1.5.3:8700:0
WARNING: Logging before InitGoogleLogging() is written to STDERR
W1218 01:54:26.745816 50874 bthread.cpp:409] Fail to set concurrency by tag: 0, tag concurrency must larger than old oncurrency. old concurrency: 24, new concurrency: 9
I1218 01:54:27.483640 50874 server.cpp:1208] Server[braft::RaftStatImpl+braft::FileServiceImpl+braft::RaftServiceImpl+braft::CliServiceImpl+example::AtomicServiceImpl] is serving on port=8700.
I1218 01:54:27.503206 50874 server.cpp:1211] Check out http://n2:8700 in web browser.
I1218 01:54:27.796530 50874 log.cpp:691] Use murmurhash32 as the checksum type of appending entries
I1218 01:54:27.811451 50874 log.cpp:1175] log load_meta ./data/log/log_meta first_log_index: 81 time: 13613
I1218 01:54:27.813360 50874 log.cpp:1115] load open segment, path: ./data/log first_index: 81
I1218 01:54:27.890093 50874 snapshot.cpp:465] Deleting ./data/snapshot/temp
I1218 01:54:28.083326 50939 server.cpp:306] Configuration of this group is 10.1.1.3:8700:0,10.1.2.3:8700:0,10.1.3.3:8700:0,10.1.4.3:8700:0,10.1.5.3:8700:0
I1218 01:54:28.198952 50939 snapshot_executor.cpp:264] node Atomic:10.1.2.3:8700:0 snapshot_load_done, last_included_index: 83 last_included_term: 91 peers: "10.1.1.3:8700:0" peers: "10.1.2.3:8700:0" peers: "10.1.3.3:8700:0" peers: "10.1.4.3:8700:0" peers: "10.1.5.3:8700:0"
I1218 01:54:28.203958 50874 raft_meta.cpp:521] Loaded single stable meta, path ./data/raft_meta term 93 votedfor 10.1.4.3:8700:0 time: 824
I1218 01:54:28.205319 50874 node.cpp:608] node Atomic:10.1.2.3:8700:0 init, term: 93 last_log_id: (index=84,term=93) conf: 10.1.1.3:8700:0,10.1.2.3:8700:0,10.1.3.3:8700:0,10.1.4.3:8700:0,10.1.5.3:8700:0 old_conf: 
I1218 01:54:28.209904 50874 server.cpp:509] Atomic service is running on 0.0.0.0:8700
I1218 01:54:33.859495 50938 node.cpp:2129] node Atomic:10.1.2.3:8700:0 received PreVote from 10.1.4.3:8700:0 in term 94 current_term 93 granted 1 rejected_by_lease 0
I1218 01:54:34.349318 50958 node.cpp:2211] node Atomic:10.1.2.3:8700:0 received RequestVote from 10.1.4.3:8700:0 in term 94 current_term 93 log_is_ok 1 votable_time 0
I1218 01:54:34.401499 50958 raft_meta.cpp:546] Saved single stable meta, path ./data/raft_meta term 94 votedfor 0.0.0.0:0:0 time: 50109
I1218 01:54:34.491333 50958 raft_meta.cpp:546] Saved single stable meta, path ./data/raft_meta term 94 votedfor 10.1.4.3:8700:0 time: 59898
I1218 01:54:34.803923 50938 server.cpp:312] Node start following { leader_id=10.1.4.3:8700:0, term=94, status=Follower receives message from new leader with the same term.}
WARNING: Logging before InitGoogleLogging() is written to STDERR
W1218 01:55:03.079597 51291 sampler.cpp:192] bvar is busy at sampling for 2 seconds!
W1218 01:55:03.455629 51273 bthread.cpp:409] Fail to set concurrency by tag: 0, tag concurrency must larger than old oncurrency. old concurrency: 24, new concurrency: 9
I1218 01:55:04.233767 51273 server.cpp:1208] Server[braft::RaftStatImpl+braft::FileServiceImpl+braft::RaftServiceImpl+braft::CliServiceImpl+example::AtomicServiceImpl] is serving on port=8700.
I1218 01:55:04.266291 51273 server.cpp:1211] Check out http://n2:8700 in web browser.
I1218 01:55:04.778318 51273 log.cpp:691] Use murmurhash32 as the checksum type of appending entries
I1218 01:55:04.815707 51273 log.cpp:1175] log load_meta ./data/log/log_meta first_log_index: 81 time: 29873
I1218 01:55:04.831254 51273 log.cpp:1115] load open segment, path: ./data/log first_index: 81
I1218 01:55:05.113037 51273 snapshot.cpp:465] Deleting ./data/snapshot/temp
I1218 01:55:05.838862 51350 server.cpp:306] Configuration of this group is 10.1.1.3:8700:0,10.1.2.3:8700:0,10.1.3.3:8700:0,10.1.4.3:8700:0,10.1.5.3:8700:0
I1218 01:55:05.957857 51350 snapshot_executor.cpp:264] node Atomic:10.1.2.3:8700:0 snapshot_load_done, last_included_index: 83 last_included_term: 91 peers: "10.1.1.3:8700:0" peers: "10.1.2.3:8700:0" peers: "10.1.3.3:8700:0" peers: "10.1.4.3:8700:0" peers: "10.1.5.3:8700:0"
I1218 01:55:06.049911 51273 raft_meta.cpp:521] Loaded single stable meta, path ./data/raft_meta term 94 votedfor 10.1.4.3:8700:0 time: 16602
I1218 01:55:06.065201 51273 node.cpp:608] node Atomic:10.1.2.3:8700:0 init, term: 94 last_log_id: (index=84,term=93) conf: 10.1.1.3:8700:0,10.1.2.3:8700:0,10.1.3.3:8700:0,10.1.4.3:8700:0,10.1.5.3:8700:0 old_conf: 
I1218 01:55:06.110194 51273 server.cpp:509] Atomic service is running on 0.0.0.0:8700
I1218 01:55:10.893806 51334 node.cpp:949] node Atomic:10.1.2.3:8700:0 starts to do snapshot
I1218 01:55:10.949502 51334 snapshot_executor.cpp:154] node Atomic:10.1.2.3:8700:0 the gap between fsm applied index 83 and last_snapshot_index 83 is less than 1, will clear bufferred logs and return success
I1218 01:55:11.095422 51353 log.cpp:1153] log save_meta ./data/log/log_meta first_log_index: 84 time: 150031
I1218 01:55:11.166079 51354 node.cpp:1587] node Atomic:10.1.2.3:8700:0 term 94 start pre_vote
I1218 01:55:11.515455 51333 node.cpp:2129] node Atomic:10.1.2.3:8700:0 received PreVote from 10.1.3.3:8700:0 in term 95 current_term 94 granted 1 rejected_by_lease 0
I1218 01:55:11.593902 51343 node.cpp:1512] node Atomic:10.1.2.3:8700:0 received PreVoteResponse from 10.1.4.3:8700:0 term 94 granted 0 rejected_by_lease 0 disrupted 0
W1218 01:55:11.664170 51346 node.cpp:1567] node Atomic:10.1.2.3:8700:0 request PreVote from 10.1.5.3:8700:0 error: [E22][10.1.5.3:8700][E22]Invalid argument
I1218 01:55:11.769876 51325 node.cpp:2211] node Atomic:10.1.2.3:8700:0 received RequestVote from 10.1.3.3:8700:0 in term 95 current_term 94 log_is_ok 1 votable_time 0
I1218 01:55:11.889282 51325 raft_meta.cpp:546] Saved single stable meta, path ./data/raft_meta term 95 votedfor 0.0.0.0:0:0 time: 114359
I1218 01:55:11.920199 51325 raft_meta.cpp:546] Saved single stable meta, path ./data/raft_meta term 95 votedfor 10.1.3.3:8700:0 time: 15756
W1218 01:55:11.923199 51354 node.cpp:1479] node Atomic:10.1.2.3:8700:0 received invalid PreVoteResponse from 10.1.1.3:8700:0 ctx_version 2 current_ctx_version 4
W1218 01:55:11.927652 51350 node.cpp:1479] node Atomic:10.1.2.3:8700:0 received invalid PreVoteResponse from 10.1.3.3:8700:0 ctx_version 2 current_ctx_version 4
I1218 01:55:12.653828 51330 server.cpp:312] Node start following { leader_id=10.1.3.3:8700:0, term=95, status=Follower receives message from new leader with the same term.}
I1218 01:55:12.766048 51346 server.cpp:306] Configuration of this group is 10.1.1.3:8700:0,10.1.2.3:8700:0,10.1.3.3:8700:0,10.1.4.3:8700:0,10.1.5.3:8700:0
I1218 01:55:12.873772 51333 server.cpp:306] Configuration of this group is 10.1.1.3:8700:0,10.1.2.3:8700:0,10.1.3.3:8700:0,10.1.4.3:8700:0,10.1.5.3:8700:0
I1218 01:55:13.119541 51325 server.cpp:306] Configuration of this group is 10.1.1.3:8700:0,10.1.2.3:8700:0,10.1.3.3:8700:0,10.1.4.3:8700:0,10.1.5.3:8700:0
I1218 01:55:27.365643 51332 node.cpp:1587] node Atomic:10.1.2.3:8700:0 term 95 start pre_vote
I1218 01:55:27.365084 51347 server.cpp:309] Node stops following { leader_id=10.1.3.3:8700:0, term=95, status=Lost connection from leader 10.1.3.3:8700:0}
W1218 01:55:27.509392 51351 node.cpp:1567] node Atomic:10.1.2.3:8700:0 request PreVote from 10.1.4.3:8700:0 error: [E111]Fail to connect Socket{id=283 addr=10.1.4.3:8700} (0x0x6310000c9300): Connection refused
W1218 01:55:27.513608 51325 node.cpp:1567] node Atomic:10.1.2.3:8700:0 request PreVote from 10.1.3.3:8700:0 error: [E111]Fail to connect Socket{id=281 addr=10.1.3.3:8700} (0x0x6310000c8d80): Connection refused
I1218 01:55:27.549305 51331 node.cpp:1512] node Atomic:10.1.2.3:8700:0 received PreVoteResponse from 10.1.1.3:8700:0 term 95 granted 1 rejected_by_lease 0 disrupted 0
W1218 01:55:27.538586 51330 node.cpp:1567] node Atomic:10.1.2.3:8700:0 request PreVote from 10.1.5.3:8700:0 error: [E22][10.1.5.3:8700][E22]Invalid argument
I1218 01:55:30.093992 51331 node.cpp:2129] node Atomic:10.1.2.3:8700:0 received PreVote from 10.1.1.3:8700:0 in term 96 current_term 95 granted 1 rejected_by_lease 0
I1218 01:55:32.512565 51332 node.cpp:1587] node Atomic:10.1.2.3:8700:0 term 95 start pre_vote
W1218 01:55:32.564003 51325 node.cpp:1567] node Atomic:10.1.2.3:8700:0 request PreVote from 10.1.3.3:8700:0 error: [E111]Fail to connect Socket{id=289 addr=10.1.3.3:8700} (0x0x6310000ca380): Connection refused
W1218 01:55:32.568218 51325 node.cpp:1567] node Atomic:10.1.2.3:8700:0 request PreVote from 10.1.4.3:8700:0 error: [E111]Fail to connect Socket{id=291 addr=10.1.4.3:8700} (0x0x6310000ca900): Connection refused
I1218 01:55:32.768335 51354 node.cpp:1512] node Atomic:10.1.2.3:8700:0 received PreVoteResponse from 10.1.1.3:8700:0 term 95 granted 1 rejected_by_lease 0 disrupted 0
W1218 01:55:32.791283 51354 node.cpp:1567] node Atomic:10.1.2.3:8700:0 request PreVote from 10.1.5.3:8700:0 error: [E22][10.1.5.3:8700][E22]Invalid argument
I1218 01:55:35.870716 51346 node.cpp:2129] node Atomic:10.1.2.3:8700:0 received PreVote from 10.1.1.3:8700:0 in term 96 current_term 95 granted 1 rejected_by_lease 0
I1218 01:55:38.487339 51347 node.cpp:1587] node Atomic:10.1.2.3:8700:0 term 95 start pre_vote
W1218 01:55:38.648160 51337 node.cpp:1567] node Atomic:10.1.2.3:8700:0 request PreVote from 10.1.3.3:8700:0 error: [E111]Fail to connect Socket{id=374 addr=10.1.3.3:8700} (0x0x6310000f0d80): Connection refused
I1218 01:55:38.662371 51331 node.cpp:1512] node Atomic:10.1.2.3:8700:0 received PreVoteResponse from 10.1.1.3:8700:0 term 95 granted 1 rejected_by_lease 0 disrupted 0
W1218 01:55:38.692632 51354 node.cpp:1567] node Atomic:10.1.2.3:8700:0 request PreVote from 10.1.4.3:8700:0 error: [E111]Fail to connect Socket{id=376 addr=10.1.4.3:8700} (0x0x6310000f1300): Connection refused
W1218 01:55:38.717139 51331 node.cpp:1567] node Atomic:10.1.2.3:8700:0 request PreVote from 10.1.5.3:8700:0 error: [E22][10.1.5.3:8700][E22]Invalid argument
WARNING: Logging before InitGoogleLogging() is written to STDERR
W1218 01:55:48.553159 51776 bthread.cpp:409] Fail to set concurrency by tag: 0, tag concurrency must larger than old oncurrency. old concurrency: 24, new concurrency: 9
I1218 01:55:49.014139 51776 server.cpp:1208] Server[braft::RaftStatImpl+braft::FileServiceImpl+braft::RaftServiceImpl+braft::CliServiceImpl+example::AtomicServiceImpl] is serving on port=8700.
I1218 01:55:49.016045 51776 server.cpp:1211] Check out http://n2:8700 in web browser.
I1218 01:55:49.173473 51776 log.cpp:691] Use murmurhash32 as the checksum type of appending entries
I1218 01:55:49.214313 51776 log.cpp:1175] log load_meta ./data/log/log_meta first_log_index: 84 time: 39130
I1218 01:55:49.230077 51776 log.cpp:1115] load open segment, path: ./data/log first_index: 81
I1218 01:55:49.357290 51776 snapshot.cpp:465] Deleting ./data/snapshot/temp
I1218 01:55:49.717065 51837 server.cpp:306] Configuration of this group is 10.1.1.3:8700:0,10.1.2.3:8700:0,10.1.3.3:8700:0,10.1.4.3:8700:0,10.1.5.3:8700:0
I1218 01:55:49.865406 51837 snapshot_executor.cpp:264] node Atomic:10.1.2.3:8700:0 snapshot_load_done, last_included_index: 83 last_included_term: 91 peers: "10.1.1.3:8700:0" peers: "10.1.2.3:8700:0" peers: "10.1.3.3:8700:0" peers: "10.1.4.3:8700:0" peers: "10.1.5.3:8700:0"
I1218 01:55:49.918298 51776 raft_meta.cpp:521] Loaded single stable meta, path ./data/raft_meta term 95 votedfor 10.1.3.3:8700:0 time: 2660
I1218 01:55:49.927680 51776 node.cpp:608] node Atomic:10.1.2.3:8700:0 init, term: 95 last_log_id: (index=86,term=95) conf: 10.1.1.3:8700:0,10.1.2.3:8700:0,10.1.3.3:8700:0,10.1.4.3:8700:0,10.1.5.3:8700:0 old_conf: 
I1218 01:55:49.948843 51776 server.cpp:509] Atomic service is running on 0.0.0.0:8700
I1218 01:55:55.583636 51842 node.cpp:1587] node Atomic:10.1.2.3:8700:0 term 95 start pre_vote
I1218 01:55:56.469806 51838 node.cpp:1512] node Atomic:10.1.2.3:8700:0 received PreVoteResponse from 10.1.4.3:8700:0 term 95 granted 1 rejected_by_lease 0 disrupted 0
W1218 01:55:56.524719 51853 node.cpp:1567] node Atomic:10.1.2.3:8700:0 request PreVote from 10.1.5.3:8700:0 error: [E22][10.1.5.3:8700][E22]Invalid argument
I1218 01:55:56.588876 51830 node.cpp:1512] node Atomic:10.1.2.3:8700:0 received PreVoteResponse from 10.1.1.3:8700:0 term 95 granted 1 rejected_by_lease 0 disrupted 0
I1218 01:55:56.590317 51830 node.cpp:1653] node Atomic:10.1.2.3:8700:0 term 95 start vote and grant vote self
I1218 01:55:56.720288 51830 raft_meta.cpp:546] Saved single stable meta, path ./data/raft_meta term 96 votedfor 10.1.2.3:8700:0 time: 40748
W1218 01:55:56.727200 51853 node.cpp:1479] node Atomic:10.1.2.3:8700:0 received invalid PreVoteResponse from 10.1.3.3:8700:0 ctx_version 2 current_ctx_version 3
I1218 01:55:56.732658 51823 node.cpp:2129] node Atomic:10.1.2.3:8700:0 received PreVote from 10.1.4.3:8700:0 in term 96 current_term 96 granted 1 rejected_by_lease 0
I1218 01:55:56.752326 51837 node.cpp:2129] node Atomic:10.1.2.3:8700:0 received PreVote from 10.1.3.3:8700:0 in term 96 current_term 96 granted 1 rejected_by_lease 0
W1218 01:55:56.796169 51838 node.cpp:1454] node Atomic:10.1.2.3:8700:0 received RequestVoteResponse from 10.1.5.3:8700:0 error: [E22][10.1.5.3:8700][E22]Invalid argument
I1218 01:55:56.829556 51838 node.cpp:1403] node Atomic:10.1.2.3:8700:0 received RequestVoteResponse from 10.1.1.3:8700:0 term 96 granted 1 rejected_by_lease 0 disrupted 0
I1218 01:55:56.840080 51837 node.cpp:1403] node Atomic:10.1.2.3:8700:0 received RequestVoteResponse from 10.1.3.3:8700:0 term 96 granted 1 rejected_by_lease 0 disrupted 0
I1218 01:55:56.841681 51837 node.cpp:1908] node Atomic:10.1.2.3:8700:0 term 96 become leader of group 10.1.1.3:8700:0,10.1.2.3:8700:0,10.1.3.3:8700:0,10.1.4.3:8700:0,10.1.5.3:8700:0 
I1218 01:55:56.901332 51837 replicator.cpp:143] Replicator=4398046511105@10.1.1.3:8700:0 is started, group Atomic
I1218 01:55:57.169488 51837 replicator.cpp:143] Replicator=4415226380289@10.1.3.3:8700:0 is started, group Atomic
I1218 01:55:57.173928 51837 replicator.cpp:143] Replicator=4432406249473@10.1.4.3:8700:0 is started, group Atomic
I1218 01:55:57.240020 51837 replicator.cpp:143] Replicator=4449586118657@10.1.5.3:8700:0 is started, group Atomic
W1218 01:55:59.250265 51853 node.cpp:1370] node Atomic:10.1.2.3:8700:0 received invalid RequestVoteResponse from 10.1.4.3:8700:0 ctx_version 1 current_ctx_version 2
W1218 01:55:59.425846 51842 replicator.cpp:397] Group Atomic fail to issue RPC to 10.1.5.3:8700:0 _consecutive_error_times=1, [E22][10.1.5.3:8700][E22]node Atomic:10.1.5.3:8700:0 is not in active state, state ERROR
W1218 01:55:59.438146 51826 replicator.cpp:397] Group Atomic fail to issue RPC to 10.1.4.3:8700:0 _consecutive_error_times=1, [E112]Not connected to 10.1.4.3:8700 yet, server_id=376 [R1][E112]Not connected to 10.1.4.3:8700 yet, server_id=376 [R2][E112]Not connected to 10.1.4.3:8700 yet, server_id=376 [R3][E112]Not connected to 10.1.4.3:8700 yet, server_id=376
I1218 01:55:59.457302 51854 socket.cpp:2570] Checking Socket{id=376 addr=10.1.4.3:8700} (0x6310000c9300)
I1218 01:55:59.467545 51838 node.cpp:2211] node Atomic:10.1.2.3:8700:0 received RequestVote from 10.1.4.3:8700:0 in term 96 current_term 96 log_is_ok 0 votable_time 0
W1218 01:55:59.596283 51838 baidu_rpc_protocol.cpp:349] Fail to write into Socket{id=188 fd=8 addr=10.1.4.3:58232:8700} (0x631000078d80): Unknown error 1014 [1014]
I1218 01:56:00.012593 51829 server.cpp:306] Configuration of this group is 10.1.1.3:8700:0,10.1.2.3:8700:0,10.1.3.3:8700:0,10.1.4.3:8700:0,10.1.5.3:8700:0
I1218 01:56:00.024874 51829 server.cpp:306] Configuration of this group is 10.1.1.3:8700:0,10.1.2.3:8700:0,10.1.3.3:8700:0,10.1.4.3:8700:0,10.1.5.3:8700:0
I1218 01:56:00.030295 51829 server.cpp:306] Configuration of this group is 10.1.1.3:8700:0,10.1.2.3:8700:0,10.1.3.3:8700:0,10.1.4.3:8700:0,10.1.5.3:8700:0
I1218 01:56:00.034051 51829 server.cpp:306] Configuration of this group is 10.1.1.3:8700:0,10.1.2.3:8700:0,10.1.3.3:8700:0,10.1.4.3:8700:0,10.1.5.3:8700:0
I1218 01:56:00.041107 51829 node.cpp:3310] node Atomic:10.1.2.3:8700:0 reset ConfigurationCtx, new_peers: 10.1.1.3:8700:0,10.1.2.3:8700:0,10.1.3.3:8700:0,10.1.4.3:8700:0,10.1.5.3:8700:0, old_peers: 10.1.1.3:8700:0,10.1.2.3:8700:0,10.1.3.3:8700:0,10.1.4.3:8700:0,10.1.5.3:8700:0
I1218 01:56:00.073134 51829 server.cpp:291] Node becomes leader
WARNING: Logging before InitGoogleLogging() is written to STDERR
W1218 01:56:50.928408 52452 bthread.cpp:409] Fail to set concurrency by tag: 0, tag concurrency must larger than old oncurrency. old concurrency: 24, new concurrency: 9
I1218 01:56:51.544968 52452 server.cpp:1208] Server[braft::RaftStatImpl+braft::FileServiceImpl+braft::RaftServiceImpl+braft::CliServiceImpl+example::AtomicServiceImpl] is serving on port=8700.
I1218 01:56:51.547427 52452 server.cpp:1211] Check out http://n2:8700 in web browser.
I1218 01:56:51.740312 52452 log.cpp:691] Use murmurhash32 as the checksum type of appending entries
I1218 01:56:51.752749 52452 log.cpp:1175] log load_meta ./data/log/log_meta first_log_index: 84 time: 10895
I1218 01:56:51.767148 52452 log.cpp:1115] load open segment, path: ./data/log first_index: 81
I1218 01:56:51.852442 52452 snapshot.cpp:465] Deleting ./data/snapshot/temp
I1218 01:56:51.965454 52523 server.cpp:306] Configuration of this group is 10.1.1.3:8700:0,10.1.2.3:8700:0,10.1.3.3:8700:0,10.1.4.3:8700:0,10.1.5.3:8700:0
I1218 01:56:52.082340 52523 snapshot_executor.cpp:264] node Atomic:10.1.2.3:8700:0 snapshot_load_done, last_included_index: 83 last_included_term: 91 peers: "10.1.1.3:8700:0" peers: "10.1.2.3:8700:0" peers: "10.1.3.3:8700:0" peers: "10.1.4.3:8700:0" peers: "10.1.5.3:8700:0"
I1218 01:56:52.108321 52452 raft_meta.cpp:521] Loaded single stable meta, path ./data/raft_meta term 96 votedfor 10.1.2.3:8700:0 time: 675
I1218 01:56:52.109771 52452 node.cpp:608] node Atomic:10.1.2.3:8700:0 init, term: 96 last_log_id: (index=87,term=96) conf: 10.1.1.3:8700:0,10.1.2.3:8700:0,10.1.3.3:8700:0,10.1.4.3:8700:0,10.1.5.3:8700:0 old_conf: 
I1218 01:56:52.122221 52452 server.cpp:509] Atomic service is running on 0.0.0.0:8700
I1218 01:56:52.829460 52533 node.cpp:949] node Atomic:10.1.2.3:8700:0 starts to do snapshot
I1218 01:56:52.868193 52533 snapshot_executor.cpp:154] node Atomic:10.1.2.3:8700:0 the gap between fsm applied index 83 and last_snapshot_index 83 is less than 1, will clear bufferred logs and return success
I1218 01:56:59.061210 52528 node.cpp:2129] node Atomic:10.1.2.3:8700:0 received PreVote from 10.1.4.3:8700:0 in term 97 current_term 96 granted 0 rejected_by_lease 0
WARNING: Logging before InitGoogleLogging() is written to STDERR
W1218 01:57:08.619621 52648 bthread.cpp:409] Fail to set concurrency by tag: 0, tag concurrency must larger than old oncurrency. old concurrency: 24, new concurrency: 9
I1218 01:57:08.958122 52648 server.cpp:1208] Server[braft::RaftStatImpl+braft::FileServiceImpl+braft::RaftServiceImpl+braft::CliServiceImpl+example::AtomicServiceImpl] is serving on port=8700.
I1218 01:57:08.959787 52648 server.cpp:1211] Check out http://n2:8700 in web browser.
I1218 01:57:09.498123 52648 log.cpp:691] Use murmurhash32 as the checksum type of appending entries
I1218 01:57:09.524971 52648 log.cpp:1175] log load_meta ./data/log/log_meta first_log_index: 84 time: 2769
I1218 01:57:09.527665 52648 log.cpp:1115] load open segment, path: ./data/log first_index: 81
I1218 01:57:09.736116 52648 snapshot.cpp:465] Deleting ./data/snapshot/temp
I1218 01:57:09.971678 52737 server.cpp:306] Configuration of this group is 10.1.1.3:8700:0,10.1.2.3:8700:0,10.1.3.3:8700:0,10.1.4.3:8700:0,10.1.5.3:8700:0
I1218 01:57:10.021653 52737 snapshot_executor.cpp:264] node Atomic:10.1.2.3:8700:0 snapshot_load_done, last_included_index: 83 last_included_term: 91 peers: "10.1.1.3:8700:0" peers: "10.1.2.3:8700:0" peers: "10.1.3.3:8700:0" peers: "10.1.4.3:8700:0" peers: "10.1.5.3:8700:0"
I1218 01:57:10.040869 52648 raft_meta.cpp:521] Loaded single stable meta, path ./data/raft_meta term 96 votedfor 10.1.2.3:8700:0 time: 723
I1218 01:57:10.081755 52648 node.cpp:608] node Atomic:10.1.2.3:8700:0 init, term: 96 last_log_id: (index=87,term=96) conf: 10.1.1.3:8700:0,10.1.2.3:8700:0,10.1.3.3:8700:0,10.1.4.3:8700:0,10.1.5.3:8700:0 old_conf: 
I1218 01:57:10.161379 52648 server.cpp:509] Atomic service is running on 0.0.0.0:8700
I1218 01:57:10.647747 52711 node.cpp:2129] node Atomic:10.1.2.3:8700:0 received PreVote from 10.1.3.3:8700:0 in term 97 current_term 96 granted 1 rejected_by_lease 0
I1218 01:57:11.329967 52714 node.cpp:949] node Atomic:10.1.2.3:8700:0 starts to do snapshot
I1218 01:57:11.538157 52714 snapshot_executor.cpp:154] node Atomic:10.1.2.3:8700:0 the gap between fsm applied index 83 and last_snapshot_index 83 is less than 1, will clear bufferred logs and return success
I1218 01:57:11.608883 52736 node.cpp:2211] node Atomic:10.1.2.3:8700:0 received RequestVote from 10.1.3.3:8700:0 in term 97 current_term 96 log_is_ok 1 votable_time 0
I1218 01:57:11.880784 52736 raft_meta.cpp:546] Saved single stable meta, path ./data/raft_meta term 97 votedfor 0.0.0.0:0:0 time: 268771
I1218 01:57:11.938127 52736 raft_meta.cpp:546] Saved single stable meta, path ./data/raft_meta term 97 votedfor 10.1.3.3:8700:0 time: 55012
I1218 01:57:12.408910 52741 server.cpp:312] Node start following { leader_id=10.1.3.3:8700:0, term=97, status=Follower receives message from new leader with the same term.}
I1218 01:57:13.858170 52735 server.cpp:306] Configuration of this group is 10.1.1.3:8700:0,10.1.2.3:8700:0,10.1.3.3:8700:0,10.1.4.3:8700:0,10.1.5.3:8700:0
I1218 01:57:13.864625 52735 server.cpp:306] Configuration of this group is 10.1.1.3:8700:0,10.1.2.3:8700:0,10.1.3.3:8700:0,10.1.4.3:8700:0,10.1.5.3:8700:0
I1218 01:57:13.867416 52735 server.cpp:306] Configuration of this group is 10.1.1.3:8700:0,10.1.2.3:8700:0,10.1.3.3:8700:0,10.1.4.3:8700:0,10.1.5.3:8700:0
I1218 01:57:13.869349 52735 server.cpp:306] Configuration of this group is 10.1.1.3:8700:0,10.1.2.3:8700:0,10.1.3.3:8700:0,10.1.4.3:8700:0,10.1.5.3:8700:0
I1218 01:57:13.924576 52735 server.cpp:306] Configuration of this group is 10.1.1.3:8700:0,10.1.2.3:8700:0,10.1.3.3:8700:0,10.1.4.3:8700:0,10.1.5.3:8700:0
WARNING: Logging before InitGoogleLogging() is written to STDERR
W1218 01:57:25.899780 52848 bthread.cpp:409] Fail to set concurrency by tag: 0, tag concurrency must larger than old oncurrency. old concurrency: 24, new concurrency: 9
I1218 01:57:26.084228 52848 server.cpp:1208] Server[braft::RaftStatImpl+braft::FileServiceImpl+braft::RaftServiceImpl+braft::CliServiceImpl+example::AtomicServiceImpl] is serving on port=8700.
I1218 01:57:26.085808 52848 server.cpp:1211] Check out http://n2:8700 in web browser.
I1218 01:57:26.237546 52848 log.cpp:691] Use murmurhash32 as the checksum type of appending entries
I1218 01:57:26.247488 52848 log.cpp:1175] log load_meta ./data/log/log_meta first_log_index: 84 time: 7509
I1218 01:57:26.253677 52848 log.cpp:1115] load open segment, path: ./data/log first_index: 81
I1218 01:57:26.321558 52848 snapshot.cpp:465] Deleting ./data/snapshot/temp
I1218 01:57:26.421340 52914 server.cpp:306] Configuration of this group is 10.1.1.3:8700:0,10.1.2.3:8700:0,10.1.3.3:8700:0,10.1.4.3:8700:0,10.1.5.3:8700:0
I1218 01:57:26.439445 52914 snapshot_executor.cpp:264] node Atomic:10.1.2.3:8700:0 snapshot_load_done, last_included_index: 83 last_included_term: 91 peers: "10.1.1.3:8700:0" peers: "10.1.2.3:8700:0" peers: "10.1.3.3:8700:0" peers: "10.1.4.3:8700:0" peers: "10.1.5.3:8700:0"
I1218 01:57:26.476593 52848 raft_meta.cpp:521] Loaded single stable meta, path ./data/raft_meta term 97 votedfor 10.1.3.3:8700:0 time: 8548
I1218 01:57:26.486325 52848 node.cpp:608] node Atomic:10.1.2.3:8700:0 init, term: 97 last_log_id: (index=88,term=97) conf: 10.1.1.3:8700:0,10.1.2.3:8700:0,10.1.3.3:8700:0,10.1.4.3:8700:0,10.1.5.3:8700:0 old_conf: 
I1218 01:57:26.500167 52848 server.cpp:509] Atomic service is running on 0.0.0.0:8700
I1218 01:57:30.113407 52913 node.cpp:2129] node Atomic:10.1.2.3:8700:0 received PreVote from 10.1.3.3:8700:0 in term 98 current_term 97 granted 1 rejected_by_lease 0
I1218 01:57:30.361238 52902 node.cpp:2211] node Atomic:10.1.2.3:8700:0 received RequestVote from 10.1.3.3:8700:0 in term 98 current_term 97 log_is_ok 1 votable_time 0
I1218 01:57:30.389655 52902 raft_meta.cpp:546] Saved single stable meta, path ./data/raft_meta term 98 votedfor 0.0.0.0:0:0 time: 26198
I1218 01:57:30.413012 52902 raft_meta.cpp:546] Saved single stable meta, path ./data/raft_meta term 98 votedfor 10.1.3.3:8700:0 time: 20773
I1218 01:57:30.803340 52908 server.cpp:312] Node start following { leader_id=10.1.3.3:8700:0, term=98, status=Follower receives message from new leader with the same term.}
I1218 01:57:30.925154 52896 server.cpp:306] Configuration of this group is 10.1.1.3:8700:0,10.1.2.3:8700:0,10.1.3.3:8700:0,10.1.4.3:8700:0,10.1.5.3:8700:0
I1218 01:57:31.052312 52896 server.cpp:306] Configuration of this group is 10.1.1.3:8700:0,10.1.2.3:8700:0,10.1.3.3:8700:0,10.1.4.3:8700:0,10.1.5.3:8700:0
I1218 01:57:31.106182 52896 server.cpp:306] Configuration of this group is 10.1.1.3:8700:0,10.1.2.3:8700:0,10.1.3.3:8700:0,10.1.4.3:8700:0,10.1.5.3:8700:0
I1218 01:57:31.109978 52896 server.cpp:306] Configuration of this group is 10.1.1.3:8700:0,10.1.2.3:8700:0,10.1.3.3:8700:0,10.1.4.3:8700:0,10.1.5.3:8700:0
I1218 01:57:31.112424 52896 server.cpp:306] Configuration of this group is 10.1.1.3:8700:0,10.1.2.3:8700:0,10.1.3.3:8700:0,10.1.4.3:8700:0,10.1.5.3:8700:0
I1218 01:57:31.179316 52913 server.cpp:306] Configuration of this group is 10.1.1.3:8700:0,10.1.2.3:8700:0,10.1.3.3:8700:0,10.1.4.3:8700:0,10.1.5.3:8700:0
W1218 01:57:37.034022 52875 sampler.cpp:192] bvar is busy at sampling for 2 seconds!
WARNING: Logging before InitGoogleLogging() is written to STDERR
W1218 01:57:47.912303 53077 bthread.cpp:409] Fail to set concurrency by tag: 0, tag concurrency must larger than old oncurrency. old concurrency: 24, new concurrency: 9
I1218 01:57:48.097934 53077 server.cpp:1208] Server[braft::RaftStatImpl+braft::FileServiceImpl+braft::RaftServiceImpl+braft::CliServiceImpl+example::AtomicServiceImpl] is serving on port=8700.
I1218 01:57:48.123090 53077 server.cpp:1211] Check out http://n2:8700 in web browser.
I1218 01:57:48.363636 53077 log.cpp:691] Use murmurhash32 as the checksum type of appending entries
I1218 01:57:48.392024 53077 log.cpp:1175] log load_meta ./data/log/log_meta first_log_index: 84 time: 13424
I1218 01:57:48.429225 53077 log.cpp:1115] load open segment, path: ./data/log first_index: 81
I1218 01:57:48.548223 53077 snapshot.cpp:465] Deleting ./data/snapshot/temp
I1218 01:57:49.281800 53136 server.cpp:306] Configuration of this group is 10.1.1.3:8700:0,10.1.2.3:8700:0,10.1.3.3:8700:0,10.1.4.3:8700:0,10.1.5.3:8700:0
