WARNING: Logging before InitGoogleLogging() is written to STDERR
W1218 01:03:51.341960 18775 bthread.cpp:409] Fail to set concurrency by tag: 0, tag concurrency must larger than old oncurrency. old concurrency: 24, new concurrency: 9
I1218 01:03:51.456308 18775 server.cpp:1208] Server[braft::RaftStatImpl+braft::FileServiceImpl+braft::RaftServiceImpl+braft::CliServiceImpl+example::AtomicServiceImpl] is serving on port=8700.
I1218 01:03:51.457703 18775 server.cpp:1211] Check out http://n2:8700 in web browser.
I1218 01:03:51.547012 18775 log.cpp:691] Use murmurhash32 as the checksum type of appending entries
W1218 01:03:51.549252 18775 protobuf_file.cpp:91] open file failed, path: ./data/log/log_meta: FILE_ERROR_NOT_FOUND
W1218 01:03:51.550276 18775 log.cpp:699] ./data/log is empty
I1218 01:03:51.583253 18775 log.cpp:1153] log save_meta ./data/log/log_meta first_log_index: 1 time: 27808
I1218 01:03:51.586778 18775 snapshot.cpp:465] Deleting ./data/snapshot/temp
W1218 01:03:51.591382 18775 protobuf_file.cpp:91] open file failed, path: ./data/raft_meta/raft_meta: FILE_ERROR_NOT_FOUND
I1218 01:03:51.604053 18775 raft_meta.cpp:521] Loaded single stable meta, path ./data/raft_meta term 1 votedfor 0.0.0.0:0:0 time: 1578
I1218 01:03:51.605435 18775 node.cpp:608] node Atomic:10.1.2.3:8700:0 init, term: 1 last_log_id: (index=0,term=0) conf:  old_conf: 
I1218 01:03:51.607968 18775 server.cpp:509] Atomic service is running on 0.0.0.0:8700
I1218 01:03:53.412104 18816 node.cpp:949] node Atomic:10.1.2.3:8700:0 starts to do snapshot
I1218 01:03:53.437016 18816 snapshot_executor.cpp:154] node Atomic:10.1.2.3:8700:0 the gap between fsm applied index 0 and last_snapshot_index 0 is less than 1, will clear bufferred logs and return success
W1218 01:04:01.292258 18816 cli_service.cpp:158] Receive set_peer to Atomic:10.1.2.3:8700:0 from 10.1.2.3:41706
I1218 01:04:01.293694 18816 node.cpp:909] node Atomic:10.1.2.3:8700:0 reset_peers to 10.1.1.3:8700:0,10.1.2.3:8700:0,10.1.3.3:8700:0,10.1.4.3:8700:0,10.1.5.3:8700:0 from empty
I1218 01:04:01.358223 18816 raft_meta.cpp:546] Saved single stable meta, path ./data/raft_meta term 2 votedfor 0.0.0.0:0:0 time: 21496
I1218 01:04:05.196702 18823 node.cpp:2129] node Atomic:10.1.2.3:8700:0 received PreVote from 10.1.1.3:8700:0 in term 3 current_term 2 granted 1 rejected_by_lease 0
I1218 01:04:05.268286 18820 node.cpp:2211] node Atomic:10.1.2.3:8700:0 received RequestVote from 10.1.1.3:8700:0 in term 3 current_term 2 log_is_ok 1 votable_time 0
I1218 01:04:05.332986 18820 raft_meta.cpp:546] Saved single stable meta, path ./data/raft_meta term 3 votedfor 0.0.0.0:0:0 time: 48003
I1218 01:04:05.404836 18820 raft_meta.cpp:546] Saved single stable meta, path ./data/raft_meta term 3 votedfor 10.1.1.3:8700:0 time: 40395
I1218 01:04:05.406126 18816 node.cpp:2129] node Atomic:10.1.2.3:8700:0 received PreVote from 10.1.3.3:8700:0 in term 3 current_term 3 granted 1 rejected_by_lease 0
I1218 01:04:05.701828 18823 server.cpp:312] Node start following { leader_id=10.1.1.3:8700:0, term=3, status=Follower receives message from new leader with the same term.}
I1218 01:04:05.704064 18808 node.cpp:2129] node Atomic:10.1.2.3:8700:0 received PreVote from 10.1.5.3:8700:0 in term 4 current_term 3 granted 1 rejected_by_lease 0
I1218 01:04:05.712096 18816 node.cpp:2129] node Atomic:10.1.2.3:8700:0 received PreVote from 10.1.4.3:8700:0 in term 4 current_term 3 granted 1 rejected_by_lease 0
I1218 01:04:05.740172 18817 log.cpp:114] Created new segment `./data/log/log_inprogress_00000000000000000001' with fd=7
I1218 01:04:05.976542 18816 server.cpp:306] Configuration of this group is 10.1.1.3:8700:0,10.1.2.3:8700:0,10.1.3.3:8700:0,10.1.4.3:8700:0,10.1.5.3:8700:0
I1218 01:04:23.447693 18817 node.cpp:949] node Atomic:10.1.2.3:8700:0 starts to do snapshot
I1218 01:04:23.620261 18817 snapshot.cpp:647] Deleting ./data/snapshot/snapshot_00000000000000000001
I1218 01:04:23.621308 18817 snapshot.cpp:653] Renaming ./data/snapshot/temp to ./data/snapshot/snapshot_00000000000000000001
I1218 01:04:23.643199 18817 snapshot_executor.cpp:234] node Atomic:10.1.2.3:8700:0 snapshot_save_done, last_included_index=1 last_included_term=3
I1218 01:04:39.217799 18817 node.cpp:2129] node Atomic:10.1.2.3:8700:0 received PreVote from 10.1.5.3:8700:0 in term 4 current_term 3 granted 1 rejected_by_lease 0
WARNING: Logging before InitGoogleLogging() is written to STDERR
W1218 01:04:48.725561 19420 sampler.cpp:192] bvar is busy at sampling for 2 seconds!
W1218 01:04:49.544620 19407 bthread.cpp:409] Fail to set concurrency by tag: 0, tag concurrency must larger than old oncurrency. old concurrency: 24, new concurrency: 9
I1218 01:04:49.928232 19407 server.cpp:1208] Server[braft::RaftStatImpl+braft::FileServiceImpl+braft::RaftServiceImpl+braft::CliServiceImpl+example::AtomicServiceImpl] is serving on port=8700.
I1218 01:04:49.929977 19407 server.cpp:1211] Check out http://n2:8700 in web browser.
I1218 01:04:50.500859 19407 log.cpp:691] Use murmurhash32 as the checksum type of appending entries
I1218 01:04:50.583671 19407 log.cpp:1175] log load_meta ./data/log/log_meta first_log_index: 1 time: 80948
I1218 01:04:50.590029 19407 log.cpp:1115] load open segment, path: ./data/log first_index: 1
I1218 01:04:50.831462 19407 snapshot.cpp:465] Deleting ./data/snapshot/temp
I1218 01:04:51.183663 19473 server.cpp:306] Configuration of this group is 10.1.1.3:8700:0,10.1.2.3:8700:0,10.1.3.3:8700:0,10.1.4.3:8700:0,10.1.5.3:8700:0
I1218 01:04:51.284758 19473 snapshot_executor.cpp:264] node Atomic:10.1.2.3:8700:0 snapshot_load_done, last_included_index: 1 last_included_term: 3 peers: "10.1.1.3:8700:0" peers: "10.1.2.3:8700:0" peers: "10.1.3.3:8700:0" peers: "10.1.4.3:8700:0" peers: "10.1.5.3:8700:0"
I1218 01:04:51.351794 19407 raft_meta.cpp:521] Loaded single stable meta, path ./data/raft_meta term 3 votedfor 10.1.1.3:8700:0 time: 19337
I1218 01:04:51.355831 19407 node.cpp:608] node Atomic:10.1.2.3:8700:0 init, term: 3 last_log_id: (index=1,term=3) conf: 10.1.1.3:8700:0,10.1.2.3:8700:0,10.1.3.3:8700:0,10.1.4.3:8700:0,10.1.5.3:8700:0 old_conf: 
I1218 01:04:51.421392 19407 server.cpp:509] Atomic service is running on 0.0.0.0:8700
I1218 01:04:56.127488 19484 node.cpp:2129] node Atomic:10.1.2.3:8700:0 received PreVote from 10.1.5.3:8700:0 in term 4 current_term 3 granted 1 rejected_by_lease 0
I1218 01:04:56.288441 19483 node.cpp:2211] node Atomic:10.1.2.3:8700:0 received RequestVote from 10.1.5.3:8700:0 in term 4 current_term 3 log_is_ok 1 votable_time 0
I1218 01:04:56.409554 19483 raft_meta.cpp:546] Saved single stable meta, path ./data/raft_meta term 4 votedfor 0.0.0.0:0:0 time: 118639
I1218 01:04:56.557044 19483 raft_meta.cpp:546] Saved single stable meta, path ./data/raft_meta term 4 votedfor 10.1.5.3:8700:0 time: 87635
I1218 01:04:56.983691 19464 node.cpp:2129] node Atomic:10.1.2.3:8700:0 received PreVote from 10.1.4.3:8700:0 in term 5 current_term 4 granted 1 rejected_by_lease 0
I1218 01:04:57.066912 19466 node.cpp:1587] node Atomic:10.1.2.3:8700:0 term 4 start pre_vote
I1218 01:04:57.275087 19484 server.cpp:312] Node start following { leader_id=10.1.5.3:8700:0, term=4, status=Follower receives message from new leader with the same term.}
I1218 01:04:57.298112 19468 node.cpp:2211] node Atomic:10.1.2.3:8700:0 received RequestVote from 10.1.4.3:8700:0 in term 5 current_term 4 log_is_ok 1 votable_time 0
I1218 01:04:57.323622 19455 server.cpp:309] Node stops following { leader_id=10.1.5.3:8700:0, term=4, status=Raft node receives higher term request_vote_request.}
I1218 01:04:57.421315 19468 raft_meta.cpp:546] Saved single stable meta, path ./data/raft_meta term 5 votedfor 0.0.0.0:0:0 time: 87876
I1218 01:04:57.537895 19468 raft_meta.cpp:546] Saved single stable meta, path ./data/raft_meta term 5 votedfor 10.1.4.3:8700:0 time: 37285
W1218 01:04:57.562702 19455 node.cpp:2399] node Atomic:10.1.2.3:8700:0 ignore stale AppendEntries from 10.1.5.3:8700:0 in term 4 current_term 5
W1218 01:04:57.564134 19483 node.cpp:1479] node Atomic:10.1.2.3:8700:0 received invalid PreVoteResponse from 10.1.1.3:8700:0 ctx_version 4 current_ctx_version 8
W1218 01:04:57.567883 19484 node.cpp:1479] node Atomic:10.1.2.3:8700:0 received invalid PreVoteResponse from 10.1.4.3:8700:0 ctx_version 4 current_ctx_version 8
W1218 01:04:57.609381 19463 node.cpp:2399] node Atomic:10.1.2.3:8700:0 ignore stale AppendEntries from 10.1.5.3:8700:0 in term 4 current_term 5
I1218 01:04:58.190923 19483 server.cpp:312] Node start following { leader_id=10.1.4.3:8700:0, term=5, status=Follower receives message from new leader with the same term.}
W1218 01:04:58.777626 19453 node.cpp:1479] node Atomic:10.1.2.3:8700:0 received invalid PreVoteResponse from 10.1.5.3:8700:0 ctx_version 4 current_ctx_version 10
I1218 01:04:58.967909 19455 server.cpp:306] Configuration of this group is 10.1.1.3:8700:0,10.1.2.3:8700:0,10.1.3.3:8700:0,10.1.4.3:8700:0,10.1.5.3:8700:0
W1218 01:05:02.185086 19464 input_messenger.cpp:381] Fail to read from Socket{id=374 fd=9 addr=10.1.3.3:8700:37542} (0x6310000dcd80): Connection reset by peer [104]
W1218 01:05:02.196455 19464 node.cpp:1567] node Atomic:10.1.2.3:8700:0 request PreVote from 10.1.3.3:8700:0 error: [E104]Fail to read from Socket{id=374fd=9 addr=10.1.3.3:8700:37542} (0x0x6310000dcd80): Connection reset by peer
I1218 01:05:16.785418 19461 node.cpp:949] node Atomic:10.1.2.3:8700:0 starts to do snapshot
I1218 01:05:17.118222 19487 snapshot.cpp:647] Deleting ./data/snapshot/snapshot_00000000000000000002
I1218 01:05:17.133342 19487 snapshot.cpp:653] Renaming ./data/snapshot/temp to ./data/snapshot/snapshot_00000000000000000002
I1218 01:05:17.176115 19487 snapshot.cpp:523] Deleting ./data/snapshot/snapshot_00000000000000000001
I1218 01:05:17.379285 19487 snapshot_executor.cpp:234] node Atomic:10.1.2.3:8700:0 snapshot_save_done, last_included_index=2 last_included_term=5
I1218 01:05:17.478276 19487 log.cpp:1153] log save_meta ./data/log/log_meta first_log_index: 2 time: 32262
WARNING: Logging before InitGoogleLogging() is written to STDERR
W1218 01:05:47.788836 19951 bthread.cpp:409] Fail to set concurrency by tag: 0, tag concurrency must larger than old oncurrency. old concurrency: 24, new concurrency: 9
I1218 01:05:48.527335 19951 server.cpp:1208] Server[braft::RaftStatImpl+braft::FileServiceImpl+braft::RaftServiceImpl+braft::CliServiceImpl+example::AtomicServiceImpl] is serving on port=8700.
I1218 01:05:48.556602 19951 server.cpp:1211] Check out http://n2:8700 in web browser.
I1218 01:05:49.395220 19951 log.cpp:691] Use murmurhash32 as the checksum type of appending entries
I1218 01:05:49.464107 19951 log.cpp:1175] log load_meta ./data/log/log_meta first_log_index: 2 time: 33510
I1218 01:05:49.559515 19951 log.cpp:1115] load open segment, path: ./data/log first_index: 1
I1218 01:05:49.768050 19951 snapshot.cpp:465] Deleting ./data/snapshot/temp
I1218 01:05:50.053522 20032 server.cpp:306] Configuration of this group is 10.1.1.3:8700:0,10.1.2.3:8700:0,10.1.3.3:8700:0,10.1.4.3:8700:0,10.1.5.3:8700:0
I1218 01:05:50.156854 20032 snapshot_executor.cpp:264] node Atomic:10.1.2.3:8700:0 snapshot_load_done, last_included_index: 2 last_included_term: 5 peers: "10.1.1.3:8700:0" peers: "10.1.2.3:8700:0" peers: "10.1.3.3:8700:0" peers: "10.1.4.3:8700:0" peers: "10.1.5.3:8700:0"
I1218 01:05:50.451532 19951 raft_meta.cpp:521] Loaded single stable meta, path ./data/raft_meta term 5 votedfor 10.1.4.3:8700:0 time: 19129
I1218 01:05:50.500304 19951 node.cpp:608] node Atomic:10.1.2.3:8700:0 init, term: 5 last_log_id: (index=2,term=5) conf: 10.1.1.3:8700:0,10.1.2.3:8700:0,10.1.3.3:8700:0,10.1.4.3:8700:0,10.1.5.3:8700:0 old_conf: 
I1218 01:05:50.729435 19951 server.cpp:509] Atomic service is running on 0.0.0.0:8700
I1218 01:05:56.317471 20030 node.cpp:1587] node Atomic:10.1.2.3:8700:0 term 5 start pre_vote
W1218 01:05:57.077124 20003 node.cpp:1567] node Atomic:10.1.2.3:8700:0 request PreVote from 10.1.5.3:8700:0 error: [E22][10.1.5.3:8700][E22]Invalid argument
I1218 01:05:57.083721 20032 node.cpp:1512] node Atomic:10.1.2.3:8700:0 received PreVoteResponse from 10.1.4.3:8700:0 term 5 granted 1 rejected_by_lease 0 disrupted 0
W1218 01:05:57.297336 19965 sampler.cpp:192] bvar is busy at sampling for 2 seconds!
I1218 01:05:57.503499 20000 node.cpp:1512] node Atomic:10.1.2.3:8700:0 received PreVoteResponse from 10.1.1.3:8700:0 term 5 granted 1 rejected_by_lease 0 disrupted 0
I1218 01:05:57.505160 20000 node.cpp:1653] node Atomic:10.1.2.3:8700:0 term 5 start vote and grant vote self
W1218 01:05:57.585395 20018 node.cpp:1454] node Atomic:10.1.2.3:8700:0 received RequestVoteResponse from 10.1.5.3:8700:0 error: [E22][10.1.5.3:8700][E22]Invalid argument
I1218 01:05:57.606353 20000 raft_meta.cpp:546] Saved single stable meta, path ./data/raft_meta term 6 votedfor 10.1.2.3:8700:0 time: 62165
I1218 01:05:57.936838 20010 node.cpp:1403] node Atomic:10.1.2.3:8700:0 received RequestVoteResponse from 10.1.1.3:8700:0 term 6 granted 1 rejected_by_lease 0 disrupted 0
I1218 01:05:58.048977 20030 node.cpp:1403] node Atomic:10.1.2.3:8700:0 received RequestVoteResponse from 10.1.4.3:8700:0 term 6 granted 1 rejected_by_lease 0 disrupted 0
I1218 01:05:58.066159 20030 node.cpp:1908] node Atomic:10.1.2.3:8700:0 term 6 become leader of group 10.1.1.3:8700:0,10.1.2.3:8700:0,10.1.3.3:8700:0,10.1.4.3:8700:0,10.1.5.3:8700:0 
I1218 01:05:58.131037 20030 replicator.cpp:143] Replicator=1155346202625@10.1.1.3:8700:0 is started, group Atomic
I1218 01:05:58.246673 20030 replicator.cpp:143] Replicator=1172526071809@10.1.3.3:8700:0 is started, group Atomic
I1218 01:05:58.254303 20030 replicator.cpp:143] Replicator=1189705940993@10.1.4.3:8700:0 is started, group Atomic
I1218 01:05:58.257493 20030 replicator.cpp:143] Replicator=1206885810177@10.1.5.3:8700:0 is started, group Atomic
W1218 01:05:58.467799 20000 replicator.cpp:397] Group Atomic fail to issue RPC to 10.1.5.3:8700:0 _consecutive_error_times=1, [E22][10.1.5.3:8700][E22]node Atomic:10.1.5.3:8700:0 is not in active state, state ERROR
I1218 01:05:58.785238 20036 node.cpp:2129] node Atomic:10.1.2.3:8700:0 received PreVote from 10.1.1.3:8700:0 in term 6 current_term 6 granted 0 rejected_by_lease 0
I1218 01:05:59.009290 20000 server.cpp:306] Configuration of this group is 10.1.1.3:8700:0,10.1.2.3:8700:0,10.1.3.3:8700:0,10.1.4.3:8700:0,10.1.5.3:8700:0
I1218 01:05:59.018158 20000 node.cpp:3310] node Atomic:10.1.2.3:8700:0 reset ConfigurationCtx, new_peers: 10.1.1.3:8700:0,10.1.2.3:8700:0,10.1.3.3:8700:0,10.1.4.3:8700:0,10.1.5.3:8700:0, old_peers: 10.1.1.3:8700:0,10.1.2.3:8700:0,10.1.3.3:8700:0,10.1.4.3:8700:0,10.1.5.3:8700:0
I1218 01:05:59.059058 20018 node.cpp:2108] node Atomic:10.1.2.3:8700:0 ignore PreVote from 10.1.3.3:8700:0 in term 4 current_term 6
I1218 01:05:59.063730 20000 server.cpp:291] Node becomes leader
W1218 01:05:59.367033 20030 node.cpp:1370] node Atomic:10.1.2.3:8700:0 received invalid RequestVoteResponse from 10.1.3.3:8700:0 ctx_version 1 current_ctx_version 2
W1218 01:05:59.403594 20018 node.cpp:1479] node Atomic:10.1.2.3:8700:0 received invalid PreVoteResponse from 10.1.3.3:8700:0 ctx_version 2 current_ctx_version 3
I1218 01:05:59.530632 19999 replicator.cpp:835] node Atomic:10.1.2.3:8700:0 send InstallSnapshotRequest to 10.1.3.3:8700:0 term 6 last_included_term 5 last_included_index 2 uri remote://10.1.2.3:8700/701973857259150799
I1218 01:06:01.701429 20016 replicator.cpp:902] received InstallSnapshotResponse from Atomic:10.1.3.3:8700:0 last_included_index 2 last_included_term 5 success.
W1218 01:06:01.847131 20010 replicator.cpp:397] Group Atomic fail to issue RPC to 10.1.5.3:8700:0 _consecutive_error_times=11, [E22][10.1.5.3:8700][E22]node Atomic:10.1.5.3:8700:0 is not in active state, state ERROR
W1218 01:06:02.128793 19965 sampler.cpp:192] bvar is busy at sampling for 2 seconds!
I1218 01:06:02.176066 20036 node.cpp:949] node Atomic:10.1.2.3:8700:0 starts to do snapshot
I1218 01:06:02.532222 20000 snapshot.cpp:647] Deleting ./data/snapshot/snapshot_00000000000000000003
I1218 01:06:02.549050 20000 snapshot.cpp:653] Renaming ./data/snapshot/temp to ./data/snapshot/snapshot_00000000000000000003
I1218 01:06:02.562307 20000 snapshot.cpp:523] Deleting ./data/snapshot/snapshot_00000000000000000002
I1218 01:06:02.604207 20000 snapshot_executor.cpp:234] node Atomic:10.1.2.3:8700:0 snapshot_save_done, last_included_index=3 last_included_term=6
I1218 01:06:02.784898 20000 log.cpp:1153] log save_meta ./data/log/log_meta first_log_index: 3 time: 42967
W1218 01:06:04.840024 20010 replicator.cpp:397] Group Atomic fail to issue RPC to 10.1.5.3:8700:0 _consecutive_error_times=21, [E22][10.1.5.3:8700][E22]node Atomic:10.1.5.3:8700:0 is not in active state, state ERROR
W1218 01:06:07.673255 20032 replicator.cpp:397] Group Atomic fail to issue RPC to 10.1.5.3:8700:0 _consecutive_error_times=31, [E22][10.1.5.3:8700][E22]node Atomic:10.1.5.3:8700:0 is not in active state, state ERROR
W1218 01:06:10.478751 20016 replicator.cpp:397] Group Atomic fail to issue RPC to 10.1.5.3:8700:0 _consecutive_error_times=41, [E22][10.1.5.3:8700][E22]node Atomic:10.1.5.3:8700:0 is not in active state, state ERROR
W1218 01:06:13.201017 20000 replicator.cpp:297] Group Atomic fail to issue RPC to 10.1.5.3:8700:0 _consecutive_error_times=51, [E22][10.1.5.3:8700][E22]node Atomic:10.1.5.3:8700:0 is not in active state, state ERROR
W1218 01:06:16.349957 20032 replicator.cpp:397] Group Atomic fail to issue RPC to 10.1.5.3:8700:0 _consecutive_error_times=61, [E22][10.1.5.3:8700][E22]node Atomic:10.1.5.3:8700:0 is not in active state, state ERROR
W1218 01:06:19.410219 20032 replicator.cpp:397] Group Atomic fail to issue RPC to 10.1.5.3:8700:0 _consecutive_error_times=71, [E22][10.1.5.3:8700][E22]node Atomic:10.1.5.3:8700:0 is not in active state, state ERROR
W1218 01:06:20.518285 20003 input_messenger.cpp:381] Fail to read from Socket{id=101 fd=10 addr=10.1.1.3:8700:43868} (0x631000051e00): Connection reset by peer [104]
W1218 01:06:20.569074 20032 replicator.cpp:297] Group Atomic fail to issue RPC to 10.1.1.3:8700:0 _consecutive_error_times=1, [E104]Fail to read from Socket{id=101fd=10 addr=10.1.1.3:8700:43868} (0x0x631000051e00): Connection reset by peer [R1][E112]Not connected to 10.1.1.3:8700 yet, server_id=101 [R2][E112]Not connected to 10.1.1.3:8700 yet, server_id=101 [R3][E112]Not connected to 10.1.1.3:8700 yet, server_id=101
I1218 01:06:20.673090 20030 socket.cpp:2570] Checking Socket{id=101 addr=10.1.1.3:8700} (0x631000051e00)
WARNING: Logging before InitGoogleLogging() is written to STDERR
W1218 01:06:29.588685 20370 bthread.cpp:409] Fail to set concurrency by tag: 0, tag concurrency must larger than old oncurrency. old concurrency: 24, new concurrency: 9
I1218 01:06:30.113442 20370 server.cpp:1208] Server[braft::RaftStatImpl+braft::FileServiceImpl+braft::RaftServiceImpl+braft::CliServiceImpl+example::AtomicServiceImpl] is serving on port=8700.
I1218 01:06:30.115263 20370 server.cpp:1211] Check out http://n2:8700 in web browser.
I1218 01:06:30.790997 20370 log.cpp:691] Use murmurhash32 as the checksum type of appending entries
I1218 01:06:30.848289 20370 log.cpp:1175] log load_meta ./data/log/log_meta first_log_index: 3 time: 2588
I1218 01:06:30.859124 20370 log.cpp:1115] load open segment, path: ./data/log first_index: 1
I1218 01:06:31.072849 20370 snapshot.cpp:465] Deleting ./data/snapshot/temp
I1218 01:06:31.372548 20428 server.cpp:306] Configuration of this group is 10.1.1.3:8700:0,10.1.2.3:8700:0,10.1.3.3:8700:0,10.1.4.3:8700:0,10.1.5.3:8700:0
I1218 01:06:31.437606 20428 snapshot_executor.cpp:264] node Atomic:10.1.2.3:8700:0 snapshot_load_done, last_included_index: 3 last_included_term: 6 peers: "10.1.1.3:8700:0" peers: "10.1.2.3:8700:0" peers: "10.1.3.3:8700:0" peers: "10.1.4.3:8700:0" peers: "10.1.5.3:8700:0"
I1218 01:06:31.584946 20370 raft_meta.cpp:521] Loaded single stable meta, path ./data/raft_meta term 6 votedfor 10.1.2.3:8700:0 time: 39644
I1218 01:06:31.650619 20370 node.cpp:608] node Atomic:10.1.2.3:8700:0 init, term: 6 last_log_id: (index=3,term=6) conf: 10.1.1.3:8700:0,10.1.2.3:8700:0,10.1.3.3:8700:0,10.1.4.3:8700:0,10.1.5.3:8700:0 old_conf: 
I1218 01:06:31.653538 20370 server.cpp:509] Atomic service is running on 0.0.0.0:8700
I1218 01:06:40.581908 20438 node.cpp:1587] node Atomic:10.1.2.3:8700:0 term 6 start pre_vote
W1218 01:06:41.188974 20449 node.cpp:1567] node Atomic:10.1.2.3:8700:0 request PreVote from 10.1.5.3:8700:0 error: [E22][10.1.5.3:8700][E22]Invalid argument
I1218 01:06:41.415184 20428 node.cpp:2129] node Atomic:10.1.2.3:8700:0 received PreVote from 10.1.3.3:8700:0 in term 7 current_term 6 granted 1 rejected_by_lease 0
I1218 01:06:41.461760 20449 node.cpp:1512] node Atomic:10.1.2.3:8700:0 received PreVoteResponse from 10.1.3.3:8700:0 term 6 granted 1 rejected_by_lease 0 disrupted 0
I1218 01:06:41.476639 20428 node.cpp:1512] node Atomic:10.1.2.3:8700:0 received PreVoteResponse from 10.1.1.3:8700:0 term 6 granted 1 rejected_by_lease 0 disrupted 0
I1218 01:06:41.478334 20428 node.cpp:1653] node Atomic:10.1.2.3:8700:0 term 6 start vote and grant vote self
I1218 01:06:41.723017 20428 raft_meta.cpp:546] Saved single stable meta, path ./data/raft_meta term 7 votedfor 10.1.2.3:8700:0 time: 130076
I1218 01:06:41.734261 20449 node.cpp:2129] node Atomic:10.1.2.3:8700:0 received PreVote from 10.1.1.3:8700:0 in term 7 current_term 7 granted 1 rejected_by_lease 0
W1218 01:06:41.740329 20450 node.cpp:1454] node Atomic:10.1.2.3:8700:0 received RequestVoteResponse from 10.1.5.3:8700:0 error: [E22][10.1.5.3:8700][E22]Invalid argument
I1218 01:06:41.772841 20431 node.cpp:949] node Atomic:10.1.2.3:8700:0 starts to do snapshot
I1218 01:06:41.793162 20431 snapshot_executor.cpp:154] node Atomic:10.1.2.3:8700:0 the gap between fsm applied index 3 and last_snapshot_index 3 is less than 1, will clear bufferred logs and return success
I1218 01:06:41.822011 20448 node.cpp:1403] node Atomic:10.1.2.3:8700:0 received RequestVoteResponse from 10.1.3.3:8700:0 term 7 granted 0 rejected_by_lease 0 disrupted 0
I1218 01:06:41.847957 20438 node.cpp:1403] node Atomic:10.1.2.3:8700:0 received RequestVoteResponse from 10.1.1.3:8700:0 term 7 granted 1 rejected_by_lease 0 disrupted 0
I1218 01:06:41.857589 20431 log.cpp:1153] log save_meta ./data/log/log_meta first_log_index: 4 time: 16674
I1218 01:06:41.860468 20431 log.cpp:608] Unlinked segment `./data/log/log_inprogress_00000000000000000001'
I1218 01:06:41.893591 20450 node.cpp:2211] node Atomic:10.1.2.3:8700:0 received RequestVote from 10.1.3.3:8700:0 in term 7 current_term 7 log_is_ok 1 votable_time 0
I1218 01:06:42.410075 20420 node.cpp:2129] node Atomic:10.1.2.3:8700:0 received PreVote from 10.1.4.3:8700:0 in term 7 current_term 7 granted 1 rejected_by_lease 0
W1218 01:06:42.481014 20431 node.cpp:1479] node Atomic:10.1.2.3:8700:0 received invalid PreVoteResponse from 10.1.4.3:8700:0 ctx_version 2 current_ctx_version 3
I1218 01:06:42.628901 20448 node.cpp:1403] node Atomic:10.1.2.3:8700:0 received RequestVoteResponse from 10.1.4.3:8700:0 term 7 granted 0 rejected_by_lease 0 disrupted 0
I1218 01:06:46.635156 20438 node.cpp:2129] node Atomic:10.1.2.3:8700:0 received PreVote from 10.1.1.3:8700:0 in term 8 current_term 7 granted 1 rejected_by_lease 0
I1218 01:06:46.760020 20431 node.cpp:2211] node Atomic:10.1.2.3:8700:0 received RequestVote from 10.1.1.3:8700:0 in term 8 current_term 7 log_is_ok 1 votable_time 0
I1218 01:06:46.848764 20431 raft_meta.cpp:546] Saved single stable meta, path ./data/raft_meta term 8 votedfor 0.0.0.0:0:0 time: 68493
I1218 01:06:46.890067 20431 raft_meta.cpp:546] Saved single stable meta, path ./data/raft_meta term 8 votedfor 10.1.1.3:8700:0 time: 28706
I1218 01:06:47.308923 20420 server.cpp:312] Node start following { leader_id=10.1.1.3:8700:0, term=8, status=Follower receives message from new leader with the same term.}
I1218 01:06:48.224098 20448 log.cpp:114] Created new segment `./data/log/log_inprogress_00000000000000000004' with fd=7
I1218 01:06:48.670045 20450 server.cpp:306] Configuration of this group is 10.1.1.3:8700:0,10.1.2.3:8700:0,10.1.3.3:8700:0,10.1.4.3:8700:0,10.1.5.3:8700:0
WARNING: Logging before InitGoogleLogging() is written to STDERR
W1218 01:07:00.640985 20687 sampler.cpp:192] bvar is busy at sampling for 2 seconds!
W1218 01:07:01.048593 20672 bthread.cpp:409] Fail to set concurrency by tag: 0, tag concurrency must larger than old oncurrency. old concurrency: 24, new concurrency: 9
I1218 01:07:01.275382 20672 server.cpp:1208] Server[braft::RaftStatImpl+braft::FileServiceImpl+braft::RaftServiceImpl+braft::CliServiceImpl+example::AtomicServiceImpl] is serving on port=8700.
I1218 01:07:01.277506 20672 server.cpp:1211] Check out http://n2:8700 in web browser.
I1218 01:07:01.552906 20672 log.cpp:691] Use murmurhash32 as the checksum type of appending entries
I1218 01:07:01.585381 20672 log.cpp:1175] log load_meta ./data/log/log_meta first_log_index: 4 time: 30675
I1218 01:07:01.613351 20672 log.cpp:1115] load open segment, path: ./data/log first_index: 4
I1218 01:07:01.795763 20672 snapshot.cpp:465] Deleting ./data/snapshot/temp
I1218 01:07:02.185052 20729 server.cpp:306] Configuration of this group is 10.1.1.3:8700:0,10.1.2.3:8700:0,10.1.3.3:8700:0,10.1.4.3:8700:0,10.1.5.3:8700:0
I1218 01:07:02.431706 20729 snapshot_executor.cpp:264] node Atomic:10.1.2.3:8700:0 snapshot_load_done, last_included_index: 3 last_included_term: 6 peers: "10.1.1.3:8700:0" peers: "10.1.2.3:8700:0" peers: "10.1.3.3:8700:0" peers: "10.1.4.3:8700:0" peers: "10.1.5.3:8700:0"
I1218 01:07:02.565215 20672 raft_meta.cpp:521] Loaded single stable meta, path ./data/raft_meta term 8 votedfor 10.1.1.3:8700:0 time: 24972
I1218 01:07:02.591933 20672 node.cpp:608] node Atomic:10.1.2.3:8700:0 init, term: 8 last_log_id: (index=4,term=8) conf: 10.1.1.3:8700:0,10.1.2.3:8700:0,10.1.3.3:8700:0,10.1.4.3:8700:0,10.1.5.3:8700:0 old_conf: 
I1218 01:07:02.690021 20672 server.cpp:509] Atomic service is running on 0.0.0.0:8700
I1218 01:07:05.407691 20710 node.cpp:2129] node Atomic:10.1.2.3:8700:0 received PreVote from 10.1.3.3:8700:0 in term 9 current_term 8 granted 1 rejected_by_lease 0
I1218 01:07:07.993062 20727 node.cpp:1587] node Atomic:10.1.2.3:8700:0 term 8 start pre_vote
I1218 01:07:08.338970 20715 node.cpp:1512] node Atomic:10.1.2.3:8700:0 received PreVoteResponse from 10.1.3.3:8700:0 term 8 granted 1 rejected_by_lease 0 disrupted 0
W1218 01:07:08.405318 20715 node.cpp:1567] node Atomic:10.1.2.3:8700:0 request PreVote from 10.1.5.3:8700:0 error: [E22][10.1.5.3:8700][E22]Invalid argument
I1218 01:07:08.679819 20715 node.cpp:1512] node Atomic:10.1.2.3:8700:0 received PreVoteResponse from 10.1.1.3:8700:0 term 8 granted 1 rejected_by_lease 0 disrupted 0
I1218 01:07:08.681663 20715 node.cpp:1653] node Atomic:10.1.2.3:8700:0 term 8 start vote and grant vote self
W1218 01:07:09.115063 20736 node.cpp:1454] node Atomic:10.1.2.3:8700:0 received RequestVoteResponse from 10.1.5.3:8700:0 error: [E22][10.1.5.3:8700][E22]Invalid argument
I1218 01:07:09.187206 20715 raft_meta.cpp:546] Saved single stable meta, path ./data/raft_meta term 9 votedfor 10.1.2.3:8700:0 time: 298011
I1218 01:07:09.345355 20714 node.cpp:1403] node Atomic:10.1.2.3:8700:0 received RequestVoteResponse from 10.1.3.3:8700:0 term 9 granted 1 rejected_by_lease 0 disrupted 0
I1218 01:07:09.518651 20733 node.cpp:1403] node Atomic:10.1.2.3:8700:0 received RequestVoteResponse from 10.1.1.3:8700:0 term 9 granted 1 rejected_by_lease 0 disrupted 0
I1218 01:07:09.520066 20733 node.cpp:1908] node Atomic:10.1.2.3:8700:0 term 9 become leader of group 10.1.1.3:8700:0,10.1.2.3:8700:0,10.1.3.3:8700:0,10.1.4.3:8700:0,10.1.5.3:8700:0 
I1218 01:07:09.612887 20733 replicator.cpp:143] Replicator=4402341478401@10.1.1.3:8700:0 is started, group Atomic
I1218 01:07:09.868469 20733 replicator.cpp:143] Replicator=4415226380289@10.1.3.3:8700:0 is started, group Atomic
I1218 01:07:09.947618 20733 replicator.cpp:143] Replicator=4432406249473@10.1.4.3:8700:0 is started, group Atomic
I1218 01:07:09.989903 20733 replicator.cpp:143] Replicator=4449586118657@10.1.5.3:8700:0 is started, group Atomic
W1218 01:07:10.175153 20736 replicator.cpp:397] Group Atomic fail to issue RPC to 10.1.5.3:8700:0 _consecutive_error_times=1, [E22][10.1.5.3:8700][E22]node Atomic:10.1.5.3:8700:0 is not in active state, state ERROR
W1218 01:07:10.618252 20729 node.cpp:1479] node Atomic:10.1.2.3:8700:0 received invalid PreVoteResponse from 10.1.4.3:8700:0 ctx_version 2 current_ctx_version 3
W1218 01:07:11.233074 20734 node.cpp:1370] node Atomic:10.1.2.3:8700:0 received invalid RequestVoteResponse from 10.1.4.3:8700:0 ctx_version 1 current_ctx_version 2
I1218 01:07:11.334065 20714 node.cpp:2129] node Atomic:10.1.2.3:8700:0 received PreVote from 10.1.3.3:8700:0 in term 10 current_term 9 granted 0 rejected_by_lease 0
I1218 01:07:11.736256 20731 server.cpp:306] Configuration of this group is 10.1.1.3:8700:0,10.1.2.3:8700:0,10.1.3.3:8700:0,10.1.4.3:8700:0,10.1.5.3:8700:0
I1218 01:07:11.737622 20731 server.cpp:306] Configuration of this group is 10.1.1.3:8700:0,10.1.2.3:8700:0,10.1.3.3:8700:0,10.1.4.3:8700:0,10.1.5.3:8700:0
I1218 01:07:11.797291 20731 node.cpp:3310] node Atomic:10.1.2.3:8700:0 reset ConfigurationCtx, new_peers: 10.1.1.3:8700:0,10.1.2.3:8700:0,10.1.3.3:8700:0,10.1.4.3:8700:0,10.1.5.3:8700:0, old_peers: 10.1.1.3:8700:0,10.1.2.3:8700:0,10.1.3.3:8700:0,10.1.4.3:8700:0,10.1.5.3:8700:0
I1218 01:07:12.143199 20731 server.cpp:291] Node becomes leader
W1218 01:07:12.630304 20703 input_messenger.cpp:381] Fail to read from Socket{id=372 fd=8 addr=10.1.1.3:8700:49320} (0x6310000c8800): Connection reset by peer [104]
W1218 01:07:12.677785 20703 replicator.cpp:297] Group Atomic fail to issue RPC to 10.1.1.3:8700:0 _consecutive_error_times=1, [E104]Fail to read from Socket{id=372fd=8 addr=10.1.1.3:8700:49320} (0x0x6310000c8800): Connection reset by peer [R1][E112]Not connected to 10.1.1.3:8700 yet, server_id=372 [R2][E112]Not connected to 10.1.1.3:8700 yet, server_id=372 [R3][E112]Not connected to 10.1.1.3:8700 yet, server_id=372
I1218 01:07:12.790985 20735 socket.cpp:2570] Checking Socket{id=372 addr=10.1.1.3:8700} (0x6310000c8800)
W1218 01:07:13.479092 20705 input_messenger.cpp:381] Fail to read from Socket{id=375 fd=13 addr=10.1.4.3:8700:36502} (0x6310000c9040): Connection reset by peer [104]
W1218 01:07:13.495422 20705 replicator.cpp:297] Group Atomic fail to issue RPC to 10.1.4.3:8700:0 _consecutive_error_times=1, [E104]Fail to read from Socket{id=375fd=13 addr=10.1.4.3:8700:36502} (0x0x6310000c9040): Connection reset by peer [R1][E112]Not connected to 10.1.4.3:8700 yet, server_id=375 [R2][E112]Not connected to 10.1.4.3:8700 yet, server_id=375 [R3][E112]Not connected to 10.1.4.3:8700 yet, server_id=375
I1218 01:07:13.582748 20731 socket.cpp:2570] Checking Socket{id=375 addr=10.1.4.3:8700} (0x6310000c9040)
W1218 01:07:13.810928 20703 replicator.cpp:397] Group Atomic fail to issue RPC to 10.1.5.3:8700:0 _consecutive_error_times=11, [E22][10.1.5.3:8700][E22]node Atomic:10.1.5.3:8700:0 is not in active state, state ERROR
W1218 01:07:13.940014 20687 sampler.cpp:192] bvar is busy at sampling for 2 seconds!
W1218 01:07:16.621230 20735 replicator.cpp:397] Group Atomic fail to issue RPC to 10.1.5.3:8700:0 _consecutive_error_times=21, [E22][10.1.5.3:8700][E22]node Atomic:10.1.5.3:8700:0 is not in active state, state ERROR
W1218 01:07:17.856743 20727 replicator.cpp:297] Group Atomic fail to issue RPC to 10.1.1.3:8700:0 _consecutive_error_times=11, [E112]Not connected to 10.1.1.3:8700 yet, server_id=372 [R1][E112]Not connected to 10.1.1.3:8700 yet, server_id=372 [R2][E112]Not connected to 10.1.1.3:8700 yet, server_id=372 [R3][E112]Not connected to 10.1.1.3:8700 yet, server_id=372
WARNING: Logging before InitGoogleLogging() is written to STDERR
W1218 01:07:25.393857 20880 bthread.cpp:409] Fail to set concurrency by tag: 0, tag concurrency must larger than old oncurrency. old concurrency: 24, new concurrency: 9
I1218 01:07:25.776400 20880 server.cpp:1208] Server[braft::RaftStatImpl+braft::FileServiceImpl+braft::RaftServiceImpl+braft::CliServiceImpl+example::AtomicServiceImpl] is serving on port=8700.
I1218 01:07:25.828464 20880 server.cpp:1211] Check out http://n2:8700 in web browser.
I1218 01:07:26.131428 20880 log.cpp:691] Use murmurhash32 as the checksum type of appending entries
I1218 01:07:26.159569 20880 log.cpp:1175] log load_meta ./data/log/log_meta first_log_index: 4 time: 2729
I1218 01:07:26.161438 20880 log.cpp:1115] load open segment, path: ./data/log first_index: 4
I1218 01:07:26.197372 20880 snapshot.cpp:465] Deleting ./data/snapshot/temp
I1218 01:07:26.363924 20903 server.cpp:306] Configuration of this group is 10.1.1.3:8700:0,10.1.2.3:8700:0,10.1.3.3:8700:0,10.1.4.3:8700:0,10.1.5.3:8700:0
I1218 01:07:26.384933 20903 snapshot_executor.cpp:264] node Atomic:10.1.2.3:8700:0 snapshot_load_done, last_included_index: 3 last_included_term: 6 peers: "10.1.1.3:8700:0" peers: "10.1.2.3:8700:0" peers: "10.1.3.3:8700:0" peers: "10.1.4.3:8700:0" peers: "10.1.5.3:8700:0"
I1218 01:07:26.395498 20880 raft_meta.cpp:521] Loaded single stable meta, path ./data/raft_meta term 9 votedfor 10.1.2.3:8700:0 time: 939
I1218 01:07:26.397224 20880 node.cpp:608] node Atomic:10.1.2.3:8700:0 init, term: 9 last_log_id: (index=5,term=9) conf: 10.1.1.3:8700:0,10.1.2.3:8700:0,10.1.3.3:8700:0,10.1.4.3:8700:0,10.1.5.3:8700:0 old_conf: 
I1218 01:07:26.428043 20880 server.cpp:509] Atomic service is running on 0.0.0.0:8700
I1218 01:07:27.173992 20903 node.cpp:2129] node Atomic:10.1.2.3:8700:0 received PreVote from 10.1.3.3:8700:0 in term 10 current_term 9 granted 1 rejected_by_lease 0
I1218 01:07:27.615036 20906 node.cpp:2211] node Atomic:10.1.2.3:8700:0 received RequestVote from 10.1.3.3:8700:0 in term 10 current_term 9 log_is_ok 1 votable_time 0
I1218 01:07:27.679294 20906 raft_meta.cpp:546] Saved single stable meta, path ./data/raft_meta term 10 votedfor 0.0.0.0:0:0 time: 60948
I1218 01:07:27.700860 20906 raft_meta.cpp:546] Saved single stable meta, path ./data/raft_meta term 10 votedfor 10.1.3.3:8700:0 time: 19280
I1218 01:07:28.520057 20907 server.cpp:312] Node start following { leader_id=10.1.3.3:8700:0, term=10, status=Follower receives message from new leader with the same term.}
I1218 01:07:28.537528 20907 server.cpp:306] Configuration of this group is 10.1.1.3:8700:0,10.1.2.3:8700:0,10.1.3.3:8700:0,10.1.4.3:8700:0,10.1.5.3:8700:0
I1218 01:07:28.546046 20907 server.cpp:306] Configuration of this group is 10.1.1.3:8700:0,10.1.2.3:8700:0,10.1.3.3:8700:0,10.1.4.3:8700:0,10.1.5.3:8700:0
I1218 01:07:28.882757 20905 server.cpp:306] Configuration of this group is 10.1.1.3:8700:0,10.1.2.3:8700:0,10.1.3.3:8700:0,10.1.4.3:8700:0,10.1.5.3:8700:0
I1218 01:07:37.701915 20903 node.cpp:949] node Atomic:10.1.2.3:8700:0 starts to do snapshot
I1218 01:07:37.913535 20903 snapshot.cpp:647] Deleting ./data/snapshot/snapshot_00000000000000000006
I1218 01:07:37.914955 20903 snapshot.cpp:653] Renaming ./data/snapshot/temp to ./data/snapshot/snapshot_00000000000000000006
I1218 01:07:37.929953 20903 snapshot.cpp:523] Deleting ./data/snapshot/snapshot_00000000000000000003
I1218 01:07:38.059259 20903 snapshot_executor.cpp:234] node Atomic:10.1.2.3:8700:0 snapshot_save_done, last_included_index=6 last_included_term=10
I1218 01:08:07.767235 20906 node.cpp:949] node Atomic:10.1.2.3:8700:0 starts to do snapshot
I1218 01:08:07.782398 20906 snapshot_executor.cpp:154] node Atomic:10.1.2.3:8700:0 the gap between fsm applied index 6 and last_snapshot_index 6 is less than 1, will clear bufferred logs and return success
I1218 01:08:07.886147 20903 log.cpp:1153] log save_meta ./data/log/log_meta first_log_index: 7 time: 101257
I1218 01:08:07.889288 20903 log.cpp:608] Unlinked segment `./data/log/log_inprogress_00000000000000000004'
WARNING: Logging before InitGoogleLogging() is written to STDERR
W1218 01:08:38.585769 21552 bthread.cpp:409] Fail to set concurrency by tag: 0, tag concurrency must larger than old oncurrency. old concurrency: 24, new concurrency: 9
I1218 01:08:38.994105 21552 server.cpp:1208] Server[braft::RaftStatImpl+braft::FileServiceImpl+braft::RaftServiceImpl+braft::CliServiceImpl+example::AtomicServiceImpl] is serving on port=8700.
I1218 01:08:39.037137 21552 server.cpp:1211] Check out http://n2:8700 in web browser.
I1218 01:08:39.212002 21552 log.cpp:691] Use murmurhash32 as the checksum type of appending entries
I1218 01:08:39.219601 21552 log.cpp:1175] log load_meta ./data/log/log_meta first_log_index: 7 time: 6257
I1218 01:08:39.222712 21552 snapshot.cpp:465] Deleting ./data/snapshot/temp
I1218 01:08:39.285733 21629 server.cpp:306] Configuration of this group is 10.1.1.3:8700:0,10.1.2.3:8700:0,10.1.3.3:8700:0,10.1.4.3:8700:0,10.1.5.3:8700:0
I1218 01:08:39.306317 21629 snapshot_executor.cpp:264] node Atomic:10.1.2.3:8700:0 snapshot_load_done, last_included_index: 6 last_included_term: 10 peers: "10.1.1.3:8700:0" peers: "10.1.2.3:8700:0" peers: "10.1.3.3:8700:0" peers: "10.1.4.3:8700:0" peers: "10.1.5.3:8700:0"
I1218 01:08:39.312358 21552 raft_meta.cpp:521] Loaded single stable meta, path ./data/raft_meta term 10 votedfor 10.1.3.3:8700:0 time: 957
I1218 01:08:39.313253 21552 node.cpp:608] node Atomic:10.1.2.3:8700:0 init, term: 10 last_log_id: (index=6,term=10) conf: 10.1.1.3:8700:0,10.1.2.3:8700:0,10.1.3.3:8700:0,10.1.4.3:8700:0,10.1.5.3:8700:0 old_conf: 
I1218 01:08:39.325591 21552 server.cpp:509] Atomic service is running on 0.0.0.0:8700
I1218 01:08:39.756580 21655 node.cpp:2129] node Atomic:10.1.2.3:8700:0 received PreVote from 10.1.3.3:8700:0 in term 11 current_term 10 granted 1 rejected_by_lease 0
I1218 01:08:40.006147 21635 node.cpp:2211] node Atomic:10.1.2.3:8700:0 received RequestVote from 10.1.3.3:8700:0 in term 11 current_term 10 log_is_ok 1 votable_time 0
I1218 01:08:40.085441 21635 raft_meta.cpp:546] Saved single stable meta, path ./data/raft_meta term 11 votedfor 0.0.0.0:0:0 time: 68189
I1218 01:08:40.109839 21635 raft_meta.cpp:546] Saved single stable meta, path ./data/raft_meta term 11 votedfor 10.1.3.3:8700:0 time: 15882
I1218 01:08:40.613821 21634 server.cpp:312] Node start following { leader_id=10.1.3.3:8700:0, term=11, status=Follower receives message from new leader with the same term.}
I1218 01:08:41.013469 21634 log.cpp:114] Created new segment `./data/log/log_inprogress_00000000000000000007' with fd=8
I1218 01:08:41.495621 21652 server.cpp:306] Configuration of this group is 10.1.1.3:8700:0,10.1.2.3:8700:0,10.1.3.3:8700:0,10.1.4.3:8700:0,10.1.5.3:8700:0
WARNING: Logging before InitGoogleLogging() is written to STDERR
W1218 01:09:08.776943 21892 bthread.cpp:409] Fail to set concurrency by tag: 0, tag concurrency must larger than old oncurrency. old concurrency: 24, new concurrency: 9
I1218 01:09:09.114969 21892 server.cpp:1208] Server[braft::RaftStatImpl+braft::FileServiceImpl+braft::RaftServiceImpl+braft::CliServiceImpl+example::AtomicServiceImpl] is serving on port=8700.
I1218 01:09:09.132485 21892 server.cpp:1211] Check out http://n2:8700 in web browser.
I1218 01:09:09.473464 21892 log.cpp:691] Use murmurhash32 as the checksum type of appending entries
I1218 01:09:09.523226 21892 log.cpp:1175] log load_meta ./data/log/log_meta first_log_index: 7 time: 47531
I1218 01:09:09.539866 21892 log.cpp:1115] load open segment, path: ./data/log first_index: 7
I1218 01:09:09.779299 21892 snapshot.cpp:465] Deleting ./data/snapshot/temp
I1218 01:09:10.160508 21967 server.cpp:306] Configuration of this group is 10.1.1.3:8700:0,10.1.2.3:8700:0,10.1.3.3:8700:0,10.1.4.3:8700:0,10.1.5.3:8700:0
I1218 01:09:10.198958 21967 snapshot_executor.cpp:264] node Atomic:10.1.2.3:8700:0 snapshot_load_done, last_included_index: 6 last_included_term: 10 peers: "10.1.1.3:8700:0" peers: "10.1.2.3:8700:0" peers: "10.1.3.3:8700:0" peers: "10.1.4.3:8700:0" peers: "10.1.5.3:8700:0"
I1218 01:09:10.361459 21892 raft_meta.cpp:521] Loaded single stable meta, path ./data/raft_meta term 11 votedfor 10.1.3.3:8700:0 time: 132061
I1218 01:09:10.371791 21892 node.cpp:608] node Atomic:10.1.2.3:8700:0 init, term: 11 last_log_id: (index=7,term=11) conf: 10.1.1.3:8700:0,10.1.2.3:8700:0,10.1.3.3:8700:0,10.1.4.3:8700:0,10.1.5.3:8700:0 old_conf: 
I1218 01:09:10.387605 21892 server.cpp:509] Atomic service is running on 0.0.0.0:8700
I1218 01:09:11.611925 21974 node.cpp:2129] node Atomic:10.1.2.3:8700:0 received PreVote from 10.1.3.3:8700:0 in term 12 current_term 11 granted 1 rejected_by_lease 0
I1218 01:09:12.266248 21966 node.cpp:2211] node Atomic:10.1.2.3:8700:0 received RequestVote from 10.1.3.3:8700:0 in term 12 current_term 11 log_is_ok 1 votable_time 0
I1218 01:09:12.321717 21966 raft_meta.cpp:546] Saved single stable meta, path ./data/raft_meta term 12 votedfor 0.0.0.0:0:0 time: 40681
I1218 01:09:12.397222 21966 raft_meta.cpp:546] Saved single stable meta, path ./data/raft_meta term 12 votedfor 10.1.3.3:8700:0 time: 65434
I1218 01:09:12.875286 21951 server.cpp:312] Node start following { leader_id=10.1.3.3:8700:0, term=12, status=Follower receives message from new leader with the same term.}
I1218 01:09:12.946596 21951 server.cpp:306] Configuration of this group is 10.1.1.3:8700:0,10.1.2.3:8700:0,10.1.3.3:8700:0,10.1.4.3:8700:0,10.1.5.3:8700:0
I1218 01:09:13.369346 21967 server.cpp:306] Configuration of this group is 10.1.1.3:8700:0,10.1.2.3:8700:0,10.1.3.3:8700:0,10.1.4.3:8700:0,10.1.5.3:8700:0
I1218 01:09:23.651820 21973 node.cpp:949] node Atomic:10.1.2.3:8700:0 starts to do snapshot
I1218 01:09:24.218097 21973 snapshot.cpp:647] Deleting ./data/snapshot/snapshot_00000000000000000008
I1218 01:09:24.316092 21973 snapshot.cpp:653] Renaming ./data/snapshot/temp to ./data/snapshot/snapshot_00000000000000000008
I1218 01:09:24.379659 21973 snapshot.cpp:523] Deleting ./data/snapshot/snapshot_00000000000000000006
I1218 01:09:24.664966 21973 snapshot_executor.cpp:234] node Atomic:10.1.2.3:8700:0 snapshot_save_done, last_included_index=8 last_included_term=12
I1218 01:09:26.480443 21956 node.cpp:1587] node Atomic:10.1.2.3:8700:0 term 12 start pre_vote
I1218 01:09:26.483974 21963 server.cpp:309] Node stops following { leader_id=10.1.3.3:8700:0, term=12, status=Lost connection from leader 10.1.3.3:8700:0}
W1218 01:09:26.617231 21956 node.cpp:1567] node Atomic:10.1.2.3:8700:0 request PreVote from 10.1.3.3:8700:0 error: [E111]Fail to connect Socket{id=188 addr=10.1.3.3:8700} (0x0x63100008cd80): Connection refused
W1218 01:09:26.649539 21966 node.cpp:1567] node Atomic:10.1.2.3:8700:0 request PreVote from 10.1.5.3:8700:0 error: [E22][10.1.5.3:8700][E22]Invalid argument
I1218 01:09:26.666824 21953 node.cpp:1512] node Atomic:10.1.2.3:8700:0 received PreVoteResponse from 10.1.4.3:8700:0 term 12 granted 1 rejected_by_lease 0 disrupted 0
I1218 01:09:26.707195 21966 node.cpp:1512] node Atomic:10.1.2.3:8700:0 received PreVoteResponse from 10.1.1.3:8700:0 term 12 granted 1 rejected_by_lease 0 disrupted 0
I1218 01:09:26.708585 21966 node.cpp:1653] node Atomic:10.1.2.3:8700:0 term 12 start vote and grant vote self
W1218 01:09:26.840991 21974 node.cpp:1454] node Atomic:10.1.2.3:8700:0 received RequestVoteResponse from 10.1.3.3:8700:0 error: [E111]Fail to connect Socket{id=280 addr=10.1.3.3:8700} (0x0x6310000b4ac0): Connection refused
I1218 01:09:26.909508 21966 raft_meta.cpp:546] Saved single stable meta, path ./data/raft_meta term 13 votedfor 10.1.2.3:8700:0 time: 179635
W1218 01:09:26.938969 21967 node.cpp:1454] node Atomic:10.1.2.3:8700:0 received RequestVoteResponse from 10.1.5.3:8700:0 error: [E22][10.1.5.3:8700][E22]Invalid argument
I1218 01:09:26.993580 21953 node.cpp:1403] node Atomic:10.1.2.3:8700:0 received RequestVoteResponse from 10.1.1.3:8700:0 term 13 granted 1 rejected_by_lease 0 disrupted 0
I1218 01:09:26.997000 21957 node.cpp:1403] node Atomic:10.1.2.3:8700:0 received RequestVoteResponse from 10.1.4.3:8700:0 term 13 granted 1 rejected_by_lease 0 disrupted 0
I1218 01:09:27.005126 21957 node.cpp:1908] node Atomic:10.1.2.3:8700:0 term 13 become leader of group 10.1.1.3:8700:0,10.1.2.3:8700:0,10.1.3.3:8700:0,10.1.4.3:8700:0,10.1.5.3:8700:0 
I1218 01:09:27.014853 21957 replicator.cpp:143] Replicator=1108101562369@10.1.1.3:8700:0 is started, group Atomic
I1218 01:09:27.023605 21957 replicator.cpp:143] Replicator=1125281431553@10.1.3.3:8700:0 is started, group Atomic
I1218 01:09:27.029671 21957 replicator.cpp:143] Replicator=1142461300737@10.1.4.3:8700:0 is started, group Atomic
I1218 01:09:27.032624 21957 replicator.cpp:143] Replicator=1159641169921@10.1.5.3:8700:0 is started, group Atomic
W1218 01:09:27.127420 21951 replicator.cpp:397] Group Atomic fail to issue RPC to 10.1.5.3:8700:0 _consecutive_error_times=1, [E22][10.1.5.3:8700][E22]node Atomic:10.1.5.3:8700:0 is not in active state, state ERROR
W1218 01:09:27.135367 21951 replicator.cpp:397] Group Atomic fail to issue RPC to 10.1.3.3:8700:0 _consecutive_error_times=1, [E111]Fail to connect Socket{id=96 addr=10.1.3.3:8700} (0x0x631000051040): Connection refused [R1][E112]Not connected to 10.1.3.3:8700 yet, server_id=96 [R2][E112]Not connected to 10.1.3.3:8700 yet, server_id=96 [R3][E112]Not connected to 10.1.3.3:8700 yet, server_id=96
I1218 01:09:27.249343 21953 socket.cpp:2570] Checking Socket{id=96 addr=10.1.3.3:8700} (0x631000051040)
I1218 01:09:27.250371 21958 server.cpp:306] Configuration of this group is 10.1.1.3:8700:0,10.1.2.3:8700:0,10.1.3.3:8700:0,10.1.4.3:8700:0,10.1.5.3:8700:0
I1218 01:09:27.257781 21958 node.cpp:3310] node Atomic:10.1.2.3:8700:0 reset ConfigurationCtx, new_peers: 10.1.1.3:8700:0,10.1.2.3:8700:0,10.1.3.3:8700:0,10.1.4.3:8700:0,10.1.5.3:8700:0, old_peers: 10.1.1.3:8700:0,10.1.2.3:8700:0,10.1.3.3:8700:0,10.1.4.3:8700:0,10.1.5.3:8700:0
I1218 01:09:27.491681 21969 server.cpp:291] Node becomes leader
W1218 01:09:29.841411 21973 replicator.cpp:297] Group Atomic fail to issue RPC to 10.1.3.3:8700:0 _consecutive_error_times=11, [E112]Not connected to 10.1.3.3:8700 yet, server_id=96 [R1][E112]Not connected to 10.1.3.3:8700 yet, server_id=96 [R2][E112]Not connected to 10.1.3.3:8700 yet, server_id=96 [R3][E112]Not connected to 10.1.3.3:8700 yet, server_id=96
W1218 01:09:30.204646 21973 replicator.cpp:397] Group Atomic fail to issue RPC to 10.1.5.3:8700:0 _consecutive_error_times=11, [E22][10.1.5.3:8700][E22]node Atomic:10.1.5.3:8700:0 is not in active state, state ERROR
W1218 01:09:32.444350 21960 replicator.cpp:397] Group Atomic fail to issue RPC to 10.1.3.3:8700:0 _consecutive_error_times=21, [E112]Not connected to 10.1.3.3:8700 yet, server_id=96 [R1][E112]Not connected to 10.1.3.3:8700 yet, server_id=96 [R2][E112]Not connected to 10.1.3.3:8700 yet, server_id=96 [R3][E112]Not connected to 10.1.3.3:8700 yet, server_id=96
W1218 01:09:33.102012 21973 replicator.cpp:297] Group Atomic fail to issue RPC to 10.1.5.3:8700:0 _consecutive_error_times=21, [E22][10.1.5.3:8700][E22]node Atomic:10.1.5.3:8700:0 is not in active state, state ERROR
W1218 01:09:35.056633 21960 replicator.cpp:397] Group Atomic fail to issue RPC to 10.1.3.3:8700:0 _consecutive_error_times=31, [E112]Not connected to 10.1.3.3:8700 yet, server_id=96 [R1][E112]Not connected to 10.1.3.3:8700 yet, server_id=96 [R2][E112]Not connected to 10.1.3.3:8700 yet, server_id=96 [R3][E112]Not connected to 10.1.3.3:8700 yet, server_id=96
W1218 01:09:36.062247 21958 replicator.cpp:397] Group Atomic fail to issue RPC to 10.1.5.3:8700:0 _consecutive_error_times=31, [E22][10.1.5.3:8700][E22]node Atomic:10.1.5.3:8700:0 is not in active state, state ERROR
W1218 01:09:37.619181 21958 replicator.cpp:397] Group Atomic fail to issue RPC to 10.1.3.3:8700:0 _consecutive_error_times=41, [E112]Not connected to 10.1.3.3:8700 yet, server_id=96 [R1][E112]Not connected to 10.1.3.3:8700 yet, server_id=96 [R2][E112]Not connected to 10.1.3.3:8700 yet, server_id=96 [R3][E112]Not connected to 10.1.3.3:8700 yet, server_id=96
W1218 01:09:39.171494 21958 replicator.cpp:397] Group Atomic fail to issue RPC to 10.1.5.3:8700:0 _consecutive_error_times=41, [E22][10.1.5.3:8700][E22]node Atomic:10.1.5.3:8700:0 is not in active state, state ERROR
W1218 01:09:40.315582 21956 replicator.cpp:397] Group Atomic fail to issue RPC to 10.1.3.3:8700:0 _consecutive_error_times=51, [E112]Not connected to 10.1.3.3:8700 yet, server_id=96 [R1][E112]Not connected to 10.1.3.3:8700 yet, server_id=96 [R2][E112]Not connected to 10.1.3.3:8700 yet, server_id=96 [R3][E112]Not connected to 10.1.3.3:8700 yet, server_id=96
W1218 01:09:41.879696 21956 input_messenger.cpp:381] Fail to read from Socket{id=98 fd=10 addr=10.1.4.3:8700:56400} (0x6310000515c0): Connection reset by peer [104]
W1218 01:09:41.951470 21956 replicator.cpp:297] Group Atomic fail to issue RPC to 10.1.4.3:8700:0 _consecutive_error_times=1, [E104]Fail to read from Socket{id=98fd=10 addr=10.1.4.3:8700:56400} (0x0x6310000515c0): Connection reset by peer [R1][E112]Not connected to 10.1.4.3:8700 yet, server_id=98 [R2][E112]Not connected to 10.1.4.3:8700 yet, server_id=98 [R3][E112]Not connected to 10.1.4.3:8700 yet, server_id=98
I1218 01:09:42.053121 21960 socket.cpp:2570] Checking Socket{id=98 addr=10.1.4.3:8700} (0x6310000515c0)
W1218 01:09:42.265219 21963 replicator.cpp:297] Group Atomic fail to issue RPC to 10.1.5.3:8700:0 _consecutive_error_times=51, [E22][10.1.5.3:8700][E22]node Atomic:10.1.5.3:8700:0 is not in active state, state ERROR
W1218 01:09:42.700423 21963 input_messenger.cpp:381] Fail to read from Socket{id=94 fd=8 addr=10.1.1.3:8700:53052} (0x631000050ac0): Connection reset by peer [104]
W1218 01:09:42.713980 21955 replicator.cpp:297] Group Atomic fail to issue RPC to 10.1.1.3:8700:0 _consecutive_error_times=1, [E104]Fail to read from Socket{id=94fd=8 addr=10.1.1.3:8700:53052} (0x0x631000050ac0): Connection reset by peer [R1][E112]Not connected to 10.1.1.3:8700 yet, server_id=94 [R2][E112]Not connected to 10.1.1.3:8700 yet, server_id=94 [R3][E112]Not connected to 10.1.1.3:8700 yet, server_id=94
I1218 01:09:42.822739 21955 socket.cpp:2570] Checking Socket{id=94 addr=10.1.1.3:8700} (0x631000050ac0)
