I1218 01:44:08.021328 44389 server.cpp:306] Configuration of this group is 10.1.1.3:8700:0,10.1.2.3:8700:0,10.1.3.3:8700:0,10.1.4.3:8700:0,10.1.5.3:8700:0
I1218 01:44:08.048651 44389 snapshot_executor.cpp:264] node Atomic:10.1.2.3:8700:0 snapshot_load_done, last_included_index: 67 last_included_term: 75 peers: "10.1.1.3:8700:0" peers: "10.1.2.3:8700:0" peers: "10.1.3.3:8700:0" peers: "10.1.4.3:8700:0" peers: "10.1.5.3:8700:0"
I1218 01:44:08.068617 44339 raft_meta.cpp:521] Loaded single stable meta, path ./data/raft_meta term 77 votedfor 10.1.3.3:8700:0 time: 2534
I1218 01:44:08.079139 44339 node.cpp:608] node Atomic:10.1.2.3:8700:0 init, term: 77 last_log_id: (index=69,term=77) conf: 10.1.1.3:8700:0,10.1.2.3:8700:0,10.1.3.3:8700:0,10.1.4.3:8700:0,10.1.5.3:8700:0 old_conf: 
I1218 01:44:08.092247 44339 server.cpp:509] Atomic service is running on 0.0.0.0:8700
I1218 01:44:08.180440 44395 node.cpp:2129] node Atomic:10.1.2.3:8700:0 received PreVote from 10.1.3.3:8700:0 in term 79 current_term 77 granted 1 rejected_by_lease 0
I1218 01:44:08.432693 44372 node.cpp:2211] node Atomic:10.1.2.3:8700:0 received RequestVote from 10.1.3.3:8700:0 in term 79 current_term 77 log_is_ok 1 votable_time 0
I1218 01:44:08.576104 44372 raft_meta.cpp:546] Saved single stable meta, path ./data/raft_meta term 79 votedfor 0.0.0.0:0:0 time: 131701
I1218 01:44:08.632723 44372 raft_meta.cpp:546] Saved single stable meta, path ./data/raft_meta term 79 votedfor 10.1.3.3:8700:0 time: 37550
I1218 01:44:08.863585 44380 server.cpp:312] Node start following { leader_id=10.1.3.3:8700:0, term=79, status=Follower receives message from new leader with the same term.}
I1218 01:44:08.979578 44395 server.cpp:306] Configuration of this group is 10.1.1.3:8700:0,10.1.2.3:8700:0,10.1.3.3:8700:0,10.1.4.3:8700:0,10.1.5.3:8700:0
I1218 01:44:08.982096 44395 server.cpp:306] Configuration of this group is 10.1.1.3:8700:0,10.1.2.3:8700:0,10.1.3.3:8700:0,10.1.4.3:8700:0,10.1.5.3:8700:0
I1218 01:44:09.206269 44391 server.cpp:306] Configuration of this group is 10.1.1.3:8700:0,10.1.2.3:8700:0,10.1.3.3:8700:0,10.1.4.3:8700:0,10.1.5.3:8700:0
I1218 01:44:10.990739 44395 server.cpp:306] Configuration of this group is 10.1.1.3:8700:0,10.1.2.3:8700:0,10.1.3.3:8700:0,10.1.4.3:8700:0,10.1.5.3:8700:0
WARNING: Logging before InitGoogleLogging() is written to STDERR
W1218 01:44:29.948976 44549 bthread.cpp:409] Fail to set concurrency by tag: 0, tag concurrency must larger than old oncurrency. old concurrency: 24, new concurrency: 9
I1218 01:44:30.538221 44549 server.cpp:1208] Server[braft::RaftStatImpl+braft::FileServiceImpl+braft::RaftServiceImpl+braft::CliServiceImpl+example::AtomicServiceImpl] is serving on port=8700.
I1218 01:44:30.566833 44549 server.cpp:1211] Check out http://n2:8700 in web browser.
I1218 01:44:30.692335 44549 log.cpp:691] Use murmurhash32 as the checksum type of appending entries
I1218 01:44:30.699242 44549 log.cpp:1175] log load_meta ./data/log/log_meta first_log_index: 67 time: 5335
I1218 01:44:30.701289 44549 log.cpp:1115] load open segment, path: ./data/log first_index: 62
I1218 01:44:30.723359 44549 snapshot.cpp:465] Deleting ./data/snapshot/temp
I1218 01:44:30.822711 44631 server.cpp:306] Configuration of this group is 10.1.1.3:8700:0,10.1.2.3:8700:0,10.1.3.3:8700:0,10.1.4.3:8700:0,10.1.5.3:8700:0
I1218 01:44:30.913612 44631 snapshot_executor.cpp:264] node Atomic:10.1.2.3:8700:0 snapshot_load_done, last_included_index: 67 last_included_term: 75 peers: "10.1.1.3:8700:0" peers: "10.1.2.3:8700:0" peers: "10.1.3.3:8700:0" peers: "10.1.4.3:8700:0" peers: "10.1.5.3:8700:0"
I1218 01:44:30.939318 44549 raft_meta.cpp:521] Loaded single stable meta, path ./data/raft_meta term 79 votedfor 10.1.3.3:8700:0 time: 856
I1218 01:44:30.941290 44549 node.cpp:608] node Atomic:10.1.2.3:8700:0 init, term: 79 last_log_id: (index=71,term=79) conf: 10.1.1.3:8700:0,10.1.2.3:8700:0,10.1.3.3:8700:0,10.1.4.3:8700:0,10.1.5.3:8700:0 old_conf: 
I1218 01:44:30.984871 44549 server.cpp:509] Atomic service is running on 0.0.0.0:8700
I1218 01:44:35.761587 44605 node.cpp:2129] node Atomic:10.1.2.3:8700:0 received PreVote from 10.1.3.3:8700:0 in term 80 current_term 79 granted 1 rejected_by_lease 0
I1218 01:44:35.808646 44631 node.cpp:2129] node Atomic:10.1.2.3:8700:0 received PreVote from 10.1.1.3:8700:0 in term 80 current_term 79 granted 1 rejected_by_lease 0
I1218 01:44:35.813205 44604 node.cpp:2211] node Atomic:10.1.2.3:8700:0 received RequestVote from 10.1.1.3:8700:0 in term 80 current_term 79 log_is_ok 1 votable_time 0
I1218 01:44:36.031980 44604 raft_meta.cpp:546] Saved single stable meta, path ./data/raft_meta term 80 votedfor 0.0.0.0:0:0 time: 90240
I1218 01:44:36.132849 44604 raft_meta.cpp:546] Saved single stable meta, path ./data/raft_meta term 80 votedfor 10.1.1.3:8700:0 time: 67268
I1218 01:44:36.224234 44604 node.cpp:2129] node Atomic:10.1.2.3:8700:0 received PreVote from 10.1.5.3:8700:0 in term 80 current_term 80 granted 1 rejected_by_lease 0
I1218 01:44:37.044179 44626 node.cpp:2211] node Atomic:10.1.2.3:8700:0 received RequestVote from 10.1.3.3:8700:0 in term 80 current_term 80 log_is_ok 1 votable_time 0
I1218 01:44:37.068184 44604 server.cpp:312] Node start following { leader_id=10.1.1.3:8700:0, term=80, status=Follower receives message from new leader with the same term.}
I1218 01:44:38.075939 44604 server.cpp:306] Configuration of this group is 10.1.1.3:8700:0,10.1.2.3:8700:0,10.1.3.3:8700:0,10.1.4.3:8700:0,10.1.5.3:8700:0
I1218 01:44:38.087538 44604 server.cpp:306] Configuration of this group is 10.1.1.3:8700:0,10.1.2.3:8700:0,10.1.3.3:8700:0,10.1.4.3:8700:0,10.1.5.3:8700:0
I1218 01:44:38.108537 44604 server.cpp:306] Configuration of this group is 10.1.1.3:8700:0,10.1.2.3:8700:0,10.1.3.3:8700:0,10.1.4.3:8700:0,10.1.5.3:8700:0
I1218 01:44:38.117758 44604 server.cpp:306] Configuration of this group is 10.1.1.3:8700:0,10.1.2.3:8700:0,10.1.3.3:8700:0,10.1.4.3:8700:0,10.1.5.3:8700:0
I1218 01:44:38.148672 44604 server.cpp:306] Configuration of this group is 10.1.1.3:8700:0,10.1.2.3:8700:0,10.1.3.3:8700:0,10.1.4.3:8700:0,10.1.5.3:8700:0
WARNING: Logging before InitGoogleLogging() is written to STDERR
W1218 01:45:00.321188 44876 bthread.cpp:409] Fail to set concurrency by tag: 0, tag concurrency must larger than old oncurrency. old concurrency: 24, new concurrency: 9
I1218 01:45:00.869553 44876 server.cpp:1208] Server[braft::RaftStatImpl+braft::FileServiceImpl+braft::RaftServiceImpl+braft::CliServiceImpl+example::AtomicServiceImpl] is serving on port=8700.
I1218 01:45:00.871306 44876 server.cpp:1211] Check out http://n2:8700 in web browser.
I1218 01:45:01.141971 44876 log.cpp:691] Use murmurhash32 as the checksum type of appending entries
I1218 01:45:01.216778 44876 log.cpp:1175] log load_meta ./data/log/log_meta first_log_index: 67 time: 54311
I1218 01:45:01.229629 44876 log.cpp:1115] load open segment, path: ./data/log first_index: 62
I1218 01:45:01.518784 44876 snapshot.cpp:465] Deleting ./data/snapshot/temp
I1218 01:45:01.714119 44913 server.cpp:306] Configuration of this group is 10.1.1.3:8700:0,10.1.2.3:8700:0,10.1.3.3:8700:0,10.1.4.3:8700:0,10.1.5.3:8700:0
I1218 01:45:01.762828 44913 snapshot_executor.cpp:264] node Atomic:10.1.2.3:8700:0 snapshot_load_done, last_included_index: 67 last_included_term: 75 peers: "10.1.1.3:8700:0" peers: "10.1.2.3:8700:0" peers: "10.1.3.3:8700:0" peers: "10.1.4.3:8700:0" peers: "10.1.5.3:8700:0"
I1218 01:45:01.802850 44876 raft_meta.cpp:521] Loaded single stable meta, path ./data/raft_meta term 80 votedfor 10.1.1.3:8700:0 time: 4668
I1218 01:45:01.820142 44876 node.cpp:608] node Atomic:10.1.2.3:8700:0 init, term: 80 last_log_id: (index=72,term=80) conf: 10.1.1.3:8700:0,10.1.2.3:8700:0,10.1.3.3:8700:0,10.1.4.3:8700:0,10.1.5.3:8700:0 old_conf: 
I1218 01:45:01.902227 44876 server.cpp:509] Atomic service is running on 0.0.0.0:8700
I1218 01:45:07.382826 44944 node.cpp:1587] node Atomic:10.1.2.3:8700:0 term 80 start pre_vote
I1218 01:45:08.587785 44941 node.cpp:1512] node Atomic:10.1.2.3:8700:0 received PreVoteResponse from 10.1.1.3:8700:0 term 80 granted 1 rejected_by_lease 0 disrupted 0
W1218 01:45:08.621659 44909 node.cpp:1567] node Atomic:10.1.2.3:8700:0 request PreVote from 10.1.5.3:8700:0 error: [E22][10.1.5.3:8700][E22]Invalid argument
I1218 01:45:08.831012 44911 node.cpp:1512] node Atomic:10.1.2.3:8700:0 received PreVoteResponse from 10.1.4.3:8700:0 term 80 granted 1 rejected_by_lease 0 disrupted 0
I1218 01:45:08.832574 44911 node.cpp:1653] node Atomic:10.1.2.3:8700:0 term 80 start vote and grant vote self
I1218 01:45:09.113297 44911 raft_meta.cpp:546] Saved single stable meta, path ./data/raft_meta term 81 votedfor 10.1.2.3:8700:0 time: 85391
I1218 01:45:09.119808 44913 node.cpp:2129] node Atomic:10.1.2.3:8700:0 received PreVote from 10.1.4.3:8700:0 in term 81 current_term 81 granted 1 rejected_by_lease 0
W1218 01:45:09.136195 44942 node.cpp:1454] node Atomic:10.1.2.3:8700:0 received RequestVoteResponse from 10.1.5.3:8700:0 error: [E22][10.1.5.3:8700][E22]Invalid argument
I1218 01:45:09.164358 44915 node.cpp:1403] node Atomic:10.1.2.3:8700:0 received RequestVoteResponse from 10.1.4.3:8700:0 term 81 granted 1 rejected_by_lease 0 disrupted 0
I1218 01:45:09.319936 44937 node.cpp:1403] node Atomic:10.1.2.3:8700:0 received RequestVoteResponse from 10.1.1.3:8700:0 term 81 granted 1 rejected_by_lease 0 disrupted 0
I1218 01:45:09.321271 44937 node.cpp:1908] node Atomic:10.1.2.3:8700:0 term 81 become leader of group 10.1.1.3:8700:0,10.1.2.3:8700:0,10.1.3.3:8700:0,10.1.4.3:8700:0,10.1.5.3:8700:0 
I1218 01:45:09.490370 44937 replicator.cpp:143] Replicator=4402341478401@10.1.1.3:8700:0 is started, group Atomic
I1218 01:45:09.708406 44937 replicator.cpp:143] Replicator=4419521347585@10.1.3.3:8700:0 is started, group Atomic
I1218 01:45:09.757580 44937 replicator.cpp:143] Replicator=4436701216769@10.1.4.3:8700:0 is started, group Atomic
I1218 01:45:09.785118 44937 replicator.cpp:143] Replicator=4453881085953@10.1.5.3:8700:0 is started, group Atomic
W1218 01:45:09.896426 44942 replicator.cpp:397] Group Atomic fail to issue RPC to 10.1.5.3:8700:0 _consecutive_error_times=1, [E22][10.1.5.3:8700][E22]node Atomic:10.1.5.3:8700:0 is not in active state, state ERROR
I1218 01:45:11.168814 44942 server.cpp:306] Configuration of this group is 10.1.1.3:8700:0,10.1.2.3:8700:0,10.1.3.3:8700:0,10.1.4.3:8700:0,10.1.5.3:8700:0
I1218 01:45:11.430728 44942 server.cpp:306] Configuration of this group is 10.1.1.3:8700:0,10.1.2.3:8700:0,10.1.3.3:8700:0,10.1.4.3:8700:0,10.1.5.3:8700:0
I1218 01:45:11.433133 44942 server.cpp:306] Configuration of this group is 10.1.1.3:8700:0,10.1.2.3:8700:0,10.1.3.3:8700:0,10.1.4.3:8700:0,10.1.5.3:8700:0
I1218 01:45:11.467162 44942 server.cpp:306] Configuration of this group is 10.1.1.3:8700:0,10.1.2.3:8700:0,10.1.3.3:8700:0,10.1.4.3:8700:0,10.1.5.3:8700:0
I1218 01:45:11.469643 44942 server.cpp:306] Configuration of this group is 10.1.1.3:8700:0,10.1.2.3:8700:0,10.1.3.3:8700:0,10.1.4.3:8700:0,10.1.5.3:8700:0
W1218 01:45:11.523365 44937 input_messenger.cpp:381] Fail to read from Socket{id=372 fd=10 addr=10.1.1.3:8700:47912} (0x6310000c8800): Connection reset by peer [104]
I1218 01:45:11.533720 44942 server.cpp:306] Configuration of this group is 10.1.1.3:8700:0,10.1.2.3:8700:0,10.1.3.3:8700:0,10.1.4.3:8700:0,10.1.5.3:8700:0
W1218 01:45:11.537164 44944 replicator.cpp:297] Group Atomic fail to issue RPC to 10.1.1.3:8700:0 _consecutive_error_times=1, [E104]Fail to read from Socket{id=372fd=10 addr=10.1.1.3:8700:47912} (0x0x6310000c8800): Connection reset by peer [R1][E112]Not connected to 10.1.1.3:8700 yet, server_id=372 [R2][E112]Not connected to 10.1.1.3:8700 yet, server_id=372 [R3][E112]Not connected to 10.1.1.3:8700 yet, server_id=372
I1218 01:45:11.537252 44942 node.cpp:3310] node Atomic:10.1.2.3:8700:0 reset ConfigurationCtx, new_peers: 10.1.1.3:8700:0,10.1.2.3:8700:0,10.1.3.3:8700:0,10.1.4.3:8700:0,10.1.5.3:8700:0, old_peers: 10.1.1.3:8700:0,10.1.2.3:8700:0,10.1.3.3:8700:0,10.1.4.3:8700:0,10.1.5.3:8700:0
I1218 01:45:11.669301 44937 socket.cpp:2570] Checking Socket{id=372 addr=10.1.1.3:8700} (0x6310000c8800)
I1218 01:45:11.744576 44942 server.cpp:291] Node becomes leader
W1218 01:45:12.731739 44937 replicator.cpp:297] Group Atomic fail to issue RPC to 10.1.3.3:8700:0 _consecutive_error_times=1, [E1008]Reached timeout=2500ms @10.1.3.3:8700
W1218 01:45:13.085189 44940 node.cpp:1567] node Atomic:10.1.2.3:8700:0 request PreVote from 10.1.3.3:8700:0 error: [E1008]Reached timeout=5000ms @10.1.3.3:8700
W1218 01:45:13.352778 44910 replicator.cpp:297] Group Atomic fail to issue RPC to 10.1.5.3:8700:0 _consecutive_error_times=11, [E22][10.1.5.3:8700][E22]node Atomic:10.1.5.3:8700:0 is not in active state, state ERROR
WARNING: Logging before InitGoogleLogging() is written to STDERR
W1218 01:45:20.296571 45100 bthread.cpp:409] Fail to set concurrency by tag: 0, tag concurrency must larger than old oncurrency. old concurrency: 24, new concurrency: 9
I1218 01:45:20.748207 45100 server.cpp:1208] Server[braft::RaftStatImpl+braft::FileServiceImpl+braft::RaftServiceImpl+braft::CliServiceImpl+example::AtomicServiceImpl] is serving on port=8700.
I1218 01:45:20.834923 45100 server.cpp:1211] Check out http://n2:8700 in web browser.
I1218 01:45:21.330302 45100 log.cpp:691] Use murmurhash32 as the checksum type of appending entries
I1218 01:45:21.345933 45100 log.cpp:1175] log load_meta ./data/log/log_meta first_log_index: 67 time: 7333
I1218 01:45:21.354244 45100 log.cpp:1115] load open segment, path: ./data/log first_index: 62
I1218 01:45:21.527722 45100 snapshot.cpp:465] Deleting ./data/snapshot/temp
I1218 01:45:21.689484 45150 server.cpp:306] Configuration of this group is 10.1.1.3:8700:0,10.1.2.3:8700:0,10.1.3.3:8700:0,10.1.4.3:8700:0,10.1.5.3:8700:0
I1218 01:45:21.753535 45150 snapshot_executor.cpp:264] node Atomic:10.1.2.3:8700:0 snapshot_load_done, last_included_index: 67 last_included_term: 75 peers: "10.1.1.3:8700:0" peers: "10.1.2.3:8700:0" peers: "10.1.3.3:8700:0" peers: "10.1.4.3:8700:0" peers: "10.1.5.3:8700:0"
I1218 01:45:21.917049 45100 raft_meta.cpp:521] Loaded single stable meta, path ./data/raft_meta term 81 votedfor 10.1.2.3:8700:0 time: 2581
I1218 01:45:21.979588 45100 node.cpp:608] node Atomic:10.1.2.3:8700:0 init, term: 81 last_log_id: (index=73,term=81) conf: 10.1.1.3:8700:0,10.1.2.3:8700:0,10.1.3.3:8700:0,10.1.4.3:8700:0,10.1.5.3:8700:0 old_conf: 
I1218 01:45:22.098174 45100 server.cpp:509] Atomic service is running on 0.0.0.0:8700
I1218 01:45:27.344563 45150 node.cpp:1587] node Atomic:10.1.2.3:8700:0 term 81 start pre_vote
W1218 01:45:27.907960 45148 node.cpp:1567] node Atomic:10.1.2.3:8700:0 request PreVote from 10.1.1.3:8700:0 error: [E110]Fail to connect Socket{id=93 addr=10.1.1.3:8700} (0x0x631000050800): Connection timed out
W1218 01:45:28.571843 45164 node.cpp:1567] node Atomic:10.1.2.3:8700:0 request PreVote from 10.1.5.3:8700:0 error: [E22][10.1.5.3:8700][E22]Invalid argument
I1218 01:45:29.189842 45162 node.cpp:1512] node Atomic:10.1.2.3:8700:0 received PreVoteResponse from 10.1.4.3:8700:0 term 81 granted 1 rejected_by_lease 0 disrupted 0
W1218 01:45:32.854183 45164 node.cpp:1567] node Atomic:10.1.2.3:8700:0 request PreVote from 10.1.3.3:8700:0 error: [E1008]Reached timeout=5000ms @10.1.3.3:8700
I1218 01:45:33.057197 45162 node.cpp:2129] node Atomic:10.1.2.3:8700:0 received PreVote from 10.1.3.3:8700:0 in term 81 current_term 81 granted 0 rejected_by_lease 0
I1218 01:45:33.196010 45162 node.cpp:1587] node Atomic:10.1.2.3:8700:0 term 81 start pre_vote
I1218 01:45:33.452036 45164 node.cpp:1512] node Atomic:10.1.2.3:8700:0 received PreVoteResponse from 10.1.3.3:8700:0 term 81 granted 1 rejected_by_lease 0 disrupted 0
W1218 01:45:33.942340 45162 node.cpp:1567] node Atomic:10.1.2.3:8700:0 request PreVote from 10.1.5.3:8700:0 error: [E22][10.1.5.3:8700][E22]Invalid argument
I1218 01:45:34.159802 45148 node.cpp:2129] node Atomic:10.1.2.3:8700:0 received PreVote from 10.1.1.3:8700:0 in term 82 current_term 81 granted 1 rejected_by_lease 0
I1218 01:45:34.284570 45164 node.cpp:1512] node Atomic:10.1.2.3:8700:0 received PreVoteResponse from 10.1.1.3:8700:0 term 81 granted 1 rejected_by_lease 0 disrupted 0
I1218 01:45:34.292132 45164 node.cpp:1653] node Atomic:10.1.2.3:8700:0 term 81 start vote and grant vote self
W1218 01:45:34.514920 45148 node.cpp:1454] node Atomic:10.1.2.3:8700:0 received RequestVoteResponse from 10.1.5.3:8700:0 error: [E22][10.1.5.3:8700][E22]Invalid argument
I1218 01:45:34.720966 45164 raft_meta.cpp:546] Saved single stable meta, path ./data/raft_meta term 82 votedfor 10.1.2.3:8700:0 time: 108958
W1218 01:45:34.725682 45150 node.cpp:1479] node Atomic:10.1.2.3:8700:0 received invalid PreVoteResponse from 10.1.4.3:8700:0 ctx_version 3 current_ctx_version 4
I1218 01:45:34.739642 45148 node.cpp:1403] node Atomic:10.1.2.3:8700:0 received RequestVoteResponse from 10.1.3.3:8700:0 term 82 granted 1 rejected_by_lease 0 disrupted 0
I1218 01:45:34.820704 45155 node.cpp:1403] node Atomic:10.1.2.3:8700:0 received RequestVoteResponse from 10.1.4.3:8700:0 term 82 granted 1 rejected_by_lease 0 disrupted 0
I1218 01:45:34.821978 45155 node.cpp:1908] node Atomic:10.1.2.3:8700:0 term 82 become leader of group 10.1.1.3:8700:0,10.1.2.3:8700:0,10.1.3.3:8700:0,10.1.4.3:8700:0,10.1.5.3:8700:0 
I1218 01:45:35.234215 45155 replicator.cpp:143] Replicator=6601364733953@10.1.1.3:8700:0 is started, group Atomic
I1218 01:45:35.765746 45155 replicator.cpp:143] Replicator=6618544603137@10.1.3.3:8700:0 is started, group Atomic
I1218 01:45:35.822996 45155 replicator.cpp:143] Replicator=6635724472321@10.1.4.3:8700:0 is started, group Atomic
I1218 01:45:35.825840 45155 replicator.cpp:143] Replicator=6652904341505@10.1.5.3:8700:0 is started, group Atomic
W1218 01:45:36.128345 45153 replicator.cpp:397] Group Atomic fail to issue RPC to 10.1.5.3:8700:0 _consecutive_error_times=1, [E22][10.1.5.3:8700][E22]node Atomic:10.1.5.3:8700:0 is not in active state, state ERROR
I1218 01:45:36.300997 45163 node.cpp:2211] node Atomic:10.1.2.3:8700:0 received RequestVote from 10.1.1.3:8700:0 in term 82 current_term 82 log_is_ok 0 votable_time 0
W1218 01:45:36.415714 45157 node.cpp:1370] node Atomic:10.1.2.3:8700:0 received invalid RequestVoteResponse from 10.1.1.3:8700:0 ctx_version 1 current_ctx_version 2
I1218 01:45:36.485277 45139 server.cpp:306] Configuration of this group is 10.1.1.3:8700:0,10.1.2.3:8700:0,10.1.3.3:8700:0,10.1.4.3:8700:0,10.1.5.3:8700:0
I1218 01:45:36.487607 45139 server.cpp:306] Configuration of this group is 10.1.1.3:8700:0,10.1.2.3:8700:0,10.1.3.3:8700:0,10.1.4.3:8700:0,10.1.5.3:8700:0
I1218 01:45:36.515341 45139 server.cpp:306] Configuration of this group is 10.1.1.3:8700:0,10.1.2.3:8700:0,10.1.3.3:8700:0,10.1.4.3:8700:0,10.1.5.3:8700:0
I1218 01:45:36.517482 45139 server.cpp:306] Configuration of this group is 10.1.1.3:8700:0,10.1.2.3:8700:0,10.1.3.3:8700:0,10.1.4.3:8700:0,10.1.5.3:8700:0
I1218 01:45:36.543251 45139 server.cpp:306] Configuration of this group is 10.1.1.3:8700:0,10.1.2.3:8700:0,10.1.3.3:8700:0,10.1.4.3:8700:0,10.1.5.3:8700:0
I1218 01:45:36.545794 45139 server.cpp:306] Configuration of this group is 10.1.1.3:8700:0,10.1.2.3:8700:0,10.1.3.3:8700:0,10.1.4.3:8700:0,10.1.5.3:8700:0
I1218 01:45:36.570019 45139 server.cpp:306] Configuration of this group is 10.1.1.3:8700:0,10.1.2.3:8700:0,10.1.3.3:8700:0,10.1.4.3:8700:0,10.1.5.3:8700:0
I1218 01:45:36.571895 45140 node.cpp:2129] node Atomic:10.1.2.3:8700:0 received PreVote from 10.1.4.3:8700:0 in term 82 current_term 82 granted 0 rejected_by_lease 0
I1218 01:45:36.591208 45139 node.cpp:3310] node Atomic:10.1.2.3:8700:0 reset ConfigurationCtx, new_peers: 10.1.1.3:8700:0,10.1.2.3:8700:0,10.1.3.3:8700:0,10.1.4.3:8700:0,10.1.5.3:8700:0, old_peers: 10.1.1.3:8700:0,10.1.2.3:8700:0,10.1.3.3:8700:0,10.1.4.3:8700:0,10.1.5.3:8700:0
I1218 01:45:37.395442 45140 server.cpp:291] Node becomes leader
W1218 01:45:39.195834 45152 replicator.cpp:297] Group Atomic fail to issue RPC to 10.1.5.3:8700:0 _consecutive_error_times=11, [E22][10.1.5.3:8700][E22]node Atomic:10.1.5.3:8700:0 is not in active state, state ERROR
W1218 01:45:42.242743 45148 replicator.cpp:397] Group Atomic fail to issue RPC to 10.1.5.3:8700:0 _consecutive_error_times=21, [E22][10.1.5.3:8700][E22]node Atomic:10.1.5.3:8700:0 is not in active state, state ERROR
W1218 01:45:45.224845 45148 replicator.cpp:297] Group Atomic fail to issue RPC to 10.1.5.3:8700:0 _consecutive_error_times=31, [E22][10.1.5.3:8700][E22]node Atomic:10.1.5.3:8700:0 is not in active state, state ERROR
W1218 01:45:48.195377 45150 replicator.cpp:297] Group Atomic fail to issue RPC to 10.1.5.3:8700:0 _consecutive_error_times=41, [E22][10.1.5.3:8700][E22]node Atomic:10.1.5.3:8700:0 is not in active state, state ERROR
I1218 01:45:48.281121 45164 node.cpp:949] node Atomic:10.1.2.3:8700:0 starts to do snapshot
I1218 01:45:48.382917 45164 snapshot.cpp:647] Deleting ./data/snapshot/snapshot_00000000000000000074
I1218 01:45:48.384384 45164 snapshot.cpp:653] Renaming ./data/snapshot/temp to ./data/snapshot/snapshot_00000000000000000074
I1218 01:45:48.386590 45164 snapshot.cpp:523] Deleting ./data/snapshot/snapshot_00000000000000000067
I1218 01:45:48.449558 45164 snapshot_executor.cpp:234] node Atomic:10.1.2.3:8700:0 snapshot_save_done, last_included_index=74 last_included_term=82
I1218 01:45:48.512121 45162 log.cpp:1153] log save_meta ./data/log/log_meta first_log_index: 68 time: 40343
W1218 01:45:48.556304 45150 input_messenger.cpp:381] Fail to read from Socket{id=560 fd=12 addr=10.1.3.3:8700:49548} (0x631000118d80): Connection reset by peer [104]
W1218 01:45:48.575328 45162 replicator.cpp:297] Group Atomic fail to issue RPC to 10.1.3.3:8700:0 _consecutive_error_times=1, [E104]Fail to read from Socket{id=560fd=12 addr=10.1.3.3:8700:49548} (0x0x631000118d80): Connection reset by peer [R1][E112]Not connected to 10.1.3.3:8700 yet, server_id=560 [R2][E112]Not connected to 10.1.3.3:8700 yet, server_id=560 [R3][E112]Not connected to 10.1.3.3:8700 yet, server_id=560
I1218 01:45:48.680455 45150 socket.cpp:2570] Checking Socket{id=560 addr=10.1.3.3:8700} (0x631000118d80)
WARNING: Logging before InitGoogleLogging() is written to STDERR
W1218 01:46:30.321597 45858 bthread.cpp:409] Fail to set concurrency by tag: 0, tag concurrency must larger than old oncurrency. old concurrency: 24, new concurrency: 9
I1218 01:46:31.192853 45858 server.cpp:1208] Server[braft::RaftStatImpl+braft::FileServiceImpl+braft::RaftServiceImpl+braft::CliServiceImpl+example::AtomicServiceImpl] is serving on port=8700.
I1218 01:46:31.194298 45858 server.cpp:1211] Check out http://n2:8700 in web browser.
I1218 01:46:31.571247 45858 log.cpp:691] Use murmurhash32 as the checksum type of appending entries
I1218 01:46:31.630232 45858 log.cpp:1175] log load_meta ./data/log/log_meta first_log_index: 68 time: 20795
I1218 01:46:31.647254 45858 log.cpp:1115] load open segment, path: ./data/log first_index: 62
I1218 01:46:31.667620 45858 snapshot.cpp:465] Deleting ./data/snapshot/temp
I1218 01:46:31.843952 45917 server.cpp:306] Configuration of this group is 10.1.1.3:8700:0,10.1.2.3:8700:0,10.1.3.3:8700:0,10.1.4.3:8700:0,10.1.5.3:8700:0
I1218 01:46:31.965955 45917 snapshot_executor.cpp:264] node Atomic:10.1.2.3:8700:0 snapshot_load_done, last_included_index: 74 last_included_term: 82 peers: "10.1.1.3:8700:0" peers: "10.1.2.3:8700:0" peers: "10.1.3.3:8700:0" peers: "10.1.4.3:8700:0" peers: "10.1.5.3:8700:0"
I1218 01:46:32.067808 45858 raft_meta.cpp:521] Loaded single stable meta, path ./data/raft_meta term 82 votedfor 10.1.2.3:8700:0 time: 23035
I1218 01:46:32.108029 45858 node.cpp:608] node Atomic:10.1.2.3:8700:0 init, term: 82 last_log_id: (index=74,term=82) conf: 10.1.1.3:8700:0,10.1.2.3:8700:0,10.1.3.3:8700:0,10.1.4.3:8700:0,10.1.5.3:8700:0 old_conf: 
I1218 01:46:32.182160 45858 server.cpp:509] Atomic service is running on 0.0.0.0:8700
I1218 01:46:37.600445 45907 node.cpp:1587] node Atomic:10.1.2.3:8700:0 term 82 start pre_vote
W1218 01:46:38.367966 45912 node.cpp:1567] node Atomic:10.1.2.3:8700:0 request PreVote from 10.1.1.3:8700:0 error: [E110]Fail to connect Socket{id=93 addr=10.1.1.3:8700} (0x0x631000050800): Connection timed out
I1218 01:46:38.541560 45932 node.cpp:2129] node Atomic:10.1.2.3:8700:0 received PreVote from 10.1.3.3:8700:0 in term 83 current_term 82 granted 1 rejected_by_lease 0
I1218 01:46:38.713318 45924 node.cpp:1512] node Atomic:10.1.2.3:8700:0 received PreVoteResponse from 10.1.3.3:8700:0 term 82 granted 1 rejected_by_lease 0 disrupted 0
I1218 01:46:38.797051 45924 node.cpp:1512] node Atomic:10.1.2.3:8700:0 received PreVoteResponse from 10.1.4.3:8700:0 term 82 granted 1 rejected_by_lease 0 disrupted 0
I1218 01:46:38.798707 45924 node.cpp:1653] node Atomic:10.1.2.3:8700:0 term 82 start vote and grant vote self
I1218 01:46:39.107662 45924 raft_meta.cpp:546] Saved single stable meta, path ./data/raft_meta term 83 votedfor 10.1.2.3:8700:0 time: 153563
I1218 01:46:39.117836 45910 node.cpp:2211] node Atomic:10.1.2.3:8700:0 received RequestVote from 10.1.3.3:8700:0 in term 83 current_term 83 log_is_ok 1 votable_time 0
W1218 01:46:39.173964 45921 node.cpp:1479] node Atomic:10.1.2.3:8700:0 received invalid PreVoteResponse from 10.1.5.3:8700:0 ctx_version 2 current_ctx_version 3
I1218 01:46:39.205482 45907 node.cpp:1403] node Atomic:10.1.2.3:8700:0 received RequestVoteResponse from 10.1.3.3:8700:0 term 83 granted 0 rejected_by_lease 0 disrupted 0
I1218 01:46:39.208519 45920 node.cpp:1403] node Atomic:10.1.2.3:8700:0 received RequestVoteResponse from 10.1.4.3:8700:0 term 83 granted 1 rejected_by_lease 0 disrupted 0
I1218 01:46:39.275955 45924 node.cpp:1403] node Atomic:10.1.2.3:8700:0 received RequestVoteResponse from 10.1.5.3:8700:0 term 83 granted 1 rejected_by_lease 0 disrupted 0
I1218 01:46:39.277110 45924 node.cpp:1908] node Atomic:10.1.2.3:8700:0 term 83 become leader of group 10.1.1.3:8700:0,10.1.2.3:8700:0,10.1.3.3:8700:0,10.1.4.3:8700:0,10.1.5.3:8700:0 
I1218 01:46:39.304397 45924 replicator.cpp:143] Replicator=1129576398854@10.1.1.3:8700:0 is started, group Atomic
I1218 01:46:39.347559 45924 replicator.cpp:143] Replicator=2254857830401@10.1.3.3:8700:0 is started, group Atomic
I1218 01:46:39.371690 45924 replicator.cpp:143] Replicator=2272037699585@10.1.4.3:8700:0 is started, group Atomic
I1218 01:46:39.380632 45924 replicator.cpp:143] Replicator=2289217568769@10.1.5.3:8700:0 is started, group Atomic
W1218 01:46:39.642025 45919 node.cpp:1370] node Atomic:10.1.2.3:8700:0 received invalid RequestVoteResponse from 10.1.1.3:8700:0 ctx_version 1 current_ctx_version 2
I1218 01:46:39.701321 45924 replicator.cpp:835] node Atomic:10.1.2.3:8700:0 send InstallSnapshotRequest to 10.1.5.3:8700:0 term 83 last_included_term 82 last_included_index 74 uri remote://10.1.2.3:8700/1613530571778590045
I1218 01:46:39.963064 45907 server.cpp:306] Configuration of this group is 10.1.1.3:8700:0,10.1.2.3:8700:0,10.1.3.3:8700:0,10.1.4.3:8700:0,10.1.5.3:8700:0
I1218 01:46:40.178967 45907 node.cpp:3310] node Atomic:10.1.2.3:8700:0 reset ConfigurationCtx, new_peers: 10.1.1.3:8700:0,10.1.2.3:8700:0,10.1.3.3:8700:0,10.1.4.3:8700:0,10.1.5.3:8700:0, old_peers: 10.1.1.3:8700:0,10.1.2.3:8700:0,10.1.3.3:8700:0,10.1.4.3:8700:0,10.1.5.3:8700:0
I1218 01:46:40.508193 45928 server.cpp:291] Node becomes leader
I1218 01:46:40.945602 45906 replicator.cpp:902] received InstallSnapshotResponse from Atomic:10.1.5.3:8700:0 last_included_index 74 last_included_term 82 success.
W1218 01:46:56.637305 45912 input_messenger.cpp:381] Fail to read from Socket{id=8589934689 fd=9 addr=10.1.1.3:8700:55986} (0x631000051300): Connection reset by peer [104]
W1218 01:46:56.729048 45910 replicator.cpp:297] Group Atomic fail to issue RPC to 10.1.1.3:8700:0 _consecutive_error_times=1, [E104]Fail to read from Socket{id=8589934689fd=9 addr=10.1.1.3:8700:55986} (0x0x631000051300): Connection reset by peer [R1][E112]Not connected to 10.1.1.3:8700 yet, server_id=8589934689 [R2][E112]Not connected to 10.1.1.3:8700 yet, server_id=8589934689 [R3][E112]Not connected to 10.1.1.3:8700 yet, server_id=8589934689
I1218 01:46:56.816455 45921 socket.cpp:2570] Checking Socket{id=8589934689 addr=10.1.1.3:8700} (0x631000051300)
WARNING: Logging before InitGoogleLogging() is written to STDERR
W1218 01:47:06.299408 46209 bthread.cpp:409] Fail to set concurrency by tag: 0, tag concurrency must larger than old oncurrency. old concurrency: 24, new concurrency: 9
I1218 01:47:06.629911 46209 server.cpp:1208] Server[braft::RaftStatImpl+braft::FileServiceImpl+braft::RaftServiceImpl+braft::CliServiceImpl+example::AtomicServiceImpl] is serving on port=8700.
I1218 01:47:06.647864 46209 server.cpp:1211] Check out http://n2:8700 in web browser.
I1218 01:47:06.845490 46209 log.cpp:691] Use murmurhash32 as the checksum type of appending entries
I1218 01:47:06.849251 46209 log.cpp:1175] log load_meta ./data/log/log_meta first_log_index: 68 time: 2379
I1218 01:47:06.852568 46209 log.cpp:1115] load open segment, path: ./data/log first_index: 62
I1218 01:47:06.932843 46209 snapshot.cpp:465] Deleting ./data/snapshot/temp
I1218 01:47:07.093382 46277 server.cpp:306] Configuration of this group is 10.1.1.3:8700:0,10.1.2.3:8700:0,10.1.3.3:8700:0,10.1.4.3:8700:0,10.1.5.3:8700:0
I1218 01:47:07.238278 46277 snapshot_executor.cpp:264] node Atomic:10.1.2.3:8700:0 snapshot_load_done, last_included_index: 74 last_included_term: 82 peers: "10.1.1.3:8700:0" peers: "10.1.2.3:8700:0" peers: "10.1.3.3:8700:0" peers: "10.1.4.3:8700:0" peers: "10.1.5.3:8700:0"
I1218 01:47:07.309574 46209 raft_meta.cpp:521] Loaded single stable meta, path ./data/raft_meta term 83 votedfor 10.1.2.3:8700:0 time: 1587
I1218 01:47:07.329073 46209 node.cpp:608] node Atomic:10.1.2.3:8700:0 init, term: 83 last_log_id: (index=75,term=83) conf: 10.1.1.3:8700:0,10.1.2.3:8700:0,10.1.3.3:8700:0,10.1.4.3:8700:0,10.1.5.3:8700:0 old_conf: 
I1218 01:47:07.352000 46209 server.cpp:509] Atomic service is running on 0.0.0.0:8700
I1218 01:47:07.842202 46286 node.cpp:2129] node Atomic:10.1.2.3:8700:0 received PreVote from 10.1.3.3:8700:0 in term 84 current_term 83 granted 1 rejected_by_lease 0
I1218 01:47:08.214167 46286 node.cpp:2211] node Atomic:10.1.2.3:8700:0 received RequestVote from 10.1.3.3:8700:0 in term 84 current_term 83 log_is_ok 1 votable_time 0
I1218 01:47:08.330279 46286 raft_meta.cpp:546] Saved single stable meta, path ./data/raft_meta term 84 votedfor 0.0.0.0:0:0 time: 97395
I1218 01:47:08.395026 46286 raft_meta.cpp:546] Saved single stable meta, path ./data/raft_meta term 84 votedfor 10.1.3.3:8700:0 time: 60904
I1218 01:47:08.848361 46280 server.cpp:312] Node start following { leader_id=10.1.3.3:8700:0, term=84, status=Follower receives message from new leader with the same term.}
I1218 01:47:08.901799 46280 server.cpp:306] Configuration of this group is 10.1.1.3:8700:0,10.1.2.3:8700:0,10.1.3.3:8700:0,10.1.4.3:8700:0,10.1.5.3:8700:0
I1218 01:47:09.189361 46284 server.cpp:306] Configuration of this group is 10.1.1.3:8700:0,10.1.2.3:8700:0,10.1.3.3:8700:0,10.1.4.3:8700:0,10.1.5.3:8700:0
WARNING: Logging before InitGoogleLogging() is written to STDERR
W1218 01:47:29.244606 46413 bthread.cpp:409] Fail to set concurrency by tag: 0, tag concurrency must larger than old oncurrency. old concurrency: 24, new concurrency: 9
I1218 01:47:29.807284 46413 server.cpp:1208] Server[braft::RaftStatImpl+braft::FileServiceImpl+braft::RaftServiceImpl+braft::CliServiceImpl+example::AtomicServiceImpl] is serving on port=8700.
I1218 01:47:29.808866 46413 server.cpp:1211] Check out http://n2:8700 in web browser.
I1218 01:47:30.414019 46413 log.cpp:691] Use murmurhash32 as the checksum type of appending entries
I1218 01:47:30.430049 46413 log.cpp:1175] log load_meta ./data/log/log_meta first_log_index: 68 time: 1861
I1218 01:47:30.442955 46413 log.cpp:1115] load open segment, path: ./data/log first_index: 62
I1218 01:47:30.528873 46413 snapshot.cpp:465] Deleting ./data/snapshot/temp
I1218 01:47:30.887130 46483 server.cpp:306] Configuration of this group is 10.1.1.3:8700:0,10.1.2.3:8700:0,10.1.3.3:8700:0,10.1.4.3:8700:0,10.1.5.3:8700:0
I1218 01:47:31.076136 46483 snapshot_executor.cpp:264] node Atomic:10.1.2.3:8700:0 snapshot_load_done, last_included_index: 74 last_included_term: 82 peers: "10.1.1.3:8700:0" peers: "10.1.2.3:8700:0" peers: "10.1.3.3:8700:0" peers: "10.1.4.3:8700:0" peers: "10.1.5.3:8700:0"
I1218 01:47:31.172546 46413 raft_meta.cpp:521] Loaded single stable meta, path ./data/raft_meta term 84 votedfor 10.1.3.3:8700:0 time: 1592
I1218 01:47:31.174360 46413 node.cpp:608] node Atomic:10.1.2.3:8700:0 init, term: 84 last_log_id: (index=76,term=84) conf: 10.1.1.3:8700:0,10.1.2.3:8700:0,10.1.3.3:8700:0,10.1.4.3:8700:0,10.1.5.3:8700:0 old_conf: 
I1218 01:47:31.215838 46413 server.cpp:509] Atomic service is running on 0.0.0.0:8700
I1218 01:47:31.449167 46456 raft_meta.cpp:546] Saved single stable meta, path ./data/raft_meta term 85 votedfor 0.0.0.0:0:0 time: 68009
I1218 01:47:31.451992 46483 server.cpp:312] Node start following { leader_id=10.1.3.3:8700:0, term=85, status=Raft node receives message from new leader with higher term.}
I1218 01:47:31.531787 46480 server.cpp:306] Configuration of this group is 10.1.1.3:8700:0,10.1.2.3:8700:0,10.1.3.3:8700:0,10.1.4.3:8700:0,10.1.5.3:8700:0
I1218 01:47:31.533715 46480 server.cpp:306] Configuration of this group is 10.1.1.3:8700:0,10.1.2.3:8700:0,10.1.3.3:8700:0,10.1.4.3:8700:0,10.1.5.3:8700:0
I1218 01:47:31.648017 46468 server.cpp:306] Configuration of this group is 10.1.1.3:8700:0,10.1.2.3:8700:0,10.1.3.3:8700:0,10.1.4.3:8700:0,10.1.5.3:8700:0
I1218 01:47:38.523905 46475 node.cpp:949] node Atomic:10.1.2.3:8700:0 starts to do snapshot
I1218 01:47:38.749115 46475 snapshot.cpp:647] Deleting ./data/snapshot/snapshot_00000000000000000077
I1218 01:47:38.761811 46475 snapshot.cpp:653] Renaming ./data/snapshot/temp to ./data/snapshot/snapshot_00000000000000000077
I1218 01:47:38.773274 46475 snapshot.cpp:523] Deleting ./data/snapshot/snapshot_00000000000000000074
I1218 01:47:38.965462 46475 snapshot_executor.cpp:234] node Atomic:10.1.2.3:8700:0 snapshot_save_done, last_included_index=77 last_included_term=85
I1218 01:47:39.028578 46482 log.cpp:1153] log save_meta ./data/log/log_meta first_log_index: 75 time: 34486
I1218 01:48:08.590691 46456 node.cpp:949] node Atomic:10.1.2.3:8700:0 starts to do snapshot
I1218 01:48:08.826262 46456 snapshot_executor.cpp:154] node Atomic:10.1.2.3:8700:0 the gap between fsm applied index 77 and last_snapshot_index 77 is less than 1, will clear bufferred logs and return success
I1218 01:48:09.313601 46480 log.cpp:1153] log save_meta ./data/log/log_meta first_log_index: 78 time: 524612
I1218 01:48:09.500876 46480 log.cpp:608] Unlinked segment `./data/log/log_inprogress_00000000000000000062'
WARNING: Logging before InitGoogleLogging() is written to STDERR
W1218 01:48:22.164685 46939 bthread.cpp:409] Fail to set concurrency by tag: 0, tag concurrency must larger than old oncurrency. old concurrency: 24, new concurrency: 9
I1218 01:48:22.468519 46939 server.cpp:1208] Server[braft::RaftStatImpl+braft::FileServiceImpl+braft::RaftServiceImpl+braft::CliServiceImpl+example::AtomicServiceImpl] is serving on port=8700.
I1218 01:48:22.471078 46939 server.cpp:1211] Check out http://n2:8700 in web browser.
I1218 01:48:22.945972 46939 log.cpp:691] Use murmurhash32 as the checksum type of appending entries
I1218 01:48:22.990725 46939 log.cpp:1175] log load_meta ./data/log/log_meta first_log_index: 78 time: 25976
I1218 01:48:22.993881 46939 snapshot.cpp:465] Deleting ./data/snapshot/temp
I1218 01:48:23.201160 47003 server.cpp:306] Configuration of this group is 10.1.1.3:8700:0,10.1.2.3:8700:0,10.1.3.3:8700:0,10.1.4.3:8700:0,10.1.5.3:8700:0
I1218 01:48:23.261847 47003 snapshot_executor.cpp:264] node Atomic:10.1.2.3:8700:0 snapshot_load_done, last_included_index: 77 last_included_term: 85 peers: "10.1.1.3:8700:0" peers: "10.1.2.3:8700:0" peers: "10.1.3.3:8700:0" peers: "10.1.4.3:8700:0" peers: "10.1.5.3:8700:0"
I1218 01:48:23.300114 46939 raft_meta.cpp:521] Loaded single stable meta, path ./data/raft_meta term 85 votedfor 0.0.0.0:0:0 time: 2595
I1218 01:48:23.301440 46939 node.cpp:608] node Atomic:10.1.2.3:8700:0 init, term: 85 last_log_id: (index=77,term=85) conf: 10.1.1.3:8700:0,10.1.2.3:8700:0,10.1.3.3:8700:0,10.1.4.3:8700:0,10.1.5.3:8700:0 old_conf: 
I1218 01:48:23.333678 46939 server.cpp:509] Atomic service is running on 0.0.0.0:8700
I1218 01:48:34.325623 46997 node.cpp:1587] node Atomic:10.1.2.3:8700:0 term 85 start pre_vote
WARNING: Logging before InitGoogleLogging() is written to STDERR
W1218 01:48:58.396476 47389 bthread.cpp:409] Fail to set concurrency by tag: 0, tag concurrency must larger than old oncurrency. old concurrency: 24, new concurrency: 9
I1218 01:48:59.024273 47389 server.cpp:1208] Server[braft::RaftStatImpl+braft::FileServiceImpl+braft::RaftServiceImpl+braft::CliServiceImpl+example::AtomicServiceImpl] is serving on port=8700.
I1218 01:48:59.064028 47389 server.cpp:1211] Check out http://n2:8700 in web browser.
I1218 01:48:59.474082 47389 log.cpp:691] Use murmurhash32 as the checksum type of appending entries
I1218 01:48:59.499347 47389 log.cpp:1175] log load_meta ./data/log/log_meta first_log_index: 78 time: 22952
I1218 01:48:59.554260 47389 snapshot.cpp:465] Deleting ./data/snapshot/temp
I1218 01:48:59.814885 47432 server.cpp:306] Configuration of this group is 10.1.1.3:8700:0,10.1.2.3:8700:0,10.1.3.3:8700:0,10.1.4.3:8700:0,10.1.5.3:8700:0
I1218 01:49:00.059294 47432 snapshot_executor.cpp:264] node Atomic:10.1.2.3:8700:0 snapshot_load_done, last_included_index: 77 last_included_term: 85 peers: "10.1.1.3:8700:0" peers: "10.1.2.3:8700:0" peers: "10.1.3.3:8700:0" peers: "10.1.4.3:8700:0" peers: "10.1.5.3:8700:0"
I1218 01:49:00.141192 47389 raft_meta.cpp:521] Loaded single stable meta, path ./data/raft_meta term 85 votedfor 0.0.0.0:0:0 time: 2766
I1218 01:49:00.161556 47389 node.cpp:608] node Atomic:10.1.2.3:8700:0 init, term: 85 last_log_id: (index=77,term=85) conf: 10.1.1.3:8700:0,10.1.2.3:8700:0,10.1.3.3:8700:0,10.1.4.3:8700:0,10.1.5.3:8700:0 old_conf: 
I1218 01:49:00.181633 47389 server.cpp:509] Atomic service is running on 0.0.0.0:8700
I1218 01:49:02.325263 47445 node.cpp:949] node Atomic:10.1.2.3:8700:0 starts to do snapshot
I1218 01:49:02.344070 47445 snapshot_executor.cpp:154] node Atomic:10.1.2.3:8700:0 the gap between fsm applied index 77 and last_snapshot_index 77 is less than 1, will clear bufferred logs and return success
I1218 01:49:05.472812 47432 node.cpp:2129] node Atomic:10.1.2.3:8700:0 received PreVote from 10.1.3.3:8700:0 in term 86 current_term 85 granted 1 rejected_by_lease 0
I1218 01:49:05.622918 47445 node.cpp:1587] node Atomic:10.1.2.3:8700:0 term 85 start pre_vote
I1218 01:49:05.804193 47441 node.cpp:2211] node Atomic:10.1.2.3:8700:0 received RequestVote from 10.1.3.3:8700:0 in term 86 current_term 85 log_is_ok 1 votable_time 0
I1218 01:49:05.893079 47441 raft_meta.cpp:546] Saved single stable meta, path ./data/raft_meta term 86 votedfor 0.0.0.0:0:0 time: 41982
I1218 01:49:05.962812 47441 raft_meta.cpp:546] Saved single stable meta, path ./data/raft_meta term 86 votedfor 10.1.3.3:8700:0 time: 25874
W1218 01:49:05.996821 47421 node.cpp:1479] node Atomic:10.1.2.3:8700:0 received invalid PreVoteResponse from 10.1.1.3:8700:0 ctx_version 2 current_ctx_version 4
W1218 01:49:06.013056 47430 node.cpp:1479] node Atomic:10.1.2.3:8700:0 received invalid PreVoteResponse from 10.1.3.3:8700:0 ctx_version 2 current_ctx_version 4
W1218 01:49:06.015877 47441 node.cpp:1479] node Atomic:10.1.2.3:8700:0 received invalid PreVoteResponse from 10.1.5.3:8700:0 ctx_version 2 current_ctx_version 4
W1218 01:49:06.088258 47445 node.cpp:1479] node Atomic:10.1.2.3:8700:0 received invalid PreVoteResponse from 10.1.4.3:8700:0 ctx_version 2 current_ctx_version 4
I1218 01:49:06.429445 47445 server.cpp:312] Node start following { leader_id=10.1.3.3:8700:0, term=86, status=Follower receives message from new leader with the same term.}
I1218 01:49:06.589529 47427 log.cpp:114] Created new segment `./data/log/log_inprogress_00000000000000000078' with fd=8
I1218 01:49:06.955869 47441 server.cpp:306] Configuration of this group is 10.1.1.3:8700:0,10.1.2.3:8700:0,10.1.3.3:8700:0,10.1.4.3:8700:0,10.1.5.3:8700:0
WARNING: Logging before InitGoogleLogging() is written to STDERR
W1218 01:49:29.357200 47693 bthread.cpp:409] Fail to set concurrency by tag: 0, tag concurrency must larger than old oncurrency. old concurrency: 24, new concurrency: 9
I1218 01:49:29.882043 47693 server.cpp:1208] Server[braft::RaftStatImpl+braft::FileServiceImpl+braft::RaftServiceImpl+braft::CliServiceImpl+example::AtomicServiceImpl] is serving on port=8700.
I1218 01:49:29.896792 47693 server.cpp:1211] Check out http://n2:8700 in web browser.
I1218 01:49:30.205307 47693 log.cpp:691] Use murmurhash32 as the checksum type of appending entries
I1218 01:49:30.251632 47693 log.cpp:1175] log load_meta ./data/log/log_meta first_log_index: 78 time: 34773
I1218 01:49:30.254352 47693 log.cpp:1115] load open segment, path: ./data/log first_index: 78
I1218 01:49:30.300009 47693 snapshot.cpp:465] Deleting ./data/snapshot/temp
I1218 01:49:30.461552 47744 server.cpp:306] Configuration of this group is 10.1.1.3:8700:0,10.1.2.3:8700:0,10.1.3.3:8700:0,10.1.4.3:8700:0,10.1.5.3:8700:0
I1218 01:49:30.512672 47744 snapshot_executor.cpp:264] node Atomic:10.1.2.3:8700:0 snapshot_load_done, last_included_index: 77 last_included_term: 85 peers: "10.1.1.3:8700:0" peers: "10.1.2.3:8700:0" peers: "10.1.3.3:8700:0" peers: "10.1.4.3:8700:0" peers: "10.1.5.3:8700:0"
I1218 01:49:30.552632 47693 raft_meta.cpp:521] Loaded single stable meta, path ./data/raft_meta term 86 votedfor 10.1.3.3:8700:0 time: 1256
I1218 01:49:30.587255 47693 node.cpp:608] node Atomic:10.1.2.3:8700:0 init, term: 86 last_log_id: (index=78,term=86) conf: 10.1.1.3:8700:0,10.1.2.3:8700:0,10.1.3.3:8700:0,10.1.4.3:8700:0,10.1.5.3:8700:0 old_conf: 
I1218 01:49:30.611240 47693 server.cpp:509] Atomic service is running on 0.0.0.0:8700
I1218 01:49:32.918095 47765 node.cpp:2129] node Atomic:10.1.2.3:8700:0 received PreVote from 10.1.3.3:8700:0 in term 87 current_term 86 granted 1 rejected_by_lease 0
I1218 01:49:33.189230 47763 node.cpp:2211] node Atomic:10.1.2.3:8700:0 received RequestVote from 10.1.3.3:8700:0 in term 87 current_term 86 log_is_ok 1 votable_time 0
I1218 01:49:33.323451 47763 raft_meta.cpp:546] Saved single stable meta, path ./data/raft_meta term 87 votedfor 0.0.0.0:0:0 time: 114763
I1218 01:49:33.361054 47763 raft_meta.cpp:546] Saved single stable meta, path ./data/raft_meta term 87 votedfor 10.1.3.3:8700:0 time: 35143
I1218 01:49:35.166049 47737 server.cpp:312] Node start following { leader_id=10.1.3.3:8700:0, term=87, status=Follower receives message from new leader with the same term.}
I1218 01:49:35.299674 47737 server.cpp:306] Configuration of this group is 10.1.1.3:8700:0,10.1.2.3:8700:0,10.1.3.3:8700:0,10.1.4.3:8700:0,10.1.5.3:8700:0
I1218 01:49:35.797477 47745 server.cpp:306] Configuration of this group is 10.1.1.3:8700:0,10.1.2.3:8700:0,10.1.3.3:8700:0,10.1.4.3:8700:0,10.1.5.3:8700:0
WARNING: Logging before InitGoogleLogging() is written to STDERR
W1218 01:49:50.840072 47883 bthread.cpp:409] Fail to set concurrency by tag: 0, tag concurrency must larger than old oncurrency. old concurrency: 24, new concurrency: 9
I1218 01:49:51.644964 47883 server.cpp:1208] Server[braft::RaftStatImpl+braft::FileServiceImpl+braft::RaftServiceImpl+braft::CliServiceImpl+example::AtomicServiceImpl] is serving on port=8700.
I1218 01:49:51.712764 47883 server.cpp:1211] Check out http://n2:8700 in web browser.
I1218 01:49:52.561992 47883 log.cpp:691] Use murmurhash32 as the checksum type of appending entries
I1218 01:49:52.700325 47883 log.cpp:1175] log load_meta ./data/log/log_meta first_log_index: 78 time: 2297
I1218 01:49:52.703209 47883 log.cpp:1115] load open segment, path: ./data/log first_index: 78
I1218 01:49:52.743757 47883 snapshot.cpp:465] Deleting ./data/snapshot/temp
I1218 01:49:52.894577 47935 server.cpp:306] Configuration of this group is 10.1.1.3:8700:0,10.1.2.3:8700:0,10.1.3.3:8700:0,10.1.4.3:8700:0,10.1.5.3:8700:0
I1218 01:49:52.947844 47935 snapshot_executor.cpp:264] node Atomic:10.1.2.3:8700:0 snapshot_load_done, last_included_index: 77 last_included_term: 85 peers: "10.1.1.3:8700:0" peers: "10.1.2.3:8700:0" peers: "10.1.3.3:8700:0" peers: "10.1.4.3:8700:0" peers: "10.1.5.3:8700:0"
I1218 01:49:52.969588 47883 raft_meta.cpp:521] Loaded single stable meta, path ./data/raft_meta term 87 votedfor 10.1.3.3:8700:0 time: 1263
I1218 01:49:52.971700 47883 node.cpp:608] node Atomic:10.1.2.3:8700:0 init, term: 87 last_log_id: (index=79,term=87) conf: 10.1.1.3:8700:0,10.1.2.3:8700:0,10.1.3.3:8700:0,10.1.4.3:8700:0,10.1.5.3:8700:0 old_conf: 
I1218 01:49:52.974351 47883 server.cpp:509] Atomic service is running on 0.0.0.0:8700
I1218 01:49:53.155102 47936 node.cpp:949] node Atomic:10.1.2.3:8700:0 starts to do snapshot
I1218 01:49:53.176234 47936 snapshot_executor.cpp:154] node Atomic:10.1.2.3:8700:0 the gap between fsm applied index 77 and last_snapshot_index 77 is less than 1, will clear bufferred logs and return success
I1218 01:49:57.463791 47954 node.cpp:2129] node Atomic:10.1.2.3:8700:0 received PreVote from 10.1.3.3:8700:0 in term 88 current_term 87 granted 1 rejected_by_lease 0
I1218 01:49:57.480299 47943 node.cpp:2129] node Atomic:10.1.2.3:8700:0 received PreVote from 10.1.1.3:8700:0 in term 88 current_term 87 granted 1 rejected_by_lease 0
I1218 01:49:57.673183 47935 node.cpp:2211] node Atomic:10.1.2.3:8700:0 received RequestVote from 10.1.3.3:8700:0 in term 88 current_term 87 log_is_ok 1 votable_time 0
I1218 01:49:57.745663 47935 raft_meta.cpp:546] Saved single stable meta, path ./data/raft_meta term 88 votedfor 0.0.0.0:0:0 time: 70487
I1218 01:49:57.812160 47935 raft_meta.cpp:546] Saved single stable meta, path ./data/raft_meta term 88 votedfor 10.1.3.3:8700:0 time: 48987
I1218 01:49:57.925616 47943 node.cpp:2211] node Atomic:10.1.2.3:8700:0 received RequestVote from 10.1.1.3:8700:0 in term 88 current_term 88 log_is_ok 1 votable_time 0
I1218 01:49:58.119982 47943 server.cpp:312] Node start following { leader_id=10.1.3.3:8700:0, term=88, status=Follower receives message from new leader with the same term.}
I1218 01:49:58.191362 47954 server.cpp:306] Configuration of this group is 10.1.1.3:8700:0,10.1.2.3:8700:0,10.1.3.3:8700:0,10.1.4.3:8700:0,10.1.5.3:8700:0
I1218 01:49:58.194800 47954 server.cpp:306] Configuration of this group is 10.1.1.3:8700:0,10.1.2.3:8700:0,10.1.3.3:8700:0,10.1.4.3:8700:0,10.1.5.3:8700:0
I1218 01:49:58.599578 47943 server.cpp:306] Configuration of this group is 10.1.1.3:8700:0,10.1.2.3:8700:0,10.1.3.3:8700:0,10.1.4.3:8700:0,10.1.5.3:8700:0
I1218 01:50:23.220393 47952 node.cpp:949] node Atomic:10.1.2.3:8700:0 starts to do snapshot
I1218 01:50:23.660979 47952 snapshot.cpp:647] Deleting ./data/snapshot/snapshot_00000000000000000080
I1218 01:50:23.677487 47952 snapshot.cpp:653] Renaming ./data/snapshot/temp to ./data/snapshot/snapshot_00000000000000000080
I1218 01:50:23.720728 47952 snapshot.cpp:523] Deleting ./data/snapshot/snapshot_00000000000000000077
I1218 01:50:23.817452 47952 snapshot_executor.cpp:234] node Atomic:10.1.2.3:8700:0 snapshot_save_done, last_included_index=80 last_included_term=88
I1218 01:50:38.206969 47940 node.cpp:1587] node Atomic:10.1.2.3:8700:0 term 88 start pre_vote
I1218 01:50:38.204347 47930 server.cpp:309] Node stops following { leader_id=10.1.3.3:8700:0, term=88, status=Lost connection from leader 10.1.3.3:8700:0}
W1218 01:50:38.453402 47935 node.cpp:1567] node Atomic:10.1.2.3:8700:0 request PreVote from 10.1.1.3:8700:0 error: [E111]Fail to connect Socket{id=465 addr=10.1.1.3:8700} (0x0x6310000dc800): Connection refused
W1218 01:50:38.463559 47954 node.cpp:1567] node Atomic:10.1.2.3:8700:0 request PreVote from 10.1.4.3:8700:0 error: [E111]Fail to connect Socket{id=469 addr=10.1.4.3:8700} (0x0x6310000dd300): Connection refused
W1218 01:50:38.608486 47939 node.cpp:1567] node Atomic:10.1.2.3:8700:0 request PreVote from 10.1.5.3:8700:0 error: [E22][10.1.5.3:8700][E22]Invalid argument
W1218 01:50:43.417019 47933 node.cpp:1567] node Atomic:10.1.2.3:8700:0 request PreVote from 10.1.3.3:8700:0 error: [E1008]Reached timeout=5000ms @10.1.3.3:8700
I1218 01:50:43.606114 47940 node.cpp:1587] node Atomic:10.1.2.3:8700:0 term 88 start pre_vote
W1218 01:50:44.259141 47936 node.cpp:1567] node Atomic:10.1.2.3:8700:0 request PreVote from 10.1.1.3:8700:0 error: [E110]Fail to connect Socket{id=473 addr=10.1.1.3:8700} (0x0x6310000dde00): Connection timed out
W1218 01:50:44.474864 47935 node.cpp:1567] node Atomic:10.1.2.3:8700:0 request PreVote from 10.1.4.3:8700:0 error: [E111]Fail to connect Socket{id=477 addr=10.1.4.3:8700} (0x0x6310000de900): Connection refused
W1218 01:50:44.710839 47943 node.cpp:1567] node Atomic:10.1.2.3:8700:0 request PreVote from 10.1.5.3:8700:0 error: [E22][10.1.5.3:8700][E22]Invalid argument
W1218 01:50:49.312347 47933 node.cpp:1567] node Atomic:10.1.2.3:8700:0 request PreVote from 10.1.3.3:8700:0 error: [E1008]Reached timeout=5000ms @10.1.3.3:8700
I1218 01:50:49.724341 47930 node.cpp:1587] node Atomic:10.1.2.3:8700:0 term 88 start pre_vote
W1218 01:50:49.760702 47935 node.cpp:1567] node Atomic:10.1.2.3:8700:0 request PreVote from 10.1.5.3:8700:0 error: [E111]Fail to connect Socket{id=564 addr=10.1.5.3:8700} (0x0x631000105880): Connection refused
W1218 01:50:49.785928 47948 node.cpp:1567] node Atomic:10.1.2.3:8700:0 request PreVote from 10.1.4.3:8700:0 error: [E111]Fail to connect Socket{id=562 addr=10.1.4.3:8700} (0x0x631000105300): Connection refused
W1218 01:50:49.816118 47939 node.cpp:1567] node Atomic:10.1.2.3:8700:0 request PreVote from 10.1.1.3:8700:0 error: [E111]Fail to connect Socket{id=558 addr=10.1.1.3:8700} (0x0x631000104800): Connection refused
I1218 01:50:53.380039 47930 node.cpp:949] node Atomic:10.1.2.3:8700:0 starts to do snapshot
