W1218 01:37:07.759367 39413 node.cpp:1567] node Atomic:10.1.2.3:8700:0 request PreVote from 10.1.3.3:8700:0 error: [E111]Fail to connect Socket{id=466 addr=10.1.3.3:8700} (0x0x63100012cac0): Connection refused
W1218 01:37:07.775961 39429 node.cpp:1567] node Atomic:10.1.2.3:8700:0 request PreVote from 10.1.4.3:8700:0 error: [E111]Fail to connect Socket{id=468 addr=10.1.4.3:8700} (0x0x63100012d040): Connection refused
W1218 01:37:07.911979 39419 node.cpp:1567] node Atomic:10.1.2.3:8700:0 request PreVote from 10.1.5.3:8700:0 error: [E22][10.1.5.3:8700][E22]Invalid argument
I1218 01:37:08.066330 39419 node.cpp:1512] node Atomic:10.1.2.3:8700:0 received PreVoteResponse from 10.1.1.3:8700:0 term 65 granted 1 rejected_by_lease 0 disrupted 0
I1218 01:37:10.670120 39414 node.cpp:2129] node Atomic:10.1.2.3:8700:0 received PreVote from 10.1.1.3:8700:0 in term 66 current_term 65 granted 1 rejected_by_lease 0
I1218 01:37:13.341885 39427 node.cpp:1587] node Atomic:10.1.2.3:8700:0 term 65 start pre_vote
W1218 01:37:13.533718 39421 node.cpp:1567] node Atomic:10.1.2.3:8700:0 request PreVote from 10.1.4.3:8700:0 error: [E111]Fail to connect Socket{id=17179869283 addr=10.1.4.3:8700} (0x0x631000051880): Connection refused
W1218 01:37:13.537868 39421 node.cpp:1567] node Atomic:10.1.2.3:8700:0 request PreVote from 10.1.3.3:8700:0 error: [E111]Fail to connect Socket{id=17179869371 addr=10.1.3.3:8700} (0x0x63100008cac0): Connection refused
W1218 01:37:13.568507 39427 node.cpp:1567] node Atomic:10.1.2.3:8700:0 request PreVote from 10.1.5.3:8700:0 error: [E111]Fail to connect Socket{id=281 addr=10.1.5.3:8700} (0x0x6310000b4d80): Connection refused
I1218 01:37:13.651670 39426 node.cpp:1512] node Atomic:10.1.2.3:8700:0 received PreVoteResponse from 10.1.1.3:8700:0 term 65 granted 1 rejected_by_lease 0 disrupted 0
I1218 01:37:16.008381 39429 node.cpp:2129] node Atomic:10.1.2.3:8700:0 received PreVote from 10.1.1.3:8700:0 in term 66 current_term 65 granted 1 rejected_by_lease 0
I1218 01:37:17.739212 39413 node.cpp:949] node Atomic:10.1.2.3:8700:0 starts to do snapshot
I1218 01:37:17.740720 39413 snapshot_executor.cpp:154] node Atomic:10.1.2.3:8700:0 the gap between fsm applied index 57 and last_snapshot_index 57 is less than 1, will clear bufferred logs and return success
I1218 01:37:17.771447 39413 log.cpp:1153] log save_meta ./data/log/log_meta first_log_index: 58 time: 27288
I1218 01:37:17.774911 39413 log.cpp:608] Unlinked segment `./data/log/log_inprogress_00000000000000000057'
I1218 01:37:19.411774 39421 node.cpp:1587] node Atomic:10.1.2.3:8700:0 term 65 start pre_vote
W1218 01:37:19.465693 39414 node.cpp:1567] node Atomic:10.1.2.3:8700:0 request PreVote from 10.1.3.3:8700:0 error: [E111]Fail to connect Socket{id=373 addr=10.1.3.3:8700} (0x0x6310000dcac0): Connection refused
W1218 01:37:19.467144 39414 node.cpp:1567] node Atomic:10.1.2.3:8700:0 request PreVote from 10.1.5.3:8700:0 error: [E111]Fail to connect Socket{id=377 addr=10.1.5.3:8700} (0x0x6310000dd5c0): Connection refused
W1218 01:37:19.467978 39413 node.cpp:1567] node Atomic:10.1.2.3:8700:0 request PreVote from 10.1.4.3:8700:0 error: [E111]Fail to connect Socket{id=375 addr=10.1.4.3:8700} (0x0x6310000dd040): Connection refused
I1218 01:37:19.515769 39427 node.cpp:1512] node Atomic:10.1.2.3:8700:0 received PreVoteResponse from 10.1.1.3:8700:0 term 65 granted 1 rejected_by_lease 0 disrupted 0
I1218 01:37:21.485477 39414 node.cpp:2129] node Atomic:10.1.2.3:8700:0 received PreVote from 10.1.1.3:8700:0 in term 66 current_term 65 granted 1 rejected_by_lease 0
I1218 01:37:24.700903 39414 node.cpp:1587] node Atomic:10.1.2.3:8700:0 term 65 start pre_vote
W1218 01:37:25.309808 39414 node.cpp:1567] node Atomic:10.1.2.3:8700:0 request PreVote from 10.1.4.3:8700:0 error: [E111]Fail to connect Socket{id=559 addr=10.1.4.3:8700} (0x0x631000140ac0): Connection refused
W1218 01:37:25.328756 39413 node.cpp:1567] node Atomic:10.1.2.3:8700:0 request PreVote from 10.1.5.3:8700:0 error: [E111]Fail to connect Socket{id=561 addr=10.1.5.3:8700} (0x0x631000141040): Connection refused
W1218 01:37:25.344038 39427 node.cpp:1567] node Atomic:10.1.2.3:8700:0 request PreVote from 10.1.3.3:8700:0 error: [E111]Fail to connect Socket{id=8589934685 addr=10.1.3.3:8700} (0x0x631000050800): Connection refused
I1218 01:37:25.490373 39421 node.cpp:1512] node Atomic:10.1.2.3:8700:0 received PreVoteResponse from 10.1.1.3:8700:0 term 65 granted 1 rejected_by_lease 0 disrupted 0
I1218 01:37:26.695506 39413 node.cpp:2129] node Atomic:10.1.2.3:8700:0 received PreVote from 10.1.1.3:8700:0 in term 66 current_term 65 granted 1 rejected_by_lease 0
WARNING: Logging before InitGoogleLogging() is written to STDERR
W1218 01:37:33.988333 40148 bthread.cpp:409] Fail to set concurrency by tag: 0, tag concurrency must larger than old oncurrency. old concurrency: 24, new concurrency: 9
I1218 01:37:34.577893 40148 server.cpp:1208] Server[braft::RaftStatImpl+braft::FileServiceImpl+braft::RaftServiceImpl+braft::CliServiceImpl+example::AtomicServiceImpl] is serving on port=8700.
I1218 01:37:34.615998 40148 server.cpp:1211] Check out http://n2:8700 in web browser.
I1218 01:37:34.976804 40148 log.cpp:691] Use murmurhash32 as the checksum type of appending entries
I1218 01:37:36.614058 40148 log.cpp:1175] log load_meta ./data/log/log_meta first_log_index: 58 time: 1633934
I1218 01:37:36.753993 40148 snapshot.cpp:465] Deleting ./data/snapshot/temp
I1218 01:37:36.979454 40197 server.cpp:306] Configuration of this group is 10.1.1.3:8700:0,10.1.2.3:8700:0,10.1.3.3:8700:0,10.1.4.3:8700:0,10.1.5.3:8700:0
I1218 01:37:37.121620 40197 snapshot_executor.cpp:264] node Atomic:10.1.2.3:8700:0 snapshot_load_done, last_included_index: 57 last_included_term: 65 peers: "10.1.1.3:8700:0" peers: "10.1.2.3:8700:0" peers: "10.1.3.3:8700:0" peers: "10.1.4.3:8700:0" peers: "10.1.5.3:8700:0"
I1218 01:37:37.228914 40148 raft_meta.cpp:521] Loaded single stable meta, path ./data/raft_meta term 65 votedfor 10.1.2.3:8700:0 time: 6589
I1218 01:37:37.230216 40148 node.cpp:608] node Atomic:10.1.2.3:8700:0 init, term: 65 last_log_id: (index=57,term=65) conf: 10.1.1.3:8700:0,10.1.2.3:8700:0,10.1.3.3:8700:0,10.1.4.3:8700:0,10.1.5.3:8700:0 old_conf: 
I1218 01:37:37.264369 40148 server.cpp:509] Atomic service is running on 0.0.0.0:8700
I1218 01:37:42.510152 40188 node.cpp:1587] node Atomic:10.1.2.3:8700:0 term 65 start pre_vote
W1218 01:37:43.007570 40188 node.cpp:1567] node Atomic:10.1.2.3:8700:0 request PreVote from 10.1.1.3:8700:0 error: [E110]Fail to connect Socket{id=93 addr=10.1.1.3:8700} (0x0x631000050800): Connection timed out
I1218 01:37:43.484760 40204 node.cpp:1512] node Atomic:10.1.2.3:8700:0 received PreVoteResponse from 10.1.5.3:8700:0 term 1 granted 1 rejected_by_lease 0 disrupted 0
I1218 01:37:43.511992 40186 node.cpp:1512] node Atomic:10.1.2.3:8700:0 received PreVoteResponse from 10.1.4.3:8700:0 term 65 granted 1 rejected_by_lease 0 disrupted 0
I1218 01:37:43.513067 40186 node.cpp:1653] node Atomic:10.1.2.3:8700:0 term 65 start vote and grant vote self
I1218 01:37:43.996001 40186 raft_meta.cpp:546] Saved single stable meta, path ./data/raft_meta term 66 votedfor 10.1.2.3:8700:0 time: 108504
W1218 01:37:44.043231 40211 node.cpp:1479] node Atomic:10.1.2.3:8700:0 received invalid PreVoteResponse from 10.1.3.3:8700:0 ctx_version 2 current_ctx_version 3
I1218 01:37:44.127499 40197 node.cpp:2129] node Atomic:10.1.2.3:8700:0 received PreVote from 10.1.3.3:8700:0 in term 66 current_term 66 granted 1 rejected_by_lease 0
I1218 01:37:44.171671 40212 node.cpp:1403] node Atomic:10.1.2.3:8700:0 received RequestVoteResponse from 10.1.4.3:8700:0 term 66 granted 0 rejected_by_lease 0 disrupted 0
I1218 01:37:44.204636 40188 node.cpp:1403] node Atomic:10.1.2.3:8700:0 received RequestVoteResponse from 10.1.1.3:8700:0 term 66 granted 0 rejected_by_lease 0 disrupted 0
I1218 01:37:44.220659 40190 node.cpp:1403] node Atomic:10.1.2.3:8700:0 received RequestVoteResponse from 10.1.3.3:8700:0 term 66 granted 0 rejected_by_lease 0 disrupted 0
I1218 01:37:44.227128 40209 node.cpp:2211] node Atomic:10.1.2.3:8700:0 received RequestVote from 10.1.3.3:8700:0 in term 66 current_term 66 log_is_ok 1 votable_time 0
I1218 01:37:44.251741 40191 node.cpp:1403] node Atomic:10.1.2.3:8700:0 received RequestVoteResponse from 10.1.5.3:8700:0 term 66 granted 0 rejected_by_lease 0 disrupted 0
I1218 01:37:44.423481 40208 server.cpp:312] Node start following { leader_id=10.1.3.3:8700:0, term=66, status=Candidate receives message from new leader with the same term.}
I1218 01:37:44.502838 40188 log.cpp:114] Created new segment `./data/log/log_inprogress_00000000000000000058' with fd=7
I1218 01:37:45.056655 40214 server.cpp:306] Configuration of this group is 10.1.1.3:8700:0,10.1.2.3:8700:0,10.1.3.3:8700:0,10.1.4.3:8700:0,10.1.5.3:8700:0
I1218 01:37:54.629702 40188 node.cpp:2129] node Atomic:10.1.2.3:8700:0 received PreVote from 10.1.4.3:8700:0 in term 67 current_term 66 granted 1 rejected_by_lease 0
I1218 01:37:54.878947 40206 node.cpp:2211] node Atomic:10.1.2.3:8700:0 received RequestVote from 10.1.4.3:8700:0 in term 67 current_term 66 log_is_ok 1 votable_time 0
I1218 01:37:54.881084 40191 server.cpp:309] Node stops following { leader_id=10.1.3.3:8700:0, term=66, status=Raft node receives higher term request_vote_request.}
I1218 01:37:54.916033 40206 raft_meta.cpp:546] Saved single stable meta, path ./data/raft_meta term 67 votedfor 0.0.0.0:0:0 time: 32062
I1218 01:37:54.952751 40206 raft_meta.cpp:546] Saved single stable meta, path ./data/raft_meta term 67 votedfor 10.1.4.3:8700:0 time: 19680
I1218 01:37:55.230226 40191 server.cpp:312] Node start following { leader_id=10.1.4.3:8700:0, term=67, status=Follower receives message from new leader with the same term.}
I1218 01:37:55.721210 40188 server.cpp:306] Configuration of this group is 10.1.1.3:8700:0,10.1.2.3:8700:0,10.1.3.3:8700:0,10.1.4.3:8700:0,10.1.5.3:8700:0
I1218 01:38:00.154999 40208 node.cpp:949] node Atomic:10.1.2.3:8700:0 starts to do snapshot
I1218 01:38:00.841979 40208 snapshot.cpp:647] Deleting ./data/snapshot/snapshot_00000000000000000060
I1218 01:38:00.844767 40208 snapshot.cpp:653] Renaming ./data/snapshot/temp to ./data/snapshot/snapshot_00000000000000000060
I1218 01:38:00.886049 40208 snapshot.cpp:523] Deleting ./data/snapshot/snapshot_00000000000000000057
I1218 01:38:01.015553 40208 snapshot_executor.cpp:234] node Atomic:10.1.2.3:8700:0 snapshot_save_done, last_included_index=60 last_included_term=67
I1218 01:38:05.988456 40208 server.cpp:309] Node stops following { leader_id=10.1.4.3:8700:0, term=67, status=Lost connection from leader 10.1.4.3:8700:0}
I1218 01:38:05.991436 40210 node.cpp:1587] node Atomic:10.1.2.3:8700:0 term 67 start pre_vote
W1218 01:38:06.245826 40188 node.cpp:1567] node Atomic:10.1.2.3:8700:0 request PreVote from 10.1.3.3:8700:0 error: [E111]Fail to connect Socket{id=8589935151 addr=10.1.3.3:8700} (0x0x631000118ac0): Connection refused
W1218 01:38:06.253427 40191 node.cpp:1567] node Atomic:10.1.2.3:8700:0 request PreVote from 10.1.5.3:8700:0 error: [E111]Fail to connect Socket{id=563 addr=10.1.5.3:8700} (0x0x6310001195c0): Connection refused
I1218 01:38:06.479475 40190 node.cpp:1512] node Atomic:10.1.2.3:8700:0 received PreVoteResponse from 10.1.1.3:8700:0 term 67 granted 1 rejected_by_lease 0 disrupted 0
I1218 01:38:07.477370 40188 node.cpp:2129] node Atomic:10.1.2.3:8700:0 received PreVote from 10.1.1.3:8700:0 in term 68 current_term 67 granted 1 rejected_by_lease 0
W1218 01:38:10.228508 40191 input_messenger.cpp:381] Fail to read from Socket{id=561 fd=11 addr=10.1.4.3:8700:36784} (0x631000119040): Connection reset by peer [104]
W1218 01:38:10.249677 40191 node.cpp:1567] node Atomic:10.1.2.3:8700:0 request PreVote from 10.1.4.3:8700:0 error: [E104]Fail to read from Socket{id=561fd=11 addr=10.1.4.3:8700:36784} (0x0x631000119040): Connection reset by peer
I1218 01:38:12.203673 40206 node.cpp:1587] node Atomic:10.1.2.3:8700:0 term 67 start pre_vote
W1218 01:38:12.508689 40188 node.cpp:1567] node Atomic:10.1.2.3:8700:0 request PreVote from 10.1.1.3:8700:0 error: [E111]Fail to connect Socket{id=651 addr=10.1.1.3:8700} (0x0x631000154800): Connection refused
W1218 01:38:12.523977 40191 node.cpp:1567] node Atomic:10.1.2.3:8700:0 request PreVote from 10.1.3.3:8700:0 error: [E111]Fail to connect Socket{id=653 addr=10.1.3.3:8700} (0x0x631000154d80): Connection refused
W1218 01:38:12.543707 40190 node.cpp:1567] node Atomic:10.1.2.3:8700:0 request PreVote from 10.1.5.3:8700:0 error: [E111]Fail to connect Socket{id=657 addr=10.1.5.3:8700} (0x0x631000155880): Connection refused
W1218 01:38:12.558753 40206 node.cpp:1567] node Atomic:10.1.2.3:8700:0 request PreVote from 10.1.4.3:8700:0 error: [E111]Fail to connect Socket{id=655 addr=10.1.4.3:8700} (0x0x631000155300): Connection refused
WARNING: Logging before InitGoogleLogging() is written to STDERR
W1218 01:38:21.624017 40636 bthread.cpp:409] Fail to set concurrency by tag: 0, tag concurrency must larger than old oncurrency. old concurrency: 24, new concurrency: 9
I1218 01:38:22.664474 40636 server.cpp:1208] Server[braft::RaftStatImpl+braft::FileServiceImpl+braft::RaftServiceImpl+braft::CliServiceImpl+example::AtomicServiceImpl] is serving on port=8700.
I1218 01:38:22.678908 40636 server.cpp:1211] Check out http://n2:8700 in web browser.
I1218 01:38:23.175431 40636 log.cpp:691] Use murmurhash32 as the checksum type of appending entries
I1218 01:38:23.218892 40636 log.cpp:1175] log load_meta ./data/log/log_meta first_log_index: 58 time: 2129
I1218 01:38:23.221344 40636 log.cpp:1115] load open segment, path: ./data/log first_index: 58
I1218 01:38:23.240674 40636 snapshot.cpp:465] Deleting ./data/snapshot/temp
I1218 01:38:23.898290 40688 server.cpp:306] Configuration of this group is 10.1.1.3:8700:0,10.1.2.3:8700:0,10.1.3.3:8700:0,10.1.4.3:8700:0,10.1.5.3:8700:0
I1218 01:38:24.360764 40688 snapshot_executor.cpp:264] node Atomic:10.1.2.3:8700:0 snapshot_load_done, last_included_index: 60 last_included_term: 67 peers: "10.1.1.3:8700:0" peers: "10.1.2.3:8700:0" peers: "10.1.3.3:8700:0" peers: "10.1.4.3:8700:0" peers: "10.1.5.3:8700:0"
I1218 01:38:24.605983 40636 raft_meta.cpp:521] Loaded single stable meta, path ./data/raft_meta term 67 votedfor 10.1.4.3:8700:0 time: 54747
I1218 01:38:24.619874 40636 node.cpp:608] node Atomic:10.1.2.3:8700:0 init, term: 67 last_log_id: (index=60,term=67) conf: 10.1.1.3:8700:0,10.1.2.3:8700:0,10.1.3.3:8700:0,10.1.4.3:8700:0,10.1.5.3:8700:0 old_conf: 
I1218 01:38:24.931545 40636 server.cpp:509] Atomic service is running on 0.0.0.0:8700
I1218 01:38:30.704916 40690 node.cpp:1587] node Atomic:10.1.2.3:8700:0 term 67 start pre_vote
W1218 01:38:31.059481 40697 node.cpp:1567] node Atomic:10.1.2.3:8700:0 request PreVote from 10.1.1.3:8700:0 error: [E110]Fail to connect Socket{id=186 addr=10.1.1.3:8700} (0x0x631000078800): Connection timed out
I1218 01:38:31.272814 40688 node.cpp:2129] node Atomic:10.1.2.3:8700:0 received PreVote from 10.1.3.3:8700:0 in term 67 current_term 67 granted 0 rejected_by_lease 0
I1218 01:38:31.337651 40702 node.cpp:1512] node Atomic:10.1.2.3:8700:0 received PreVoteResponse from 10.1.5.3:8700:0 term 1 granted 1 rejected_by_lease 0 disrupted 0
I1218 01:38:31.547407 40719 node.cpp:1512] node Atomic:10.1.2.3:8700:0 received PreVoteResponse from 10.1.3.3:8700:0 term 67 granted 1 rejected_by_lease 0 disrupted 0
I1218 01:38:31.548832 40719 node.cpp:1653] node Atomic:10.1.2.3:8700:0 term 67 start vote and grant vote self
I1218 01:38:31.910697 40719 raft_meta.cpp:546] Saved single stable meta, path ./data/raft_meta term 68 votedfor 10.1.2.3:8700:0 time: 77000
I1218 01:38:31.920928 40688 node.cpp:2129] node Atomic:10.1.2.3:8700:0 received PreVote from 10.1.1.3:8700:0 in term 68 current_term 68 granted 1 rejected_by_lease 0
I1218 01:38:32.083557 40702 node.cpp:1403] node Atomic:10.1.2.3:8700:0 received RequestVoteResponse from 10.1.3.3:8700:0 term 68 granted 1 rejected_by_lease 0 disrupted 0
I1218 01:38:32.087826 40698 node.cpp:1403] node Atomic:10.1.2.3:8700:0 received RequestVoteResponse from 10.1.5.3:8700:0 term 68 granted 1 rejected_by_lease 0 disrupted 0
I1218 01:38:32.089030 40698 node.cpp:1908] node Atomic:10.1.2.3:8700:0 term 68 become leader of group 10.1.1.3:8700:0,10.1.2.3:8700:0,10.1.3.3:8700:0,10.1.4.3:8700:0,10.1.5.3:8700:0 
I1218 01:38:32.135005 40698 replicator.cpp:143] Replicator=1108101562369@10.1.1.3:8700:0 is started, group Atomic
I1218 01:38:32.226063 40698 replicator.cpp:143] Replicator=1120986464257@10.1.3.3:8700:0 is started, group Atomic
I1218 01:38:32.250001 40698 replicator.cpp:143] Replicator=1133871366145@10.1.4.3:8700:0 is started, group Atomic
I1218 01:38:32.268043 40698 replicator.cpp:143] Replicator=1151051235329@10.1.5.3:8700:0 is started, group Atomic
I1218 01:38:32.793512 40698 node.cpp:2211] node Atomic:10.1.2.3:8700:0 received RequestVote from 10.1.1.3:8700:0 in term 68 current_term 68 log_is_ok 0 votable_time 0
W1218 01:38:33.054008 40690 node.cpp:1370] node Atomic:10.1.2.3:8700:0 received invalid RequestVoteResponse from 10.1.1.3:8700:0 ctx_version 1 current_ctx_version 2
I1218 01:38:33.080489 40705 replicator.cpp:835] node Atomic:10.1.2.3:8700:0 send InstallSnapshotRequest to 10.1.5.3:8700:0 term 68 last_included_term 67 last_included_index 60 uri remote://10.1.2.3:8700/1429797780242024898
I1218 01:38:33.429579 40708 node.cpp:2129] node Atomic:10.1.2.3:8700:0 received PreVote from 10.1.4.3:8700:0 in term 68 current_term 68 granted 0 rejected_by_lease 0
W1218 01:38:33.630867 40696 node.cpp:1479] node Atomic:10.1.2.3:8700:0 received invalid PreVoteResponse from 10.1.4.3:8700:0 ctx_version 2 current_ctx_version 3
W1218 01:38:33.790364 40708 node.cpp:1370] node Atomic:10.1.2.3:8700:0 received invalid RequestVoteResponse from 10.1.4.3:8700:0 ctx_version 1 current_ctx_version 2
I1218 01:38:33.884294 40689 server.cpp:306] Configuration of this group is 10.1.1.3:8700:0,10.1.2.3:8700:0,10.1.3.3:8700:0,10.1.4.3:8700:0,10.1.5.3:8700:0
I1218 01:38:33.956138 40689 node.cpp:3310] node Atomic:10.1.2.3:8700:0 reset ConfigurationCtx, new_peers: 10.1.1.3:8700:0,10.1.2.3:8700:0,10.1.3.3:8700:0,10.1.4.3:8700:0,10.1.5.3:8700:0, old_peers: 10.1.1.3:8700:0,10.1.2.3:8700:0,10.1.3.3:8700:0,10.1.4.3:8700:0,10.1.5.3:8700:0
I1218 01:38:34.328624 40706 server.cpp:291] Node becomes leader
I1218 01:38:34.410763 40705 node.cpp:949] node Atomic:10.1.2.3:8700:0 starts to do snapshot
I1218 01:38:34.603978 40705 snapshot.cpp:647] Deleting ./data/snapshot/snapshot_00000000000000000061
I1218 01:38:34.611722 40705 snapshot.cpp:653] Renaming ./data/snapshot/temp to ./data/snapshot/snapshot_00000000000000000061
I1218 01:38:34.615096 40705 snapshot_executor.cpp:234] node Atomic:10.1.2.3:8700:0 snapshot_save_done, last_included_index=61 last_included_term=68
I1218 01:38:34.636637 40697 log.cpp:1153] log save_meta ./data/log/log_meta first_log_index: 61 time: 18114
I1218 01:38:34.753602 40709 snapshot.cpp:523] Deleting ./data/snapshot/snapshot_00000000000000000060
WARNING: Logging before InitGoogleLogging() is written to STDERR
W1218 01:38:50.091338 40950 sampler.cpp:192] bvar is busy at sampling for 2 seconds!
W1218 01:38:51.664577 40922 bthread.cpp:409] Fail to set concurrency by tag: 0, tag concurrency must larger than old oncurrency. old concurrency: 24, new concurrency: 9
I1218 01:38:52.621568 40922 server.cpp:1208] Server[braft::RaftStatImpl+braft::FileServiceImpl+braft::RaftServiceImpl+braft::CliServiceImpl+example::AtomicServiceImpl] is serving on port=8700.
I1218 01:38:52.623850 40922 server.cpp:1211] Check out http://n2:8700 in web browser.
I1218 01:38:53.301632 40922 log.cpp:691] Use murmurhash32 as the checksum type of appending entries
I1218 01:38:53.348799 40922 log.cpp:1175] log load_meta ./data/log/log_meta first_log_index: 61 time: 12416
I1218 01:38:53.355139 40922 log.cpp:1115] load open segment, path: ./data/log first_index: 58
I1218 01:38:53.436266 40922 snapshot.cpp:465] Deleting ./data/snapshot/temp
I1218 01:38:53.695726 41004 server.cpp:306] Configuration of this group is 10.1.1.3:8700:0,10.1.2.3:8700:0,10.1.3.3:8700:0,10.1.4.3:8700:0,10.1.5.3:8700:0
I1218 01:38:53.720815 41004 snapshot_executor.cpp:264] node Atomic:10.1.2.3:8700:0 snapshot_load_done, last_included_index: 61 last_included_term: 68 peers: "10.1.1.3:8700:0" peers: "10.1.2.3:8700:0" peers: "10.1.3.3:8700:0" peers: "10.1.4.3:8700:0" peers: "10.1.5.3:8700:0"
I1218 01:38:53.909749 40922 raft_meta.cpp:521] Loaded single stable meta, path ./data/raft_meta term 68 votedfor 10.1.2.3:8700:0 time: 15212
I1218 01:38:53.914988 40922 node.cpp:608] node Atomic:10.1.2.3:8700:0 init, term: 68 last_log_id: (index=61,term=68) conf: 10.1.1.3:8700:0,10.1.2.3:8700:0,10.1.3.3:8700:0,10.1.4.3:8700:0,10.1.5.3:8700:0 old_conf: 
I1218 01:38:53.948429 40922 server.cpp:509] Atomic service is running on 0.0.0.0:8700
I1218 01:38:58.672981 40979 node.cpp:949] node Atomic:10.1.2.3:8700:0 starts to do snapshot
I1218 01:38:58.688812 40979 snapshot_executor.cpp:154] node Atomic:10.1.2.3:8700:0 the gap between fsm applied index 61 and last_snapshot_index 61 is less than 1, will clear bufferred logs and return success
I1218 01:38:58.742942 40979 log.cpp:1153] log save_meta ./data/log/log_meta first_log_index: 62 time: 49076
I1218 01:38:58.802026 40979 log.cpp:608] Unlinked segment `./data/log/log_inprogress_00000000000000000058'
I1218 01:38:59.205478 40999 node.cpp:2129] node Atomic:10.1.2.3:8700:0 received PreVote from 10.1.3.3:8700:0 in term 70 current_term 68 granted 1 rejected_by_lease 0
I1218 01:38:59.793417 41002 node.cpp:2211] node Atomic:10.1.2.3:8700:0 received RequestVote from 10.1.3.3:8700:0 in term 70 current_term 68 log_is_ok 1 votable_time 0
I1218 01:38:59.846796 41002 raft_meta.cpp:546] Saved single stable meta, path ./data/raft_meta term 70 votedfor 0.0.0.0:0:0 time: 44887
I1218 01:38:59.882870 41002 raft_meta.cpp:546] Saved single stable meta, path ./data/raft_meta term 70 votedfor 10.1.3.3:8700:0 time: 32747
I1218 01:39:00.708863 41003 server.cpp:312] Node start following { leader_id=10.1.3.3:8700:0, term=70, status=Follower receives message from new leader with the same term.}
I1218 01:39:01.303577 40998 log.cpp:114] Created new segment `./data/log/log_inprogress_00000000000000000062' with fd=8
I1218 01:39:01.384348 40998 server.cpp:306] Configuration of this group is 10.1.1.3:8700:0,10.1.2.3:8700:0,10.1.3.3:8700:0,10.1.4.3:8700:0,10.1.5.3:8700:0
I1218 01:39:01.704876 40978 server.cpp:306] Configuration of this group is 10.1.1.3:8700:0,10.1.2.3:8700:0,10.1.3.3:8700:0,10.1.4.3:8700:0,10.1.5.3:8700:0
WARNING: Logging before InitGoogleLogging() is written to STDERR
W1218 01:39:15.008172 41152 bthread.cpp:409] Fail to set concurrency by tag: 0, tag concurrency must larger than old oncurrency. old concurrency: 24, new concurrency: 9
I1218 01:39:15.473553 41152 server.cpp:1208] Server[braft::RaftStatImpl+braft::FileServiceImpl+braft::RaftServiceImpl+braft::CliServiceImpl+example::AtomicServiceImpl] is serving on port=8700.
I1218 01:39:15.491722 41152 server.cpp:1211] Check out http://n2:8700 in web browser.
I1218 01:39:15.683039 41152 log.cpp:691] Use murmurhash32 as the checksum type of appending entries
I1218 01:39:15.703833 41152 log.cpp:1175] log load_meta ./data/log/log_meta first_log_index: 62 time: 2345
I1218 01:39:15.706189 41152 log.cpp:1115] load open segment, path: ./data/log first_index: 62
I1218 01:39:15.721959 41152 snapshot.cpp:465] Deleting ./data/snapshot/temp
I1218 01:39:15.852378 41232 server.cpp:306] Configuration of this group is 10.1.1.3:8700:0,10.1.2.3:8700:0,10.1.3.3:8700:0,10.1.4.3:8700:0,10.1.5.3:8700:0
I1218 01:39:16.045517 41232 snapshot_executor.cpp:264] node Atomic:10.1.2.3:8700:0 snapshot_load_done, last_included_index: 61 last_included_term: 68 peers: "10.1.1.3:8700:0" peers: "10.1.2.3:8700:0" peers: "10.1.3.3:8700:0" peers: "10.1.4.3:8700:0" peers: "10.1.5.3:8700:0"
I1218 01:39:16.066895 41152 raft_meta.cpp:521] Loaded single stable meta, path ./data/raft_meta term 70 votedfor 10.1.3.3:8700:0 time: 1368
I1218 01:39:16.069291 41152 node.cpp:608] node Atomic:10.1.2.3:8700:0 init, term: 70 last_log_id: (index=63,term=70) conf: 10.1.1.3:8700:0,10.1.2.3:8700:0,10.1.3.3:8700:0,10.1.4.3:8700:0,10.1.5.3:8700:0 old_conf: 
I1218 01:39:16.072227 41152 server.cpp:509] Atomic service is running on 0.0.0.0:8700
I1218 01:39:17.335584 41224 node.cpp:2129] node Atomic:10.1.2.3:8700:0 received PreVote from 10.1.3.3:8700:0 in term 71 current_term 70 granted 1 rejected_by_lease 0
I1218 01:39:17.973906 41209 node.cpp:2211] node Atomic:10.1.2.3:8700:0 received RequestVote from 10.1.3.3:8700:0 in term 71 current_term 70 log_is_ok 1 votable_time 0
I1218 01:39:18.025357 41209 raft_meta.cpp:546] Saved single stable meta, path ./data/raft_meta term 71 votedfor 0.0.0.0:0:0 time: 39632
I1218 01:39:18.085274 41209 raft_meta.cpp:546] Saved single stable meta, path ./data/raft_meta term 71 votedfor 10.1.3.3:8700:0 time: 48554
I1218 01:39:18.240064 41212 server.cpp:312] Node start following { leader_id=10.1.3.3:8700:0, term=71, status=Follower receives message from new leader with the same term.}
I1218 01:39:18.296280 41232 server.cpp:306] Configuration of this group is 10.1.1.3:8700:0,10.1.2.3:8700:0,10.1.3.3:8700:0,10.1.4.3:8700:0,10.1.5.3:8700:0
I1218 01:39:18.317164 41232 server.cpp:306] Configuration of this group is 10.1.1.3:8700:0,10.1.2.3:8700:0,10.1.3.3:8700:0,10.1.4.3:8700:0,10.1.5.3:8700:0
I1218 01:39:19.475658 41209 server.cpp:306] Configuration of this group is 10.1.1.3:8700:0,10.1.2.3:8700:0,10.1.3.3:8700:0,10.1.4.3:8700:0,10.1.5.3:8700:0
WARNING: Logging before InitGoogleLogging() is written to STDERR
W1218 01:39:54.156646 41579 bthread.cpp:409] Fail to set concurrency by tag: 0, tag concurrency must larger than old oncurrency. old concurrency: 24, new concurrency: 9
I1218 01:39:54.393996 41579 server.cpp:1208] Server[braft::RaftStatImpl+braft::FileServiceImpl+braft::RaftServiceImpl+braft::CliServiceImpl+example::AtomicServiceImpl] is serving on port=8700.
I1218 01:39:54.395785 41579 server.cpp:1211] Check out http://n2:8700 in web browser.
I1218 01:39:54.896381 41579 log.cpp:691] Use murmurhash32 as the checksum type of appending entries
I1218 01:39:54.924721 41579 log.cpp:1175] log load_meta ./data/log/log_meta first_log_index: 62 time: 26897
I1218 01:39:54.926761 41579 log.cpp:1115] load open segment, path: ./data/log first_index: 62
I1218 01:39:55.001396 41579 snapshot.cpp:465] Deleting ./data/snapshot/temp
I1218 01:39:55.139789 41650 server.cpp:306] Configuration of this group is 10.1.1.3:8700:0,10.1.2.3:8700:0,10.1.3.3:8700:0,10.1.4.3:8700:0,10.1.5.3:8700:0
I1218 01:39:55.177306 41650 snapshot_executor.cpp:264] node Atomic:10.1.2.3:8700:0 snapshot_load_done, last_included_index: 61 last_included_term: 68 peers: "10.1.1.3:8700:0" peers: "10.1.2.3:8700:0" peers: "10.1.3.3:8700:0" peers: "10.1.4.3:8700:0" peers: "10.1.5.3:8700:0"
I1218 01:39:55.207125 41579 raft_meta.cpp:521] Loaded single stable meta, path ./data/raft_meta term 71 votedfor 10.1.3.3:8700:0 time: 790
I1218 01:39:55.208716 41579 node.cpp:608] node Atomic:10.1.2.3:8700:0 init, term: 71 last_log_id: (index=64,term=71) conf: 10.1.1.3:8700:0,10.1.2.3:8700:0,10.1.3.3:8700:0,10.1.4.3:8700:0,10.1.5.3:8700:0 old_conf: 
I1218 01:39:55.215214 41579 server.cpp:509] Atomic service is running on 0.0.0.0:8700
I1218 01:40:01.076747 41655 node.cpp:1587] node Atomic:10.1.2.3:8700:0 term 71 start pre_vote
I1218 01:40:01.088058 41647 node.cpp:2129] node Atomic:10.1.2.3:8700:0 received PreVote from 10.1.3.3:8700:0 in term 72 current_term 71 granted 1 rejected_by_lease 0
I1218 01:40:01.093008 41641 node.cpp:2129] node Atomic:10.1.2.3:8700:0 received PreVote from 10.1.4.3:8700:0 in term 72 current_term 71 granted 1 rejected_by_lease 0
I1218 01:40:01.248435 41658 node.cpp:1512] node Atomic:10.1.2.3:8700:0 received PreVoteResponse from 10.1.3.3:8700:0 term 71 granted 1 rejected_by_lease 0 disrupted 0
W1218 01:40:01.352344 41640 node.cpp:1567] node Atomic:10.1.2.3:8700:0 request PreVote from 10.1.5.3:8700:0 error: [E22][10.1.5.3:8700][E22]Invalid argument
I1218 01:40:01.386735 41648 node.cpp:2211] node Atomic:10.1.2.3:8700:0 received RequestVote from 10.1.4.3:8700:0 in term 72 current_term 71 log_is_ok 1 votable_time 0
I1218 01:40:01.439940 41648 raft_meta.cpp:546] Saved single stable meta, path ./data/raft_meta term 72 votedfor 0.0.0.0:0:0 time: 50530
I1218 01:40:01.518915 41648 raft_meta.cpp:546] Saved single stable meta, path ./data/raft_meta term 72 votedfor 10.1.4.3:8700:0 time: 75790
W1218 01:40:01.520664 41673 node.cpp:1479] node Atomic:10.1.2.3:8700:0 received invalid PreVoteResponse from 10.1.4.3:8700:0 ctx_version 2 current_ctx_version 4
W1218 01:40:01.534845 41640 node.cpp:1479] node Atomic:10.1.2.3:8700:0 received invalid PreVoteResponse from 10.1.1.3:8700:0 ctx_version 2 current_ctx_version 4
I1218 01:40:01.538929 41658 node.cpp:2211] node Atomic:10.1.2.3:8700:0 received RequestVote from 10.1.3.3:8700:0 in term 72 current_term 72 log_is_ok 1 votable_time 0
I1218 01:40:01.627394 41642 node.cpp:2129] node Atomic:10.1.2.3:8700:0 received PreVote from 10.1.1.3:8700:0 in term 73 current_term 72 granted 1 rejected_by_lease 0
I1218 01:40:01.853295 41673 node.cpp:2211] node Atomic:10.1.2.3:8700:0 received RequestVote from 10.1.1.3:8700:0 in term 73 current_term 72 log_is_ok 1 votable_time 0
I1218 01:40:02.024511 41673 raft_meta.cpp:546] Saved single stable meta, path ./data/raft_meta term 73 votedfor 0.0.0.0:0:0 time: 146132
I1218 01:40:02.132895 41673 raft_meta.cpp:546] Saved single stable meta, path ./data/raft_meta term 73 votedfor 10.1.1.3:8700:0 time: 70362
I1218 01:40:02.327699 41648 server.cpp:312] Node start following { leader_id=10.1.1.3:8700:0, term=73, status=Follower receives message from new leader with the same term.}
I1218 01:40:03.692685 41673 server.cpp:306] Configuration of this group is 10.1.1.3:8700:0,10.1.2.3:8700:0,10.1.3.3:8700:0,10.1.4.3:8700:0,10.1.5.3:8700:0
I1218 01:40:03.704638 41673 server.cpp:306] Configuration of this group is 10.1.1.3:8700:0,10.1.2.3:8700:0,10.1.3.3:8700:0,10.1.4.3:8700:0,10.1.5.3:8700:0
I1218 01:40:03.708847 41673 server.cpp:306] Configuration of this group is 10.1.1.3:8700:0,10.1.2.3:8700:0,10.1.3.3:8700:0,10.1.4.3:8700:0,10.1.5.3:8700:0
I1218 01:40:03.710152 41673 server.cpp:306] Configuration of this group is 10.1.1.3:8700:0,10.1.2.3:8700:0,10.1.3.3:8700:0,10.1.4.3:8700:0,10.1.5.3:8700:0
WARNING: Logging before InitGoogleLogging() is written to STDERR
W1218 01:40:34.908305 42050 bthread.cpp:409] Fail to set concurrency by tag: 0, tag concurrency must larger than old oncurrency. old concurrency: 24, new concurrency: 9
I1218 01:40:35.018733 42050 server.cpp:1208] Server[braft::RaftStatImpl+braft::FileServiceImpl+braft::RaftServiceImpl+braft::CliServiceImpl+example::AtomicServiceImpl] is serving on port=8700.
I1218 01:40:35.081120 42050 server.cpp:1211] Check out http://n2:8700 in web browser.
I1218 01:40:35.259061 42050 log.cpp:691] Use murmurhash32 as the checksum type of appending entries
I1218 01:40:35.275323 42050 log.cpp:1175] log load_meta ./data/log/log_meta first_log_index: 62 time: 2143
I1218 01:40:35.277380 42050 log.cpp:1115] load open segment, path: ./data/log first_index: 62
I1218 01:40:35.314075 42050 snapshot.cpp:465] Deleting ./data/snapshot/temp
I1218 01:40:35.549561 42104 server.cpp:306] Configuration of this group is 10.1.1.3:8700:0,10.1.2.3:8700:0,10.1.3.3:8700:0,10.1.4.3:8700:0,10.1.5.3:8700:0
I1218 01:40:35.570040 42104 snapshot_executor.cpp:264] node Atomic:10.1.2.3:8700:0 snapshot_load_done, last_included_index: 61 last_included_term: 68 peers: "10.1.1.3:8700:0" peers: "10.1.2.3:8700:0" peers: "10.1.3.3:8700:0" peers: "10.1.4.3:8700:0" peers: "10.1.5.3:8700:0"
I1218 01:40:35.588035 42050 raft_meta.cpp:521] Loaded single stable meta, path ./data/raft_meta term 73 votedfor 10.1.1.3:8700:0 time: 978
I1218 01:40:35.589412 42050 node.cpp:608] node Atomic:10.1.2.3:8700:0 init, term: 73 last_log_id: (index=65,term=73) conf: 10.1.1.3:8700:0,10.1.2.3:8700:0,10.1.3.3:8700:0,10.1.4.3:8700:0,10.1.5.3:8700:0 old_conf: 
I1218 01:40:35.608516 42050 server.cpp:509] Atomic service is running on 0.0.0.0:8700
I1218 01:40:42.454098 42109 node.cpp:2129] node Atomic:10.1.2.3:8700:0 received PreVote from 10.1.3.3:8700:0 in term 74 current_term 73 granted 1 rejected_by_lease 0
I1218 01:40:42.821182 42110 node.cpp:2211] node Atomic:10.1.2.3:8700:0 received RequestVote from 10.1.3.3:8700:0 in term 74 current_term 73 log_is_ok 1 votable_time 0
I1218 01:40:42.911079 42110 raft_meta.cpp:546] Saved single stable meta, path ./data/raft_meta term 74 votedfor 0.0.0.0:0:0 time: 69630
I1218 01:40:42.936856 42110 raft_meta.cpp:546] Saved single stable meta, path ./data/raft_meta term 74 votedfor 10.1.3.3:8700:0 time: 12359
I1218 01:40:43.455561 42109 server.cpp:312] Node start following { leader_id=10.1.3.3:8700:0, term=74, status=Follower receives message from new leader with the same term.}
I1218 01:40:44.676055 42110 server.cpp:306] Configuration of this group is 10.1.1.3:8700:0,10.1.2.3:8700:0,10.1.3.3:8700:0,10.1.4.3:8700:0,10.1.5.3:8700:0
I1218 01:40:44.705274 42110 server.cpp:306] Configuration of this group is 10.1.1.3:8700:0,10.1.2.3:8700:0,10.1.3.3:8700:0,10.1.4.3:8700:0,10.1.5.3:8700:0
I1218 01:40:44.707778 42110 server.cpp:306] Configuration of this group is 10.1.1.3:8700:0,10.1.2.3:8700:0,10.1.3.3:8700:0,10.1.4.3:8700:0,10.1.5.3:8700:0
I1218 01:40:44.709650 42110 server.cpp:306] Configuration of this group is 10.1.1.3:8700:0,10.1.2.3:8700:0,10.1.3.3:8700:0,10.1.4.3:8700:0,10.1.5.3:8700:0
I1218 01:40:44.715600 42110 server.cpp:306] Configuration of this group is 10.1.1.3:8700:0,10.1.2.3:8700:0,10.1.3.3:8700:0,10.1.4.3:8700:0,10.1.5.3:8700:0
I1218 01:40:52.488976 42123 server.cpp:309] Node stops following { leader_id=10.1.3.3:8700:0, term=74, status=Lost connection from leader 10.1.3.3:8700:0}
I1218 01:40:52.499622 42101 node.cpp:1587] node Atomic:10.1.2.3:8700:0 term 74 start pre_vote
I1218 01:40:52.825335 42120 node.cpp:2129] node Atomic:10.1.2.3:8700:0 received PreVote from 10.1.4.3:8700:0 in term 75 current_term 74 granted 1 rejected_by_lease 0
I1218 01:40:52.855433 42110 node.cpp:1512] node Atomic:10.1.2.3:8700:0 received PreVoteResponse from 10.1.4.3:8700:0 term 74 granted 1 rejected_by_lease 0 disrupted 0
W1218 01:40:57.640102 42101 node.cpp:1567] node Atomic:10.1.2.3:8700:0 request PreVote from 10.1.1.3:8700:0 error: [E1008]Reached timeout=5000ms @10.1.1.3:8700
W1218 01:40:57.678601 42123 node.cpp:1567] node Atomic:10.1.2.3:8700:0 request PreVote from 10.1.3.3:8700:0 error: [E1008]Reached timeout=5000ms @10.1.3.3:8700
W1218 01:40:57.705909 42121 node.cpp:1567] node Atomic:10.1.2.3:8700:0 request PreVote from 10.1.5.3:8700:0 error: [E1008]Reached timeout=5000ms @10.1.5.3:8700
I1218 01:40:58.248235 42109 node.cpp:2129] node Atomic:10.1.2.3:8700:0 received PreVote from 10.1.4.3:8700:0 in term 75 current_term 74 granted 1 rejected_by_lease 0
I1218 01:40:58.715950 42123 node.cpp:1587] node Atomic:10.1.2.3:8700:0 term 74 start pre_vote
I1218 01:40:58.818898 42120 node.cpp:1512] node Atomic:10.1.2.3:8700:0 received PreVoteResponse from 10.1.4.3:8700:0 term 74 granted 1 rejected_by_lease 0 disrupted 0
W1218 01:41:09.431521 42111 node.cpp:1567] node Atomic:10.1.2.3:8700:0 request PreVote from 10.1.3.3:8700:0 error: [E1008]Reached timeout=5000ms @10.1.3.3:8700
W1218 01:41:09.448881 42092 node.cpp:1567] node Atomic:10.1.2.3:8700:0 request PreVote from 10.1.1.3:8700:0 error: [E1008]Reached timeout=5000ms @10.1.1.3:8700
I1218 01:41:09.397598 42120 node.cpp:1512] node Atomic:10.1.2.3:8700:0 received PreVoteResponse from 10.1.5.3:8700:0 term 74 granted 1 rejected_by_lease 0 disrupted 0
I1218 01:41:09.520622 42120 node.cpp:1653] node Atomic:10.1.2.3:8700:0 term 74 start vote and grant vote self
I1218 01:41:09.576774 42120 raft_meta.cpp:546] Saved single stable meta, path ./data/raft_meta term 75 votedfor 10.1.2.3:8700:0 time: 20217
W1218 01:41:09.592015 42107 node.cpp:2399] node Atomic:10.1.2.3:8700:0 ignore stale AppendEntries from 10.1.3.3:8700:0 in term 74 current_term 75
I1218 01:41:09.704421 42109 node.cpp:2129] node Atomic:10.1.2.3:8700:0 received PreVote from 10.1.1.3:8700:0 in term 75 current_term 75 granted 1 rejected_by_lease 0
W1218 01:41:09.713065 42107 baidu_rpc_protocol.cpp:349] Fail to write into Socket{id=8589934685 fd=8 addr=10.1.3.3:56524:8700} (0x631000050800): Unknown error 1014 [1014]
I1218 01:41:09.716846 42123 node.cpp:949] node Atomic:10.1.2.3:8700:0 starts to do snapshot
I1218 01:41:09.779552 42120 node.cpp:1403] node Atomic:10.1.2.3:8700:0 received RequestVoteResponse from 10.1.5.3:8700:0 term 75 granted 1 rejected_by_lease 0 disrupted 0
I1218 01:41:09.833388 42109 node.cpp:2129] node Atomic:10.1.2.3:8700:0 received PreVote from 10.1.4.3:8700:0 in term 75 current_term 75 granted 1 rejected_by_lease 0
I1218 01:41:09.867995 42110 node.cpp:1403] node Atomic:10.1.2.3:8700:0 received RequestVoteResponse from 10.1.1.3:8700:0 term 75 granted 1 rejected_by_lease 0 disrupted 0
I1218 01:41:09.869517 42110 node.cpp:1908] node Atomic:10.1.2.3:8700:0 term 75 become leader of group 10.1.1.3:8700:0,10.1.2.3:8700:0,10.1.3.3:8700:0,10.1.4.3:8700:0,10.1.5.3:8700:0 
I1218 01:41:09.901849 42110 replicator.cpp:143] Replicator=3332894621705@10.1.1.3:8700:0 is started, group Atomic
I1218 01:41:10.066964 42123 snapshot.cpp:647] Deleting ./data/snapshot/snapshot_00000000000000000066
I1218 01:41:10.068100 42123 snapshot.cpp:653] Renaming ./data/snapshot/temp to ./data/snapshot/snapshot_00000000000000000066
I1218 01:41:10.085719 42123 snapshot.cpp:523] Deleting ./data/snapshot/snapshot_00000000000000000061
I1218 01:41:10.207626 42110 replicator.cpp:143] Replicator=3328599654406@10.1.3.3:8700:0 is started, group Atomic
I1218 01:41:10.221498 42110 replicator.cpp:143] Replicator=1116691496961@10.1.4.3:8700:0 is started, group Atomic
I1218 01:41:10.258018 42110 replicator.cpp:143] Replicator=1133871366145@10.1.5.3:8700:0 is started, group Atomic
I1218 01:41:10.260623 42123 snapshot_executor.cpp:234] node Atomic:10.1.2.3:8700:0 snapshot_save_done, last_included_index=66 last_included_term=74
W1218 01:41:10.627561 42104 node.cpp:1370] node Atomic:10.1.2.3:8700:0 received invalid RequestVoteResponse from 10.1.4.3:8700:0 ctx_version 1 current_ctx_version 2
W1218 01:41:10.639587 42109 node.cpp:1370] node Atomic:10.1.2.3:8700:0 received invalid RequestVoteResponse from 10.1.3.3:8700:0 ctx_version 1 current_ctx_version 2
I1218 01:41:10.699633 42097 replicator.cpp:835] node Atomic:10.1.2.3:8700:0 send InstallSnapshotRequest to 10.1.5.3:8700:0 term 75 last_included_term 74 last_included_index 66 uri remote://10.1.2.3:8700/1479548482509089087
I1218 01:41:11.008867 42108 server.cpp:306] Configuration of this group is 10.1.1.3:8700:0,10.1.2.3:8700:0,10.1.3.3:8700:0,10.1.4.3:8700:0,10.1.5.3:8700:0
I1218 01:41:11.011862 42108 node.cpp:3310] node Atomic:10.1.2.3:8700:0 reset ConfigurationCtx, new_peers: 10.1.1.3:8700:0,10.1.2.3:8700:0,10.1.3.3:8700:0,10.1.4.3:8700:0,10.1.5.3:8700:0, old_peers: 10.1.1.3:8700:0,10.1.2.3:8700:0,10.1.3.3:8700:0,10.1.4.3:8700:0,10.1.5.3:8700:0
I1218 01:41:11.111213 42108 server.cpp:291] Node becomes leader
I1218 01:41:11.375226 42093 replicator.cpp:902] received InstallSnapshotResponse from Atomic:10.1.5.3:8700:0 last_included_index 66 last_included_term 74 success.
W1218 01:41:11.775362 42063 sampler.cpp:192] bvar is busy at sampling for 2 seconds!
W1218 01:41:18.835111 42097 input_messenger.cpp:381] Fail to read from Socket{id=17179869375 fd=8 addr=10.1.1.3:8700:42744} (0x63100008d5c0): Connection reset by peer [104]
W1218 01:41:18.884392 42097 replicator.cpp:297] Group Atomic fail to issue RPC to 10.1.1.3:8700:0 _consecutive_error_times=1, [E104]Fail to read from Socket{id=17179869375fd=8 addr=10.1.1.3:8700:42744} (0x0x63100008d5c0): Connection reset by peer [R1][E112]Not connected to 10.1.1.3:8700 yet, server_id=17179869375 [R2][E112]Not connected to 10.1.1.3:8700 yet, server_id=17179869375 [R3][E112]Not connected to 10.1.1.3:8700 yet, server_id=17179869375
I1218 01:41:18.984346 42111 socket.cpp:2570] Checking Socket{id=17179869375 addr=10.1.1.3:8700} (0x63100008d5c0)
W1218 01:41:24.035885 42121 replicator.cpp:297] Group Atomic fail to issue RPC to 10.1.1.3:8700:0 _consecutive_error_times=11, [E112]Not connected to 10.1.1.3:8700 yet, server_id=17179869375 [R1][E112]Not connected to 10.1.1.3:8700 yet, server_id=17179869375 [R2][E112]Not connected to 10.1.1.3:8700 yet, server_id=17179869375 [R3][E112]Not connected to 10.1.1.3:8700 yet, server_id=17179869375
W1218 01:41:29.255617 42107 replicator.cpp:297] Group Atomic fail to issue RPC to 10.1.1.3:8700:0 _consecutive_error_times=21, [E112]Not connected to 10.1.1.3:8700 yet, server_id=17179869375 [R1][E112]Not connected to 10.1.1.3:8700 yet, server_id=17179869375 [R2][E112]Not connected to 10.1.1.3:8700 yet, server_id=17179869375 [R3][E112]Not connected to 10.1.1.3:8700 yet, server_id=17179869375
W1218 01:41:34.341588 42107 replicator.cpp:297] Group Atomic fail to issue RPC to 10.1.1.3:8700:0 _consecutive_error_times=31, [E112]Not connected to 10.1.1.3:8700 yet, server_id=17179869375 [R1][E112]Not connected to 10.1.1.3:8700 yet, server_id=17179869375 [R2][E112]Not connected to 10.1.1.3:8700 yet, server_id=17179869375 [R3][E112]Not connected to 10.1.1.3:8700 yet, server_id=17179869375
W1218 01:41:39.768817 42107 replicator.cpp:297] Group Atomic fail to issue RPC to 10.1.1.3:8700:0 _consecutive_error_times=41, [E112]Not connected to 10.1.1.3:8700 yet, server_id=17179869375 [R1][E112]Not connected to 10.1.1.3:8700 yet, server_id=17179869375 [R2][E112]Not connected to 10.1.1.3:8700 yet, server_id=17179869375 [R3][E112]Not connected to 10.1.1.3:8700 yet, server_id=17179869375
I1218 01:41:39.863924 42101 node.cpp:949] node Atomic:10.1.2.3:8700:0 starts to do snapshot
W1218 01:41:39.889240 42121 replicator.cpp:297] Group Atomic fail to issue RPC to 10.1.5.3:8700:0 _consecutive_error_times=1, [E22][10.1.5.3:8700][E22]node Atomic:10.1.5.3:8700:0 is not in active state, state ERROR
I1218 01:41:40.017005 42101 snapshot.cpp:647] Deleting ./data/snapshot/snapshot_00000000000000000067
I1218 01:41:40.023875 42101 snapshot.cpp:653] Renaming ./data/snapshot/temp to ./data/snapshot/snapshot_00000000000000000067
I1218 01:41:40.085894 42101 snapshot.cpp:523] Deleting ./data/snapshot/snapshot_00000000000000000066
I1218 01:41:40.151885 42101 snapshot_executor.cpp:234] node Atomic:10.1.2.3:8700:0 snapshot_save_done, last_included_index=67 last_included_term=75
I1218 01:41:40.203476 42123 log.cpp:1153] log save_meta ./data/log/log_meta first_log_index: 67 time: 25058
W1218 01:41:40.288210 42121 input_messenger.cpp:381] Fail to read from Socket{id=8589934782 fd=9 addr=10.1.4.3:8700:35508} (0x63100008d300): Connection reset by peer [104]
W1218 01:41:40.304535 42121 replicator.cpp:297] Group Atomic fail to issue RPC to 10.1.4.3:8700:0 _consecutive_error_times=1, [E104]Fail to read from Socket{id=8589934782fd=9 addr=10.1.4.3:8700:35508} (0x0x63100008d300): Connection reset by peer [R1][E112]Not connected to 10.1.4.3:8700 yet, server_id=8589934782 [R2][E112]Not connected to 10.1.4.3:8700 yet, server_id=8589934782 [R3][E112]Not connected to 10.1.4.3:8700 yet, server_id=8589934782
I1218 01:41:40.410893 42111 socket.cpp:2570] Checking Socket{id=8589934782 addr=10.1.4.3:8700} (0x63100008d300)
WARNING: Logging before InitGoogleLogging() is written to STDERR
W1218 01:41:49.032990 42821 bthread.cpp:409] Fail to set concurrency by tag: 0, tag concurrency must larger than old oncurrency. old concurrency: 24, new concurrency: 9
I1218 01:41:49.947907 42821 server.cpp:1208] Server[braft::RaftStatImpl+braft::FileServiceImpl+braft::RaftServiceImpl+braft::CliServiceImpl+example::AtomicServiceImpl] is serving on port=8700.
I1218 01:41:49.949626 42821 server.cpp:1211] Check out http://n2:8700 in web browser.
I1218 01:41:50.633148 42821 log.cpp:691] Use murmurhash32 as the checksum type of appending entries
I1218 01:41:50.679800 42821 log.cpp:1175] log load_meta ./data/log/log_meta first_log_index: 67 time: 6499
I1218 01:41:50.681865 42821 log.cpp:1115] load open segment, path: ./data/log first_index: 62
I1218 01:41:50.979362 42821 snapshot.cpp:465] Deleting ./data/snapshot/temp
I1218 01:41:51.457266 42874 server.cpp:306] Configuration of this group is 10.1.1.3:8700:0,10.1.2.3:8700:0,10.1.3.3:8700:0,10.1.4.3:8700:0,10.1.5.3:8700:0
I1218 01:41:51.543013 42874 snapshot_executor.cpp:264] node Atomic:10.1.2.3:8700:0 snapshot_load_done, last_included_index: 67 last_included_term: 75 peers: "10.1.1.3:8700:0" peers: "10.1.2.3:8700:0" peers: "10.1.3.3:8700:0" peers: "10.1.4.3:8700:0" peers: "10.1.5.3:8700:0"
I1218 01:41:51.570328 42821 raft_meta.cpp:521] Loaded single stable meta, path ./data/raft_meta term 75 votedfor 10.1.2.3:8700:0 time: 868
I1218 01:41:51.583153 42821 node.cpp:608] node Atomic:10.1.2.3:8700:0 init, term: 75 last_log_id: (index=67,term=75) conf: 10.1.1.3:8700:0,10.1.2.3:8700:0,10.1.3.3:8700:0,10.1.4.3:8700:0,10.1.5.3:8700:0 old_conf: 
I1218 01:41:51.589576 42821 server.cpp:509] Atomic service is running on 0.0.0.0:8700
WARNING: Logging before InitGoogleLogging() is written to STDERR
W1218 01:42:05.654249 42994 sampler.cpp:192] bvar is busy at sampling for 2 seconds!
W1218 01:42:07.004556 42971 bthread.cpp:409] Fail to set concurrency by tag: 0, tag concurrency must larger than old oncurrency. old concurrency: 24, new concurrency: 9
I1218 01:42:07.325603 42971 server.cpp:1208] Server[braft::RaftStatImpl+braft::FileServiceImpl+braft::RaftServiceImpl+braft::CliServiceImpl+example::AtomicServiceImpl] is serving on port=8700.
I1218 01:42:07.327179 42971 server.cpp:1211] Check out http://n2:8700 in web browser.
I1218 01:42:07.629290 42971 log.cpp:691] Use murmurhash32 as the checksum type of appending entries
I1218 01:42:07.655121 42971 log.cpp:1175] log load_meta ./data/log/log_meta first_log_index: 67 time: 11782
I1218 01:42:07.657379 42971 log.cpp:1115] load open segment, path: ./data/log first_index: 62
I1218 01:42:07.691646 42971 snapshot.cpp:465] Deleting ./data/snapshot/temp
I1218 01:42:07.760555 43026 server.cpp:306] Configuration of this group is 10.1.1.3:8700:0,10.1.2.3:8700:0,10.1.3.3:8700:0,10.1.4.3:8700:0,10.1.5.3:8700:0
I1218 01:42:07.769176 43026 snapshot_executor.cpp:264] node Atomic:10.1.2.3:8700:0 snapshot_load_done, last_included_index: 67 last_included_term: 75 peers: "10.1.1.3:8700:0" peers: "10.1.2.3:8700:0" peers: "10.1.3.3:8700:0" peers: "10.1.4.3:8700:0" peers: "10.1.5.3:8700:0"
I1218 01:42:07.833813 42971 raft_meta.cpp:521] Loaded single stable meta, path ./data/raft_meta term 75 votedfor 10.1.2.3:8700:0 time: 774
I1218 01:42:07.868288 42971 node.cpp:608] node Atomic:10.1.2.3:8700:0 init, term: 75 last_log_id: (index=67,term=75) conf: 10.1.1.3:8700:0,10.1.2.3:8700:0,10.1.3.3:8700:0,10.1.4.3:8700:0,10.1.5.3:8700:0 old_conf: 
I1218 01:42:07.889611 42971 server.cpp:509] Atomic service is running on 0.0.0.0:8700
I1218 01:42:11.223778 43030 node.cpp:2129] node Atomic:10.1.2.3:8700:0 received PreVote from 10.1.3.3:8700:0 in term 77 current_term 75 granted 1 rejected_by_lease 0
I1218 01:42:11.733420 43040 node.cpp:2211] node Atomic:10.1.2.3:8700:0 received RequestVote from 10.1.3.3:8700:0 in term 77 current_term 75 log_is_ok 1 votable_time 0
I1218 01:42:11.835040 43040 raft_meta.cpp:546] Saved single stable meta, path ./data/raft_meta term 77 votedfor 0.0.0.0:0:0 time: 55806
I1218 01:42:11.927871 43040 raft_meta.cpp:546] Saved single stable meta, path ./data/raft_meta term 77 votedfor 10.1.3.3:8700:0 time: 90413
I1218 01:42:16.766773 43062 node.cpp:1587] node Atomic:10.1.2.3:8700:0 term 77 start pre_vote
I1218 01:42:16.955981 43026 server.cpp:312] Node start following { leader_id=10.1.3.3:8700:0, term=77, status=Follower receives message from new leader with the same term.}
I1218 01:42:16.959368 43054 node.cpp:2129] node Atomic:10.1.2.3:8700:0 received PreVote from 10.1.4.3:8700:0 in term 78 current_term 77 granted 1 rejected_by_lease 0
W1218 01:42:17.052874 43038 node.cpp:1479] node Atomic:10.1.2.3:8700:0 received invalid PreVoteResponse from 10.1.4.3:8700:0 ctx_version 4 current_ctx_version 6
W1218 01:42:17.844563 43062 node.cpp:1479] node Atomic:10.1.2.3:8700:0 received invalid PreVoteResponse from 10.1.1.3:8700:0 ctx_version 4 current_ctx_version 6
W1218 01:42:17.890990 43037 node.cpp:1479] node Atomic:10.1.2.3:8700:0 received invalid PreVoteResponse from 10.1.3.3:8700:0 ctx_version 4 current_ctx_version 6
W1218 01:42:18.141346 43053 node.cpp:1567] node Atomic:10.1.2.3:8700:0 request PreVote from 10.1.5.3:8700:0 error: [E22][10.1.5.3:8700][E22]Invalid argument
I1218 01:42:18.167809 43054 server.cpp:306] Configuration of this group is 10.1.1.3:8700:0,10.1.2.3:8700:0,10.1.3.3:8700:0,10.1.4.3:8700:0,10.1.5.3:8700:0
I1218 01:42:18.181164 43054 server.cpp:306] Configuration of this group is 10.1.1.3:8700:0,10.1.2.3:8700:0,10.1.3.3:8700:0,10.1.4.3:8700:0,10.1.5.3:8700:0
WARNING: Logging before InitGoogleLogging() is written to STDERR
W1218 01:44:06.400988 44339 bthread.cpp:409] Fail to set concurrency by tag: 0, tag concurrency must larger than old oncurrency. old concurrency: 24, new concurrency: 9
I1218 01:44:06.631214 44339 server.cpp:1208] Server[braft::RaftStatImpl+braft::FileServiceImpl+braft::RaftServiceImpl+braft::CliServiceImpl+example::AtomicServiceImpl] is serving on port=8700.
I1218 01:44:06.632962 44339 server.cpp:1211] Check out http://n2:8700 in web browser.
I1218 01:44:07.032161 44339 log.cpp:691] Use murmurhash32 as the checksum type of appending entries
I1218 01:44:07.118186 44339 log.cpp:1175] log load_meta ./data/log/log_meta first_log_index: 67 time: 84125
I1218 01:44:07.157336 44339 log.cpp:1115] load open segment, path: ./data/log first_index: 62
I1218 01:44:07.460808 44339 snapshot.cpp:465] Deleting ./data/snapshot/temp
