I1218 01:11:48.319147 23497 log.cpp:1175] log load_meta ./data/log/log_meta first_log_index: 7 time: 4646
I1218 01:11:48.325109 23497 log.cpp:1115] load open segment, path: ./data/log first_index: 3
I1218 01:11:48.383477 23497 snapshot.cpp:465] Deleting ./data/snapshot/temp
I1218 01:11:48.512637 23578 server.cpp:306] Configuration of this group is 10.1.1.3:8700:0,10.1.2.3:8700:0,10.1.3.3:8700:0,10.1.4.3:8700:0,10.1.5.3:8700:0
I1218 01:11:48.538378 23578 snapshot_executor.cpp:264] node Atomic:10.1.1.3:8700:0 snapshot_load_done, last_included_index: 9 last_included_term: 13 peers: "10.1.1.3:8700:0" peers: "10.1.2.3:8700:0" peers: "10.1.3.3:8700:0" peers: "10.1.4.3:8700:0" peers: "10.1.5.3:8700:0"
I1218 01:11:48.579430 23497 raft_meta.cpp:521] Loaded single stable meta, path ./data/raft_meta term 18 votedfor 10.1.3.3:8700:0 time: 915
I1218 01:11:48.620684 23497 node.cpp:608] node Atomic:10.1.1.3:8700:0 init, term: 18 last_log_id: (index=13,term=18) conf: 10.1.1.3:8700:0,10.1.2.3:8700:0,10.1.3.3:8700:0,10.1.4.3:8700:0,10.1.5.3:8700:0 old_conf: 
I1218 01:11:48.630625 23497 server.cpp:509] Atomic service is running on 0.0.0.0:8700
I1218 01:11:50.252314 23571 node.cpp:949] node Atomic:10.1.1.3:8700:0 starts to do snapshot
I1218 01:11:50.264824 23571 snapshot_executor.cpp:154] node Atomic:10.1.1.3:8700:0 the gap between fsm applied index 9 and last_snapshot_index 9 is less than 1, will clear bufferred logs and return success
I1218 01:11:50.352092 23577 log.cpp:1153] log save_meta ./data/log/log_meta first_log_index: 10 time: 83891
I1218 01:11:51.696713 23576 node.cpp:2129] node Atomic:10.1.1.3:8700:0 received PreVote from 10.1.3.3:8700:0 in term 19 current_term 18 granted 1 rejected_by_lease 0
I1218 01:11:52.113663 23569 node.cpp:2211] node Atomic:10.1.1.3:8700:0 received RequestVote from 10.1.3.3:8700:0 in term 19 current_term 18 log_is_ok 1 votable_time 0
I1218 01:11:52.148443 23569 raft_meta.cpp:546] Saved single stable meta, path ./data/raft_meta term 19 votedfor 0.0.0.0:0:0 time: 31810
I1218 01:11:52.185775 23569 raft_meta.cpp:546] Saved single stable meta, path ./data/raft_meta term 19 votedfor 10.1.3.3:8700:0 time: 30785
I1218 01:11:52.577649 23569 server.cpp:312] Node start following { leader_id=10.1.3.3:8700:0, term=19, status=Follower receives message from new leader with the same term.}
I1218 01:11:52.647704 23558 server.cpp:306] Configuration of this group is 10.1.1.3:8700:0,10.1.2.3:8700:0,10.1.3.3:8700:0,10.1.4.3:8700:0,10.1.5.3:8700:0
I1218 01:11:52.650092 23558 server.cpp:306] Configuration of this group is 10.1.1.3:8700:0,10.1.2.3:8700:0,10.1.3.3:8700:0,10.1.4.3:8700:0,10.1.5.3:8700:0
I1218 01:11:52.676971 23558 server.cpp:306] Configuration of this group is 10.1.1.3:8700:0,10.1.2.3:8700:0,10.1.3.3:8700:0,10.1.4.3:8700:0,10.1.5.3:8700:0
I1218 01:11:52.735284 23558 server.cpp:306] Configuration of this group is 10.1.1.3:8700:0,10.1.2.3:8700:0,10.1.3.3:8700:0,10.1.4.3:8700:0,10.1.5.3:8700:0
I1218 01:11:53.511840 23569 server.cpp:306] Configuration of this group is 10.1.1.3:8700:0,10.1.2.3:8700:0,10.1.3.3:8700:0,10.1.4.3:8700:0,10.1.5.3:8700:0
WARNING: Logging before InitGoogleLogging() is written to STDERR
W1218 01:12:33.523622 24031 bthread.cpp:409] Fail to set concurrency by tag: 0, tag concurrency must larger than old oncurrency. old concurrency: 24, new concurrency: 9
I1218 01:12:33.928447 24031 server.cpp:1208] Server[braft::RaftStatImpl+braft::FileServiceImpl+braft::RaftServiceImpl+braft::CliServiceImpl+example::AtomicServiceImpl] is serving on port=8700.
I1218 01:12:33.932068 24031 server.cpp:1211] Check out http://n1:8700 in web browser.
I1218 01:12:34.100580 24031 log.cpp:691] Use murmurhash32 as the checksum type of appending entries
I1218 01:12:34.120242 24031 log.cpp:1175] log load_meta ./data/log/log_meta first_log_index: 10 time: 17571
I1218 01:12:34.148576 24031 log.cpp:1115] load open segment, path: ./data/log first_index: 3
I1218 01:12:34.448747 24031 snapshot.cpp:465] Deleting ./data/snapshot/temp
I1218 01:12:34.618294 24102 server.cpp:306] Configuration of this group is 10.1.1.3:8700:0,10.1.2.3:8700:0,10.1.3.3:8700:0,10.1.4.3:8700:0,10.1.5.3:8700:0
I1218 01:12:35.256783 24102 snapshot_executor.cpp:264] node Atomic:10.1.1.3:8700:0 snapshot_load_done, last_included_index: 9 last_included_term: 13 peers: "10.1.1.3:8700:0" peers: "10.1.2.3:8700:0" peers: "10.1.3.3:8700:0" peers: "10.1.4.3:8700:0" peers: "10.1.5.3:8700:0"
I1218 01:12:35.365769 24031 raft_meta.cpp:521] Loaded single stable meta, path ./data/raft_meta term 19 votedfor 10.1.3.3:8700:0 time: 9814
I1218 01:12:35.377866 24031 node.cpp:608] node Atomic:10.1.1.3:8700:0 init, term: 19 last_log_id: (index=14,term=19) conf: 10.1.1.3:8700:0,10.1.2.3:8700:0,10.1.3.3:8700:0,10.1.4.3:8700:0,10.1.5.3:8700:0 old_conf: 
I1218 01:12:35.407519 24031 server.cpp:509] Atomic service is running on 0.0.0.0:8700
I1218 01:12:37.690124 24096 node.cpp:2129] node Atomic:10.1.1.3:8700:0 received PreVote from 10.1.3.3:8700:0 in term 20 current_term 19 granted 1 rejected_by_lease 0
I1218 01:12:38.214838 24083 node.cpp:2211] node Atomic:10.1.1.3:8700:0 received RequestVote from 10.1.3.3:8700:0 in term 20 current_term 19 log_is_ok 1 votable_time 0
I1218 01:12:38.321769 24083 raft_meta.cpp:546] Saved single stable meta, path ./data/raft_meta term 20 votedfor 0.0.0.0:0:0 time: 99836
I1218 01:12:38.367419 24083 raft_meta.cpp:546] Saved single stable meta, path ./data/raft_meta term 20 votedfor 10.1.3.3:8700:0 time: 33891
I1218 01:12:38.749279 24102 server.cpp:312] Node start following { leader_id=10.1.3.3:8700:0, term=20, status=Follower receives message from new leader with the same term.}
I1218 01:12:38.767084 24082 server.cpp:306] Configuration of this group is 10.1.1.3:8700:0,10.1.2.3:8700:0,10.1.3.3:8700:0,10.1.4.3:8700:0,10.1.5.3:8700:0
I1218 01:12:38.769212 24082 server.cpp:306] Configuration of this group is 10.1.1.3:8700:0,10.1.2.3:8700:0,10.1.3.3:8700:0,10.1.4.3:8700:0,10.1.5.3:8700:0
I1218 01:12:38.780292 24082 server.cpp:306] Configuration of this group is 10.1.1.3:8700:0,10.1.2.3:8700:0,10.1.3.3:8700:0,10.1.4.3:8700:0,10.1.5.3:8700:0
I1218 01:12:38.785254 24082 server.cpp:306] Configuration of this group is 10.1.1.3:8700:0,10.1.2.3:8700:0,10.1.3.3:8700:0,10.1.4.3:8700:0,10.1.5.3:8700:0
I1218 01:12:38.789098 24082 server.cpp:306] Configuration of this group is 10.1.1.3:8700:0,10.1.2.3:8700:0,10.1.3.3:8700:0,10.1.4.3:8700:0,10.1.5.3:8700:0
I1218 01:12:39.147511 24083 server.cpp:306] Configuration of this group is 10.1.1.3:8700:0,10.1.2.3:8700:0,10.1.3.3:8700:0,10.1.4.3:8700:0,10.1.5.3:8700:0
I1218 01:12:55.786190 24107 node.cpp:949] node Atomic:10.1.1.3:8700:0 starts to do snapshot
I1218 01:12:56.508337 24107 snapshot.cpp:647] Deleting ./data/snapshot/snapshot_00000000000000000015
I1218 01:12:56.510346 24107 snapshot.cpp:653] Renaming ./data/snapshot/temp to ./data/snapshot/snapshot_00000000000000000015
I1218 01:12:56.571559 24107 snapshot.cpp:523] Deleting ./data/snapshot/snapshot_00000000000000000009
I1218 01:12:56.809098 24107 snapshot_executor.cpp:234] node Atomic:10.1.1.3:8700:0 snapshot_save_done, last_included_index=15 last_included_term=20
WARNING: Logging before InitGoogleLogging() is written to STDERR
W1218 01:13:11.761529 24438 bthread.cpp:409] Fail to set concurrency by tag: 0, tag concurrency must larger than old oncurrency. old concurrency: 24, new concurrency: 9
I1218 01:13:13.079654 24438 server.cpp:1208] Server[braft::RaftStatImpl+braft::FileServiceImpl+braft::RaftServiceImpl+braft::CliServiceImpl+example::AtomicServiceImpl] is serving on port=8700.
I1218 01:13:13.081439 24438 server.cpp:1211] Check out http://n1:8700 in web browser.
I1218 01:13:14.011076 24438 log.cpp:691] Use murmurhash32 as the checksum type of appending entries
I1218 01:13:14.065937 24438 log.cpp:1175] log load_meta ./data/log/log_meta first_log_index: 10 time: 50657
I1218 01:13:14.092608 24438 log.cpp:1115] load open segment, path: ./data/log first_index: 3
I1218 01:13:14.300009 24438 snapshot.cpp:465] Deleting ./data/snapshot/temp
I1218 01:13:14.528929 24481 server.cpp:306] Configuration of this group is 10.1.1.3:8700:0,10.1.2.3:8700:0,10.1.3.3:8700:0,10.1.4.3:8700:0,10.1.5.3:8700:0
I1218 01:13:14.578624 24481 snapshot_executor.cpp:264] node Atomic:10.1.1.3:8700:0 snapshot_load_done, last_included_index: 15 last_included_term: 20 peers: "10.1.1.3:8700:0" peers: "10.1.2.3:8700:0" peers: "10.1.3.3:8700:0" peers: "10.1.4.3:8700:0" peers: "10.1.5.3:8700:0"
I1218 01:13:14.597285 24438 raft_meta.cpp:521] Loaded single stable meta, path ./data/raft_meta term 20 votedfor 10.1.3.3:8700:0 time: 851
I1218 01:13:14.622170 24438 node.cpp:608] node Atomic:10.1.1.3:8700:0 init, term: 20 last_log_id: (index=15,term=20) conf: 10.1.1.3:8700:0,10.1.2.3:8700:0,10.1.3.3:8700:0,10.1.4.3:8700:0,10.1.5.3:8700:0 old_conf: 
I1218 01:13:14.649305 24438 server.cpp:509] Atomic service is running on 0.0.0.0:8700
I1218 01:13:16.324553 24486 node.cpp:949] node Atomic:10.1.1.3:8700:0 starts to do snapshot
I1218 01:13:16.364317 24486 snapshot_executor.cpp:154] node Atomic:10.1.1.3:8700:0 the gap between fsm applied index 15 and last_snapshot_index 15 is less than 1, will clear bufferred logs and return success
I1218 01:13:16.402812 24481 node.cpp:2129] node Atomic:10.1.1.3:8700:0 received PreVote from 10.1.3.3:8700:0 in term 21 current_term 20 granted 1 rejected_by_lease 0
I1218 01:13:16.470623 24486 log.cpp:1153] log save_meta ./data/log/log_meta first_log_index: 16 time: 103956
I1218 01:13:16.472383 24486 log.cpp:608] Unlinked segment `./data/log/log_inprogress_00000000000000000003'
I1218 01:13:16.699095 24474 node.cpp:2211] node Atomic:10.1.1.3:8700:0 received RequestVote from 10.1.3.3:8700:0 in term 21 current_term 20 log_is_ok 1 votable_time 0
I1218 01:13:16.757817 24474 raft_meta.cpp:546] Saved single stable meta, path ./data/raft_meta term 21 votedfor 0.0.0.0:0:0 time: 45076
I1218 01:13:16.868538 24474 raft_meta.cpp:546] Saved single stable meta, path ./data/raft_meta term 21 votedfor 10.1.3.3:8700:0 time: 108550
I1218 01:13:17.129151 24480 server.cpp:312] Node start following { leader_id=10.1.3.3:8700:0, term=21, status=Follower receives message from new leader with the same term.}
I1218 01:13:17.344388 24474 log.cpp:114] Created new segment `./data/log/log_inprogress_00000000000000000016' with fd=7
I1218 01:13:18.066699 24474 server.cpp:306] Configuration of this group is 10.1.1.3:8700:0,10.1.2.3:8700:0,10.1.3.3:8700:0,10.1.4.3:8700:0,10.1.5.3:8700:0
WARNING: Logging before InitGoogleLogging() is written to STDERR
W1218 01:13:57.497629 24977 bthread.cpp:409] Fail to set concurrency by tag: 0, tag concurrency must larger than old oncurrency. old concurrency: 24, new concurrency: 9
I1218 01:13:58.409305 24977 server.cpp:1208] Server[braft::RaftStatImpl+braft::FileServiceImpl+braft::RaftServiceImpl+braft::CliServiceImpl+example::AtomicServiceImpl] is serving on port=8700.
I1218 01:13:58.411679 24977 server.cpp:1211] Check out http://n1:8700 in web browser.
I1218 01:13:59.212785 24977 log.cpp:691] Use murmurhash32 as the checksum type of appending entries
I1218 01:13:59.319389 24977 log.cpp:1175] log load_meta ./data/log/log_meta first_log_index: 16 time: 38007
I1218 01:13:59.352931 24977 log.cpp:1115] load open segment, path: ./data/log first_index: 16
I1218 01:13:59.557485 24977 snapshot.cpp:465] Deleting ./data/snapshot/temp
I1218 01:14:00.024482 25035 server.cpp:306] Configuration of this group is 10.1.1.3:8700:0,10.1.2.3:8700:0,10.1.3.3:8700:0,10.1.4.3:8700:0,10.1.5.3:8700:0
I1218 01:14:00.085462 25035 snapshot_executor.cpp:264] node Atomic:10.1.1.3:8700:0 snapshot_load_done, last_included_index: 15 last_included_term: 20 peers: "10.1.1.3:8700:0" peers: "10.1.2.3:8700:0" peers: "10.1.3.3:8700:0" peers: "10.1.4.3:8700:0" peers: "10.1.5.3:8700:0"
I1218 01:14:00.174926 24977 raft_meta.cpp:521] Loaded single stable meta, path ./data/raft_meta term 21 votedfor 10.1.3.3:8700:0 time: 2965
I1218 01:14:00.279141 24977 node.cpp:608] node Atomic:10.1.1.3:8700:0 init, term: 21 last_log_id: (index=16,term=21) conf: 10.1.1.3:8700:0,10.1.2.3:8700:0,10.1.3.3:8700:0,10.1.4.3:8700:0,10.1.5.3:8700:0 old_conf: 
I1218 01:14:00.397024 24977 server.cpp:509] Atomic service is running on 0.0.0.0:8700
I1218 01:14:05.245589 25047 node.cpp:2211] node Atomic:10.1.1.3:8700:0 received RequestVote from 10.1.3.3:8700:0 in term 22 current_term 21 log_is_ok 1 votable_time 0
I1218 01:14:05.307169 25047 raft_meta.cpp:546] Saved single stable meta, path ./data/raft_meta term 22 votedfor 0.0.0.0:0:0 time: 33507
I1218 01:14:05.369413 25047 raft_meta.cpp:546] Saved single stable meta, path ./data/raft_meta term 22 votedfor 10.1.3.3:8700:0 time: 59686
I1218 01:14:05.424754 25033 node.cpp:2211] node Atomic:10.1.1.3:8700:0 received RequestVote from 10.1.4.3:8700:0 in term 22 current_term 22 log_is_ok 1 votable_time 0
I1218 01:14:05.787855 25061 node.cpp:1587] node Atomic:10.1.1.3:8700:0 term 22 start pre_vote
I1218 01:14:05.938109 25035 node.cpp:1512] node Atomic:10.1.1.3:8700:0 received PreVoteResponse from 10.1.2.3:8700:0 term 22 granted 1 rejected_by_lease 0 disrupted 0
W1218 01:14:06.027976 25048 node.cpp:1567] node Atomic:10.1.1.3:8700:0 request PreVote from 10.1.5.3:8700:0 error: [E22][10.1.5.3:8700][E22]Invalid argument
I1218 01:14:06.055517 25022 node.cpp:1512] node Atomic:10.1.1.3:8700:0 received PreVoteResponse from 10.1.4.3:8700:0 term 22 granted 1 rejected_by_lease 0 disrupted 0
I1218 01:14:06.056715 25022 node.cpp:1653] node Atomic:10.1.1.3:8700:0 term 22 start vote and grant vote self
W1218 01:14:06.208468 25048 node.cpp:1454] node Atomic:10.1.1.3:8700:0 received RequestVoteResponse from 10.1.5.3:8700:0 error: [E22][10.1.5.3:8700][E22]Invalid argument
I1218 01:14:06.233549 25022 raft_meta.cpp:546] Saved single stable meta, path ./data/raft_meta term 23 votedfor 10.1.1.3:8700:0 time: 57991
W1218 01:14:06.256434 25028 node.cpp:2399] node Atomic:10.1.1.3:8700:0 ignore stale AppendEntries from 10.1.3.3:8700:0 in term 22 current_term 23
I1218 01:14:06.275789 25061 node.cpp:1403] node Atomic:10.1.1.3:8700:0 received RequestVoteResponse from 10.1.2.3:8700:0 term 23 granted 1 rejected_by_lease 0 disrupted 0
I1218 01:14:06.324455 25061 node.cpp:1403] node Atomic:10.1.1.3:8700:0 received RequestVoteResponse from 10.1.4.3:8700:0 term 23 granted 1 rejected_by_lease 0 disrupted 0
I1218 01:14:06.325387 25061 node.cpp:1908] node Atomic:10.1.1.3:8700:0 term 23 become leader of group 10.1.1.3:8700:0,10.1.2.3:8700:0,10.1.3.3:8700:0,10.1.4.3:8700:0,10.1.5.3:8700:0 
I1218 01:14:06.328840 25061 replicator.cpp:143] Replicator=5501853106182@10.1.2.3:8700:0 is started, group Atomic
I1218 01:14:06.341914 25061 replicator.cpp:143] Replicator=4453881085953@10.1.3.3:8700:0 is started, group Atomic
I1218 01:14:06.353616 25061 replicator.cpp:143] Replicator=4471060955137@10.1.4.3:8700:0 is started, group Atomic
I1218 01:14:06.391598 25061 replicator.cpp:143] Replicator=4488240824321@10.1.5.3:8700:0 is started, group Atomic
W1218 01:14:06.444370 25048 node.cpp:1370] node Atomic:10.1.1.3:8700:0 received invalid RequestVoteResponse from 10.1.3.3:8700:0 ctx_version 1 current_ctx_version 2
W1218 01:14:06.451227 25022 node.cpp:1479] node Atomic:10.1.1.3:8700:0 received invalid PreVoteResponse from 10.1.3.3:8700:0 ctx_version 4 current_ctx_version 5
W1218 01:14:06.500794 25033 replicator.cpp:397] Group Atomic fail to issue RPC to 10.1.5.3:8700:0 _consecutive_error_times=1, [E22][10.1.5.3:8700][E22]node Atomic:10.1.5.3:8700:0 is not in active state, state ERROR
I1218 01:14:06.879233 25033 server.cpp:306] Configuration of this group is 10.1.1.3:8700:0,10.1.2.3:8700:0,10.1.3.3:8700:0,10.1.4.3:8700:0,10.1.5.3:8700:0
I1218 01:14:06.880936 25033 server.cpp:306] Configuration of this group is 10.1.1.3:8700:0,10.1.2.3:8700:0,10.1.3.3:8700:0,10.1.4.3:8700:0,10.1.5.3:8700:0
I1218 01:14:06.928881 25033 node.cpp:3310] node Atomic:10.1.1.3:8700:0 reset ConfigurationCtx, new_peers: 10.1.1.3:8700:0,10.1.2.3:8700:0,10.1.3.3:8700:0,10.1.4.3:8700:0,10.1.5.3:8700:0, old_peers: 10.1.1.3:8700:0,10.1.2.3:8700:0,10.1.3.3:8700:0,10.1.4.3:8700:0,10.1.5.3:8700:0
I1218 01:14:07.117127 25033 server.cpp:291] Node becomes leader
W1218 01:14:09.384835 25035 replicator.cpp:397] Group Atomic fail to issue RPC to 10.1.5.3:8700:0 _consecutive_error_times=11, [E22][10.1.5.3:8700][E22]node Atomic:10.1.5.3:8700:0 is not in active state, state ERROR
W1218 01:14:12.335754 25035 replicator.cpp:297] Group Atomic fail to issue RPC to 10.1.5.3:8700:0 _consecutive_error_times=21, [E22][10.1.5.3:8700][E22]node Atomic:10.1.5.3:8700:0 is not in active state, state ERROR
W1218 01:14:15.177510 25043 replicator.cpp:397] Group Atomic fail to issue RPC to 10.1.5.3:8700:0 _consecutive_error_times=31, [E22][10.1.5.3:8700][E22]node Atomic:10.1.5.3:8700:0 is not in active state, state ERROR
I1218 01:14:17.413409 25061 node.cpp:949] node Atomic:10.1.1.3:8700:0 starts to do snapshot
I1218 01:14:17.743556 25061 snapshot.cpp:647] Deleting ./data/snapshot/snapshot_00000000000000000017
I1218 01:14:17.763701 25061 snapshot.cpp:653] Renaming ./data/snapshot/temp to ./data/snapshot/snapshot_00000000000000000017
I1218 01:14:17.789824 25061 snapshot.cpp:523] Deleting ./data/snapshot/snapshot_00000000000000000015
WARNING: Logging before InitGoogleLogging() is written to STDERR
W1218 01:15:16.991590 25817 bthread.cpp:409] Fail to set concurrency by tag: 0, tag concurrency must larger than old oncurrency. old concurrency: 24, new concurrency: 9
I1218 01:15:17.433898 25817 server.cpp:1208] Server[braft::RaftStatImpl+braft::FileServiceImpl+braft::RaftServiceImpl+braft::CliServiceImpl+example::AtomicServiceImpl] is serving on port=8700.
I1218 01:15:17.464390 25817 server.cpp:1211] Check out http://n1:8700 in web browser.
I1218 01:15:18.040357 25817 log.cpp:691] Use murmurhash32 as the checksum type of appending entries
I1218 01:15:18.117762 25817 log.cpp:1175] log load_meta ./data/log/log_meta first_log_index: 16 time: 75435
I1218 01:15:18.197711 25817 log.cpp:1115] load open segment, path: ./data/log first_index: 16
I1218 01:15:18.415449 25817 snapshot.cpp:465] Deleting ./data/snapshot/temp
I1218 01:15:18.461083 25817 snapshot.cpp:501] Deleting snapshot `./data/snapshot/snapshot_00000000000000000015'
I1218 01:15:18.668756 25870 server.cpp:306] Configuration of this group is 10.1.1.3:8700:0,10.1.2.3:8700:0,10.1.3.3:8700:0,10.1.4.3:8700:0,10.1.5.3:8700:0
I1218 01:15:18.711278 25870 snapshot_executor.cpp:264] node Atomic:10.1.1.3:8700:0 snapshot_load_done, last_included_index: 17 last_included_term: 23 peers: "10.1.1.3:8700:0" peers: "10.1.2.3:8700:0" peers: "10.1.3.3:8700:0" peers: "10.1.4.3:8700:0" peers: "10.1.5.3:8700:0"
I1218 01:15:18.740303 25817 raft_meta.cpp:521] Loaded single stable meta, path ./data/raft_meta term 23 votedfor 10.1.1.3:8700:0 time: 930
I1218 01:15:18.742767 25817 node.cpp:608] node Atomic:10.1.1.3:8700:0 init, term: 23 last_log_id: (index=17,term=23) conf: 10.1.1.3:8700:0,10.1.2.3:8700:0,10.1.3.3:8700:0,10.1.4.3:8700:0,10.1.5.3:8700:0 old_conf: 
I1218 01:15:18.745985 25817 server.cpp:509] Atomic service is running on 0.0.0.0:8700
I1218 01:15:23.304858 25864 node.cpp:2129] node Atomic:10.1.1.3:8700:0 received PreVote from 10.1.3.3:8700:0 in term 25 current_term 23 granted 1 rejected_by_lease 0
I1218 01:15:23.578349 25886 node.cpp:2211] node Atomic:10.1.1.3:8700:0 received RequestVote from 10.1.3.3:8700:0 in term 25 current_term 23 log_is_ok 1 votable_time 0
I1218 01:15:23.684324 25886 raft_meta.cpp:546] Saved single stable meta, path ./data/raft_meta term 25 votedfor 0.0.0.0:0:0 time: 103429
I1218 01:15:23.718137 25886 raft_meta.cpp:546] Saved single stable meta, path ./data/raft_meta term 25 votedfor 10.1.3.3:8700:0 time: 31352
I1218 01:15:24.173049 25869 server.cpp:312] Node start following { leader_id=10.1.3.3:8700:0, term=25, status=Follower receives message from new leader with the same term.}
I1218 01:15:24.580207 25896 server.cpp:306] Configuration of this group is 10.1.1.3:8700:0,10.1.2.3:8700:0,10.1.3.3:8700:0,10.1.4.3:8700:0,10.1.5.3:8700:0
I1218 01:15:25.075963 25892 server.cpp:306] Configuration of this group is 10.1.1.3:8700:0,10.1.2.3:8700:0,10.1.3.3:8700:0,10.1.4.3:8700:0,10.1.5.3:8700:0
I1218 01:15:38.775837 25895 node.cpp:949] node Atomic:10.1.1.3:8700:0 starts to do snapshot
I1218 01:15:39.085987 25895 snapshot.cpp:647] Deleting ./data/snapshot/snapshot_00000000000000000019
I1218 01:15:39.088477 25895 snapshot.cpp:653] Renaming ./data/snapshot/temp to ./data/snapshot/snapshot_00000000000000000019
I1218 01:15:39.145354 25895 snapshot.cpp:523] Deleting ./data/snapshot/snapshot_00000000000000000017
I1218 01:15:39.416205 25895 snapshot_executor.cpp:234] node Atomic:10.1.1.3:8700:0 snapshot_save_done, last_included_index=19 last_included_term=25
I1218 01:15:39.576138 25865 log.cpp:1153] log save_meta ./data/log/log_meta first_log_index: 18 time: 57174
I1218 01:15:41.784287 25895 node.cpp:1587] node Atomic:10.1.1.3:8700:0 term 25 start pre_vote
I1218 01:15:41.769791 25865 server.cpp:309] Node stops following { leader_id=10.1.3.3:8700:0, term=25, status=Lost connection from leader 10.1.3.3:8700:0}
W1218 01:15:42.151376 25894 node.cpp:1567] node Atomic:10.1.1.3:8700:0 request PreVote from 10.1.3.3:8700:0 error: [E111]Fail to connect Socket{id=374 addr=10.1.3.3:8700} (0x0x6310000c8d80): Connection refused
W1218 01:15:42.145931 25864 node.cpp:1567] node Atomic:10.1.1.3:8700:0 request PreVote from 10.1.2.3:8700:0 error: [E110]Fail to connect Socket{id=372 addr=10.1.2.3:8700} (0x0x6310000c8800): Connection timed out
W1218 01:15:42.343087 25863 node.cpp:1567] node Atomic:10.1.1.3:8700:0 request PreVote from 10.1.5.3:8700:0 error: [E22][10.1.5.3:8700][E22]Invalid argument
I1218 01:15:42.398275 25863 node.cpp:1512] node Atomic:10.1.1.3:8700:0 received PreVoteResponse from 10.1.4.3:8700:0 term 25 granted 1 rejected_by_lease 0 disrupted 0
I1218 01:15:43.633973 25886 node.cpp:2129] node Atomic:10.1.1.3:8700:0 received PreVote from 10.1.4.3:8700:0 in term 26 current_term 25 granted 1 rejected_by_lease 0
I1218 01:15:44.075245 25869 node.cpp:2211] node Atomic:10.1.1.3:8700:0 received RequestVote from 10.1.4.3:8700:0 in term 26 current_term 25 log_is_ok 1 votable_time 0
I1218 01:15:44.172472 25869 raft_meta.cpp:546] Saved single stable meta, path ./data/raft_meta term 26 votedfor 0.0.0.0:0:0 time: 27392
I1218 01:15:44.274359 25869 raft_meta.cpp:546] Saved single stable meta, path ./data/raft_meta term 26 votedfor 10.1.4.3:8700:0 time: 100009
I1218 01:15:44.507498 25886 server.cpp:312] Node start following { leader_id=10.1.4.3:8700:0, term=26, status=Follower receives message from new leader with the same term.}
I1218 01:15:45.970302 25863 server.cpp:306] Configuration of this group is 10.1.1.3:8700:0,10.1.2.3:8700:0,10.1.3.3:8700:0,10.1.4.3:8700:0,10.1.5.3:8700:0
WARNING: Logging before InitGoogleLogging() is written to STDERR
W1218 01:15:59.817782 26277 sampler.cpp:192] bvar is busy at sampling for 2 seconds!
W1218 01:16:00.165046 26264 bthread.cpp:409] Fail to set concurrency by tag: 0, tag concurrency must larger than old oncurrency. old concurrency: 24, new concurrency: 9
I1218 01:16:00.368697 26264 server.cpp:1208] Server[braft::RaftStatImpl+braft::FileServiceImpl+braft::RaftServiceImpl+braft::CliServiceImpl+example::AtomicServiceImpl] is serving on port=8700.
I1218 01:16:00.372026 26264 server.cpp:1211] Check out http://n1:8700 in web browser.
I1218 01:16:00.639523 26264 log.cpp:691] Use murmurhash32 as the checksum type of appending entries
I1218 01:16:00.759521 26264 log.cpp:1175] log load_meta ./data/log/log_meta first_log_index: 18 time: 77392
I1218 01:16:00.828989 26264 log.cpp:1115] load open segment, path: ./data/log first_index: 16
I1218 01:16:01.037256 26264 snapshot.cpp:465] Deleting ./data/snapshot/temp
I1218 01:16:01.319658 26324 server.cpp:306] Configuration of this group is 10.1.1.3:8700:0,10.1.2.3:8700:0,10.1.3.3:8700:0,10.1.4.3:8700:0,10.1.5.3:8700:0
I1218 01:16:01.376497 26324 snapshot_executor.cpp:264] node Atomic:10.1.1.3:8700:0 snapshot_load_done, last_included_index: 19 last_included_term: 25 peers: "10.1.1.3:8700:0" peers: "10.1.2.3:8700:0" peers: "10.1.3.3:8700:0" peers: "10.1.4.3:8700:0" peers: "10.1.5.3:8700:0"
I1218 01:16:01.457821 26264 raft_meta.cpp:521] Loaded single stable meta, path ./data/raft_meta term 26 votedfor 10.1.4.3:8700:0 time: 2558
I1218 01:16:01.459741 26264 node.cpp:608] node Atomic:10.1.1.3:8700:0 init, term: 26 last_log_id: (index=20,term=26) conf: 10.1.1.3:8700:0,10.1.2.3:8700:0,10.1.3.3:8700:0,10.1.4.3:8700:0,10.1.5.3:8700:0 old_conf: 
I1218 01:16:01.519812 26264 server.cpp:509] Atomic service is running on 0.0.0.0:8700
I1218 01:16:02.651512 26328 node.cpp:949] node Atomic:10.1.1.3:8700:0 starts to do snapshot
I1218 01:16:02.669751 26328 snapshot_executor.cpp:154] node Atomic:10.1.1.3:8700:0 the gap between fsm applied index 19 and last_snapshot_index 19 is less than 1, will clear bufferred logs and return success
I1218 01:16:02.773452 26307 log.cpp:1153] log save_meta ./data/log/log_meta first_log_index: 20 time: 99417
I1218 01:16:07.042227 26320 node.cpp:1587] node Atomic:10.1.1.3:8700:0 term 26 start pre_vote
I1218 01:16:08.433245 26307 node.cpp:1512] node Atomic:10.1.1.3:8700:0 received PreVoteResponse from 10.1.4.3:8700:0 term 26 granted 1 rejected_by_lease 0 disrupted 0
I1218 01:16:08.465942 26311 node.cpp:1512] node Atomic:10.1.1.3:8700:0 received PreVoteResponse from 10.1.3.3:8700:0 term 25 granted 1 rejected_by_lease 0 disrupted 0
W1218 01:16:08.476946 26303 node.cpp:1567] node Atomic:10.1.1.3:8700:0 request PreVote from 10.1.5.3:8700:0 error: [E22][10.1.5.3:8700][E22]Invalid argument
I1218 01:16:08.479368 26311 node.cpp:1653] node Atomic:10.1.1.3:8700:0 term 26 start vote and grant vote self
W1218 01:16:08.761523 26324 node.cpp:1454] node Atomic:10.1.1.3:8700:0 received RequestVoteResponse from 10.1.5.3:8700:0 error: [E22][10.1.5.3:8700][E22]Invalid argument
I1218 01:16:08.889887 26311 raft_meta.cpp:546] Saved single stable meta, path ./data/raft_meta term 27 votedfor 10.1.1.3:8700:0 time: 192470
I1218 01:16:09.069078 26303 node.cpp:1403] node Atomic:10.1.1.3:8700:0 received RequestVoteResponse from 10.1.4.3:8700:0 term 27 granted 1 rejected_by_lease 0 disrupted 0
I1218 01:16:09.096283 26307 node.cpp:1403] node Atomic:10.1.1.3:8700:0 received RequestVoteResponse from 10.1.3.3:8700:0 term 27 granted 1 rejected_by_lease 0 disrupted 0
I1218 01:16:09.097501 26307 node.cpp:1908] node Atomic:10.1.1.3:8700:0 term 27 become leader of group 10.1.1.3:8700:0,10.1.2.3:8700:0,10.1.3.3:8700:0,10.1.4.3:8700:0,10.1.5.3:8700:0 
I1218 01:16:09.176895 26307 replicator.cpp:143] Replicator=1129576398854@10.1.2.3:8700:0 is started, group Atomic
I1218 01:16:09.414098 26307 replicator.cpp:143] Replicator=3311419785217@10.1.3.3:8700:0 is started, group Atomic
I1218 01:16:09.499764 26307 replicator.cpp:143] Replicator=3328599654401@10.1.4.3:8700:0 is started, group Atomic
I1218 01:16:09.550392 26307 replicator.cpp:143] Replicator=3345779523585@10.1.5.3:8700:0 is started, group Atomic
W1218 01:16:09.636142 26324 replicator.cpp:397] Group Atomic fail to issue RPC to 10.1.5.3:8700:0 _consecutive_error_times=1, [E22][10.1.5.3:8700][E22]node Atomic:10.1.5.3:8700:0 is not in active state, state ERROR
W1218 01:16:09.736932 26303 node.cpp:1370] node Atomic:10.1.1.3:8700:0 received invalid RequestVoteResponse from 10.1.2.3:8700:0 ctx_version 1 current_ctx_version 2
W1218 01:16:09.757016 26321 node.cpp:1479] node Atomic:10.1.1.3:8700:0 received invalid PreVoteResponse from 10.1.2.3:8700:0 ctx_version 2 current_ctx_version 3
I1218 01:16:10.021828 26303 server.cpp:306] Configuration of this group is 10.1.1.3:8700:0,10.1.2.3:8700:0,10.1.3.3:8700:0,10.1.4.3:8700:0,10.1.5.3:8700:0
I1218 01:16:10.035688 26303 server.cpp:306] Configuration of this group is 10.1.1.3:8700:0,10.1.2.3:8700:0,10.1.3.3:8700:0,10.1.4.3:8700:0,10.1.5.3:8700:0
I1218 01:16:10.038328 26303 node.cpp:3310] node Atomic:10.1.1.3:8700:0 reset ConfigurationCtx, new_peers: 10.1.1.3:8700:0,10.1.2.3:8700:0,10.1.3.3:8700:0,10.1.4.3:8700:0,10.1.5.3:8700:0, old_peers: 10.1.1.3:8700:0,10.1.2.3:8700:0,10.1.3.3:8700:0,10.1.4.3:8700:0,10.1.5.3:8700:0
I1218 01:16:10.066299 26303 server.cpp:291] Node becomes leader
W1218 01:16:12.472865 26307 replicator.cpp:397] Group Atomic fail to issue RPC to 10.1.5.3:8700:0 _consecutive_error_times=11, [E22][10.1.5.3:8700][E22]node Atomic:10.1.5.3:8700:0 is not in active state, state ERROR
W1218 01:16:13.983203 26311 input_messenger.cpp:381] Fail to read from Socket{id=282 fd=13 addr=10.1.4.3:8700:41808} (0x6310000b5040): Connection reset by peer [104]
W1218 01:16:14.013823 26311 replicator.cpp:297] Group Atomic fail to issue RPC to 10.1.4.3:8700:0 _consecutive_error_times=1, [E104]Fail to read from Socket{id=282fd=13 addr=10.1.4.3:8700:41808} (0x0x6310000b5040): Connection reset by peer [R1][E112]Not connected to 10.1.4.3:8700 yet, server_id=282 [R2][E112]Not connected to 10.1.4.3:8700 yet, server_id=282 [R3][E112]Not connected to 10.1.4.3:8700 yet, server_id=282
I1218 01:16:14.128142 26307 socket.cpp:2570] Checking Socket{id=282 addr=10.1.4.3:8700} (0x6310000b5040)
W1218 01:16:15.815893 26303 input_messenger.cpp:381] Fail to read from Socket{id=8589934689 fd=9 addr=10.1.2.3:8700:45384} (0x631000051300): Connection reset by peer [104]
W1218 01:16:15.985378 26303 replicator.cpp:297] Group Atomic fail to issue RPC to 10.1.2.3:8700:0 _consecutive_error_times=1, [E104]Fail to read from Socket{id=8589934689fd=9 addr=10.1.2.3:8700:45384} (0x0x631000051300): Connection reset by peer [R1][E112]Not connected to 10.1.2.3:8700 yet, server_id=8589934689 [R2][E112]Not connected to 10.1.2.3:8700 yet, server_id=8589934689 [R3][E112]Not connected to 10.1.2.3:8700 yet, server_id=8589934689
W1218 01:16:16.010234 26321 replicator.cpp:397] Group Atomic fail to issue RPC to 10.1.5.3:8700:0 _consecutive_error_times=21, [E22][10.1.5.3:8700][E22]node Atomic:10.1.5.3:8700:0 is not in active state, state ERROR
I1218 01:16:16.050357 26311 socket.cpp:2570] Checking Socket{id=8589934689 addr=10.1.2.3:8700} (0x631000051300)
WARNING: Logging before InitGoogleLogging() is written to STDERR
W1218 01:16:26.675644 26495 bthread.cpp:409] Fail to set concurrency by tag: 0, tag concurrency must larger than old oncurrency. old concurrency: 24, new concurrency: 9
I1218 01:16:27.960227 26495 server.cpp:1208] Server[braft::RaftStatImpl+braft::FileServiceImpl+braft::RaftServiceImpl+braft::CliServiceImpl+example::AtomicServiceImpl] is serving on port=8700.
I1218 01:16:27.961607 26495 server.cpp:1211] Check out http://n1:8700 in web browser.
I1218 01:16:28.401346 26495 log.cpp:691] Use murmurhash32 as the checksum type of appending entries
I1218 01:16:28.460692 26495 log.cpp:1175] log load_meta ./data/log/log_meta first_log_index: 20 time: 29326
I1218 01:16:28.478358 26495 log.cpp:1115] load open segment, path: ./data/log first_index: 16
I1218 01:16:28.567761 26495 snapshot.cpp:465] Deleting ./data/snapshot/temp
I1218 01:16:28.770203 26540 server.cpp:306] Configuration of this group is 10.1.1.3:8700:0,10.1.2.3:8700:0,10.1.3.3:8700:0,10.1.4.3:8700:0,10.1.5.3:8700:0
I1218 01:16:28.841943 26540 snapshot_executor.cpp:264] node Atomic:10.1.1.3:8700:0 snapshot_load_done, last_included_index: 19 last_included_term: 25 peers: "10.1.1.3:8700:0" peers: "10.1.2.3:8700:0" peers: "10.1.3.3:8700:0" peers: "10.1.4.3:8700:0" peers: "10.1.5.3:8700:0"
I1218 01:16:28.917038 26495 raft_meta.cpp:521] Loaded single stable meta, path ./data/raft_meta term 27 votedfor 10.1.1.3:8700:0 time: 4130
I1218 01:16:28.948766 26495 node.cpp:608] node Atomic:10.1.1.3:8700:0 init, term: 27 last_log_id: (index=21,term=27) conf: 10.1.1.3:8700:0,10.1.2.3:8700:0,10.1.3.3:8700:0,10.1.4.3:8700:0,10.1.5.3:8700:0 old_conf: 
I1218 01:16:28.955651 26495 server.cpp:509] Atomic service is running on 0.0.0.0:8700
I1218 01:16:31.429386 26534 node.cpp:2129] node Atomic:10.1.1.3:8700:0 received PreVote from 10.1.3.3:8700:0 in term 28 current_term 27 granted 1 rejected_by_lease 0
I1218 01:16:31.507146 26549 node.cpp:2211] node Atomic:10.1.1.3:8700:0 received RequestVote from 10.1.3.3:8700:0 in term 28 current_term 27 log_is_ok 1 votable_time 0
I1218 01:16:31.528514 26549 raft_meta.cpp:546] Saved single stable meta, path ./data/raft_meta term 28 votedfor 0.0.0.0:0:0 time: 19369
I1218 01:16:31.549664 26549 raft_meta.cpp:546] Saved single stable meta, path ./data/raft_meta term 28 votedfor 10.1.3.3:8700:0 time: 18628
I1218 01:16:31.571559 26535 server.cpp:312] Node start following { leader_id=10.1.3.3:8700:0, term=28, status=Follower receives message from new leader with the same term.}
I1218 01:16:31.664438 26560 server.cpp:306] Configuration of this group is 10.1.1.3:8700:0,10.1.2.3:8700:0,10.1.3.3:8700:0,10.1.4.3:8700:0,10.1.5.3:8700:0
I1218 01:16:31.759173 26560 server.cpp:306] Configuration of this group is 10.1.1.3:8700:0,10.1.2.3:8700:0,10.1.3.3:8700:0,10.1.4.3:8700:0,10.1.5.3:8700:0
I1218 01:16:31.758267 26532 node.cpp:2129] node Atomic:10.1.1.3:8700:0 received PreVote from 10.1.2.3:8700:0 in term 29 current_term 28 granted 1 rejected_by_lease 0
I1218 01:16:32.663074 26549 server.cpp:306] Configuration of this group is 10.1.1.3:8700:0,10.1.2.3:8700:0,10.1.3.3:8700:0,10.1.4.3:8700:0,10.1.5.3:8700:0
WARNING: Logging before InitGoogleLogging() is written to STDERR
W1218 01:17:01.079120 26881 sampler.cpp:192] bvar is busy at sampling for 2 seconds!
W1218 01:17:02.250061 26852 bthread.cpp:409] Fail to set concurrency by tag: 0, tag concurrency must larger than old oncurrency. old concurrency: 24, new concurrency: 9
I1218 01:17:02.923904 26852 server.cpp:1208] Server[braft::RaftStatImpl+braft::FileServiceImpl+braft::RaftServiceImpl+braft::CliServiceImpl+example::AtomicServiceImpl] is serving on port=8700.
I1218 01:17:02.925657 26852 server.cpp:1211] Check out http://n1:8700 in web browser.
I1218 01:17:03.085541 26852 log.cpp:691] Use murmurhash32 as the checksum type of appending entries
I1218 01:17:03.108911 26852 log.cpp:1175] log load_meta ./data/log/log_meta first_log_index: 20 time: 20847
I1218 01:17:03.139369 26852 log.cpp:1115] load open segment, path: ./data/log first_index: 16
I1218 01:17:03.604465 26852 snapshot.cpp:465] Deleting ./data/snapshot/temp
I1218 01:17:03.759296 26922 server.cpp:306] Configuration of this group is 10.1.1.3:8700:0,10.1.2.3:8700:0,10.1.3.3:8700:0,10.1.4.3:8700:0,10.1.5.3:8700:0
I1218 01:17:03.983953 26922 snapshot_executor.cpp:264] node Atomic:10.1.1.3:8700:0 snapshot_load_done, last_included_index: 19 last_included_term: 25 peers: "10.1.1.3:8700:0" peers: "10.1.2.3:8700:0" peers: "10.1.3.3:8700:0" peers: "10.1.4.3:8700:0" peers: "10.1.5.3:8700:0"
I1218 01:17:04.132901 26852 raft_meta.cpp:521] Loaded single stable meta, path ./data/raft_meta term 28 votedfor 10.1.3.3:8700:0 time: 3085
I1218 01:17:04.168485 26852 node.cpp:608] node Atomic:10.1.1.3:8700:0 init, term: 28 last_log_id: (index=22,term=28) conf: 10.1.1.3:8700:0,10.1.2.3:8700:0,10.1.3.3:8700:0,10.1.4.3:8700:0,10.1.5.3:8700:0 old_conf: 
I1218 01:17:04.241308 26852 server.cpp:509] Atomic service is running on 0.0.0.0:8700
I1218 01:17:10.116664 26923 node.cpp:1587] node Atomic:10.1.1.3:8700:0 term 28 start pre_vote
W1218 01:17:10.842151 26921 node.cpp:1567] node Atomic:10.1.1.3:8700:0 request PreVote from 10.1.2.3:8700:0 error: [E110]Fail to connect Socket{id=93 addr=10.1.2.3:8700} (0x0x631000050800): Connection timed out
I1218 01:17:11.092142 26923 node.cpp:949] node Atomic:10.1.1.3:8700:0 starts to do snapshot
I1218 01:17:11.111887 26923 snapshot_executor.cpp:154] node Atomic:10.1.1.3:8700:0 the gap between fsm applied index 19 and last_snapshot_index 19 is less than 1, will clear bufferred logs and return success
I1218 01:17:11.297245 26908 node.cpp:1512] node Atomic:10.1.1.3:8700:0 received PreVoteResponse from 10.1.5.3:8700:0 term 1 granted 1 rejected_by_lease 0 disrupted 0
I1218 01:17:11.331563 26930 node.cpp:1512] node Atomic:10.1.1.3:8700:0 received PreVoteResponse from 10.1.3.3:8700:0 term 28 granted 1 rejected_by_lease 0 disrupted 0
I1218 01:17:11.333029 26930 node.cpp:1653] node Atomic:10.1.1.3:8700:0 term 28 start vote and grant vote self
W1218 01:17:11.435612 26910 node.cpp:1479] node Atomic:10.1.1.3:8700:0 received invalid PreVoteResponse from 10.1.4.3:8700:0 ctx_version 2 current_ctx_version 3
I1218 01:17:11.571051 26930 raft_meta.cpp:546] Saved single stable meta, path ./data/raft_meta term 29 votedfor 10.1.1.3:8700:0 time: 48227
I1218 01:17:11.576239 26928 node.cpp:2129] node Atomic:10.1.1.3:8700:0 received PreVote from 10.1.4.3:8700:0 in term 29 current_term 29 granted 1 rejected_by_lease 0
I1218 01:17:11.838147 26912 node.cpp:2211] node Atomic:10.1.1.3:8700:0 received RequestVote from 10.1.4.3:8700:0 in term 29 current_term 29 log_is_ok 1 votable_time 0
I1218 01:17:11.840361 26922 node.cpp:1403] node Atomic:10.1.1.3:8700:0 received RequestVoteResponse from 10.1.3.3:8700:0 term 29 granted 1 rejected_by_lease 0 disrupted 0
I1218 01:17:11.847579 26913 node.cpp:1403] node Atomic:10.1.1.3:8700:0 received RequestVoteResponse from 10.1.5.3:8700:0 term 29 granted 1 rejected_by_lease 0 disrupted 0
I1218 01:17:11.848734 26913 node.cpp:1908] node Atomic:10.1.1.3:8700:0 term 29 become leader of group 10.1.1.3:8700:0,10.1.2.3:8700:0,10.1.3.3:8700:0,10.1.4.3:8700:0,10.1.5.3:8700:0 
I1218 01:17:11.929796 26913 replicator.cpp:143] Replicator=4402341478401@10.1.2.3:8700:0 is started, group Atomic
I1218 01:17:12.024078 26913 replicator.cpp:143] Replicator=4419521347585@10.1.3.3:8700:0 is started, group Atomic
I1218 01:17:12.058105 26913 replicator.cpp:143] Replicator=4436701216769@10.1.4.3:8700:0 is started, group Atomic
I1218 01:17:12.061272 26913 replicator.cpp:143] Replicator=4453881085953@10.1.5.3:8700:0 is started, group Atomic
W1218 01:17:12.361184 26930 node.cpp:1370] node Atomic:10.1.1.3:8700:0 received invalid RequestVoteResponse from 10.1.4.3:8700:0 ctx_version 1 current_ctx_version 2
W1218 01:17:12.377847 26908 node.cpp:1370] node Atomic:10.1.1.3:8700:0 received invalid RequestVoteResponse from 10.1.2.3:8700:0 ctx_version 1 current_ctx_version 2
I1218 01:17:12.577940 26912 server.cpp:306] Configuration of this group is 10.1.1.3:8700:0,10.1.2.3:8700:0,10.1.3.3:8700:0,10.1.4.3:8700:0,10.1.5.3:8700:0
I1218 01:17:12.631314 26907 replicator.cpp:835] node Atomic:10.1.1.3:8700:0 send InstallSnapshotRequest to 10.1.5.3:8700:0 term 29 last_included_term 25 last_included_index 19 uri remote://10.1.1.3:8700/944816394089934838
I1218 01:17:12.636044 26912 server.cpp:306] Configuration of this group is 10.1.1.3:8700:0,10.1.2.3:8700:0,10.1.3.3:8700:0,10.1.4.3:8700:0,10.1.5.3:8700:0
I1218 01:17:12.638002 26912 server.cpp:306] Configuration of this group is 10.1.1.3:8700:0,10.1.2.3:8700:0,10.1.3.3:8700:0,10.1.4.3:8700:0,10.1.5.3:8700:0
I1218 01:17:12.739885 26912 server.cpp:306] Configuration of this group is 10.1.1.3:8700:0,10.1.2.3:8700:0,10.1.3.3:8700:0,10.1.4.3:8700:0,10.1.5.3:8700:0
I1218 01:17:12.783165 26912 node.cpp:3310] node Atomic:10.1.1.3:8700:0 reset ConfigurationCtx, new_peers: 10.1.1.3:8700:0,10.1.2.3:8700:0,10.1.3.3:8700:0,10.1.4.3:8700:0,10.1.5.3:8700:0, old_peers: 10.1.1.3:8700:0,10.1.2.3:8700:0,10.1.3.3:8700:0,10.1.4.3:8700:0,10.1.5.3:8700:0
I1218 01:17:12.876390 26912 server.cpp:291] Node becomes leader
I1218 01:17:13.568511 26908 replicator.cpp:902] received InstallSnapshotResponse from Atomic:10.1.5.3:8700:0 last_included_index 19 last_included_term 25 success.
W1218 01:17:18.552060 26909 input_messenger.cpp:381] Fail to read from Socket{id=378 fd=14 addr=10.1.5.3:8700:45914} (0x6310000c9880): Connection reset by peer [104]
W1218 01:17:18.602833 26923 replicator.cpp:297] Group Atomic fail to issue RPC to 10.1.5.3:8700:0 _consecutive_error_times=1, [E104]Fail to read from Socket{id=378fd=14 addr=10.1.5.3:8700:45914} (0x0x6310000c9880): Connection reset by peer [R1][E112]Not connected to 10.1.5.3:8700 yet, server_id=378 [R2][E112]Not connected to 10.1.5.3:8700 yet, server_id=378 [R3][E112]Not connected to 10.1.5.3:8700 yet, server_id=378
I1218 01:17:18.691432 26936 socket.cpp:2570] Checking Socket{id=378 addr=10.1.5.3:8700} (0x6310000c9880)
W1218 01:17:23.697535 26936 replicator.cpp:297] Group Atomic fail to issue RPC to 10.1.5.3:8700:0 _consecutive_error_times=11, [E112]Not connected to 10.1.5.3:8700 yet, server_id=378 [R1][E112]Not connected to 10.1.5.3:8700 yet, server_id=378 [R2][E112]Not connected to 10.1.5.3:8700 yet, server_id=378 [R3][E112]Not connected to 10.1.5.3:8700 yet, server_id=378
W1218 01:17:28.890834 26933 replicator.cpp:297] Group Atomic fail to issue RPC to 10.1.5.3:8700:0 _consecutive_error_times=21, [E112]Not connected to 10.1.5.3:8700 yet, server_id=378 [R1][E112]Not connected to 10.1.5.3:8700 yet, server_id=378 [R2][E112]Not connected to 10.1.5.3:8700 yet, server_id=378 [R3][E112]Not connected to 10.1.5.3:8700 yet, server_id=378
W1218 01:17:33.741485 26936 input_messenger.cpp:381] Fail to read from Socket{id=372 fd=8 addr=10.1.2.3:8700:60122} (0x6310000c8800): Connection reset by peer [104]
W1218 01:17:33.828346 26936 replicator.cpp:297] Group Atomic fail to issue RPC to 10.1.2.3:8700:0 _consecutive_error_times=1, [E104]Fail to read from Socket{id=372fd=8 addr=10.1.2.3:8700:60122} (0x0x6310000c8800): Connection reset by peer [R1][E112]Not connected to 10.1.2.3:8700 yet, server_id=372 [R2][E112]Not connected to 10.1.2.3:8700 yet, server_id=372 [R3][E112]Not connected to 10.1.2.3:8700 yet, server_id=372
I1218 01:17:33.977419 26909 socket.cpp:2570] Checking Socket{id=372 addr=10.1.2.3:8700} (0x6310000c8800)
W1218 01:17:34.002748 26933 replicator.cpp:297] Group Atomic fail to issue RPC to 10.1.5.3:8700:0 _consecutive_error_times=31, [E112]Not connected to 10.1.5.3:8700 yet, server_id=378 [R1][E112]Not connected to 10.1.5.3:8700 yet, server_id=378 [R2][E112]Not connected to 10.1.5.3:8700 yet, server_id=378 [R3][E112]Not connected to 10.1.5.3:8700 yet, server_id=378
W1218 01:17:38.919116 26932 replicator.cpp:297] Group Atomic fail to issue RPC to 10.1.2.3:8700:0 _consecutive_error_times=11, [E112]Not connected to 10.1.2.3:8700 yet, server_id=372 [R1][E112]Not connected to 10.1.2.3:8700 yet, server_id=372 [R2][E112]Not connected to 10.1.2.3:8700 yet, server_id=372 [R3][E112]Not connected to 10.1.2.3:8700 yet, server_id=372
W1218 01:17:39.221956 26932 replicator.cpp:297] Group Atomic fail to issue RPC to 10.1.5.3:8700:0 _consecutive_error_times=41, [E112]Not connected to 10.1.5.3:8700 yet, server_id=378 [R1][E112]Not connected to 10.1.5.3:8700 yet, server_id=378 [R2][E112]Not connected to 10.1.5.3:8700 yet, server_id=378 [R3][E112]Not connected to 10.1.5.3:8700 yet, server_id=378
I1218 01:17:41.118964 26933 node.cpp:949] node Atomic:10.1.1.3:8700:0 starts to do snapshot
I1218 01:17:41.165788 26923 snapshot.cpp:647] Deleting ./data/snapshot/snapshot_00000000000000000023
I1218 01:17:41.167085 26923 snapshot.cpp:653] Renaming ./data/snapshot/temp to ./data/snapshot/snapshot_00000000000000000023
I1218 01:17:41.169514 26923 snapshot.cpp:523] Deleting ./data/snapshot/snapshot_00000000000000000019
I1218 01:17:41.217978 26923 snapshot_executor.cpp:234] node Atomic:10.1.1.3:8700:0 snapshot_save_done, last_included_index=23 last_included_term=29
W1218 01:17:44.227584 26933 replicator.cpp:297] Group Atomic fail to issue RPC to 10.1.2.3:8700:0 _consecutive_error_times=21, [E112]Not connected to 10.1.2.3:8700 yet, server_id=372 [R1][E112]Not connected to 10.1.2.3:8700 yet, server_id=372 [R2][E112]Not connected to 10.1.2.3:8700 yet, server_id=372 [R3][E112]Not connected to 10.1.2.3:8700 yet, server_id=372
W1218 01:17:44.744589 26933 replicator.cpp:297] Group Atomic fail to issue RPC to 10.1.5.3:8700:0 _consecutive_error_times=51, [E112]Not connected to 10.1.5.3:8700 yet, server_id=378 [R1][E112]Not connected to 10.1.5.3:8700 yet, server_id=378 [R2][E112]Not connected to 10.1.5.3:8700 yet, server_id=378 [R3][E112]Not connected to 10.1.5.3:8700 yet, server_id=378
W1218 01:17:49.357518 26932 replicator.cpp:297] Group Atomic fail to issue RPC to 10.1.2.3:8700:0 _consecutive_error_times=31, [E112]Not connected to 10.1.2.3:8700 yet, server_id=372 [R1][E112]Not connected to 10.1.2.3:8700 yet, server_id=372 [R2][E112]Not connected to 10.1.2.3:8700 yet, server_id=372 [R3][E112]Not connected to 10.1.2.3:8700 yet, server_id=372
W1218 01:17:49.891534 26932 replicator.cpp:297] Group Atomic fail to issue RPC to 10.1.5.3:8700:0 _consecutive_error_times=61, [E112]Not connected to 10.1.5.3:8700 yet, server_id=378 [R1][E112]Not connected to 10.1.5.3:8700 yet, server_id=378 [R2][E112]Not connected to 10.1.5.3:8700 yet, server_id=378 [R3][E112]Not connected to 10.1.5.3:8700 yet, server_id=378
W1218 01:17:50.064550 26936 input_messenger.cpp:381] Fail to read from Socket{id=376 fd=11 addr=10.1.4.3:8700:35358} (0x6310000c9300): Connection reset by peer [104]
W1218 01:17:50.099005 26936 replicator.cpp:297] Group Atomic fail to issue RPC to 10.1.4.3:8700:0 _consecutive_error_times=1, [E104]Fail to read from Socket{id=376fd=11 addr=10.1.4.3:8700:35358} (0x0x6310000c9300): Connection reset by peer [R1][E112]Not connected to 10.1.4.3:8700 yet, server_id=376 [R2][E112]Not connected to 10.1.4.3:8700 yet, server_id=376 [R3][E112]Not connected to 10.1.4.3:8700 yet, server_id=376
I1218 01:17:50.197695 26917 socket.cpp:2570] Checking Socket{id=376 addr=10.1.4.3:8700} (0x6310000c9300)
W1218 01:17:50.227057 26933 input_messenger.cpp:381] Fail to read from Socket{id=374 fd=9 addr=10.1.3.3:8700:46020} (0x6310000c8d80): Connection reset by peer [104]
W1218 01:17:50.229719 26933 replicator.cpp:297] Group Atomic fail to issue RPC to 10.1.3.3:8700:0 _consecutive_error_times=1, [E104]Fail to read from Socket{id=374fd=9 addr=10.1.3.3:8700:46020} (0x0x6310000c8d80): Connection reset by peer [R1][E112]Not connected to 10.1.3.3:8700 yet, server_id=374 [R2][E112]Not connected to 10.1.3.3:8700 yet, server_id=374 [R3][E112]Not connected to 10.1.3.3:8700 yet, server_id=374
I1218 01:17:50.332932 26932 socket.cpp:2570] Checking Socket{id=374 addr=10.1.3.3:8700} (0x6310000c8d80)
WARNING: Logging before InitGoogleLogging() is written to STDERR
W1218 01:18:22.231317 27741 bthread.cpp:409] Fail to set concurrency by tag: 0, tag concurrency must larger than old oncurrency. old concurrency: 24, new concurrency: 9
I1218 01:18:23.123473 27741 server.cpp:1208] Server[braft::RaftStatImpl+braft::FileServiceImpl+braft::RaftServiceImpl+braft::CliServiceImpl+example::AtomicServiceImpl] is serving on port=8700.
I1218 01:18:23.124926 27741 server.cpp:1211] Check out http://n1:8700 in web browser.
I1218 01:18:23.397202 27741 log.cpp:691] Use murmurhash32 as the checksum type of appending entries
I1218 01:18:23.424537 27741 log.cpp:1175] log load_meta ./data/log/log_meta first_log_index: 20 time: 25891
I1218 01:18:23.426307 27741 log.cpp:1115] load open segment, path: ./data/log first_index: 16
I1218 01:18:23.530901 27741 snapshot.cpp:465] Deleting ./data/snapshot/temp
I1218 01:18:23.634038 27790 server.cpp:306] Configuration of this group is 10.1.1.3:8700:0,10.1.2.3:8700:0,10.1.3.3:8700:0,10.1.4.3:8700:0,10.1.5.3:8700:0
I1218 01:18:23.685755 27790 snapshot_executor.cpp:264] node Atomic:10.1.1.3:8700:0 snapshot_load_done, last_included_index: 23 last_included_term: 29 peers: "10.1.1.3:8700:0" peers: "10.1.2.3:8700:0" peers: "10.1.3.3:8700:0" peers: "10.1.4.3:8700:0" peers: "10.1.5.3:8700:0"
I1218 01:18:23.793130 27741 raft_meta.cpp:521] Loaded single stable meta, path ./data/raft_meta term 29 votedfor 10.1.1.3:8700:0 time: 949
I1218 01:18:23.794777 27741 node.cpp:608] node Atomic:10.1.1.3:8700:0 init, term: 29 last_log_id: (index=23,term=29) conf: 10.1.1.3:8700:0,10.1.2.3:8700:0,10.1.3.3:8700:0,10.1.4.3:8700:0,10.1.5.3:8700:0 old_conf: 
I1218 01:18:23.811141 27741 server.cpp:509] Atomic service is running on 0.0.0.0:8700
I1218 01:18:32.719018 27788 node.cpp:1587] node Atomic:10.1.1.3:8700:0 term 29 start pre_vote
I1218 01:18:33.242971 27786 node.cpp:949] node Atomic:10.1.1.3:8700:0 starts to do snapshot
I1218 01:18:33.244230 27798 node.cpp:2129] node Atomic:10.1.1.3:8700:0 received PreVote from 10.1.2.3:8700:0 in term 30 current_term 29 granted 1 rejected_by_lease 0
W1218 01:18:33.245988 27798 baidu_rpc_protocol.cpp:349] Fail to write into Socket{id=93 fd=8 addr=10.1.2.3:47504:8700} (0x631000050800): Unknown error 1014 [1014]
W1218 01:18:33.272969 27785 node.cpp:1567] node Atomic:10.1.1.3:8700:0 request PreVote from 10.1.2.3:8700:0 error: [E110]Fail to connect Socket{id=186 addr=10.1.2.3:8700} (0x0x631000078800): Connection timed out
I1218 01:18:33.349715 27790 node.cpp:2129] node Atomic:10.1.1.3:8700:0 received PreVote from 10.1.3.3:8700:0 in term 30 current_term 29 granted 1 rejected_by_lease 0
I1218 01:18:33.405300 27796 log.cpp:1153] log save_meta ./data/log/log_meta first_log_index: 24 time: 33213
I1218 01:18:33.424281 27791 node.cpp:2211] node Atomic:10.1.1.3:8700:0 received RequestVote from 10.1.3.3:8700:0 in term 30 current_term 29 log_is_ok 1 votable_time 0
I1218 01:18:33.481395 27796 log.cpp:608] Unlinked segment `./data/log/log_inprogress_00000000000000000016'
I1218 01:18:33.497080 27786 snapshot_executor.cpp:154] node Atomic:10.1.1.3:8700:0 the gap between fsm applied index 23 and last_snapshot_index 23 is less than 1, will clear bufferred logs and return success
I1218 01:18:33.515995 27791 raft_meta.cpp:546] Saved single stable meta, path ./data/raft_meta term 30 votedfor 0.0.0.0:0:0 time: 79470
I1218 01:18:33.636785 27791 raft_meta.cpp:546] Saved single stable meta, path ./data/raft_meta term 30 votedfor 10.1.3.3:8700:0 time: 118979
W1218 01:18:33.666330 27798 node.cpp:1479] node Atomic:10.1.1.3:8700:0 received invalid PreVoteResponse from 10.1.5.3:8700:0 ctx_version 2 current_ctx_version 4
W1218 01:18:33.711699 27790 node.cpp:1479] node Atomic:10.1.1.3:8700:0 received invalid PreVoteResponse from 10.1.3.3:8700:0 ctx_version 2 current_ctx_version 4
