I1218 01:18:33.720348 27802 node.cpp:2129] node Atomic:10.1.1.3:8700:0 received PreVote from 10.1.2.3:8700:0 in term 31 current_term 30 granted 1 rejected_by_lease 0
I1218 01:18:33.724031 27804 node.cpp:2211] node Atomic:10.1.1.3:8700:0 received RequestVote from 10.1.2.3:8700:0 in term 31 current_term 30 log_is_ok 1 votable_time 0
I1218 01:18:33.953686 27804 raft_meta.cpp:546] Saved single stable meta, path ./data/raft_meta term 31 votedfor 0.0.0.0:0:0 time: 38541
I1218 01:18:34.046274 27804 raft_meta.cpp:546] Saved single stable meta, path ./data/raft_meta term 31 votedfor 10.1.2.3:8700:0 time: 52282
W1218 01:18:34.048054 27785 node.cpp:2399] node Atomic:10.1.1.3:8700:0 ignore stale AppendEntries from 10.1.3.3:8700:0 in term 30 current_term 31
W1218 01:18:34.060300 27789 node.cpp:2399] node Atomic:10.1.1.3:8700:0 ignore stale AppendEntries from 10.1.3.3:8700:0 in term 30 current_term 31
I1218 01:18:34.346979 27803 server.cpp:312] Node start following { leader_id=10.1.2.3:8700:0, term=31, status=Follower receives message from new leader with the same term.}
I1218 01:18:34.430275 27789 log.cpp:114] Created new segment `./data/log/log_inprogress_00000000000000000024' with fd=7
W1218 01:18:34.615674 27787 node.cpp:1479] node Atomic:10.1.1.3:8700:0 received invalid PreVoteResponse from 10.1.4.3:8700:0 ctx_version 2 current_ctx_version 8
I1218 01:18:34.761533 27789 server.cpp:306] Configuration of this group is 10.1.1.3:8700:0,10.1.2.3:8700:0,10.1.3.3:8700:0,10.1.4.3:8700:0,10.1.5.3:8700:0
W1218 01:18:40.961789 27786 input_messenger.cpp:381] Fail to read from Socket{id=465 fd=9 addr=10.1.2.3:57706:8700} (0x6310000f0800): Connection reset by peer [104]
I1218 01:18:49.016482 27786 server.cpp:309] Node stops following { leader_id=10.1.2.3:8700:0, term=31, status=Lost connection from leader 10.1.2.3:8700:0}
I1218 01:18:49.029706 27784 node.cpp:1587] node Atomic:10.1.1.3:8700:0 term 31 start pre_vote
W1218 01:18:49.413719 27796 node.cpp:1567] node Atomic:10.1.1.3:8700:0 request PreVote from 10.1.2.3:8700:0 error: [E111]Fail to connect Socket{id=17179869375 addr=10.1.2.3:8700} (0x0x6310000795c0): Connection refused
I1218 01:18:49.557073 27785 node.cpp:2129] node Atomic:10.1.1.3:8700:0 received PreVote from 10.1.5.3:8700:0 in term 32 current_term 31 granted 1 rejected_by_lease 0
I1218 01:18:49.581660 27784 node.cpp:1512] node Atomic:10.1.1.3:8700:0 received PreVoteResponse from 10.1.3.3:8700:0 term 31 granted 1 rejected_by_lease 0 disrupted 0
I1218 01:18:49.603826 27798 node.cpp:1512] node Atomic:10.1.1.3:8700:0 received PreVoteResponse from 10.1.4.3:8700:0 term 31 granted 1 rejected_by_lease 0 disrupted 0
I1218 01:18:49.605501 27798 node.cpp:1653] node Atomic:10.1.1.3:8700:0 term 31 start vote and grant vote self
W1218 01:18:49.803236 27804 node.cpp:1454] node Atomic:10.1.1.3:8700:0 received RequestVoteResponse from 10.1.2.3:8700:0 error: [E111]Fail to connect Socket{id=8589934791 addr=10.1.2.3:8700} (0x0x63100007abc0): Connection refused
I1218 01:18:49.875326 27798 raft_meta.cpp:546] Saved single stable meta, path ./data/raft_meta term 32 votedfor 10.1.1.3:8700:0 time: 106147
I1218 01:18:49.913300 27790 node.cpp:2211] node Atomic:10.1.1.3:8700:0 received RequestVote from 10.1.5.3:8700:0 in term 32 current_term 32 log_is_ok 1 votable_time 0
I1218 01:18:49.940922 27791 node.cpp:1403] node Atomic:10.1.1.3:8700:0 received RequestVoteResponse from 10.1.3.3:8700:0 term 32 granted 0 rejected_by_lease 0 disrupted 0
I1218 01:18:49.953440 27798 node.cpp:1403] node Atomic:10.1.1.3:8700:0 received RequestVoteResponse from 10.1.4.3:8700:0 term 32 granted 1 rejected_by_lease 0 disrupted 0
W1218 01:18:50.004736 27798 node.cpp:1479] node Atomic:10.1.1.3:8700:0 received invalid PreVoteResponse from 10.1.5.3:8700:0 ctx_version 9 current_ctx_version 10
I1218 01:18:50.023953 27798 node.cpp:1403] node Atomic:10.1.1.3:8700:0 received RequestVoteResponse from 10.1.5.3:8700:0 term 32 granted 0 rejected_by_lease 0 disrupted 0
I1218 01:18:50.629477 27791 node.cpp:2129] node Atomic:10.1.1.3:8700:0 received PreVote from 10.1.3.3:8700:0 in term 33 current_term 32 granted 1 rejected_by_lease 0
I1218 01:18:50.791971 27802 node.cpp:2211] node Atomic:10.1.1.3:8700:0 received RequestVote from 10.1.3.3:8700:0 in term 33 current_term 32 log_is_ok 1 votable_time 0
I1218 01:18:50.828894 27802 raft_meta.cpp:546] Saved single stable meta, path ./data/raft_meta term 33 votedfor 0.0.0.0:0:0 time: 35087
I1218 01:18:50.901513 27802 raft_meta.cpp:546] Saved single stable meta, path ./data/raft_meta term 33 votedfor 10.1.3.3:8700:0 time: 37548
I1218 01:18:51.003706 27790 server.cpp:312] Node start following { leader_id=10.1.3.3:8700:0, term=33, status=Follower receives message from new leader with the same term.}
I1218 01:18:51.081190 27784 node.cpp:2129] node Atomic:10.1.1.3:8700:0 received PreVote from 10.1.4.3:8700:0 in term 34 current_term 33 granted 1 rejected_by_lease 0
I1218 01:18:51.448598 27785 server.cpp:306] Configuration of this group is 10.1.1.3:8700:0,10.1.2.3:8700:0,10.1.3.3:8700:0,10.1.4.3:8700:0,10.1.5.3:8700:0
I1218 01:19:03.807549 27788 node.cpp:949] node Atomic:10.1.1.3:8700:0 starts to do snapshot
I1218 01:19:04.344417 27808 snapshot.cpp:647] Deleting ./data/snapshot/snapshot_00000000000000000025
I1218 01:19:04.346030 27808 snapshot.cpp:653] Renaming ./data/snapshot/temp to ./data/snapshot/snapshot_00000000000000000025
I1218 01:19:04.373111 27808 snapshot.cpp:523] Deleting ./data/snapshot/snapshot_00000000000000000023
I1218 01:19:04.557277 27808 snapshot_executor.cpp:234] node Atomic:10.1.1.3:8700:0 snapshot_save_done, last_included_index=25 last_included_term=33
WARNING: Logging before InitGoogleLogging() is written to STDERR
W1218 01:19:19.291920 28316 bthread.cpp:409] Fail to set concurrency by tag: 0, tag concurrency must larger than old oncurrency. old concurrency: 24, new concurrency: 9
I1218 01:19:19.581789 28316 server.cpp:1208] Server[braft::RaftStatImpl+braft::FileServiceImpl+braft::RaftServiceImpl+braft::CliServiceImpl+example::AtomicServiceImpl] is serving on port=8700.
I1218 01:19:19.586331 28316 server.cpp:1211] Check out http://n1:8700 in web browser.
I1218 01:19:19.818032 28316 log.cpp:691] Use murmurhash32 as the checksum type of appending entries
I1218 01:19:19.872064 28316 log.cpp:1175] log load_meta ./data/log/log_meta first_log_index: 24 time: 23843
I1218 01:19:19.910176 28316 log.cpp:1115] load open segment, path: ./data/log first_index: 24
I1218 01:19:20.050367 28316 snapshot.cpp:465] Deleting ./data/snapshot/temp
I1218 01:19:20.283689 28358 server.cpp:306] Configuration of this group is 10.1.1.3:8700:0,10.1.2.3:8700:0,10.1.3.3:8700:0,10.1.4.3:8700:0,10.1.5.3:8700:0
I1218 01:19:20.320377 28358 snapshot_executor.cpp:264] node Atomic:10.1.1.3:8700:0 snapshot_load_done, last_included_index: 25 last_included_term: 33 peers: "10.1.1.3:8700:0" peers: "10.1.2.3:8700:0" peers: "10.1.3.3:8700:0" peers: "10.1.4.3:8700:0" peers: "10.1.5.3:8700:0"
I1218 01:19:20.370100 28316 raft_meta.cpp:521] Loaded single stable meta, path ./data/raft_meta term 33 votedfor 10.1.3.3:8700:0 time: 3603
I1218 01:19:20.382342 28316 node.cpp:608] node Atomic:10.1.1.3:8700:0 init, term: 33 last_log_id: (index=25,term=33) conf: 10.1.1.3:8700:0,10.1.2.3:8700:0,10.1.3.3:8700:0,10.1.4.3:8700:0,10.1.5.3:8700:0 old_conf: 
I1218 01:19:20.417373 28316 server.cpp:509] Atomic service is running on 0.0.0.0:8700
I1218 01:19:22.409101 28365 node.cpp:2129] node Atomic:10.1.1.3:8700:0 received PreVote from 10.1.3.3:8700:0 in term 34 current_term 33 granted 1 rejected_by_lease 0
I1218 01:19:22.644400 28358 node.cpp:2211] node Atomic:10.1.1.3:8700:0 received RequestVote from 10.1.3.3:8700:0 in term 34 current_term 33 log_is_ok 1 votable_time 0
I1218 01:19:22.778873 28358 raft_meta.cpp:546] Saved single stable meta, path ./data/raft_meta term 34 votedfor 0.0.0.0:0:0 time: 122759
I1218 01:19:22.821103 28358 raft_meta.cpp:546] Saved single stable meta, path ./data/raft_meta term 34 votedfor 10.1.3.3:8700:0 time: 24866
I1218 01:19:23.020155 28358 server.cpp:312] Node start following { leader_id=10.1.3.3:8700:0, term=34, status=Follower receives message from new leader with the same term.}
I1218 01:19:23.434785 28354 server.cpp:306] Configuration of this group is 10.1.1.3:8700:0,10.1.2.3:8700:0,10.1.3.3:8700:0,10.1.4.3:8700:0,10.1.5.3:8700:0
I1218 01:19:47.727566 28382 server.cpp:309] Node stops following { leader_id=10.1.3.3:8700:0, term=34, status=Lost connection from leader 10.1.3.3:8700:0}
I1218 01:19:47.755158 28387 node.cpp:1587] node Atomic:10.1.1.3:8700:0 term 34 start pre_vote
I1218 01:19:47.808764 28360 server.cpp:312] Node start following { leader_id=10.1.3.3:8700:0, term=34, status=Follower receives message from new leader with the same term.}
W1218 01:19:47.996346 28365 baidu_rpc_protocol.cpp:349] Fail to write into Socket{id=8589934685 fd=8 addr=10.1.3.3:52814:8700} (0x631000050800): Unknown error 1014 [1014]
W1218 01:19:48.002068 28365 node.cpp:1567] node Atomic:10.1.1.3:8700:0 request PreVote from 10.1.4.3:8700:0 error: [E111]Fail to connect Socket{id=283 addr=10.1.4.3:8700} (0x0x6310000a1300): Connection refused
I1218 01:19:48.025864 28354 node.cpp:1512] node Atomic:10.1.1.3:8700:0 received PreVoteResponse from 10.1.3.3:8700:0 term 34 granted 1 rejected_by_lease 0 disrupted 0
W1218 01:19:48.046710 28354 node.cpp:1567] node Atomic:10.1.1.3:8700:0 request PreVote from 10.1.5.3:8700:0 error: [E22][10.1.5.3:8700][E22]Invalid argument
I1218 01:19:48.099797 28358 node.cpp:1512] node Atomic:10.1.1.3:8700:0 received PreVoteResponse from 10.1.2.3:8700:0 term 34 granted 1 rejected_by_lease 0 disrupted 0
I1218 01:19:48.101189 28358 node.cpp:1653] node Atomic:10.1.1.3:8700:0 term 34 start vote and grant vote self
I1218 01:19:48.132926 28365 server.cpp:309] Node stops following { leader_id=10.1.3.3:8700:0, term=34, status=A follower's leader_id is reset to NULL as it begins to request_vote.}
W1218 01:19:48.209910 28363 node.cpp:1454] node Atomic:10.1.1.3:8700:0 received RequestVoteResponse from 10.1.4.3:8700:0 error: [E111]Fail to connect Socket{id=375 addr=10.1.4.3:8700} (0x0x6310000dd040): Connection refused
I1218 01:19:48.267774 28358 raft_meta.cpp:546] Saved single stable meta, path ./data/raft_meta term 35 votedfor 10.1.1.3:8700:0 time: 37082
I1218 01:19:48.311579 28353 node.cpp:1403] node Atomic:10.1.1.3:8700:0 received RequestVoteResponse from 10.1.2.3:8700:0 term 35 granted 1 rejected_by_lease 0 disrupted 0
W1218 01:19:48.313444 28370 node.cpp:1454] node Atomic:10.1.1.3:8700:0 received RequestVoteResponse from 10.1.5.3:8700:0 error: [E22][10.1.5.3:8700][E22]Invalid argument
I1218 01:19:48.325212 28384 node.cpp:1403] node Atomic:10.1.1.3:8700:0 received RequestVoteResponse from 10.1.3.3:8700:0 term 35 granted 1 rejected_by_lease 0 disrupted 0
I1218 01:19:48.354247 28384 node.cpp:1908] node Atomic:10.1.1.3:8700:0 term 35 become leader of group 10.1.1.3:8700:0,10.1.2.3:8700:0,10.1.3.3:8700:0,10.1.4.3:8700:0,10.1.5.3:8700:0 
I1218 01:19:48.451999 28384 replicator.cpp:143] Replicator=5501853106177@10.1.2.3:8700:0 is started, group Atomic
I1218 01:19:48.519371 28384 replicator.cpp:143] Replicator=5519032975361@10.1.3.3:8700:0 is started, group Atomic
I1218 01:19:48.557175 28384 replicator.cpp:143] Replicator=5536212844545@10.1.4.3:8700:0 is started, group Atomic
I1218 01:19:48.567385 28384 replicator.cpp:143] Replicator=5553392713729@10.1.5.3:8700:0 is started, group Atomic
W1218 01:19:48.627110 28355 replicator.cpp:397] Group Atomic fail to issue RPC to 10.1.4.3:8700:0 _consecutive_error_times=1, [E111]Fail to connect Socket{id=469 addr=10.1.4.3:8700} (0x0x6310000f1300): Connection refused [R1][E112]Not connected to 10.1.4.3:8700 yet, server_id=469 [R2][E112]Not connected to 10.1.4.3:8700 yet, server_id=469 [R3][E112]Not connected to 10.1.4.3:8700 yet, server_id=469
W1218 01:19:48.672782 28380 replicator.cpp:397] Group Atomic fail to issue RPC to 10.1.5.3:8700:0 _consecutive_error_times=1, [E22][10.1.5.3:8700][E22]node Atomic:10.1.5.3:8700:0 is not in active state, state ERROR
I1218 01:19:48.735371 28387 socket.cpp:2570] Checking Socket{id=469 addr=10.1.4.3:8700} (0x6310000f1300)
I1218 01:19:49.146152 28382 server.cpp:306] Configuration of this group is 10.1.1.3:8700:0,10.1.2.3:8700:0,10.1.3.3:8700:0,10.1.4.3:8700:0,10.1.5.3:8700:0
I1218 01:19:49.153262 28382 node.cpp:3310] node Atomic:10.1.1.3:8700:0 reset ConfigurationCtx, new_peers: 10.1.1.3:8700:0,10.1.2.3:8700:0,10.1.3.3:8700:0,10.1.4.3:8700:0,10.1.5.3:8700:0, old_peers: 10.1.1.3:8700:0,10.1.2.3:8700:0,10.1.3.3:8700:0,10.1.4.3:8700:0,10.1.5.3:8700:0
I1218 01:19:49.226599 28382 server.cpp:291] Node becomes leader
I1218 01:19:50.264154 28360 node.cpp:949] node Atomic:10.1.1.3:8700:0 starts to do snapshot
I1218 01:19:50.332173 28360 snapshot.cpp:647] Deleting ./data/snapshot/snapshot_00000000000000000027
I1218 01:19:50.333356 28360 snapshot.cpp:653] Renaming ./data/snapshot/temp to ./data/snapshot/snapshot_00000000000000000027
I1218 01:19:50.336009 28360 snapshot.cpp:523] Deleting ./data/snapshot/snapshot_00000000000000000025
I1218 01:19:50.349164 28360 snapshot_executor.cpp:234] node Atomic:10.1.1.3:8700:0 snapshot_save_done, last_included_index=27 last_included_term=35
I1218 01:19:50.368213 28387 log.cpp:1153] log save_meta ./data/log/log_meta first_log_index: 26 time: 15020
W1218 01:19:51.156857 28387 replicator.cpp:397] Group Atomic fail to issue RPC to 10.1.4.3:8700:0 _consecutive_error_times=11, [E112]Not connected to 10.1.4.3:8700 yet, server_id=469 [R1][E112]Not connected to 10.1.4.3:8700 yet, server_id=469 [R2][E112]Not connected to 10.1.4.3:8700 yet, server_id=469 [R3][E112]Not connected to 10.1.4.3:8700 yet, server_id=469
W1218 01:19:51.377027 28382 replicator.cpp:397] Group Atomic fail to issue RPC to 10.1.5.3:8700:0 _consecutive_error_times=11, [E22][10.1.5.3:8700][E22]node Atomic:10.1.5.3:8700:0 is not in active state, state ERROR
W1218 01:19:53.694357 28387 replicator.cpp:397] Group Atomic fail to issue RPC to 10.1.4.3:8700:0 _consecutive_error_times=21, [E112]Not connected to 10.1.4.3:8700 yet, server_id=469 [R1][E112]Not connected to 10.1.4.3:8700 yet, server_id=469 [R2][E112]Not connected to 10.1.4.3:8700 yet, server_id=469 [R3][E112]Not connected to 10.1.4.3:8700 yet, server_id=469
W1218 01:19:54.052496 28360 replicator.cpp:397] Group Atomic fail to issue RPC to 10.1.5.3:8700:0 _consecutive_error_times=21, [E22][10.1.5.3:8700][E22]node Atomic:10.1.5.3:8700:0 is not in active state, state ERROR
W1218 01:19:54.912408 28360 replicator.cpp:297] Group Atomic fail to issue RPC to 10.1.2.3:8700:0 _consecutive_error_times=1, [E1008]Reached timeout=2500ms @10.1.2.3:8700
W1218 01:19:56.556411 28387 replicator.cpp:297] Group Atomic fail to issue RPC to 10.1.4.3:8700:0 _consecutive_error_times=31, [E112]Not connected to 10.1.4.3:8700 yet, server_id=469 [R1][E112]Not connected to 10.1.4.3:8700 yet, server_id=469 [R2][E112]Not connected to 10.1.4.3:8700 yet, server_id=469 [R3][E112]Not connected to 10.1.4.3:8700 yet, server_id=469
W1218 01:19:57.218887 28360 replicator.cpp:297] Group Atomic fail to issue RPC to 10.1.5.3:8700:0 _consecutive_error_times=31, [E22][10.1.5.3:8700][E22]node Atomic:10.1.5.3:8700:0 is not in active state, state ERROR
W1218 01:19:59.166318 28387 replicator.cpp:297] Group Atomic fail to issue RPC to 10.1.4.3:8700:0 _consecutive_error_times=41, [E112]Not connected to 10.1.4.3:8700 yet, server_id=469 [R1][E112]Not connected to 10.1.4.3:8700 yet, server_id=469 [R2][E112]Not connected to 10.1.4.3:8700 yet, server_id=469 [R3][E112]Not connected to 10.1.4.3:8700 yet, server_id=469
W1218 01:20:00.062839 28354 replicator.cpp:397] Group Atomic fail to issue RPC to 10.1.5.3:8700:0 _consecutive_error_times=41, [E22][10.1.5.3:8700][E22]node Atomic:10.1.5.3:8700:0 is not in active state, state ERROR
W1218 01:20:01.701886 28382 replicator.cpp:297] Group Atomic fail to issue RPC to 10.1.4.3:8700:0 _consecutive_error_times=51, [E112]Not connected to 10.1.4.3:8700 yet, server_id=469 [R1][E112]Not connected to 10.1.4.3:8700 yet, server_id=469 [R2][E112]Not connected to 10.1.4.3:8700 yet, server_id=469 [R3][E112]Not connected to 10.1.4.3:8700 yet, server_id=469
W1218 01:20:02.909366 28382 replicator.cpp:397] Group Atomic fail to issue RPC to 10.1.5.3:8700:0 _consecutive_error_times=51, [E22][10.1.5.3:8700][E22]node Atomic:10.1.5.3:8700:0 is not in active state, state ERROR
W1218 01:20:04.284802 28387 replicator.cpp:297] Group Atomic fail to issue RPC to 10.1.4.3:8700:0 _consecutive_error_times=61, [E112]Not connected to 10.1.4.3:8700 yet, server_id=469 [R1][E112]Not connected to 10.1.4.3:8700 yet, server_id=469 [R2][E112]Not connected to 10.1.4.3:8700 yet, server_id=469 [R3][E112]Not connected to 10.1.4.3:8700 yet, server_id=469
W1218 01:20:05.744495 28387 replicator.cpp:297] Group Atomic fail to issue RPC to 10.1.5.3:8700:0 _consecutive_error_times=61, [E22][10.1.5.3:8700][E22]node Atomic:10.1.5.3:8700:0 is not in active state, state ERROR
W1218 01:20:06.895464 28358 replicator.cpp:297] Group Atomic fail to issue RPC to 10.1.4.3:8700:0 _consecutive_error_times=71, [E112]Not connected to 10.1.4.3:8700 yet, server_id=469 [R1][E112]Not connected to 10.1.4.3:8700 yet, server_id=469 [R2][E112]Not connected to 10.1.4.3:8700 yet, server_id=469 [R3][E112]Not connected to 10.1.4.3:8700 yet, server_id=469
W1218 01:20:07.660434 28382 socket.cpp:1361] Fail to wait EPOLLOUT of fd=10: Connection timed out [110]
W1218 01:20:09.502280 28387 replicator.cpp:297] Group Atomic fail to issue RPC to 10.1.4.3:8700:0 _consecutive_error_times=81, [E112]Not connected to 10.1.4.3:8700 yet, server_id=469 [R1][E112]Not connected to 10.1.4.3:8700 yet, server_id=469 [R2][E112]Not connected to 10.1.4.3:8700 yet, server_id=469 [R3][E112]Not connected to 10.1.4.3:8700 yet, server_id=469
W1218 01:20:09.948191 28360 replicator.cpp:297] Group Atomic fail to issue RPC to 10.1.5.3:8700:0 _consecutive_error_times=71, [E22][10.1.5.3:8700][E22]node Atomic:10.1.5.3:8700:0 is not in active state, state ERROR
W1218 01:20:12.069283 28360 replicator.cpp:297] Group Atomic fail to issue RPC to 10.1.4.3:8700:0 _consecutive_error_times=91, [E112]Not connected to 10.1.4.3:8700 yet, server_id=469 [R1][E112]Not connected to 10.1.4.3:8700 yet, server_id=469 [R2][E112]Not connected to 10.1.4.3:8700 yet, server_id=469 [R3][E112]Not connected to 10.1.4.3:8700 yet, server_id=469
W1218 01:20:12.898828 28387 replicator.cpp:297] Group Atomic fail to issue RPC to 10.1.5.3:8700:0 _consecutive_error_times=81, [E22][10.1.5.3:8700][E22]node Atomic:10.1.5.3:8700:0 is not in active state, state ERROR
W1218 01:20:14.073288 28387 replicator.cpp:297] Group Atomic fail to issue RPC to 10.1.2.3:8700:0 _consecutive_error_times=1, [E112]Not connected to 10.1.2.3:8700 yet, server_id=465 [R1][E112]Not connected to 10.1.2.3:8700 yet, server_id=465 [R2][E112]Not connected to 10.1.2.3:8700 yet, server_id=465 [R3][E112]Not connected to 10.1.2.3:8700 yet, server_id=465
I1218 01:20:14.107165 28360 socket.cpp:2570] Checking Socket{id=465 addr=10.1.2.3:8700} (0x6310000f0800)
W1218 01:20:14.641950 28357 replicator.cpp:297] Group Atomic fail to issue RPC to 10.1.4.3:8700:0 _consecutive_error_times=101, [E112]Not connected to 10.1.4.3:8700 yet, server_id=469 [R1][E112]Not connected to 10.1.4.3:8700 yet, server_id=469 [R2][E112]Not connected to 10.1.4.3:8700 yet, server_id=469 [R3][E112]Not connected to 10.1.4.3:8700 yet, server_id=469
W1218 01:20:15.803016 28354 replicator.cpp:297] Group Atomic fail to issue RPC to 10.1.5.3:8700:0 _consecutive_error_times=91, [E22][10.1.5.3:8700][E22]node Atomic:10.1.5.3:8700:0 is not in active state, state ERROR
WARNING: Logging before InitGoogleLogging() is written to STDERR
W1218 01:20:24.143818 28963 bthread.cpp:409] Fail to set concurrency by tag: 0, tag concurrency must larger than old oncurrency. old concurrency: 24, new concurrency: 9
I1218 01:20:24.737509 28963 server.cpp:1208] Server[braft::RaftStatImpl+braft::FileServiceImpl+braft::RaftServiceImpl+braft::CliServiceImpl+example::AtomicServiceImpl] is serving on port=8700.
I1218 01:20:24.773620 28963 server.cpp:1211] Check out http://n1:8700 in web browser.
I1218 01:20:25.301625 28963 log.cpp:691] Use murmurhash32 as the checksum type of appending entries
I1218 01:20:25.319765 28963 log.cpp:1175] log load_meta ./data/log/log_meta first_log_index: 26 time: 16637
I1218 01:20:25.321740 28963 log.cpp:1115] load open segment, path: ./data/log first_index: 24
I1218 01:20:25.415174 28963 snapshot.cpp:465] Deleting ./data/snapshot/temp
I1218 01:20:25.728518 29008 server.cpp:306] Configuration of this group is 10.1.1.3:8700:0,10.1.2.3:8700:0,10.1.3.3:8700:0,10.1.4.3:8700:0,10.1.5.3:8700:0
I1218 01:20:25.759433 29008 snapshot_executor.cpp:264] node Atomic:10.1.1.3:8700:0 snapshot_load_done, last_included_index: 27 last_included_term: 35 peers: "10.1.1.3:8700:0" peers: "10.1.2.3:8700:0" peers: "10.1.3.3:8700:0" peers: "10.1.4.3:8700:0" peers: "10.1.5.3:8700:0"
I1218 01:20:25.788790 28963 raft_meta.cpp:521] Loaded single stable meta, path ./data/raft_meta term 35 votedfor 10.1.1.3:8700:0 time: 10144
I1218 01:20:25.790129 28963 node.cpp:608] node Atomic:10.1.1.3:8700:0 init, term: 35 last_log_id: (index=27,term=35) conf: 10.1.1.3:8700:0,10.1.2.3:8700:0,10.1.3.3:8700:0,10.1.4.3:8700:0,10.1.5.3:8700:0 old_conf: 
I1218 01:20:25.807767 28963 server.cpp:509] Atomic service is running on 0.0.0.0:8700
I1218 01:20:26.098722 29020 node.cpp:2211] node Atomic:10.1.1.3:8700:0 received RequestVote from 10.1.3.3:8700:0 in term 36 current_term 35 log_is_ok 1 votable_time 0
I1218 01:20:26.137777 29020 raft_meta.cpp:546] Saved single stable meta, path ./data/raft_meta term 36 votedfor 0.0.0.0:0:0 time: 35782
I1218 01:20:26.174216 29020 raft_meta.cpp:546] Saved single stable meta, path ./data/raft_meta term 36 votedfor 10.1.3.3:8700:0 time: 32245
I1218 01:20:26.671581 29004 server.cpp:312] Node start following { leader_id=10.1.3.3:8700:0, term=36, status=Follower receives message from new leader with the same term.}
I1218 01:20:27.780966 29020 server.cpp:306] Configuration of this group is 10.1.1.3:8700:0,10.1.2.3:8700:0,10.1.3.3:8700:0,10.1.4.3:8700:0,10.1.5.3:8700:0
W1218 01:20:33.685025 28970 sampler.cpp:192] bvar is busy at sampling for 2 seconds!
WARNING: Logging before InitGoogleLogging() is written to STDERR
W1218 01:20:44.828698 29144 bthread.cpp:409] Fail to set concurrency by tag: 0, tag concurrency must larger than old oncurrency. old concurrency: 24, new concurrency: 9
I1218 01:20:45.478025 29144 server.cpp:1208] Server[braft::RaftStatImpl+braft::FileServiceImpl+braft::RaftServiceImpl+braft::CliServiceImpl+example::AtomicServiceImpl] is serving on port=8700.
I1218 01:20:45.495369 29144 server.cpp:1211] Check out http://n1:8700 in web browser.
I1218 01:20:46.068622 29144 log.cpp:691] Use murmurhash32 as the checksum type of appending entries
I1218 01:20:46.100433 29144 log.cpp:1175] log load_meta ./data/log/log_meta first_log_index: 26 time: 30264
I1218 01:20:46.105777 29144 log.cpp:1115] load open segment, path: ./data/log first_index: 24
I1218 01:20:46.174257 29144 snapshot.cpp:465] Deleting ./data/snapshot/temp
I1218 01:20:46.295794 29220 server.cpp:306] Configuration of this group is 10.1.1.3:8700:0,10.1.2.3:8700:0,10.1.3.3:8700:0,10.1.4.3:8700:0,10.1.5.3:8700:0
I1218 01:20:46.329941 29220 snapshot_executor.cpp:264] node Atomic:10.1.1.3:8700:0 snapshot_load_done, last_included_index: 27 last_included_term: 35 peers: "10.1.1.3:8700:0" peers: "10.1.2.3:8700:0" peers: "10.1.3.3:8700:0" peers: "10.1.4.3:8700:0" peers: "10.1.5.3:8700:0"
I1218 01:20:46.347232 29144 raft_meta.cpp:521] Loaded single stable meta, path ./data/raft_meta term 36 votedfor 10.1.3.3:8700:0 time: 9969
I1218 01:20:46.348984 29144 node.cpp:608] node Atomic:10.1.1.3:8700:0 init, term: 36 last_log_id: (index=28,term=36) conf: 10.1.1.3:8700:0,10.1.2.3:8700:0,10.1.3.3:8700:0,10.1.4.3:8700:0,10.1.5.3:8700:0 old_conf: 
I1218 01:20:46.367884 29144 server.cpp:509] Atomic service is running on 0.0.0.0:8700
I1218 01:20:48.360183 29215 node.cpp:2129] node Atomic:10.1.1.3:8700:0 received PreVote from 10.1.3.3:8700:0 in term 37 current_term 36 granted 1 rejected_by_lease 0
I1218 01:20:48.619405 29202 node.cpp:2211] node Atomic:10.1.1.3:8700:0 received RequestVote from 10.1.3.3:8700:0 in term 37 current_term 36 log_is_ok 1 votable_time 0
I1218 01:20:48.695603 29202 raft_meta.cpp:546] Saved single stable meta, path ./data/raft_meta term 37 votedfor 0.0.0.0:0:0 time: 72930
I1218 01:20:48.765390 29202 raft_meta.cpp:546] Saved single stable meta, path ./data/raft_meta term 37 votedfor 10.1.3.3:8700:0 time: 50963
I1218 01:20:49.143940 29216 server.cpp:312] Node start following { leader_id=10.1.3.3:8700:0, term=37, status=Follower receives message from new leader with the same term.}
I1218 01:20:49.184787 29241 server.cpp:306] Configuration of this group is 10.1.1.3:8700:0,10.1.2.3:8700:0,10.1.3.3:8700:0,10.1.4.3:8700:0,10.1.5.3:8700:0
I1218 01:20:49.529460 29202 server.cpp:306] Configuration of this group is 10.1.1.3:8700:0,10.1.2.3:8700:0,10.1.3.3:8700:0,10.1.4.3:8700:0,10.1.5.3:8700:0
I1218 01:21:02.161181 29241 node.cpp:2129] node Atomic:10.1.1.3:8700:0 received PreVote from 10.1.4.3:8700:0 in term 38 current_term 37 granted 1 rejected_by_lease 0
I1218 01:21:02.527774 29202 node.cpp:2211] node Atomic:10.1.1.3:8700:0 received RequestVote from 10.1.4.3:8700:0 in term 38 current_term 37 log_is_ok 1 votable_time 0
I1218 01:21:02.531420 29220 server.cpp:309] Node stops following { leader_id=10.1.3.3:8700:0, term=37, status=Raft node receives higher term request_vote_request.}
I1218 01:21:02.600713 29202 raft_meta.cpp:546] Saved single stable meta, path ./data/raft_meta term 38 votedfor 0.0.0.0:0:0 time: 59173
I1218 01:21:02.625823 29202 raft_meta.cpp:546] Saved single stable meta, path ./data/raft_meta term 38 votedfor 10.1.4.3:8700:0 time: 23471
I1218 01:21:02.755964 29205 node.cpp:1587] node Atomic:10.1.1.3:8700:0 term 38 start pre_vote
W1218 01:21:02.882265 29215 node.cpp:1567] node Atomic:10.1.1.3:8700:0 request PreVote from 10.1.3.3:8700:0 error: [E111]Fail to connect Socket{id=374 addr=10.1.3.3:8700} (0x0x6310000c8d80): Connection refused
W1218 01:21:02.899410 29198 node.cpp:1567] node Atomic:10.1.1.3:8700:0 request PreVote from 10.1.5.3:8700:0 error: [E111]Fail to connect Socket{id=378 addr=10.1.5.3:8700} (0x0x6310000c9880): Connection refused
I1218 01:21:02.922187 29202 server.cpp:312] Node start following { leader_id=10.1.4.3:8700:0, term=38, status=Follower receives message from new leader with the same term.}
W1218 01:21:02.937314 29241 node.cpp:1479] node Atomic:10.1.1.3:8700:0 received invalid PreVoteResponse from 10.1.2.3:8700:0 ctx_version 8 current_ctx_version 10
W1218 01:21:02.945649 29241 node.cpp:1479] node Atomic:10.1.1.3:8700:0 received invalid PreVoteResponse from 10.1.4.3:8700:0 ctx_version 8 current_ctx_version 10
I1218 01:21:03.277930 29198 server.cpp:306] Configuration of this group is 10.1.1.3:8700:0,10.1.2.3:8700:0,10.1.3.3:8700:0,10.1.4.3:8700:0,10.1.5.3:8700:0
I1218 01:21:07.853497 29227 node.cpp:949] node Atomic:10.1.1.3:8700:0 starts to do snapshot
I1218 01:21:08.024530 29227 snapshot.cpp:647] Deleting ./data/snapshot/snapshot_00000000000000000030
I1218 01:21:08.027261 29227 snapshot.cpp:653] Renaming ./data/snapshot/temp to ./data/snapshot/snapshot_00000000000000000030
I1218 01:21:08.045074 29227 snapshot.cpp:523] Deleting ./data/snapshot/snapshot_00000000000000000027
I1218 01:21:08.169760 29227 snapshot_executor.cpp:234] node Atomic:10.1.1.3:8700:0 snapshot_save_done, last_included_index=30 last_included_term=38
I1218 01:21:08.241421 29227 log.cpp:1153] log save_meta ./data/log/log_meta first_log_index: 28 time: 67753
I1218 01:21:13.176787 29205 server.cpp:309] Node stops following { leader_id=10.1.4.3:8700:0, term=38, status=Lost connection from leader 10.1.4.3:8700:0}
I1218 01:21:13.251121 29228 node.cpp:1587] node Atomic:10.1.1.3:8700:0 term 38 start pre_vote
W1218 01:21:13.584230 29198 node.cpp:1567] node Atomic:10.1.1.3:8700:0 request PreVote from 10.1.5.3:8700:0 error: [E111]Fail to connect Socket{id=471 addr=10.1.5.3:8700} (0x0x6310000f1880): Connection refused
W1218 01:21:13.587174 29215 node.cpp:1567] node Atomic:10.1.1.3:8700:0 request PreVote from 10.1.3.3:8700:0 error: [E111]Fail to connect Socket{id=467 addr=10.1.3.3:8700} (0x0x6310000f0d80): Connection refused
W1218 01:21:15.972436 29216 input_messenger.cpp:381] Fail to read from Socket{id=469 fd=11 addr=10.1.4.3:8700:44682} (0x6310000f1300): Connection reset by peer [104]
W1218 01:21:15.984165 29216 node.cpp:1567] node Atomic:10.1.1.3:8700:0 request PreVote from 10.1.4.3:8700:0 error: [E104]Fail to read from Socket{id=469fd=11 addr=10.1.4.3:8700:44682} (0x0x6310000f1300): Connection reset by peer
W1218 01:21:16.192991 29241 input_messenger.cpp:381] Fail to read from Socket{id=465 fd=8 addr=10.1.2.3:8700:42670} (0x6310000f0800): Connection reset by peer [104]
W1218 01:21:16.194974 29241 node.cpp:1567] node Atomic:10.1.1.3:8700:0 request PreVote from 10.1.2.3:8700:0 error: [E104]Fail to read from Socket{id=465fd=8 addr=10.1.2.3:8700:42670} (0x0x6310000f0800): Connection reset by peer
WARNING: Logging before InitGoogleLogging() is written to STDERR
W1218 01:21:26.239612 29601 bthread.cpp:409] Fail to set concurrency by tag: 0, tag concurrency must larger than old oncurrency. old concurrency: 24, new concurrency: 9
I1218 01:21:26.688536 29601 server.cpp:1208] Server[braft::RaftStatImpl+braft::FileServiceImpl+braft::RaftServiceImpl+braft::CliServiceImpl+example::AtomicServiceImpl] is serving on port=8700.
I1218 01:21:26.700794 29601 server.cpp:1211] Check out http://n1:8700 in web browser.
I1218 01:21:27.131225 29601 log.cpp:691] Use murmurhash32 as the checksum type of appending entries
I1218 01:21:27.140830 29601 log.cpp:1175] log load_meta ./data/log/log_meta first_log_index: 28 time: 2105
I1218 01:21:27.154053 29601 log.cpp:1115] load open segment, path: ./data/log first_index: 24
I1218 01:21:27.168577 29601 snapshot.cpp:465] Deleting ./data/snapshot/temp
I1218 01:21:27.237783 29681 server.cpp:306] Configuration of this group is 10.1.1.3:8700:0,10.1.2.3:8700:0,10.1.3.3:8700:0,10.1.4.3:8700:0,10.1.5.3:8700:0
I1218 01:21:27.265074 29681 snapshot_executor.cpp:264] node Atomic:10.1.1.3:8700:0 snapshot_load_done, last_included_index: 30 last_included_term: 38 peers: "10.1.1.3:8700:0" peers: "10.1.2.3:8700:0" peers: "10.1.3.3:8700:0" peers: "10.1.4.3:8700:0" peers: "10.1.5.3:8700:0"
I1218 01:21:27.275094 29601 raft_meta.cpp:521] Loaded single stable meta, path ./data/raft_meta term 38 votedfor 10.1.4.3:8700:0 time: 874
I1218 01:21:27.276624 29601 node.cpp:608] node Atomic:10.1.1.3:8700:0 init, term: 38 last_log_id: (index=30,term=38) conf: 10.1.1.3:8700:0,10.1.2.3:8700:0,10.1.3.3:8700:0,10.1.4.3:8700:0,10.1.5.3:8700:0 old_conf: 
I1218 01:21:27.293081 29601 server.cpp:509] Atomic service is running on 0.0.0.0:8700
I1218 01:21:32.410112 29681 node.cpp:2129] node Atomic:10.1.1.3:8700:0 received PreVote from 10.1.4.3:8700:0 in term 39 current_term 38 granted 1 rejected_by_lease 0
I1218 01:21:32.549768 29679 node.cpp:2211] node Atomic:10.1.1.3:8700:0 received RequestVote from 10.1.4.3:8700:0 in term 39 current_term 38 log_is_ok 1 votable_time 0
I1218 01:21:32.721779 29679 raft_meta.cpp:546] Saved single stable meta, path ./data/raft_meta term 39 votedfor 0.0.0.0:0:0 time: 103182
I1218 01:21:32.754674 29679 raft_meta.cpp:546] Saved single stable meta, path ./data/raft_meta term 39 votedfor 10.1.4.3:8700:0 time: 16613
I1218 01:21:32.760227 29694 node.cpp:2211] node Atomic:10.1.1.3:8700:0 received RequestVote from 10.1.2.3:8700:0 in term 39 current_term 39 log_is_ok 1 votable_time 0
I1218 01:21:33.439906 29693 server.cpp:312] Node start following { leader_id=10.1.2.3:8700:0, term=39, status=Follower receives message from new leader with the same term.}
I1218 01:21:33.737205 29681 server.cpp:306] Configuration of this group is 10.1.1.3:8700:0,10.1.2.3:8700:0,10.1.3.3:8700:0,10.1.4.3:8700:0,10.1.5.3:8700:0
WARNING: Logging before InitGoogleLogging() is written to STDERR
W1218 01:22:11.554126 30177 bthread.cpp:409] Fail to set concurrency by tag: 0, tag concurrency must larger than old oncurrency. old concurrency: 24, new concurrency: 9
I1218 01:22:11.947743 30177 server.cpp:1208] Server[braft::RaftStatImpl+braft::FileServiceImpl+braft::RaftServiceImpl+braft::CliServiceImpl+example::AtomicServiceImpl] is serving on port=8700.
I1218 01:22:11.975468 30177 server.cpp:1211] Check out http://n1:8700 in web browser.
I1218 01:22:12.264050 30177 log.cpp:691] Use murmurhash32 as the checksum type of appending entries
I1218 01:22:12.315436 30177 log.cpp:1175] log load_meta ./data/log/log_meta first_log_index: 28 time: 25051
I1218 01:22:12.322322 30177 log.cpp:1115] load open segment, path: ./data/log first_index: 24
I1218 01:22:12.535202 30177 snapshot.cpp:465] Deleting ./data/snapshot/temp
I1218 01:22:12.705436 30223 server.cpp:306] Configuration of this group is 10.1.1.3:8700:0,10.1.2.3:8700:0,10.1.3.3:8700:0,10.1.4.3:8700:0,10.1.5.3:8700:0
I1218 01:22:12.799618 30223 snapshot_executor.cpp:264] node Atomic:10.1.1.3:8700:0 snapshot_load_done, last_included_index: 30 last_included_term: 38 peers: "10.1.1.3:8700:0" peers: "10.1.2.3:8700:0" peers: "10.1.3.3:8700:0" peers: "10.1.4.3:8700:0" peers: "10.1.5.3:8700:0"
I1218 01:22:13.012631 30177 raft_meta.cpp:521] Loaded single stable meta, path ./data/raft_meta term 39 votedfor 10.1.4.3:8700:0 time: 59677
I1218 01:22:13.074769 30177 node.cpp:608] node Atomic:10.1.1.3:8700:0 init, term: 39 last_log_id: (index=31,term=39) conf: 10.1.1.3:8700:0,10.1.2.3:8700:0,10.1.3.3:8700:0,10.1.4.3:8700:0,10.1.5.3:8700:0 old_conf: 
I1218 01:22:13.163632 30177 server.cpp:509] Atomic service is running on 0.0.0.0:8700
I1218 01:22:18.167981 30237 node.cpp:2129] node Atomic:10.1.1.3:8700:0 received PreVote from 10.1.5.3:8700:0 in term 41 current_term 39 granted 1 rejected_by_lease 0
I1218 01:22:18.433061 30221 node.cpp:2211] node Atomic:10.1.1.3:8700:0 received RequestVote from 10.1.5.3:8700:0 in term 41 current_term 39 log_is_ok 1 votable_time 0
I1218 01:22:18.515039 30221 raft_meta.cpp:546] Saved single stable meta, path ./data/raft_meta term 41 votedfor 0.0.0.0:0:0 time: 66432
I1218 01:22:18.612695 30221 raft_meta.cpp:546] Saved single stable meta, path ./data/raft_meta term 41 votedfor 10.1.5.3:8700:0 time: 71541
I1218 01:22:18.742022 30224 node.cpp:1587] node Atomic:10.1.1.3:8700:0 term 41 start pre_vote
I1218 01:22:18.957594 30237 server.cpp:312] Node start following { leader_id=10.1.5.3:8700:0, term=41, status=Follower receives message from new leader with the same term.}
W1218 01:22:18.958760 30223 node.cpp:1479] node Atomic:10.1.1.3:8700:0 received invalid PreVoteResponse from 10.1.2.3:8700:0 ctx_version 4 current_ctx_version 6
W1218 01:22:19.012977 30221 node.cpp:1479] node Atomic:10.1.1.3:8700:0 received invalid PreVoteResponse from 10.1.3.3:8700:0 ctx_version 4 current_ctx_version 6
W1218 01:22:19.043623 30223 node.cpp:1479] node Atomic:10.1.1.3:8700:0 received invalid PreVoteResponse from 10.1.4.3:8700:0 ctx_version 4 current_ctx_version 6
I1218 01:22:19.112134 30223 server.cpp:306] Configuration of this group is 10.1.1.3:8700:0,10.1.2.3:8700:0,10.1.3.3:8700:0,10.1.4.3:8700:0,10.1.5.3:8700:0
I1218 01:22:19.247021 30237 server.cpp:306] Configuration of this group is 10.1.1.3:8700:0,10.1.2.3:8700:0,10.1.3.3:8700:0,10.1.4.3:8700:0,10.1.5.3:8700:0
W1218 01:22:19.327687 30216 node.cpp:1479] node Atomic:10.1.1.3:8700:0 received invalid PreVoteResponse from 10.1.5.3:8700:0 ctx_version 4 current_ctx_version 6
I1218 01:22:19.913717 30216 server.cpp:306] Configuration of this group is 10.1.1.3:8700:0,10.1.2.3:8700:0,10.1.3.3:8700:0,10.1.4.3:8700:0,10.1.5.3:8700:0
I1218 01:22:19.976387 30237 node.cpp:1653] node Atomic:10.1.1.3:8700:0 term 41 start vote and grant vote self
I1218 01:22:20.051826 30221 server.cpp:309] Node stops following { leader_id=10.1.5.3:8700:0, term=41, status=A follower's leader_id is reset to NULL as it begins to request_vote.}
I1218 01:22:20.172062 30216 raft_meta.cpp:546] Saved single stable meta, path ./data/raft_meta term 42 votedfor 10.1.1.3:8700:0 time: 44067
I1218 01:22:20.173030 30216 node.cpp:1122] node Atomic:10.1.1.3:8700:0 received handle_timeout_now_request from 10.1.5.3:54938 at term=41
W1218 01:22:20.272312 30223 node.cpp:1454] node Atomic:10.1.1.3:8700:0 received RequestVoteResponse from 10.1.5.3:8700:0 error: [E22][10.1.5.3:8700][E22]Invalid argument
I1218 01:22:20.278960 30237 node.cpp:1403] node Atomic:10.1.1.3:8700:0 received RequestVoteResponse from 10.1.4.3:8700:0 term 42 granted 1 rejected_by_lease 0 disrupted 0
I1218 01:22:20.327904 30237 node.cpp:1403] node Atomic:10.1.1.3:8700:0 received RequestVoteResponse from 10.1.3.3:8700:0 term 42 granted 1 rejected_by_lease 0 disrupted 0
I1218 01:22:20.329196 30237 node.cpp:1908] node Atomic:10.1.1.3:8700:0 term 42 become leader of group 10.1.1.3:8700:0,10.1.2.3:8700:0,10.1.3.3:8700:0,10.1.4.3:8700:0,10.1.5.3:8700:0 
I1218 01:22:20.355536 30237 replicator.cpp:143] Replicator=2224793059334@10.1.2.3:8700:0 is started, group Atomic
I1218 01:22:20.359957 30237 replicator.cpp:143] Replicator=4406636445697@10.1.3.3:8700:0 is started, group Atomic
I1218 01:22:20.467211 30237 replicator.cpp:143] Replicator=4423816314881@10.1.4.3:8700:0 is started, group Atomic
I1218 01:22:20.476646 30237 replicator.cpp:143] Replicator=4440996184065@10.1.5.3:8700:0 is started, group Atomic
W1218 01:22:20.551762 30221 node.cpp:1370] node Atomic:10.1.1.3:8700:0 received invalid RequestVoteResponse from 10.1.2.3:8700:0 ctx_version 1 current_ctx_version 2
I1218 01:22:20.625533 30230 node.cpp:2129] node Atomic:10.1.1.3:8700:0 received PreVote from 10.1.3.3:8700:0 in term 43 current_term 42 granted 0 rejected_by_lease 0
I1218 01:22:20.757493 30233 server.cpp:306] Configuration of this group is 10.1.1.3:8700:0,10.1.2.3:8700:0,10.1.3.3:8700:0,10.1.4.3:8700:0,10.1.5.3:8700:0
I1218 01:22:20.758839 30233 node.cpp:3310] node Atomic:10.1.1.3:8700:0 reset ConfigurationCtx, new_peers: 10.1.1.3:8700:0,10.1.2.3:8700:0,10.1.3.3:8700:0,10.1.4.3:8700:0,10.1.5.3:8700:0, old_peers: 10.1.1.3:8700:0,10.1.2.3:8700:0,10.1.3.3:8700:0,10.1.4.3:8700:0,10.1.5.3:8700:0
I1218 01:22:20.815527 30218 server.cpp:291] Node becomes leader
W1218 01:22:20.883294 30235 replicator.cpp:397] Group Atomic fail to issue RPC to 10.1.5.3:8700:0 _consecutive_error_times=1, [E22][10.1.5.3:8700][E22]node Atomic:10.1.5.3:8700:0 is not in active state, state ERROR
W1218 01:22:24.943770 30224 replicator.cpp:297] Group Atomic fail to issue RPC to 10.1.5.3:8700:0 _consecutive_error_times=11, [E22][10.1.5.3:8700][E22]node Atomic:10.1.5.3:8700:0 is not in active state, state ERROR
W1218 01:22:27.702015 30235 replicator.cpp:297] Group Atomic fail to issue RPC to 10.1.3.3:8700:0 _consecutive_error_times=1, [E112]Not connected to 10.1.3.3:8700 yet, server_id=281 [R1][E112]Not connected to 10.1.3.3:8700 yet, server_id=281 [R2][E112]Not connected to 10.1.3.3:8700 yet, server_id=281 [R3][E112]Not connected to 10.1.3.3:8700 yet, server_id=281
I1218 01:22:27.741503 30215 socket.cpp:2570] Checking Socket{id=281 addr=10.1.3.3:8700} (0x6310000a0d80)
W1218 01:22:27.877738 30220 replicator.cpp:297] Group Atomic fail to issue RPC to 10.1.5.3:8700:0 _consecutive_error_times=21, [E22][10.1.5.3:8700][E22]node Atomic:10.1.5.3:8700:0 is not in active state, state ERROR
I1218 01:22:28.622051 30233 node.cpp:949] node Atomic:10.1.1.3:8700:0 starts to do snapshot
I1218 01:22:28.688498 30233 snapshot.cpp:647] Deleting ./data/snapshot/snapshot_00000000000000000034
I1218 01:22:28.689944 30233 snapshot.cpp:653] Renaming ./data/snapshot/temp to ./data/snapshot/snapshot_00000000000000000034
I1218 01:22:28.693591 30233 snapshot.cpp:523] Deleting ./data/snapshot/snapshot_00000000000000000030
I1218 01:22:28.767908 30233 snapshot_executor.cpp:234] node Atomic:10.1.1.3:8700:0 snapshot_save_done, last_included_index=34 last_included_term=42
I1218 01:22:28.827786 30218 log.cpp:1153] log save_meta ./data/log/log_meta first_log_index: 31 time: 33550
W1218 01:22:30.621820 30220 replicator.cpp:397] Group Atomic fail to issue RPC to 10.1.5.3:8700:0 _consecutive_error_times=31, [E22][10.1.5.3:8700][E22]node Atomic:10.1.5.3:8700:0 is not in active state, state ERROR
W1218 01:22:32.849913 30219 replicator.cpp:297] Group Atomic fail to issue RPC to 10.1.3.3:8700:0 _consecutive_error_times=11, [E112]Not connected to 10.1.3.3:8700 yet, server_id=281 [R1][E112]Not connected to 10.1.3.3:8700 yet, server_id=281 [R2][E112]Not connected to 10.1.3.3:8700 yet, server_id=281 [R3][E112]Not connected to 10.1.3.3:8700 yet, server_id=281
W1218 01:22:33.508543 30224 replicator.cpp:397] Group Atomic fail to issue RPC to 10.1.5.3:8700:0 _consecutive_error_times=41, [E22][10.1.5.3:8700][E22]node Atomic:10.1.5.3:8700:0 is not in active state, state ERROR
W1218 01:22:36.427042 30230 replicator.cpp:297] Group Atomic fail to issue RPC to 10.1.5.3:8700:0 _consecutive_error_times=51, [E22][10.1.5.3:8700][E22]node Atomic:10.1.5.3:8700:0 is not in active state, state ERROR
W1218 01:22:38.252847 30215 replicator.cpp:297] Group Atomic fail to issue RPC to 10.1.3.3:8700:0 _consecutive_error_times=21, [E112]Not connected to 10.1.3.3:8700 yet, server_id=281 [R1][E112]Not connected to 10.1.3.3:8700 yet, server_id=281 [R2][E112]Not connected to 10.1.3.3:8700 yet, server_id=281 [R3][E112]Not connected to 10.1.3.3:8700 yet, server_id=281
W1218 01:22:39.161852 30218 replicator.cpp:297] Group Atomic fail to issue RPC to 10.1.5.3:8700:0 _consecutive_error_times=61, [E22][10.1.5.3:8700][E22]node Atomic:10.1.5.3:8700:0 is not in active state, state ERROR
W1218 01:22:41.920358 30218 replicator.cpp:297] Group Atomic fail to issue RPC to 10.1.5.3:8700:0 _consecutive_error_times=71, [E22][10.1.5.3:8700][E22]node Atomic:10.1.5.3:8700:0 is not in active state, state ERROR
W1218 01:22:43.276075 30233 replicator.cpp:297] Group Atomic fail to issue RPC to 10.1.4.3:8700:0 _consecutive_error_times=1, [E1008]Reached timeout=2500ms @10.1.4.3:8700
W1218 01:22:43.468602 30219 replicator.cpp:297] Group Atomic fail to issue RPC to 10.1.3.3:8700:0 _consecutive_error_times=31, [E112]Not connected to 10.1.3.3:8700 yet, server_id=281 [R1][E112]Not connected to 10.1.3.3:8700 yet, server_id=281 [R2][E112]Not connected to 10.1.3.3:8700 yet, server_id=281 [R3][E112]Not connected to 10.1.3.3:8700 yet, server_id=281
W1218 01:22:44.804885 30219 replicator.cpp:297] Group Atomic fail to issue RPC to 10.1.5.3:8700:0 _consecutive_error_times=81, [E22][10.1.5.3:8700][E22]node Atomic:10.1.5.3:8700:0 is not in active state, state ERROR
W1218 01:22:45.639040 30219 node.cpp:796] node Atomic:10.1.1.3:8700:0 term 42 steps down when alive nodes don't satisfy quorum dead_nodes: 10.1.3.3:8700:0,10.1.4.3:8700:0,10.1.5.3:8700:0 conf: 10.1.1.3:8700:0,10.1.2.3:8700:0,10.1.3.3:8700:0,10.1.4.3:8700:0,10.1.5.3:8700:0
I1218 01:22:45.669778 30233 server.cpp:296] Node stepped down : Majority of the group dies
I1218 01:22:45.706808 30219 replicator.cpp:989] Group Atomic Replicator=2224793059334 is going to quit
I1218 01:22:45.708242 30219 replicator.cpp:1258] Replicator=2224793059334 is going to quit
I1218 01:22:45.755692 30219 replicator.cpp:989] Group Atomic Replicator=4406636445697 is going to quit
I1218 01:22:45.756539 30219 replicator.cpp:1258] Replicator=4406636445697 is going to quit
I1218 01:22:45.771733 30219 replicator.cpp:989] Group Atomic Replicator=4423816314881 is going to quit
I1218 01:22:45.772831 30219 replicator.cpp:1258] Replicator=4423816314881 is going to quit
I1218 01:22:45.775857 30219 replicator.cpp:989] Group Atomic Replicator=4440996184065 is going to quit
I1218 01:22:45.776597 30219 replicator.cpp:1258] Replicator=4440996184065 is going to quit
I1218 01:22:51.385883 30224 node.cpp:1587] node Atomic:10.1.1.3:8700:0 term 42 start pre_vote
W1218 01:22:51.715898 30235 node.cpp:1567] node Atomic:10.1.1.3:8700:0 request PreVote from 10.1.2.3:8700:0 error: [E111]Fail to connect Socket{id=380 addr=10.1.2.3:8700} (0x0x6310000b5e00): Connection refused
W1218 01:22:51.756747 30233 node.cpp:1567] node Atomic:10.1.1.3:8700:0 request PreVote from 10.1.3.3:8700:0 error: [E111]Fail to connect Socket{id=8589934972 addr=10.1.3.3:8700} (0x0x6310000b5e00): Connection refused
W1218 01:22:51.913724 30218 node.cpp:1567] node Atomic:10.1.1.3:8700:0 request PreVote from 10.1.5.3:8700:0 error: [E22][10.1.5.3:8700][E22]Invalid argument
W1218 01:22:56.713604 30219 node.cpp:1567] node Atomic:10.1.1.3:8700:0 request PreVote from 10.1.4.3:8700:0 error: [E1008]Reached timeout=5000ms @10.1.4.3:8700
I1218 01:22:57.606258 30235 node.cpp:1587] node Atomic:10.1.1.3:8700:0 term 42 start pre_vote
W1218 01:22:57.706291 30215 node.cpp:1567] node Atomic:10.1.1.3:8700:0 request PreVote from 10.1.3.3:8700:0 error: [E111]Fail to connect Socket{id=467 addr=10.1.3.3:8700} (0x0x631000168d80): Connection refused
W1218 01:22:57.719259 30218 node.cpp:1567] node Atomic:10.1.1.3:8700:0 request PreVote from 10.1.2.3:8700:0 error: [E111]Fail to connect Socket{id=465 addr=10.1.2.3:8700} (0x0x631000168800): Connection refused
W1218 01:22:57.816366 30230 node.cpp:1567] node Atomic:10.1.1.3:8700:0 request PreVote from 10.1.5.3:8700:0 error: [E22][10.1.5.3:8700][E22]Invalid argument
I1218 01:22:58.668149 30218 node.cpp:949] node Atomic:10.1.1.3:8700:0 starts to do snapshot
I1218 01:22:58.769223 30218 snapshot_executor.cpp:154] node Atomic:10.1.1.3:8700:0 the gap between fsm applied index 34 and last_snapshot_index 34 is less than 1, will clear bufferred logs and return success
I1218 01:22:59.172531 30220 log.cpp:1153] log save_meta ./data/log/log_meta first_log_index: 35 time: 351623
I1218 01:22:59.184541 30220 log.cpp:608] Unlinked segment `./data/log/log_inprogress_00000000000000000024'
W1218 01:23:00.727382 30230 input_messenger.cpp:381] Fail to read from Socket{id=469 fd=10 addr=10.1.4.3:8700:39800} (0x631000169300): Connection reset by peer [104]
W1218 01:23:00.769835 30230 node.cpp:1567] node Atomic:10.1.1.3:8700:0 request PreVote from 10.1.4.3:8700:0 error: [E104]Fail to read from Socket{id=469fd=10 addr=10.1.4.3:8700:39800} (0x0x631000169300): Connection reset by peer
WARNING: Logging before InitGoogleLogging() is written to STDERR
W1218 01:23:08.920362 30796 bthread.cpp:409] Fail to set concurrency by tag: 0, tag concurrency must larger than old oncurrency. old concurrency: 24, new concurrency: 9
I1218 01:23:09.620275 30796 server.cpp:1208] Server[braft::RaftStatImpl+braft::FileServiceImpl+braft::RaftServiceImpl+braft::CliServiceImpl+example::AtomicServiceImpl] is serving on port=8700.
I1218 01:23:09.621721 30796 server.cpp:1211] Check out http://n1:8700 in web browser.
I1218 01:23:09.829056 30796 log.cpp:691] Use murmurhash32 as the checksum type of appending entries
I1218 01:23:09.840657 30796 log.cpp:1175] log load_meta ./data/log/log_meta first_log_index: 35 time: 10217
I1218 01:23:09.864722 30796 snapshot.cpp:465] Deleting ./data/snapshot/temp
I1218 01:23:10.108510 30848 server.cpp:306] Configuration of this group is 10.1.1.3:8700:0,10.1.2.3:8700:0,10.1.3.3:8700:0,10.1.4.3:8700:0,10.1.5.3:8700:0
I1218 01:23:10.228155 30848 snapshot_executor.cpp:264] node Atomic:10.1.1.3:8700:0 snapshot_load_done, last_included_index: 34 last_included_term: 42 peers: "10.1.1.3:8700:0" peers: "10.1.2.3:8700:0" peers: "10.1.3.3:8700:0" peers: "10.1.4.3:8700:0" peers: "10.1.5.3:8700:0"
I1218 01:23:10.275961 30796 raft_meta.cpp:521] Loaded single stable meta, path ./data/raft_meta term 42 votedfor 10.1.1.3:8700:0 time: 727
I1218 01:23:10.297029 30796 node.cpp:608] node Atomic:10.1.1.3:8700:0 init, term: 42 last_log_id: (index=34,term=42) conf: 10.1.1.3:8700:0,10.1.2.3:8700:0,10.1.3.3:8700:0,10.1.4.3:8700:0,10.1.5.3:8700:0 old_conf: 
I1218 01:23:10.300297 30796 server.cpp:509] Atomic service is running on 0.0.0.0:8700
I1218 01:23:16.010170 30841 node.cpp:1587] node Atomic:10.1.1.3:8700:0 term 42 start pre_vote
W1218 01:23:16.507975 30852 node.cpp:1567] node Atomic:10.1.1.3:8700:0 request PreVote from 10.1.2.3:8700:0 error: [E110]Fail to connect Socket{id=93 addr=10.1.2.3:8700} (0x0x631000050800): Connection timed out
W1218 01:23:16.572167 30838 node.cpp:1567] node Atomic:10.1.1.3:8700:0 request PreVote from 10.1.5.3:8700:0 error: [E22][10.1.5.3:8700][E22]Invalid argument
I1218 01:23:16.603740 30846 node.cpp:2129] node Atomic:10.1.1.3:8700:0 received PreVote from 10.1.2.3:8700:0 in term 43 current_term 42 granted 1 rejected_by_lease 0
I1218 01:23:16.692323 30846 node.cpp:1512] node Atomic:10.1.1.3:8700:0 received PreVoteResponse from 10.1.4.3:8700:0 term 42 granted 1 rejected_by_lease 0 disrupted 0
I1218 01:23:16.728150 30850 node.cpp:1512] node Atomic:10.1.1.3:8700:0 received PreVoteResponse from 10.1.3.3:8700:0 term 42 granted 1 rejected_by_lease 0 disrupted 0
I1218 01:23:16.729274 30850 node.cpp:1653] node Atomic:10.1.1.3:8700:0 term 42 start vote and grant vote self
W1218 01:23:16.872788 30852 node.cpp:1454] node Atomic:10.1.1.3:8700:0 received RequestVoteResponse from 10.1.5.3:8700:0 error: [E22][10.1.5.3:8700][E22]Invalid argument
I1218 01:23:16.951917 30850 raft_meta.cpp:546] Saved single stable meta, path ./data/raft_meta term 43 votedfor 10.1.1.3:8700:0 time: 84537
I1218 01:23:16.988967 30839 node.cpp:1403] node Atomic:10.1.1.3:8700:0 received RequestVoteResponse from 10.1.3.3:8700:0 term 43 granted 0 rejected_by_lease 0 disrupted 0
I1218 01:23:17.002386 30848 node.cpp:2211] node Atomic:10.1.1.3:8700:0 received RequestVote from 10.1.2.3:8700:0 in term 43 current_term 43 log_is_ok 1 votable_time 0
I1218 01:23:17.007550 30852 node.cpp:1403] node Atomic:10.1.1.3:8700:0 received RequestVoteResponse from 10.1.4.3:8700:0 term 43 granted 0 rejected_by_lease 0 disrupted 0
I1218 01:23:17.111583 30839 node.cpp:2129] node Atomic:10.1.1.3:8700:0 received PreVote from 10.1.3.3:8700:0 in term 44 current_term 43 granted 1 rejected_by_lease 0
