I1218 01:29:53.168967 35141 server.cpp:509] Atomic service is running on 0.0.0.0:8700
I1218 01:29:57.755523 35224 node.cpp:2129] node Atomic:10.1.1.3:8700:0 received PreVote from 10.1.3.3:8700:0 in term 57 current_term 56 granted 1 rejected_by_lease 0
I1218 01:29:58.200222 35190 node.cpp:2211] node Atomic:10.1.1.3:8700:0 received RequestVote from 10.1.3.3:8700:0 in term 57 current_term 56 log_is_ok 1 votable_time 0
I1218 01:29:58.256191 35190 raft_meta.cpp:546] Saved single stable meta, path ./data/raft_meta term 57 votedfor 0.0.0.0:0:0 time: 28794
I1218 01:29:58.275425 35190 raft_meta.cpp:546] Saved single stable meta, path ./data/raft_meta term 57 votedfor 10.1.3.3:8700:0 time: 14184
I1218 01:29:58.503118 35224 node.cpp:2129] node Atomic:10.1.1.3:8700:0 received PreVote from 10.1.4.3:8700:0 in term 58 current_term 57 granted 1 rejected_by_lease 0
I1218 01:29:58.593295 35224 server.cpp:312] Node start following { leader_id=10.1.3.3:8700:0, term=57, status=Follower receives message from new leader with the same term.}
I1218 01:29:58.627115 35224 server.cpp:306] Configuration of this group is 10.1.1.3:8700:0,10.1.2.3:8700:0,10.1.3.3:8700:0,10.1.4.3:8700:0,10.1.5.3:8700:0
I1218 01:29:58.895121 35185 node.cpp:2211] node Atomic:10.1.1.3:8700:0 received RequestVote from 10.1.4.3:8700:0 in term 58 current_term 57 log_is_ok 1 votable_time 0
I1218 01:29:58.897441 35187 server.cpp:309] Node stops following { leader_id=10.1.3.3:8700:0, term=57, status=Raft node receives higher term request_vote_request.}
I1218 01:29:58.973591 35185 raft_meta.cpp:546] Saved single stable meta, path ./data/raft_meta term 58 votedfor 0.0.0.0:0:0 time: 73559
I1218 01:29:59.044770 35185 raft_meta.cpp:546] Saved single stable meta, path ./data/raft_meta term 58 votedfor 10.1.4.3:8700:0 time: 32988
W1218 01:29:59.110994 35190 node.cpp:2399] node Atomic:10.1.1.3:8700:0 ignore stale AppendEntries from 10.1.3.3:8700:0 in term 57 current_term 58
W1218 01:29:59.133651 35224 node.cpp:2399] node Atomic:10.1.1.3:8700:0 ignore stale AppendEntries from 10.1.3.3:8700:0 in term 57 current_term 58
I1218 01:29:59.259939 35190 server.cpp:312] Node start following { leader_id=10.1.4.3:8700:0, term=58, status=Follower receives message from new leader with the same term.}
I1218 01:30:00.288558 35186 server.cpp:306] Configuration of this group is 10.1.1.3:8700:0,10.1.2.3:8700:0,10.1.3.3:8700:0,10.1.4.3:8700:0,10.1.5.3:8700:0
I1218 01:30:20.764106 35221 node.cpp:949] node Atomic:10.1.1.3:8700:0 starts to do snapshot
I1218 01:30:21.140149 35221 snapshot.cpp:647] Deleting ./data/snapshot/snapshot_00000000000000000050
I1218 01:30:21.142228 35221 snapshot.cpp:653] Renaming ./data/snapshot/temp to ./data/snapshot/snapshot_00000000000000000050
I1218 01:30:21.153635 35221 snapshot.cpp:523] Deleting ./data/snapshot/snapshot_00000000000000000048
I1218 01:30:21.217135 35221 snapshot_executor.cpp:234] node Atomic:10.1.1.3:8700:0 snapshot_save_done, last_included_index=50 last_included_term=58
I1218 01:30:21.329694 35200 log.cpp:1153] log save_meta ./data/log/log_meta first_log_index: 49 time: 52915
WARNING: Logging before InitGoogleLogging() is written to STDERR
W1218 01:30:39.291332 35621 bthread.cpp:409] Fail to set concurrency by tag: 0, tag concurrency must larger than old oncurrency. old concurrency: 24, new concurrency: 9
I1218 01:30:39.920534 35621 server.cpp:1208] Server[braft::RaftStatImpl+braft::FileServiceImpl+braft::RaftServiceImpl+braft::CliServiceImpl+example::AtomicServiceImpl] is serving on port=8700.
I1218 01:30:39.922049 35621 server.cpp:1211] Check out http://n1:8700 in web browser.
I1218 01:30:39.989116 35621 log.cpp:691] Use murmurhash32 as the checksum type of appending entries
I1218 01:30:39.993676 35621 log.cpp:1175] log load_meta ./data/log/log_meta first_log_index: 49 time: 3255
I1218 01:30:39.996588 35621 log.cpp:1115] load open segment, path: ./data/log first_index: 35
I1218 01:30:40.020673 35621 snapshot.cpp:465] Deleting ./data/snapshot/temp
I1218 01:30:40.422510 35675 server.cpp:306] Configuration of this group is 10.1.1.3:8700:0,10.1.2.3:8700:0,10.1.3.3:8700:0,10.1.4.3:8700:0,10.1.5.3:8700:0
I1218 01:30:40.467689 35675 snapshot_executor.cpp:264] node Atomic:10.1.1.3:8700:0 snapshot_load_done, last_included_index: 50 last_included_term: 58 peers: "10.1.1.3:8700:0" peers: "10.1.2.3:8700:0" peers: "10.1.3.3:8700:0" peers: "10.1.4.3:8700:0" peers: "10.1.5.3:8700:0"
I1218 01:30:40.479085 35621 raft_meta.cpp:521] Loaded single stable meta, path ./data/raft_meta term 58 votedfor 10.1.4.3:8700:0 time: 897
I1218 01:30:40.480389 35621 node.cpp:608] node Atomic:10.1.1.3:8700:0 init, term: 58 last_log_id: (index=50,term=58) conf: 10.1.1.3:8700:0,10.1.2.3:8700:0,10.1.3.3:8700:0,10.1.4.3:8700:0,10.1.5.3:8700:0 old_conf: 
I1218 01:30:40.484167 35621 server.cpp:509] Atomic service is running on 0.0.0.0:8700
I1218 01:30:45.688222 35676 node.cpp:949] node Atomic:10.1.1.3:8700:0 starts to do snapshot
I1218 01:30:45.696305 35676 snapshot_executor.cpp:154] node Atomic:10.1.1.3:8700:0 the gap between fsm applied index 50 and last_snapshot_index 50 is less than 1, will clear bufferred logs and return success
I1218 01:30:45.733228 35676 log.cpp:1153] log save_meta ./data/log/log_meta first_log_index: 51 time: 34586
I1218 01:30:45.743273 35676 log.cpp:608] Unlinked segment `./data/log/log_inprogress_00000000000000000035'
WARNING: Logging before InitGoogleLogging() is written to STDERR
W1218 01:30:58.036864 35843 bthread.cpp:409] Fail to set concurrency by tag: 0, tag concurrency must larger than old oncurrency. old concurrency: 24, new concurrency: 9
I1218 01:30:58.697046 35843 server.cpp:1208] Server[braft::RaftStatImpl+braft::FileServiceImpl+braft::RaftServiceImpl+braft::CliServiceImpl+example::AtomicServiceImpl] is serving on port=8700.
I1218 01:30:58.771032 35843 server.cpp:1211] Check out http://n1:8700 in web browser.
I1218 01:30:59.133486 35843 log.cpp:691] Use murmurhash32 as the checksum type of appending entries
I1218 01:30:59.161347 35843 log.cpp:1175] log load_meta ./data/log/log_meta first_log_index: 51 time: 26311
I1218 01:30:59.208314 35843 snapshot.cpp:465] Deleting ./data/snapshot/temp
I1218 01:31:00.100468 35910 server.cpp:306] Configuration of this group is 10.1.1.3:8700:0,10.1.2.3:8700:0,10.1.3.3:8700:0,10.1.4.3:8700:0,10.1.5.3:8700:0
I1218 01:31:00.149943 35910 snapshot_executor.cpp:264] node Atomic:10.1.1.3:8700:0 snapshot_load_done, last_included_index: 50 last_included_term: 58 peers: "10.1.1.3:8700:0" peers: "10.1.2.3:8700:0" peers: "10.1.3.3:8700:0" peers: "10.1.4.3:8700:0" peers: "10.1.5.3:8700:0"
I1218 01:31:00.455458 35843 raft_meta.cpp:521] Loaded single stable meta, path ./data/raft_meta term 58 votedfor 10.1.4.3:8700:0 time: 24118
I1218 01:31:00.493048 35843 node.cpp:608] node Atomic:10.1.1.3:8700:0 init, term: 58 last_log_id: (index=50,term=58) conf: 10.1.1.3:8700:0,10.1.2.3:8700:0,10.1.3.3:8700:0,10.1.4.3:8700:0,10.1.5.3:8700:0 old_conf: 
I1218 01:31:00.582017 35843 server.cpp:509] Atomic service is running on 0.0.0.0:8700
I1218 01:31:03.622021 35911 node.cpp:2129] node Atomic:10.1.1.3:8700:0 received PreVote from 10.1.3.3:8700:0 in term 60 current_term 58 granted 1 rejected_by_lease 0
I1218 01:31:04.048163 35902 node.cpp:2211] node Atomic:10.1.1.3:8700:0 received RequestVote from 10.1.3.3:8700:0 in term 60 current_term 58 log_is_ok 1 votable_time 0
I1218 01:31:04.135262 35902 raft_meta.cpp:546] Saved single stable meta, path ./data/raft_meta term 60 votedfor 0.0.0.0:0:0 time: 57204
I1218 01:31:04.343466 35902 raft_meta.cpp:546] Saved single stable meta, path ./data/raft_meta term 60 votedfor 10.1.3.3:8700:0 time: 104455
I1218 01:31:04.776244 35912 server.cpp:312] Node start following { leader_id=10.1.3.3:8700:0, term=60, status=Follower receives message from new leader with the same term.}
I1218 01:31:05.243273 35912 log.cpp:114] Created new segment `./data/log/log_inprogress_00000000000000000051' with fd=8
I1218 01:31:05.561795 35898 server.cpp:306] Configuration of this group is 10.1.1.3:8700:0,10.1.2.3:8700:0,10.1.3.3:8700:0,10.1.4.3:8700:0,10.1.5.3:8700:0
I1218 01:31:05.609732 35898 server.cpp:306] Configuration of this group is 10.1.1.3:8700:0,10.1.2.3:8700:0,10.1.3.3:8700:0,10.1.4.3:8700:0,10.1.5.3:8700:0
I1218 01:31:16.821583 35893 node.cpp:949] node Atomic:10.1.1.3:8700:0 starts to do snapshot
I1218 01:31:17.624114 35913 snapshot.cpp:647] Deleting ./data/snapshot/snapshot_00000000000000000052
I1218 01:31:17.625672 35913 snapshot.cpp:653] Renaming ./data/snapshot/temp to ./data/snapshot/snapshot_00000000000000000052
I1218 01:31:17.669731 35913 snapshot.cpp:523] Deleting ./data/snapshot/snapshot_00000000000000000050
I1218 01:31:18.001515 35913 snapshot_executor.cpp:234] node Atomic:10.1.1.3:8700:0 snapshot_save_done, last_included_index=52 last_included_term=60
I1218 01:31:28.435256 35892 server.cpp:309] Node stops following { leader_id=10.1.3.3:8700:0, term=60, status=Lost connection from leader 10.1.3.3:8700:0}
I1218 01:31:28.435158 35897 node.cpp:1587] node Atomic:10.1.1.3:8700:0 term 60 start pre_vote
W1218 01:31:29.052080 35892 node.cpp:1567] node Atomic:10.1.1.3:8700:0 request PreVote from 10.1.2.3:8700:0 error: [E110]Fail to connect Socket{id=279 addr=10.1.2.3:8700} (0x0x6310000b4800): Connection timed out
I1218 01:31:29.209705 35896 node.cpp:1512] node Atomic:10.1.1.3:8700:0 received PreVoteResponse from 10.1.4.3:8700:0 term 60 granted 1 rejected_by_lease 0 disrupted 0
I1218 01:31:31.471558 35894 node.cpp:2129] node Atomic:10.1.1.3:8700:0 received PreVote from 10.1.4.3:8700:0 in term 61 current_term 60 granted 1 rejected_by_lease 0
W1218 01:31:34.001739 35893 node.cpp:1567] node Atomic:10.1.1.3:8700:0 request PreVote from 10.1.3.3:8700:0 error: [E1008]Reached timeout=5000ms @10.1.3.3:8700
W1218 01:31:34.003901 35892 node.cpp:1567] node Atomic:10.1.1.3:8700:0 request PreVote from 10.1.5.3:8700:0 error: [E1008]Reached timeout=5000ms @10.1.5.3:8700
I1218 01:31:34.097999 35903 node.cpp:1587] node Atomic:10.1.1.3:8700:0 term 60 start pre_vote
I1218 01:31:34.331432 35910 node.cpp:1512] node Atomic:10.1.1.3:8700:0 received PreVoteResponse from 10.1.4.3:8700:0 term 60 granted 1 rejected_by_lease 0 disrupted 0
I1218 01:31:37.228296 35902 node.cpp:2129] node Atomic:10.1.1.3:8700:0 received PreVote from 10.1.4.3:8700:0 in term 61 current_term 60 granted 1 rejected_by_lease 0
W1218 01:31:39.160929 35892 node.cpp:1567] node Atomic:10.1.1.3:8700:0 request PreVote from 10.1.2.3:8700:0 error: [E1008]Reached timeout=5000ms @10.1.2.3:8700
W1218 01:31:39.270107 35893 node.cpp:1567] node Atomic:10.1.1.3:8700:0 request PreVote from 10.1.5.3:8700:0 error: [E1008]Reached timeout=5000ms @10.1.5.3:8700
W1218 01:31:39.272039 35893 node.cpp:1567] node Atomic:10.1.1.3:8700:0 request PreVote from 10.1.3.3:8700:0 error: [E1008]Reached timeout=5000ms @10.1.3.3:8700
I1218 01:31:39.953330 35897 node.cpp:1587] node Atomic:10.1.1.3:8700:0 term 60 start pre_vote
I1218 01:31:40.309217 35903 node.cpp:1512] node Atomic:10.1.1.3:8700:0 received PreVoteResponse from 10.1.4.3:8700:0 term 60 granted 1 rejected_by_lease 0 disrupted 0
I1218 01:31:43.076646 35897 node.cpp:2129] node Atomic:10.1.1.3:8700:0 received PreVote from 10.1.4.3:8700:0 in term 61 current_term 60 granted 1 rejected_by_lease 0
W1218 01:31:45.076148 35897 node.cpp:1567] node Atomic:10.1.1.3:8700:0 request PreVote from 10.1.2.3:8700:0 error: [E1008]Reached timeout=5000ms @10.1.2.3:8700
W1218 01:31:45.157181 35903 node.cpp:1567] node Atomic:10.1.1.3:8700:0 request PreVote from 10.1.3.3:8700:0 error: [E1008]Reached timeout=5000ms @10.1.3.3:8700
W1218 01:31:45.160140 35903 node.cpp:1567] node Atomic:10.1.1.3:8700:0 request PreVote from 10.1.5.3:8700:0 error: [E1008]Reached timeout=5000ms @10.1.5.3:8700
I1218 01:31:45.638250 35893 node.cpp:1587] node Atomic:10.1.1.3:8700:0 term 60 start pre_vote
I1218 01:31:45.797883 35913 node.cpp:1512] node Atomic:10.1.1.3:8700:0 received PreVoteResponse from 10.1.4.3:8700:0 term 60 granted 1 rejected_by_lease 0 disrupted 0
I1218 01:31:47.238384 35913 node.cpp:949] node Atomic:10.1.1.3:8700:0 starts to do snapshot
I1218 01:31:47.290244 35913 snapshot_executor.cpp:154] node Atomic:10.1.1.3:8700:0 the gap between fsm applied index 52 and last_snapshot_index 52 is less than 1, will clear bufferred logs and return success
I1218 01:31:47.915942 35892 log.cpp:1153] log save_meta ./data/log/log_meta first_log_index: 53 time: 534655
I1218 01:31:48.013577 35892 log.cpp:608] Unlinked segment `./data/log/log_inprogress_00000000000000000051'
I1218 01:31:48.181767 35893 node.cpp:2129] node Atomic:10.1.1.3:8700:0 received PreVote from 10.1.4.3:8700:0 in term 61 current_term 60 granted 1 rejected_by_lease 0
W1218 01:31:50.730942 35903 node.cpp:1567] node Atomic:10.1.1.3:8700:0 request PreVote from 10.1.2.3:8700:0 error: [E1008]Reached timeout=5000ms @10.1.2.3:8700
W1218 01:31:50.717816 35897 node.cpp:1567] node Atomic:10.1.1.3:8700:0 request PreVote from 10.1.3.3:8700:0 error: [E1008]Reached timeout=5000ms @10.1.3.3:8700
W1218 01:31:50.768399 35893 node.cpp:1567] node Atomic:10.1.1.3:8700:0 request PreVote from 10.1.5.3:8700:0 error: [E1008]Reached timeout=5000ms @10.1.5.3:8700
I1218 01:31:51.728384 35897 node.cpp:1587] node Atomic:10.1.1.3:8700:0 term 60 start pre_vote
I1218 01:31:52.172214 35913 node.cpp:1512] node Atomic:10.1.1.3:8700:0 received PreVoteResponse from 10.1.4.3:8700:0 term 60 granted 1 rejected_by_lease 0 disrupted 0
I1218 01:31:53.750299 35897 node.cpp:2129] node Atomic:10.1.1.3:8700:0 received PreVote from 10.1.4.3:8700:0 in term 61 current_term 60 granted 1 rejected_by_lease 0
W1218 01:31:56.904775 35903 node.cpp:1567] node Atomic:10.1.1.3:8700:0 request PreVote from 10.1.2.3:8700:0 error: [E1008]Reached timeout=5000ms @10.1.2.3:8700
W1218 01:31:56.927994 35903 node.cpp:1567] node Atomic:10.1.1.3:8700:0 request PreVote from 10.1.3.3:8700:0 error: [E1008]Reached timeout=5000ms @10.1.3.3:8700
W1218 01:31:56.929243 35913 node.cpp:1567] node Atomic:10.1.1.3:8700:0 request PreVote from 10.1.5.3:8700:0 error: [E1008]Reached timeout=5000ms @10.1.5.3:8700
I1218 01:31:57.925887 35913 node.cpp:1587] node Atomic:10.1.1.3:8700:0 term 60 start pre_vote
I1218 01:31:58.102352 35892 node.cpp:1512] node Atomic:10.1.1.3:8700:0 received PreVoteResponse from 10.1.4.3:8700:0 term 60 granted 1 rejected_by_lease 0 disrupted 0
I1218 01:31:59.668547 35893 node.cpp:2129] node Atomic:10.1.1.3:8700:0 received PreVote from 10.1.4.3:8700:0 in term 61 current_term 60 granted 1 rejected_by_lease 0
W1218 01:32:01.301393 35903 input_messenger.cpp:381] Fail to read from Socket{id=17179869653 fd=11 addr=10.1.5.3:8700:51254} (0x631000105300): Connection reset by peer [104]
W1218 01:32:01.332032 35893 node.cpp:1567] node Atomic:10.1.1.3:8700:0 request PreVote from 10.1.5.3:8700:0 error: [E104]Fail to read from Socket{id=17179869653fd=11 addr=10.1.5.3:8700:51254} (0x0x631000105300): Connection reset by peer
W1218 01:32:02.953127 35903 node.cpp:1567] node Atomic:10.1.1.3:8700:0 request PreVote from 10.1.2.3:8700:0 error: [E1008]Reached timeout=5000ms @10.1.2.3:8700
W1218 01:32:02.946298 35892 node.cpp:1567] node Atomic:10.1.1.3:8700:0 request PreVote from 10.1.3.3:8700:0 error: [E1008]Reached timeout=5000ms @10.1.3.3:8700
I1218 01:32:03.520494 35893 node.cpp:1587] node Atomic:10.1.1.3:8700:0 term 60 start pre_vote
W1218 01:32:03.709754 35897 node.cpp:1567] node Atomic:10.1.1.3:8700:0 request PreVote from 10.1.5.3:8700:0 error: [E111]Fail to connect Socket{id=475 addr=10.1.5.3:8700} (0x0x631000106380): Connection refused
W1218 01:32:03.711833 35892 node.cpp:1567] node Atomic:10.1.1.3:8700:0 request PreVote from 10.1.2.3:8700:0 error: [E111]Fail to connect Socket{id=17179869652 addr=10.1.2.3:8700} (0x0x631000105040): Connection refused
W1218 01:32:03.715531 35897 node.cpp:1567] node Atomic:10.1.1.3:8700:0 request PreVote from 10.1.4.3:8700:0 error: [E111]Fail to connect Socket{id=473 addr=10.1.4.3:8700} (0x0x631000105e00): Connection refused
W1218 01:32:08.661535 35893 node.cpp:1567] node Atomic:10.1.1.3:8700:0 request PreVote from 10.1.3.3:8700:0 error: [E1008]Reached timeout=5000ms @10.1.3.3:8700
I1218 01:32:09.604630 35893 node.cpp:1587] node Atomic:10.1.1.3:8700:0 term 60 start pre_vote
W1218 01:32:09.669157 35892 node.cpp:1567] node Atomic:10.1.1.3:8700:0 request PreVote from 10.1.5.3:8700:0 error: [E111]Fail to connect Socket{id=482 addr=10.1.5.3:8700} (0x0x6310001076c0): Connection refused
W1218 01:32:09.676535 35892 node.cpp:1567] node Atomic:10.1.1.3:8700:0 request PreVote from 10.1.4.3:8700:0 error: [E111]Fail to connect Socket{id=480 addr=10.1.4.3:8700} (0x0x631000107140): Connection refused
W1218 01:32:09.719846 35893 node.cpp:1567] node Atomic:10.1.1.3:8700:0 request PreVote from 10.1.2.3:8700:0 error: [E111]Fail to connect Socket{id=8589935063 addr=10.1.2.3:8700} (0x0x631000105880): Connection refused
W1218 01:32:14.692816 35897 node.cpp:1567] node Atomic:10.1.1.3:8700:0 request PreVote from 10.1.3.3:8700:0 error: [E1008]Reached timeout=5000ms @10.1.3.3:8700
I1218 01:32:15.507409 35897 node.cpp:1587] node Atomic:10.1.1.3:8700:0 term 60 start pre_vote
W1218 01:32:15.759966 35903 node.cpp:1567] node Atomic:10.1.1.3:8700:0 request PreVote from 10.1.4.3:8700:0 error: [E111]Fail to connect Socket{id=305 addr=10.1.4.3:8700} (0x0x6310000b8f80): Connection refused
W1218 01:32:15.762012 35897 node.cpp:1567] node Atomic:10.1.1.3:8700:0 request PreVote from 10.1.5.3:8700:0 error: [E111]Fail to connect Socket{id=307 addr=10.1.5.3:8700} (0x0x6310000b9500): Connection refused
W1218 01:32:15.771489 35903 node.cpp:1567] node Atomic:10.1.1.3:8700:0 request PreVote from 10.1.2.3:8700:0 error: [E111]Fail to connect Socket{id=8589935070 addr=10.1.2.3:8700} (0x0x631000106bc0): Connection refused
I1218 01:32:17.371059 35893 node.cpp:949] node Atomic:10.1.1.3:8700:0 starts to do snapshot
I1218 01:32:17.409727 35893 snapshot_executor.cpp:154] node Atomic:10.1.1.3:8700:0 the gap between fsm applied index 52 and last_snapshot_index 52 is less than 1, will clear bufferred logs and return success
WARNING: Logging before InitGoogleLogging() is written to STDERR
W1218 01:32:26.971637 36818 sampler.cpp:192] bvar is busy at sampling for 2 seconds!
W1218 01:32:27.706010 36787 bthread.cpp:409] Fail to set concurrency by tag: 0, tag concurrency must larger than old oncurrency. old concurrency: 24, new concurrency: 9
I1218 01:32:27.981890 36787 server.cpp:1208] Server[braft::RaftStatImpl+braft::FileServiceImpl+braft::RaftServiceImpl+braft::CliServiceImpl+example::AtomicServiceImpl] is serving on port=8700.
I1218 01:32:27.995776 36787 server.cpp:1211] Check out http://n1:8700 in web browser.
I1218 01:32:28.319917 36787 log.cpp:691] Use murmurhash32 as the checksum type of appending entries
I1218 01:32:28.342244 36787 log.cpp:1175] log load_meta ./data/log/log_meta first_log_index: 53 time: 20758
I1218 01:32:28.364367 36787 snapshot.cpp:465] Deleting ./data/snapshot/temp
I1218 01:32:28.491001 36847 server.cpp:306] Configuration of this group is 10.1.1.3:8700:0,10.1.2.3:8700:0,10.1.3.3:8700:0,10.1.4.3:8700:0,10.1.5.3:8700:0
I1218 01:32:28.572738 36847 snapshot_executor.cpp:264] node Atomic:10.1.1.3:8700:0 snapshot_load_done, last_included_index: 52 last_included_term: 60 peers: "10.1.1.3:8700:0" peers: "10.1.2.3:8700:0" peers: "10.1.3.3:8700:0" peers: "10.1.4.3:8700:0" peers: "10.1.5.3:8700:0"
I1218 01:32:28.610917 36787 raft_meta.cpp:521] Loaded single stable meta, path ./data/raft_meta term 60 votedfor 10.1.3.3:8700:0 time: 923
I1218 01:32:28.611979 36787 node.cpp:608] node Atomic:10.1.1.3:8700:0 init, term: 60 last_log_id: (index=52,term=60) conf: 10.1.1.3:8700:0,10.1.2.3:8700:0,10.1.3.3:8700:0,10.1.4.3:8700:0,10.1.5.3:8700:0 old_conf: 
I1218 01:32:28.656800 36787 server.cpp:509] Atomic service is running on 0.0.0.0:8700
WARNING: Logging before InitGoogleLogging() is written to STDERR
W1218 01:33:16.824312 37424 sampler.cpp:192] bvar is busy at sampling for 2 seconds!
W1218 01:33:17.356274 37402 bthread.cpp:409] Fail to set concurrency by tag: 0, tag concurrency must larger than old oncurrency. old concurrency: 24, new concurrency: 9
I1218 01:33:17.547573 37402 server.cpp:1208] Server[braft::RaftStatImpl+braft::FileServiceImpl+braft::RaftServiceImpl+braft::CliServiceImpl+example::AtomicServiceImpl] is serving on port=8700.
I1218 01:33:17.561421 37402 server.cpp:1211] Check out http://n1:8700 in web browser.
I1218 01:33:17.717422 37402 log.cpp:691] Use murmurhash32 as the checksum type of appending entries
I1218 01:33:17.721017 37402 log.cpp:1175] log load_meta ./data/log/log_meta first_log_index: 53 time: 2276
I1218 01:33:17.740409 37402 snapshot.cpp:465] Deleting ./data/snapshot/temp
I1218 01:33:17.840487 37436 server.cpp:306] Configuration of this group is 10.1.1.3:8700:0,10.1.2.3:8700:0,10.1.3.3:8700:0,10.1.4.3:8700:0,10.1.5.3:8700:0
I1218 01:33:17.900126 37436 snapshot_executor.cpp:264] node Atomic:10.1.1.3:8700:0 snapshot_load_done, last_included_index: 52 last_included_term: 60 peers: "10.1.1.3:8700:0" peers: "10.1.2.3:8700:0" peers: "10.1.3.3:8700:0" peers: "10.1.4.3:8700:0" peers: "10.1.5.3:8700:0"
I1218 01:33:17.961103 37402 raft_meta.cpp:521] Loaded single stable meta, path ./data/raft_meta term 60 votedfor 10.1.3.3:8700:0 time: 2148
I1218 01:33:17.992065 37402 node.cpp:608] node Atomic:10.1.1.3:8700:0 init, term: 60 last_log_id: (index=52,term=60) conf: 10.1.1.3:8700:0,10.1.2.3:8700:0,10.1.3.3:8700:0,10.1.4.3:8700:0,10.1.5.3:8700:0 old_conf: 
I1218 01:33:18.056980 37402 server.cpp:509] Atomic service is running on 0.0.0.0:8700
I1218 01:33:19.010915 37460 node.cpp:949] node Atomic:10.1.1.3:8700:0 starts to do snapshot
I1218 01:33:19.017450 37460 snapshot_executor.cpp:154] node Atomic:10.1.1.3:8700:0 the gap between fsm applied index 52 and last_snapshot_index 52 is less than 1, will clear bufferred logs and return success
I1218 01:33:24.217644 37435 node.cpp:2129] node Atomic:10.1.1.3:8700:0 received PreVote from 10.1.3.3:8700:0 in term 61 current_term 60 granted 1 rejected_by_lease 0
I1218 01:33:25.081454 37436 node.cpp:2211] node Atomic:10.1.1.3:8700:0 received RequestVote from 10.1.3.3:8700:0 in term 61 current_term 60 log_is_ok 1 votable_time 0
I1218 01:33:25.237728 37436 raft_meta.cpp:546] Saved single stable meta, path ./data/raft_meta term 61 votedfor 0.0.0.0:0:0 time: 122594
I1218 01:33:25.259428 37436 raft_meta.cpp:546] Saved single stable meta, path ./data/raft_meta term 61 votedfor 10.1.3.3:8700:0 time: 10991
I1218 01:33:25.901701 37436 server.cpp:312] Node start following { leader_id=10.1.3.3:8700:0, term=61, status=Follower receives message from new leader with the same term.}
I1218 01:33:26.975837 37436 log.cpp:114] Created new segment `./data/log/log_inprogress_00000000000000000053' with fd=8
I1218 01:33:27.534364 37436 server.cpp:306] Configuration of this group is 10.1.1.3:8700:0,10.1.2.3:8700:0,10.1.3.3:8700:0,10.1.4.3:8700:0,10.1.5.3:8700:0
WARNING: Logging before InitGoogleLogging() is written to STDERR
W1218 01:33:37.486196 37623 sampler.cpp:192] bvar is busy at sampling for 2 seconds!
W1218 01:33:38.137665 37593 bthread.cpp:409] Fail to set concurrency by tag: 0, tag concurrency must larger than old oncurrency. old concurrency: 24, new concurrency: 9
I1218 01:33:38.903837 37593 server.cpp:1208] Server[braft::RaftStatImpl+braft::FileServiceImpl+braft::RaftServiceImpl+braft::CliServiceImpl+example::AtomicServiceImpl] is serving on port=8700.
I1218 01:33:38.905382 37593 server.cpp:1211] Check out http://n1:8700 in web browser.
I1218 01:33:39.096313 37593 log.cpp:691] Use murmurhash32 as the checksum type of appending entries
I1218 01:33:39.107319 37593 log.cpp:1175] log load_meta ./data/log/log_meta first_log_index: 53 time: 9275
I1218 01:33:39.131124 37593 log.cpp:1115] load open segment, path: ./data/log first_index: 53
I1218 01:33:39.205699 37593 snapshot.cpp:465] Deleting ./data/snapshot/temp
I1218 01:33:39.301862 37656 server.cpp:306] Configuration of this group is 10.1.1.3:8700:0,10.1.2.3:8700:0,10.1.3.3:8700:0,10.1.4.3:8700:0,10.1.5.3:8700:0
I1218 01:33:39.326951 37656 snapshot_executor.cpp:264] node Atomic:10.1.1.3:8700:0 snapshot_load_done, last_included_index: 52 last_included_term: 60 peers: "10.1.1.3:8700:0" peers: "10.1.2.3:8700:0" peers: "10.1.3.3:8700:0" peers: "10.1.4.3:8700:0" peers: "10.1.5.3:8700:0"
I1218 01:33:39.410712 37593 raft_meta.cpp:521] Loaded single stable meta, path ./data/raft_meta term 61 votedfor 10.1.3.3:8700:0 time: 696
I1218 01:33:39.412735 37593 node.cpp:608] node Atomic:10.1.1.3:8700:0 init, term: 61 last_log_id: (index=53,term=61) conf: 10.1.1.3:8700:0,10.1.2.3:8700:0,10.1.3.3:8700:0,10.1.4.3:8700:0,10.1.5.3:8700:0 old_conf: 
I1218 01:33:39.464039 37593 server.cpp:509] Atomic service is running on 0.0.0.0:8700
I1218 01:33:43.232499 37664 node.cpp:2129] node Atomic:10.1.1.3:8700:0 received PreVote from 10.1.3.3:8700:0 in term 62 current_term 61 granted 1 rejected_by_lease 0
I1218 01:33:43.397795 37661 node.cpp:2211] node Atomic:10.1.1.3:8700:0 received RequestVote from 10.1.3.3:8700:0 in term 62 current_term 61 log_is_ok 1 votable_time 0
I1218 01:33:43.446094 37661 raft_meta.cpp:546] Saved single stable meta, path ./data/raft_meta term 62 votedfor 0.0.0.0:0:0 time: 37030
I1218 01:33:43.497176 37661 raft_meta.cpp:546] Saved single stable meta, path ./data/raft_meta term 62 votedfor 10.1.3.3:8700:0 time: 48315
I1218 01:33:43.688298 37640 server.cpp:312] Node start following { leader_id=10.1.3.3:8700:0, term=62, status=Follower receives message from new leader with the same term.}
I1218 01:33:43.745811 37643 server.cpp:306] Configuration of this group is 10.1.1.3:8700:0,10.1.2.3:8700:0,10.1.3.3:8700:0,10.1.4.3:8700:0,10.1.5.3:8700:0
I1218 01:33:44.216161 37656 server.cpp:306] Configuration of this group is 10.1.1.3:8700:0,10.1.2.3:8700:0,10.1.3.3:8700:0,10.1.4.3:8700:0,10.1.5.3:8700:0
I1218 01:33:48.932312 37645 node.cpp:949] node Atomic:10.1.1.3:8700:0 starts to do snapshot
I1218 01:33:50.251171 37656 snapshot.cpp:647] Deleting ./data/snapshot/snapshot_00000000000000000054
I1218 01:33:50.286010 37656 snapshot.cpp:653] Renaming ./data/snapshot/temp to ./data/snapshot/snapshot_00000000000000000054
I1218 01:33:50.415309 37656 snapshot.cpp:523] Deleting ./data/snapshot/snapshot_00000000000000000052
I1218 01:33:50.528478 37656 snapshot_executor.cpp:234] node Atomic:10.1.1.3:8700:0 snapshot_save_done, last_included_index=54 last_included_term=62
WARNING: Logging before InitGoogleLogging() is written to STDERR
W1218 01:34:16.209625 38011 bthread.cpp:409] Fail to set concurrency by tag: 0, tag concurrency must larger than old oncurrency. old concurrency: 24, new concurrency: 9
I1218 01:34:16.370864 38011 server.cpp:1208] Server[braft::RaftStatImpl+braft::FileServiceImpl+braft::RaftServiceImpl+braft::CliServiceImpl+example::AtomicServiceImpl] is serving on port=8700.
I1218 01:34:16.372956 38011 server.cpp:1211] Check out http://n1:8700 in web browser.
I1218 01:34:16.647387 38011 log.cpp:691] Use murmurhash32 as the checksum type of appending entries
I1218 01:34:16.659718 38011 log.cpp:1175] log load_meta ./data/log/log_meta first_log_index: 53 time: 9975
I1218 01:34:16.671731 38011 log.cpp:1115] load open segment, path: ./data/log first_index: 53
I1218 01:34:16.753098 38011 snapshot.cpp:465] Deleting ./data/snapshot/temp
I1218 01:34:17.114665 38069 server.cpp:306] Configuration of this group is 10.1.1.3:8700:0,10.1.2.3:8700:0,10.1.3.3:8700:0,10.1.4.3:8700:0,10.1.5.3:8700:0
I1218 01:34:17.140969 38069 snapshot_executor.cpp:264] node Atomic:10.1.1.3:8700:0 snapshot_load_done, last_included_index: 54 last_included_term: 62 peers: "10.1.1.3:8700:0" peers: "10.1.2.3:8700:0" peers: "10.1.3.3:8700:0" peers: "10.1.4.3:8700:0" peers: "10.1.5.3:8700:0"
I1218 01:34:17.284397 38011 raft_meta.cpp:521] Loaded single stable meta, path ./data/raft_meta term 62 votedfor 10.1.3.3:8700:0 time: 17662
I1218 01:34:17.320462 38011 node.cpp:608] node Atomic:10.1.1.3:8700:0 init, term: 62 last_log_id: (index=54,term=62) conf: 10.1.1.3:8700:0,10.1.2.3:8700:0,10.1.3.3:8700:0,10.1.4.3:8700:0,10.1.5.3:8700:0 old_conf: 
I1218 01:34:17.338387 38011 server.cpp:509] Atomic service is running on 0.0.0.0:8700
I1218 01:34:20.999574 38056 node.cpp:2129] node Atomic:10.1.1.3:8700:0 received PreVote from 10.1.3.3:8700:0 in term 63 current_term 62 granted 1 rejected_by_lease 0
I1218 01:34:21.253726 38079 node.cpp:2211] node Atomic:10.1.1.3:8700:0 received RequestVote from 10.1.3.3:8700:0 in term 63 current_term 62 log_is_ok 1 votable_time 0
I1218 01:34:21.444298 38079 raft_meta.cpp:546] Saved single stable meta, path ./data/raft_meta term 63 votedfor 0.0.0.0:0:0 time: 178783
I1218 01:34:21.560163 38079 raft_meta.cpp:546] Saved single stable meta, path ./data/raft_meta term 63 votedfor 10.1.3.3:8700:0 time: 112796
I1218 01:34:21.701923 38056 server.cpp:312] Node start following { leader_id=10.1.3.3:8700:0, term=63, status=Follower receives message from new leader with the same term.}
I1218 01:34:22.703951 38056 server.cpp:306] Configuration of this group is 10.1.1.3:8700:0,10.1.2.3:8700:0,10.1.3.3:8700:0,10.1.4.3:8700:0,10.1.5.3:8700:0
W1218 01:34:30.939219 38027 sampler.cpp:192] bvar is busy at sampling for 2 seconds!
W1218 01:34:33.628733 38027 sampler.cpp:192] bvar is busy at sampling for 2 seconds!
WARNING: Logging before InitGoogleLogging() is written to STDERR
W1218 01:34:44.245599 38284 bthread.cpp:409] Fail to set concurrency by tag: 0, tag concurrency must larger than old oncurrency. old concurrency: 24, new concurrency: 9
I1218 01:34:44.584069 38284 server.cpp:1208] Server[braft::RaftStatImpl+braft::FileServiceImpl+braft::RaftServiceImpl+braft::CliServiceImpl+example::AtomicServiceImpl] is serving on port=8700.
I1218 01:34:44.585798 38284 server.cpp:1211] Check out http://n1:8700 in web browser.
I1218 01:34:44.966827 38284 log.cpp:691] Use murmurhash32 as the checksum type of appending entries
I1218 01:34:44.971645 38284 log.cpp:1175] log load_meta ./data/log/log_meta first_log_index: 53 time: 3304
I1218 01:34:44.981228 38284 log.cpp:1115] load open segment, path: ./data/log first_index: 53
I1218 01:34:45.055521 38284 snapshot.cpp:465] Deleting ./data/snapshot/temp
I1218 01:34:45.275136 38370 server.cpp:306] Configuration of this group is 10.1.1.3:8700:0,10.1.2.3:8700:0,10.1.3.3:8700:0,10.1.4.3:8700:0,10.1.5.3:8700:0
I1218 01:34:45.351272 38370 snapshot_executor.cpp:264] node Atomic:10.1.1.3:8700:0 snapshot_load_done, last_included_index: 54 last_included_term: 62 peers: "10.1.1.3:8700:0" peers: "10.1.2.3:8700:0" peers: "10.1.3.3:8700:0" peers: "10.1.4.3:8700:0" peers: "10.1.5.3:8700:0"
I1218 01:34:45.412902 38284 raft_meta.cpp:521] Loaded single stable meta, path ./data/raft_meta term 63 votedfor 10.1.3.3:8700:0 time: 1228
I1218 01:34:45.416165 38284 node.cpp:608] node Atomic:10.1.1.3:8700:0 init, term: 63 last_log_id: (index=55,term=63) conf: 10.1.1.3:8700:0,10.1.2.3:8700:0,10.1.3.3:8700:0,10.1.4.3:8700:0,10.1.5.3:8700:0 old_conf: 
I1218 01:34:45.457868 38284 server.cpp:509] Atomic service is running on 0.0.0.0:8700
I1218 01:34:49.348448 38351 node.cpp:2129] node Atomic:10.1.1.3:8700:0 received PreVote from 10.1.3.3:8700:0 in term 64 current_term 63 granted 1 rejected_by_lease 0
I1218 01:34:49.459726 38355 raft_meta.cpp:546] Saved single stable meta, path ./data/raft_meta term 64 votedfor 0.0.0.0:0:0 time: 80935
I1218 01:34:49.473627 38349 server.cpp:312] Node start following { leader_id=10.1.3.3:8700:0, term=64, status=Raft node receives message from new leader with higher term.}
I1218 01:34:49.505353 38345 node.cpp:2129] node Atomic:10.1.1.3:8700:0 received PreVote from 10.1.4.3:8700:0 in term 65 current_term 64 granted 1 rejected_by_lease 0
I1218 01:34:49.573113 38356 node.cpp:2211] node Atomic:10.1.1.3:8700:0 received RequestVote from 10.1.3.3:8700:0 in term 64 current_term 64 log_is_ok 1 votable_time 0
I1218 01:34:49.643599 38355 server.cpp:306] Configuration of this group is 10.1.1.3:8700:0,10.1.2.3:8700:0,10.1.3.3:8700:0,10.1.4.3:8700:0,10.1.5.3:8700:0
I1218 01:34:49.667589 38356 raft_meta.cpp:546] Saved single stable meta, path ./data/raft_meta term 64 votedfor 10.1.3.3:8700:0 time: 55552
I1218 01:34:49.680088 38355 server.cpp:309] Node stops following { leader_id=10.1.3.3:8700:0, term=64, status=Raft node votes for some candidate, step down to restart election_timer.}
I1218 01:34:49.953094 38370 server.cpp:312] Node start following { leader_id=10.1.3.3:8700:0, term=64, status=Follower receives message from new leader with the same term.}
I1218 01:34:50.460834 38355 server.cpp:306] Configuration of this group is 10.1.1.3:8700:0,10.1.2.3:8700:0,10.1.3.3:8700:0,10.1.4.3:8700:0,10.1.5.3:8700:0
I1218 01:35:01.904785 38349 node.cpp:949] node Atomic:10.1.1.3:8700:0 starts to do snapshot
I1218 01:35:02.240496 38349 snapshot.cpp:647] Deleting ./data/snapshot/snapshot_00000000000000000056
I1218 01:35:02.241551 38349 snapshot.cpp:653] Renaming ./data/snapshot/temp to ./data/snapshot/snapshot_00000000000000000056
I1218 01:35:02.305363 38349 snapshot.cpp:523] Deleting ./data/snapshot/snapshot_00000000000000000054
I1218 01:35:02.404964 38349 snapshot_executor.cpp:234] node Atomic:10.1.1.3:8700:0 snapshot_save_done, last_included_index=56 last_included_term=64
I1218 01:35:02.467442 38349 log.cpp:1153] log save_meta ./data/log/log_meta first_log_index: 55 time: 48094
WARNING: Logging before InitGoogleLogging() is written to STDERR
W1218 01:36:24.693753 39455 bthread.cpp:409] Fail to set concurrency by tag: 0, tag concurrency must larger than old oncurrency. old concurrency: 24, new concurrency: 9
I1218 01:36:26.187155 39455 server.cpp:1208] Server[braft::RaftStatImpl+braft::FileServiceImpl+braft::RaftServiceImpl+braft::CliServiceImpl+example::AtomicServiceImpl] is serving on port=8700.
I1218 01:36:26.188786 39455 server.cpp:1211] Check out http://n1:8700 in web browser.
I1218 01:36:26.827235 39455 log.cpp:691] Use murmurhash32 as the checksum type of appending entries
I1218 01:36:26.846275 39455 log.cpp:1175] log load_meta ./data/log/log_meta first_log_index: 55 time: 2508
I1218 01:36:26.853065 39455 log.cpp:1115] load open segment, path: ./data/log first_index: 53
I1218 01:36:26.894268 39455 snapshot.cpp:465] Deleting ./data/snapshot/temp
I1218 01:36:26.973934 39515 server.cpp:306] Configuration of this group is 10.1.1.3:8700:0,10.1.2.3:8700:0,10.1.3.3:8700:0,10.1.4.3:8700:0,10.1.5.3:8700:0
I1218 01:36:26.994262 39515 snapshot_executor.cpp:264] node Atomic:10.1.1.3:8700:0 snapshot_load_done, last_included_index: 56 last_included_term: 64 peers: "10.1.1.3:8700:0" peers: "10.1.2.3:8700:0" peers: "10.1.3.3:8700:0" peers: "10.1.4.3:8700:0" peers: "10.1.5.3:8700:0"
I1218 01:36:27.001974 39455 raft_meta.cpp:521] Loaded single stable meta, path ./data/raft_meta term 64 votedfor 10.1.3.3:8700:0 time: 1026
I1218 01:36:27.007508 39455 node.cpp:608] node Atomic:10.1.1.3:8700:0 init, term: 64 last_log_id: (index=56,term=64) conf: 10.1.1.3:8700:0,10.1.2.3:8700:0,10.1.3.3:8700:0,10.1.4.3:8700:0,10.1.5.3:8700:0 old_conf: 
I1218 01:36:27.010263 39455 server.cpp:509] Atomic service is running on 0.0.0.0:8700
I1218 01:36:30.315855 39519 node.cpp:2129] node Atomic:10.1.1.3:8700:0 received PreVote from 10.1.2.3:8700:0 in term 65 current_term 64 granted 1 rejected_by_lease 0
I1218 01:36:30.569031 39517 node.cpp:2211] node Atomic:10.1.1.3:8700:0 received RequestVote from 10.1.2.3:8700:0 in term 65 current_term 64 log_is_ok 1 votable_time 0
I1218 01:36:30.701359 39517 raft_meta.cpp:546] Saved single stable meta, path ./data/raft_meta term 65 votedfor 0.0.0.0:0:0 time: 101079
I1218 01:36:30.776820 39517 raft_meta.cpp:546] Saved single stable meta, path ./data/raft_meta term 65 votedfor 10.1.2.3:8700:0 time: 20206
I1218 01:36:31.527781 39515 server.cpp:312] Node start following { leader_id=10.1.2.3:8700:0, term=65, status=Follower receives message from new leader with the same term.}
I1218 01:36:32.513077 39521 server.cpp:306] Configuration of this group is 10.1.1.3:8700:0,10.1.2.3:8700:0,10.1.3.3:8700:0,10.1.4.3:8700:0,10.1.5.3:8700:0
I1218 01:36:43.003599 39529 node.cpp:949] node Atomic:10.1.1.3:8700:0 starts to do snapshot
I1218 01:36:43.080194 39503 snapshot.cpp:647] Deleting ./data/snapshot/snapshot_00000000000000000057
I1218 01:36:43.081365 39503 snapshot.cpp:653] Renaming ./data/snapshot/temp to ./data/snapshot/snapshot_00000000000000000057
I1218 01:36:43.117820 39503 snapshot.cpp:523] Deleting ./data/snapshot/snapshot_00000000000000000056
I1218 01:36:43.219694 39503 snapshot_executor.cpp:234] node Atomic:10.1.1.3:8700:0 snapshot_save_done, last_included_index=57 last_included_term=65
I1218 01:36:43.297552 39503 log.cpp:1153] log save_meta ./data/log/log_meta first_log_index: 57 time: 56176
I1218 01:37:07.830849 39517 node.cpp:2129] node Atomic:10.1.1.3:8700:0 received PreVote from 10.1.2.3:8700:0 in term 66 current_term 65 granted 1 rejected_by_lease 0
I1218 01:37:10.305066 39529 node.cpp:1587] node Atomic:10.1.1.3:8700:0 term 65 start pre_vote
I1218 01:37:10.317234 39525 server.cpp:309] Node stops following { leader_id=10.1.2.3:8700:0, term=65, status=Lost connection from leader 10.1.2.3:8700:0}
W1218 01:37:10.627436 39515 node.cpp:1567] node Atomic:10.1.1.3:8700:0 request PreVote from 10.1.3.3:8700:0 error: [E111]Fail to connect Socket{id=374 addr=10.1.3.3:8700} (0x0x6310000dcd80): Connection refused
W1218 01:37:10.628937 39515 node.cpp:1567] node Atomic:10.1.1.3:8700:0 request PreVote from 10.1.4.3:8700:0 error: [E111]Fail to connect Socket{id=376 addr=10.1.4.3:8700} (0x0x6310000dd300): Connection refused
W1218 01:37:10.673348 39519 node.cpp:1567] node Atomic:10.1.1.3:8700:0 request PreVote from 10.1.5.3:8700:0 error: [E22][10.1.5.3:8700][E22]Invalid argument
I1218 01:37:10.760340 39521 node.cpp:1512] node Atomic:10.1.1.3:8700:0 received PreVoteResponse from 10.1.2.3:8700:0 term 65 granted 1 rejected_by_lease 0 disrupted 0
I1218 01:37:13.120005 39532 node.cpp:949] node Atomic:10.1.1.3:8700:0 starts to do snapshot
I1218 01:37:13.584056 39515 node.cpp:2129] node Atomic:10.1.1.3:8700:0 received PreVote from 10.1.2.3:8700:0 in term 66 current_term 65 granted 1 rejected_by_lease 0
I1218 01:37:13.584674 39532 snapshot_executor.cpp:154] node Atomic:10.1.1.3:8700:0 the gap between fsm applied index 57 and last_snapshot_index 57 is less than 1, will clear bufferred logs and return success
I1218 01:37:13.818176 39503 log.cpp:1153] log save_meta ./data/log/log_meta first_log_index: 58 time: 278320
I1218 01:37:13.887084 39503 log.cpp:608] Unlinked segment `./data/log/log_inprogress_00000000000000000053'
I1218 01:37:15.861151 39540 node.cpp:1587] node Atomic:10.1.1.3:8700:0 term 65 start pre_vote
W1218 01:37:15.917205 39540 node.cpp:1567] node Atomic:10.1.1.3:8700:0 request PreVote from 10.1.3.3:8700:0 error: [E111]Fail to connect Socket{id=467 addr=10.1.3.3:8700} (0x0x631000104d80): Connection refused
W1218 01:37:15.936367 39520 node.cpp:1567] node Atomic:10.1.1.3:8700:0 request PreVote from 10.1.4.3:8700:0 error: [E111]Fail to connect Socket{id=469 addr=10.1.4.3:8700} (0x0x631000105300): Connection refused
W1218 01:37:15.948028 39519 node.cpp:1567] node Atomic:10.1.1.3:8700:0 request PreVote from 10.1.5.3:8700:0 error: [E111]Fail to connect Socket{id=471 addr=10.1.5.3:8700} (0x0x631000105880): Connection refused
I1218 01:37:16.064921 39521 node.cpp:1512] node Atomic:10.1.1.3:8700:0 received PreVoteResponse from 10.1.2.3:8700:0 term 65 granted 1 rejected_by_lease 0 disrupted 0
I1218 01:37:19.474840 39517 node.cpp:2129] node Atomic:10.1.1.3:8700:0 received PreVote from 10.1.2.3:8700:0 in term 66 current_term 65 granted 1 rejected_by_lease 0
I1218 01:37:21.416534 39532 node.cpp:1587] node Atomic:10.1.1.3:8700:0 term 65 start pre_vote
W1218 01:37:21.464843 39521 node.cpp:1567] node Atomic:10.1.1.3:8700:0 request PreVote from 10.1.3.3:8700:0 error: [E111]Fail to connect Socket{id=653 addr=10.1.3.3:8700} (0x0x631000140d80): Connection refused
W1218 01:37:21.488623 39517 node.cpp:1567] node Atomic:10.1.1.3:8700:0 request PreVote from 10.1.4.3:8700:0 error: [E111]Fail to connect Socket{id=655 addr=10.1.4.3:8700} (0x0x631000141300): Connection refused
W1218 01:37:21.490092 39517 node.cpp:1567] node Atomic:10.1.1.3:8700:0 request PreVote from 10.1.5.3:8700:0 error: [E111]Fail to connect Socket{id=657 addr=10.1.5.3:8700} (0x0x631000141880): Connection refused
I1218 01:37:21.507886 39519 node.cpp:1512] node Atomic:10.1.1.3:8700:0 received PreVoteResponse from 10.1.2.3:8700:0 term 65 granted 1 rejected_by_lease 0 disrupted 0
I1218 01:37:25.396246 39521 node.cpp:2129] node Atomic:10.1.1.3:8700:0 received PreVote from 10.1.2.3:8700:0 in term 66 current_term 65 granted 1 rejected_by_lease 0
I1218 01:37:26.580283 39529 node.cpp:1587] node Atomic:10.1.1.3:8700:0 term 65 start pre_vote
W1218 01:37:26.625384 39519 node.cpp:1567] node Atomic:10.1.1.3:8700:0 request PreVote from 10.1.3.3:8700:0 error: [E111]Fail to connect Socket{id=382 addr=10.1.3.3:8700} (0x0x6310000de380): Connection refused
W1218 01:37:26.636418 39521 node.cpp:1567] node Atomic:10.1.1.3:8700:0 request PreVote from 10.1.5.3:8700:0 error: [E111]Fail to connect Socket{id=386 addr=10.1.5.3:8700} (0x0x6310000dee80): Connection refused
W1218 01:37:26.643380 39519 node.cpp:1567] node Atomic:10.1.1.3:8700:0 request PreVote from 10.1.4.3:8700:0 error: [E111]Fail to connect Socket{id=384 addr=10.1.4.3:8700} (0x0x6310000de900): Connection refused
I1218 01:37:26.752732 39515 node.cpp:1512] node Atomic:10.1.1.3:8700:0 received PreVoteResponse from 10.1.2.3:8700:0 term 65 granted 1 rejected_by_lease 0 disrupted 0
WARNING: Logging before InitGoogleLogging() is written to STDERR
W1218 01:37:36.930924 40296 sampler.cpp:192] bvar is busy at sampling for 2 seconds!
W1218 01:37:37.940616 40277 bthread.cpp:409] Fail to set concurrency by tag: 0, tag concurrency must larger than old oncurrency. old concurrency: 24, new concurrency: 9
I1218 01:37:38.234236 40277 server.cpp:1208] Server[braft::RaftStatImpl+braft::FileServiceImpl+braft::RaftServiceImpl+braft::CliServiceImpl+example::AtomicServiceImpl] is serving on port=8700.
I1218 01:37:38.238201 40277 server.cpp:1211] Check out http://n1:8700 in web browser.
I1218 01:37:38.604065 40277 log.cpp:691] Use murmurhash32 as the checksum type of appending entries
I1218 01:37:38.632287 40277 log.cpp:1175] log load_meta ./data/log/log_meta first_log_index: 58 time: 26775
I1218 01:37:38.649360 40277 snapshot.cpp:465] Deleting ./data/snapshot/temp
I1218 01:37:38.819274 40333 server.cpp:306] Configuration of this group is 10.1.1.3:8700:0,10.1.2.3:8700:0,10.1.3.3:8700:0,10.1.4.3:8700:0,10.1.5.3:8700:0
I1218 01:37:38.830579 40333 snapshot_executor.cpp:264] node Atomic:10.1.1.3:8700:0 snapshot_load_done, last_included_index: 57 last_included_term: 65 peers: "10.1.1.3:8700:0" peers: "10.1.2.3:8700:0" peers: "10.1.3.3:8700:0" peers: "10.1.4.3:8700:0" peers: "10.1.5.3:8700:0"
I1218 01:37:38.844233 40277 raft_meta.cpp:521] Loaded single stable meta, path ./data/raft_meta term 65 votedfor 10.1.2.3:8700:0 time: 843
I1218 01:37:38.845942 40277 node.cpp:608] node Atomic:10.1.1.3:8700:0 init, term: 65 last_log_id: (index=57,term=65) conf: 10.1.1.3:8700:0,10.1.2.3:8700:0,10.1.3.3:8700:0,10.1.4.3:8700:0,10.1.5.3:8700:0 old_conf: 
I1218 01:37:38.865384 40277 server.cpp:509] Atomic service is running on 0.0.0.0:8700
I1218 01:37:43.577136 40330 node.cpp:2129] node Atomic:10.1.1.3:8700:0 received PreVote from 10.1.3.3:8700:0 in term 66 current_term 65 granted 1 rejected_by_lease 0
I1218 01:37:43.867362 40343 node.cpp:2211] node Atomic:10.1.1.3:8700:0 received RequestVote from 10.1.3.3:8700:0 in term 66 current_term 65 log_is_ok 1 votable_time 0
I1218 01:37:43.969353 40343 raft_meta.cpp:546] Saved single stable meta, path ./data/raft_meta term 66 votedfor 0.0.0.0:0:0 time: 88865
I1218 01:37:44.068794 40343 raft_meta.cpp:546] Saved single stable meta, path ./data/raft_meta term 66 votedfor 10.1.3.3:8700:0 time: 59069
I1218 01:37:44.070700 40333 node.cpp:2211] node Atomic:10.1.1.3:8700:0 received RequestVote from 10.1.2.3:8700:0 in term 66 current_term 66 log_is_ok 1 votable_time 0
I1218 01:37:44.479779 40341 server.cpp:312] Node start following { leader_id=10.1.3.3:8700:0, term=66, status=Follower receives message from new leader with the same term.}
I1218 01:37:44.581527 40329 log.cpp:114] Created new segment `./data/log/log_inprogress_00000000000000000058' with fd=8
I1218 01:37:44.718101 40317 server.cpp:306] Configuration of this group is 10.1.1.3:8700:0,10.1.2.3:8700:0,10.1.3.3:8700:0,10.1.4.3:8700:0,10.1.5.3:8700:0
I1218 01:37:52.241374 40342 node.cpp:949] node Atomic:10.1.1.3:8700:0 starts to do snapshot
I1218 01:37:52.842284 40315 snapshot.cpp:647] Deleting ./data/snapshot/snapshot_00000000000000000058
I1218 01:37:52.848229 40315 snapshot.cpp:653] Renaming ./data/snapshot/temp to ./data/snapshot/snapshot_00000000000000000058
I1218 01:37:52.883896 40315 snapshot.cpp:523] Deleting ./data/snapshot/snapshot_00000000000000000057
I1218 01:37:53.040481 40315 snapshot_executor.cpp:234] node Atomic:10.1.1.3:8700:0 snapshot_save_done, last_included_index=58 last_included_term=66
I1218 01:37:54.602108 40329 node.cpp:2129] node Atomic:10.1.1.3:8700:0 received PreVote from 10.1.4.3:8700:0 in term 67 current_term 66 granted 1 rejected_by_lease 0
I1218 01:37:54.869071 40339 node.cpp:2211] node Atomic:10.1.1.3:8700:0 received RequestVote from 10.1.4.3:8700:0 in term 67 current_term 66 log_is_ok 1 votable_time 0
I1218 01:37:54.915951 40317 server.cpp:309] Node stops following { leader_id=10.1.3.3:8700:0, term=66, status=Raft node receives higher term request_vote_request.}
I1218 01:37:54.944305 40339 raft_meta.cpp:546] Saved single stable meta, path ./data/raft_meta term 67 votedfor 0.0.0.0:0:0 time: 31445
I1218 01:37:55.009697 40339 raft_meta.cpp:546] Saved single stable meta, path ./data/raft_meta term 67 votedfor 10.1.4.3:8700:0 time: 36432
I1218 01:37:55.184231 40337 server.cpp:312] Node start following { leader_id=10.1.4.3:8700:0, term=67, status=Follower receives message from new leader with the same term.}
I1218 01:37:55.643599 40316 server.cpp:306] Configuration of this group is 10.1.1.3:8700:0,10.1.2.3:8700:0,10.1.3.3:8700:0,10.1.4.3:8700:0,10.1.5.3:8700:0
I1218 01:38:06.348529 40339 node.cpp:2129] node Atomic:10.1.1.3:8700:0 received PreVote from 10.1.2.3:8700:0 in term 68 current_term 67 granted 1 rejected_by_lease 0
I1218 01:38:07.372159 40320 node.cpp:1587] node Atomic:10.1.1.3:8700:0 term 67 start pre_vote
I1218 01:38:07.387667 40328 server.cpp:309] Node stops following { leader_id=10.1.4.3:8700:0, term=67, status=Lost connection from leader 10.1.4.3:8700:0}
W1218 01:38:07.472088 40317 node.cpp:1567] node Atomic:10.1.1.3:8700:0 request PreVote from 10.1.3.3:8700:0 error: [E111]Fail to connect Socket{id=467 addr=10.1.3.3:8700} (0x0x631000104d80): Connection refused
W1218 01:38:07.492723 40311 node.cpp:1567] node Atomic:10.1.1.3:8700:0 request PreVote from 10.1.5.3:8700:0 error: [E111]Fail to connect Socket{id=8589935062 addr=10.1.5.3:8700} (0x0x6310001055c0): Connection refused
I1218 01:38:07.499194 40316 node.cpp:1512] node Atomic:10.1.1.3:8700:0 received PreVoteResponse from 10.1.2.3:8700:0 term 67 granted 1 rejected_by_lease 0 disrupted 0
WARNING: Logging before InitGoogleLogging() is written to STDERR
W1218 01:38:18.741207 40694 bthread.cpp:409] Fail to set concurrency by tag: 0, tag concurrency must larger than old oncurrency. old concurrency: 24, new concurrency: 9
I1218 01:38:19.469061 40694 server.cpp:1208] Server[braft::RaftStatImpl+braft::FileServiceImpl+braft::RaftServiceImpl+braft::CliServiceImpl+example::AtomicServiceImpl] is serving on port=8700.
I1218 01:38:19.511531 40694 server.cpp:1211] Check out http://n1:8700 in web browser.
I1218 01:38:19.760761 40694 log.cpp:691] Use murmurhash32 as the checksum type of appending entries
I1218 01:38:19.765264 40694 log.cpp:1175] log load_meta ./data/log/log_meta first_log_index: 58 time: 2908
I1218 01:38:19.773669 40694 log.cpp:1115] load open segment, path: ./data/log first_index: 58
I1218 01:38:19.850682 40694 snapshot.cpp:465] Deleting ./data/snapshot/temp
I1218 01:38:20.510099 40787 server.cpp:306] Configuration of this group is 10.1.1.3:8700:0,10.1.2.3:8700:0,10.1.3.3:8700:0,10.1.4.3:8700:0,10.1.5.3:8700:0
I1218 01:38:20.607813 40787 snapshot_executor.cpp:264] node Atomic:10.1.1.3:8700:0 snapshot_load_done, last_included_index: 58 last_included_term: 66 peers: "10.1.1.3:8700:0" peers: "10.1.2.3:8700:0" peers: "10.1.3.3:8700:0" peers: "10.1.4.3:8700:0" peers: "10.1.5.3:8700:0"
I1218 01:38:20.613627 40694 raft_meta.cpp:521] Loaded single stable meta, path ./data/raft_meta term 67 votedfor 10.1.4.3:8700:0 time: 999
I1218 01:38:20.622648 40694 node.cpp:608] node Atomic:10.1.1.3:8700:0 init, term: 67 last_log_id: (index=60,term=67) conf: 10.1.1.3:8700:0,10.1.2.3:8700:0,10.1.3.3:8700:0,10.1.4.3:8700:0,10.1.5.3:8700:0 old_conf: 
I1218 01:38:20.625682 40694 server.cpp:509] Atomic service is running on 0.0.0.0:8700
I1218 01:38:31.100744 40771 node.cpp:1587] node Atomic:10.1.1.3:8700:0 term 67 start pre_vote
I1218 01:38:31.141567 40782 node.cpp:949] node Atomic:10.1.1.3:8700:0 starts to do snapshot
I1218 01:38:31.236819 40782 snapshot_executor.cpp:154] node Atomic:10.1.1.3:8700:0 the gap between fsm applied index 58 and last_snapshot_index 58 is less than 1, will clear bufferred logs and return success
I1218 01:38:31.629230 40782 log.cpp:1153] log save_meta ./data/log/log_meta first_log_index: 59 time: 201005
I1218 01:38:31.637641 40757 node.cpp:1512] node Atomic:10.1.1.3:8700:0 received PreVoteResponse from 10.1.3.3:8700:0 term 67 granted 1 rejected_by_lease 0 disrupted 0
I1218 01:38:31.871425 40776 node.cpp:1512] node Atomic:10.1.1.3:8700:0 received PreVoteResponse from 10.1.5.3:8700:0 term 1 granted 1 rejected_by_lease 0 disrupted 0
I1218 01:38:31.994946 40776 node.cpp:1653] node Atomic:10.1.1.3:8700:0 term 67 start vote and grant vote self
