I1218 01:54:34.461247 51271 raft_meta.cpp:546] Saved single stable meta, path ./data/raft_meta term 94 votedfor 0.0.0.0:0:0 time: 70150
I1218 01:54:34.521188 51271 raft_meta.cpp:546] Saved single stable meta, path ./data/raft_meta term 94 votedfor 10.1.4.3:8700:0 time: 33600
I1218 01:54:34.776564 51265 server.cpp:312] Node start following { leader_id=10.1.4.3:8700:0, term=94, status=Follower receives message from new leader with the same term.}
I1218 01:54:35.319495 51265 node.cpp:949] node Atomic:10.1.1.3:8700:0 starts to do snapshot
I1218 01:54:35.321435 51265 snapshot_executor.cpp:154] node Atomic:10.1.1.3:8700:0 the gap between fsm applied index 83 and last_snapshot_index 83 is less than 1, will clear bufferred logs and return success
I1218 01:54:35.348225 51265 log.cpp:1153] log save_meta ./data/log/log_meta first_log_index: 84 time: 24956
I1218 01:54:35.663653 51252 server.cpp:306] Configuration of this group is 10.1.1.3:8700:0,10.1.2.3:8700:0,10.1.3.3:8700:0,10.1.4.3:8700:0,10.1.5.3:8700:0
I1218 01:54:35.665273 51252 server.cpp:306] Configuration of this group is 10.1.1.3:8700:0,10.1.2.3:8700:0,10.1.3.3:8700:0,10.1.4.3:8700:0,10.1.5.3:8700:0
WARNING: Logging before InitGoogleLogging() is written to STDERR
W1218 01:55:06.845584 51591 bthread.cpp:409] Fail to set concurrency by tag: 0, tag concurrency must larger than old oncurrency. old concurrency: 24, new concurrency: 9
I1218 01:55:07.248477 51591 server.cpp:1208] Server[braft::RaftStatImpl+braft::FileServiceImpl+braft::RaftServiceImpl+braft::CliServiceImpl+example::AtomicServiceImpl] is serving on port=8700.
I1218 01:55:07.250036 51591 server.cpp:1211] Check out http://n1:8700 in web browser.
I1218 01:55:07.468745 51591 log.cpp:691] Use murmurhash32 as the checksum type of appending entries
I1218 01:55:07.486927 51591 log.cpp:1175] log load_meta ./data/log/log_meta first_log_index: 84 time: 16561
I1218 01:55:07.488997 51591 log.cpp:1115] load open segment, path: ./data/log first_index: 75
I1218 01:55:07.665040 51591 snapshot.cpp:465] Deleting ./data/snapshot/temp
I1218 01:55:07.965775 51673 server.cpp:306] Configuration of this group is 10.1.1.3:8700:0,10.1.2.3:8700:0,10.1.3.3:8700:0,10.1.4.3:8700:0,10.1.5.3:8700:0
I1218 01:55:08.020586 51673 snapshot_executor.cpp:264] node Atomic:10.1.1.3:8700:0 snapshot_load_done, last_included_index: 83 last_included_term: 91 peers: "10.1.1.3:8700:0" peers: "10.1.2.3:8700:0" peers: "10.1.3.3:8700:0" peers: "10.1.4.3:8700:0" peers: "10.1.5.3:8700:0"
I1218 01:55:08.043047 51591 raft_meta.cpp:521] Loaded single stable meta, path ./data/raft_meta term 94 votedfor 10.1.4.3:8700:0 time: 1115
I1218 01:55:08.044749 51591 node.cpp:608] node Atomic:10.1.1.3:8700:0 init, term: 94 last_log_id: (index=85,term=94) conf: 10.1.1.3:8700:0,10.1.2.3:8700:0,10.1.3.3:8700:0,10.1.4.3:8700:0,10.1.5.3:8700:0 old_conf: 
I1218 01:55:08.068368 51591 server.cpp:509] Atomic service is running on 0.0.0.0:8700
I1218 01:55:11.697558 51669 node.cpp:2129] node Atomic:10.1.1.3:8700:0 received PreVote from 10.1.2.3:8700:0 in term 95 current_term 94 granted 0 rejected_by_lease 0
I1218 01:55:11.713964 51653 node.cpp:2211] node Atomic:10.1.1.3:8700:0 received RequestVote from 10.1.3.3:8700:0 in term 95 current_term 94 log_is_ok 1 votable_time 0
I1218 01:55:11.795444 51653 raft_meta.cpp:546] Saved single stable meta, path ./data/raft_meta term 95 votedfor 0.0.0.0:0:0 time: 36005
I1218 01:55:11.920929 51653 raft_meta.cpp:546] Saved single stable meta, path ./data/raft_meta term 95 votedfor 10.1.3.3:8700:0 time: 16184
I1218 01:55:12.462215 51669 server.cpp:312] Node start following { leader_id=10.1.3.3:8700:0, term=95, status=Follower receives message from new leader with the same term.}
I1218 01:55:12.536798 51667 server.cpp:306] Configuration of this group is 10.1.1.3:8700:0,10.1.2.3:8700:0,10.1.3.3:8700:0,10.1.4.3:8700:0,10.1.5.3:8700:0
I1218 01:55:12.545421 51667 server.cpp:306] Configuration of this group is 10.1.1.3:8700:0,10.1.2.3:8700:0,10.1.3.3:8700:0,10.1.4.3:8700:0,10.1.5.3:8700:0
I1218 01:55:13.323227 51653 server.cpp:306] Configuration of this group is 10.1.1.3:8700:0,10.1.2.3:8700:0,10.1.3.3:8700:0,10.1.4.3:8700:0,10.1.5.3:8700:0
W1218 01:55:22.119071 51657 input_messenger.cpp:381] Fail to read from Socket{id=17179869277 fd=8 addr=10.1.3.3:34668:8700} (0x631000050800): Connection reset by peer [104]
I1218 01:55:23.492986 51658 node.cpp:949] node Atomic:10.1.1.3:8700:0 starts to do snapshot
I1218 01:55:24.432722 51653 snapshot.cpp:647] Deleting ./data/snapshot/snapshot_00000000000000000086
I1218 01:55:24.441355 51653 snapshot.cpp:653] Renaming ./data/snapshot/temp to ./data/snapshot/snapshot_00000000000000000086
I1218 01:55:24.519387 51653 snapshot.cpp:523] Deleting ./data/snapshot/snapshot_00000000000000000083
I1218 01:55:24.714147 51653 snapshot_executor.cpp:234] node Atomic:10.1.1.3:8700:0 snapshot_save_done, last_included_index=86 last_included_term=95
I1218 01:55:27.527043 51653 node.cpp:2129] node Atomic:10.1.1.3:8700:0 received PreVote from 10.1.2.3:8700:0 in term 96 current_term 95 granted 1 rejected_by_lease 0
I1218 01:55:29.960568 51673 node.cpp:1587] node Atomic:10.1.1.3:8700:0 term 95 start pre_vote
I1218 01:55:29.966246 51669 server.cpp:309] Node stops following { leader_id=10.1.3.3:8700:0, term=95, status=Lost connection from leader 10.1.3.3:8700:0}
W1218 01:55:30.011607 51658 node.cpp:1567] node Atomic:10.1.1.3:8700:0 request PreVote from 10.1.3.3:8700:0 error: [E111]Fail to connect Socket{id=373 addr=10.1.3.3:8700} (0x0x6310000dcac0): Connection refused
W1218 01:55:30.029718 51672 node.cpp:1567] node Atomic:10.1.1.3:8700:0 request PreVote from 10.1.4.3:8700:0 error: [E111]Fail to connect Socket{id=375 addr=10.1.4.3:8700} (0x0x6310000dd040): Connection refused
W1218 01:55:30.057492 51667 node.cpp:1567] node Atomic:10.1.1.3:8700:0 request PreVote from 10.1.5.3:8700:0 error: [E22][10.1.5.3:8700][E22]Invalid argument
I1218 01:55:30.127344 51657 node.cpp:1512] node Atomic:10.1.1.3:8700:0 received PreVoteResponse from 10.1.2.3:8700:0 term 95 granted 1 rejected_by_lease 0 disrupted 0
I1218 01:55:32.686839 51657 node.cpp:2129] node Atomic:10.1.1.3:8700:0 received PreVote from 10.1.2.3:8700:0 in term 96 current_term 95 granted 1 rejected_by_lease 0
I1218 01:55:35.425503 51653 node.cpp:1587] node Atomic:10.1.1.3:8700:0 term 95 start pre_vote
W1218 01:55:35.718215 51669 node.cpp:1567] node Atomic:10.1.1.3:8700:0 request PreVote from 10.1.3.3:8700:0 error: [E111]Fail to connect Socket{id=467 addr=10.1.3.3:8700} (0x0x6310000f0d80): Connection refused
W1218 01:55:35.725406 51658 node.cpp:1567] node Atomic:10.1.1.3:8700:0 request PreVote from 10.1.4.3:8700:0 error: [E111]Fail to connect Socket{id=469 addr=10.1.4.3:8700} (0x0x6310000f1300): Connection refused
W1218 01:55:35.890992 51672 node.cpp:1567] node Atomic:10.1.1.3:8700:0 request PreVote from 10.1.5.3:8700:0 error: [E22][10.1.5.3:8700][E22]Invalid argument
I1218 01:55:36.072273 51673 node.cpp:1512] node Atomic:10.1.1.3:8700:0 received PreVoteResponse from 10.1.2.3:8700:0 term 95 granted 1 rejected_by_lease 0 disrupted 0
I1218 01:55:38.652467 51657 node.cpp:2129] node Atomic:10.1.1.3:8700:0 received PreVote from 10.1.2.3:8700:0 in term 96 current_term 95 granted 1 rejected_by_lease 0
I1218 01:55:41.023319 51669 node.cpp:1587] node Atomic:10.1.1.3:8700:0 term 95 start pre_vote
W1218 01:55:41.080195 51653 node.cpp:1567] node Atomic:10.1.1.3:8700:0 request PreVote from 10.1.5.3:8700:0 error: [E22][10.1.5.3:8700][E22]Invalid argument
W1218 01:55:41.120265 51672 node.cpp:1567] node Atomic:10.1.1.3:8700:0 request PreVote from 10.1.3.3:8700:0 error: [E111]Fail to connect Socket{id=94 addr=10.1.3.3:8700} (0x0x631000050ac0): Connection refused
W1218 01:55:41.124009 51669 node.cpp:1567] node Atomic:10.1.1.3:8700:0 request PreVote from 10.1.4.3:8700:0 error: [E111]Fail to connect Socket{id=96 addr=10.1.4.3:8700} (0x0x631000051040): Connection refused
W1218 01:55:41.207239 51667 input_messenger.cpp:381] Fail to read from Socket{id=8589935059 fd=8 addr=10.1.2.3:8700:59158} (0x6310000f0d80): Connection reset by peer [104]
W1218 01:55:41.323045 51667 node.cpp:1567] node Atomic:10.1.1.3:8700:0 request PreVote from 10.1.2.3:8700:0 error: [E104]Fail to read from Socket{id=8589935059fd=8 addr=10.1.2.3:8700:59158} (0x0x6310000f0d80): Connection reset by peer
WARNING: Logging before InitGoogleLogging() is written to STDERR
W1218 01:55:51.989483 52061 bthread.cpp:409] Fail to set concurrency by tag: 0, tag concurrency must larger than old oncurrency. old concurrency: 24, new concurrency: 9
I1218 01:55:52.731292 52061 server.cpp:1208] Server[braft::RaftStatImpl+braft::FileServiceImpl+braft::RaftServiceImpl+braft::CliServiceImpl+example::AtomicServiceImpl] is serving on port=8700.
I1218 01:55:52.753567 52061 server.cpp:1211] Check out http://n1:8700 in web browser.
I1218 01:55:53.203299 52061 log.cpp:691] Use murmurhash32 as the checksum type of appending entries
I1218 01:55:53.250278 52061 log.cpp:1175] log load_meta ./data/log/log_meta first_log_index: 84 time: 45418
I1218 01:55:53.327188 52061 log.cpp:1115] load open segment, path: ./data/log first_index: 75
I1218 01:55:53.494818 52061 snapshot.cpp:465] Deleting ./data/snapshot/temp
I1218 01:55:53.697132 52132 server.cpp:306] Configuration of this group is 10.1.1.3:8700:0,10.1.2.3:8700:0,10.1.3.3:8700:0,10.1.4.3:8700:0,10.1.5.3:8700:0
I1218 01:55:53.799515 52132 snapshot_executor.cpp:264] node Atomic:10.1.1.3:8700:0 snapshot_load_done, last_included_index: 86 last_included_term: 95 peers: "10.1.1.3:8700:0" peers: "10.1.2.3:8700:0" peers: "10.1.3.3:8700:0" peers: "10.1.4.3:8700:0" peers: "10.1.5.3:8700:0"
I1218 01:55:53.864615 52061 raft_meta.cpp:521] Loaded single stable meta, path ./data/raft_meta term 95 votedfor 10.1.3.3:8700:0 time: 857
I1218 01:55:53.897214 52061 node.cpp:608] node Atomic:10.1.1.3:8700:0 init, term: 95 last_log_id: (index=86,term=95) conf: 10.1.1.3:8700:0,10.1.2.3:8700:0,10.1.3.3:8700:0,10.1.4.3:8700:0,10.1.5.3:8700:0 old_conf: 
I1218 01:55:53.932435 52061 server.cpp:509] Atomic service is running on 0.0.0.0:8700
I1218 01:55:56.245538 52113 node.cpp:2129] node Atomic:10.1.1.3:8700:0 received PreVote from 10.1.2.3:8700:0 in term 96 current_term 95 granted 1 rejected_by_lease 0
I1218 01:55:56.645499 52130 node.cpp:2129] node Atomic:10.1.1.3:8700:0 received PreVote from 10.1.4.3:8700:0 in term 96 current_term 95 granted 1 rejected_by_lease 0
I1218 01:55:56.720906 52132 node.cpp:2211] node Atomic:10.1.1.3:8700:0 received RequestVote from 10.1.2.3:8700:0 in term 96 current_term 95 log_is_ok 1 votable_time 0
I1218 01:55:56.759058 52132 raft_meta.cpp:546] Saved single stable meta, path ./data/raft_meta term 96 votedfor 0.0.0.0:0:0 time: 34921
I1218 01:55:56.802659 52132 raft_meta.cpp:546] Saved single stable meta, path ./data/raft_meta term 96 votedfor 10.1.2.3:8700:0 time: 40240
I1218 01:55:56.804590 52113 node.cpp:2211] node Atomic:10.1.1.3:8700:0 received RequestVote from 10.1.4.3:8700:0 in term 96 current_term 96 log_is_ok 1 votable_time 0
I1218 01:55:57.218818 52124 server.cpp:312] Node start following { leader_id=10.1.2.3:8700:0, term=96, status=Follower receives message from new leader with the same term.}
I1218 01:56:00.105235 52124 server.cpp:306] Configuration of this group is 10.1.1.3:8700:0,10.1.2.3:8700:0,10.1.3.3:8700:0,10.1.4.3:8700:0,10.1.5.3:8700:0
WARNING: Logging before InitGoogleLogging() is written to STDERR
W1218 01:56:50.713611 52738 bthread.cpp:409] Fail to set concurrency by tag: 0, tag concurrency must larger than old oncurrency. old concurrency: 24, new concurrency: 9
I1218 01:56:51.008821 52738 server.cpp:1208] Server[braft::RaftStatImpl+braft::FileServiceImpl+braft::RaftServiceImpl+braft::CliServiceImpl+example::AtomicServiceImpl] is serving on port=8700.
I1218 01:56:51.025321 52738 server.cpp:1211] Check out http://n1:8700 in web browser.
I1218 01:56:51.237836 52738 log.cpp:691] Use murmurhash32 as the checksum type of appending entries
I1218 01:56:51.266813 52738 log.cpp:1175] log load_meta ./data/log/log_meta first_log_index: 84 time: 26429
I1218 01:56:51.282349 52738 log.cpp:1115] load open segment, path: ./data/log first_index: 75
I1218 01:56:51.495167 52738 snapshot.cpp:465] Deleting ./data/snapshot/temp
I1218 01:56:51.969201 52800 server.cpp:306] Configuration of this group is 10.1.1.3:8700:0,10.1.2.3:8700:0,10.1.3.3:8700:0,10.1.4.3:8700:0,10.1.5.3:8700:0
I1218 01:56:52.027376 52800 snapshot_executor.cpp:264] node Atomic:10.1.1.3:8700:0 snapshot_load_done, last_included_index: 86 last_included_term: 95 peers: "10.1.1.3:8700:0" peers: "10.1.2.3:8700:0" peers: "10.1.3.3:8700:0" peers: "10.1.4.3:8700:0" peers: "10.1.5.3:8700:0"
I1218 01:56:52.075323 52738 raft_meta.cpp:521] Loaded single stable meta, path ./data/raft_meta term 96 votedfor 10.1.2.3:8700:0 time: 1622
I1218 01:56:52.087846 52738 node.cpp:608] node Atomic:10.1.1.3:8700:0 init, term: 96 last_log_id: (index=87,term=96) conf: 10.1.1.3:8700:0,10.1.2.3:8700:0,10.1.3.3:8700:0,10.1.4.3:8700:0,10.1.5.3:8700:0 old_conf: 
I1218 01:56:52.149729 52738 server.cpp:509] Atomic service is running on 0.0.0.0:8700
WARNING: Logging before InitGoogleLogging() is written to STDERR
W1218 01:57:05.200311 52937 sampler.cpp:192] bvar is busy at sampling for 2 seconds!
W1218 01:57:06.017740 52919 bthread.cpp:409] Fail to set concurrency by tag: 0, tag concurrency must larger than old oncurrency. old concurrency: 24, new concurrency: 9
I1218 01:57:06.379418 52919 server.cpp:1208] Server[braft::RaftStatImpl+braft::FileServiceImpl+braft::RaftServiceImpl+braft::CliServiceImpl+example::AtomicServiceImpl] is serving on port=8700.
I1218 01:57:06.384582 52919 server.cpp:1211] Check out http://n1:8700 in web browser.
I1218 01:57:06.623263 52919 log.cpp:691] Use murmurhash32 as the checksum type of appending entries
I1218 01:57:06.639513 52919 log.cpp:1175] log load_meta ./data/log/log_meta first_log_index: 84 time: 10500
I1218 01:57:06.657846 52919 log.cpp:1115] load open segment, path: ./data/log first_index: 75
I1218 01:57:06.755438 52919 snapshot.cpp:465] Deleting ./data/snapshot/temp
I1218 01:57:07.008270 52958 server.cpp:306] Configuration of this group is 10.1.1.3:8700:0,10.1.2.3:8700:0,10.1.3.3:8700:0,10.1.4.3:8700:0,10.1.5.3:8700:0
I1218 01:57:07.036682 52958 snapshot_executor.cpp:264] node Atomic:10.1.1.3:8700:0 snapshot_load_done, last_included_index: 86 last_included_term: 95 peers: "10.1.1.3:8700:0" peers: "10.1.2.3:8700:0" peers: "10.1.3.3:8700:0" peers: "10.1.4.3:8700:0" peers: "10.1.5.3:8700:0"
I1218 01:57:07.089282 52919 raft_meta.cpp:521] Loaded single stable meta, path ./data/raft_meta term 96 votedfor 10.1.2.3:8700:0 time: 3351
I1218 01:57:07.098132 52919 node.cpp:608] node Atomic:10.1.1.3:8700:0 init, term: 96 last_log_id: (index=87,term=96) conf: 10.1.1.3:8700:0,10.1.2.3:8700:0,10.1.3.3:8700:0,10.1.4.3:8700:0,10.1.5.3:8700:0 old_conf: 
I1218 01:57:07.170128 52919 server.cpp:509] Atomic service is running on 0.0.0.0:8700
I1218 01:57:10.301184 52962 node.cpp:2129] node Atomic:10.1.1.3:8700:0 received PreVote from 10.1.3.3:8700:0 in term 97 current_term 96 granted 1 rejected_by_lease 0
I1218 01:57:11.581600 52985 node.cpp:2211] node Atomic:10.1.1.3:8700:0 received RequestVote from 10.1.3.3:8700:0 in term 97 current_term 96 log_is_ok 1 votable_time 0
I1218 01:57:11.772257 52985 raft_meta.cpp:546] Saved single stable meta, path ./data/raft_meta term 97 votedfor 0.0.0.0:0:0 time: 164308
I1218 01:57:11.823027 52985 raft_meta.cpp:546] Saved single stable meta, path ./data/raft_meta term 97 votedfor 10.1.3.3:8700:0 time: 21953
I1218 01:57:12.499341 52985 server.cpp:312] Node start following { leader_id=10.1.3.3:8700:0, term=97, status=Follower receives message from new leader with the same term.}
I1218 01:57:13.861346 52955 server.cpp:306] Configuration of this group is 10.1.1.3:8700:0,10.1.2.3:8700:0,10.1.3.3:8700:0,10.1.4.3:8700:0,10.1.5.3:8700:0
I1218 01:57:13.869081 52955 server.cpp:306] Configuration of this group is 10.1.1.3:8700:0,10.1.2.3:8700:0,10.1.3.3:8700:0,10.1.4.3:8700:0,10.1.5.3:8700:0
WARNING: Logging before InitGoogleLogging() is written to STDERR
W1218 01:57:26.566848 53144 sampler.cpp:192] bvar is busy at sampling for 2 seconds!
W1218 01:57:27.110613 53128 bthread.cpp:409] Fail to set concurrency by tag: 0, tag concurrency must larger than old oncurrency. old concurrency: 24, new concurrency: 9
I1218 01:57:27.287297 53128 server.cpp:1208] Server[braft::RaftStatImpl+braft::FileServiceImpl+braft::RaftServiceImpl+braft::CliServiceImpl+example::AtomicServiceImpl] is serving on port=8700.
I1218 01:57:27.289216 53128 server.cpp:1211] Check out http://n1:8700 in web browser.
I1218 01:57:27.515511 53128 log.cpp:691] Use murmurhash32 as the checksum type of appending entries
I1218 01:57:27.532028 53128 log.cpp:1175] log load_meta ./data/log/log_meta first_log_index: 84 time: 2092
I1218 01:57:27.534026 53128 log.cpp:1115] load open segment, path: ./data/log first_index: 75
I1218 01:57:27.587146 53128 snapshot.cpp:465] Deleting ./data/snapshot/temp
I1218 01:57:27.781838 53198 server.cpp:306] Configuration of this group is 10.1.1.3:8700:0,10.1.2.3:8700:0,10.1.3.3:8700:0,10.1.4.3:8700:0,10.1.5.3:8700:0
I1218 01:57:27.841784 53198 snapshot_executor.cpp:264] node Atomic:10.1.1.3:8700:0 snapshot_load_done, last_included_index: 86 last_included_term: 95 peers: "10.1.1.3:8700:0" peers: "10.1.2.3:8700:0" peers: "10.1.3.3:8700:0" peers: "10.1.4.3:8700:0" peers: "10.1.5.3:8700:0"
I1218 01:57:27.855782 53128 raft_meta.cpp:521] Loaded single stable meta, path ./data/raft_meta term 97 votedfor 10.1.3.3:8700:0 time: 920
I1218 01:57:27.857409 53128 node.cpp:608] node Atomic:10.1.1.3:8700:0 init, term: 97 last_log_id: (index=88,term=97) conf: 10.1.1.3:8700:0,10.1.2.3:8700:0,10.1.3.3:8700:0,10.1.4.3:8700:0,10.1.5.3:8700:0 old_conf: 
I1218 01:57:27.869091 53128 server.cpp:509] Atomic service is running on 0.0.0.0:8700
I1218 01:57:29.968459 53171 node.cpp:2129] node Atomic:10.1.1.3:8700:0 received PreVote from 10.1.3.3:8700:0 in term 98 current_term 97 granted 1 rejected_by_lease 0
I1218 01:57:30.380653 53185 node.cpp:2211] node Atomic:10.1.1.3:8700:0 received RequestVote from 10.1.3.3:8700:0 in term 98 current_term 97 log_is_ok 1 votable_time 0
I1218 01:57:30.424667 53185 raft_meta.cpp:546] Saved single stable meta, path ./data/raft_meta term 98 votedfor 0.0.0.0:0:0 time: 42204
I1218 01:57:30.457158 53185 raft_meta.cpp:546] Saved single stable meta, path ./data/raft_meta term 98 votedfor 10.1.3.3:8700:0 time: 30190
I1218 01:57:30.637509 53176 server.cpp:312] Node start following { leader_id=10.1.3.3:8700:0, term=98, status=Follower receives message from new leader with the same term.}
I1218 01:57:30.650832 53176 server.cpp:306] Configuration of this group is 10.1.1.3:8700:0,10.1.2.3:8700:0,10.1.3.3:8700:0,10.1.4.3:8700:0,10.1.5.3:8700:0
I1218 01:57:30.653422 53176 server.cpp:306] Configuration of this group is 10.1.1.3:8700:0,10.1.2.3:8700:0,10.1.3.3:8700:0,10.1.4.3:8700:0,10.1.5.3:8700:0
I1218 01:57:31.705615 53198 server.cpp:306] Configuration of this group is 10.1.1.3:8700:0,10.1.2.3:8700:0,10.1.3.3:8700:0,10.1.4.3:8700:0,10.1.5.3:8700:0
WARNING: Logging before InitGoogleLogging() is written to STDERR
W1218 01:57:48.548604 53346 bthread.cpp:409] Fail to set concurrency by tag: 0, tag concurrency must larger than old oncurrency. old concurrency: 24, new concurrency: 9
I1218 01:57:49.748904 53346 server.cpp:1208] Server[braft::RaftStatImpl+braft::FileServiceImpl+braft::RaftServiceImpl+braft::CliServiceImpl+example::AtomicServiceImpl] is serving on port=8700.
I1218 01:57:49.775712 53346 server.cpp:1211] Check out http://n1:8700 in web browser.
I1218 01:57:50.018157 53346 log.cpp:691] Use murmurhash32 as the checksum type of appending entries
I1218 01:57:50.053874 53346 log.cpp:1175] log load_meta ./data/log/log_meta first_log_index: 84 time: 33934
I1218 01:57:50.092532 53346 log.cpp:1115] load open segment, path: ./data/log first_index: 75
I1218 01:57:50.432603 53346 snapshot.cpp:465] Deleting ./data/snapshot/temp
I1218 01:57:50.651958 53396 server.cpp:306] Configuration of this group is 10.1.1.3:8700:0,10.1.2.3:8700:0,10.1.3.3:8700:0,10.1.4.3:8700:0,10.1.5.3:8700:0
I1218 01:57:50.683454 53396 snapshot_executor.cpp:264] node Atomic:10.1.1.3:8700:0 snapshot_load_done, last_included_index: 86 last_included_term: 95 peers: "10.1.1.3:8700:0" peers: "10.1.2.3:8700:0" peers: "10.1.3.3:8700:0" peers: "10.1.4.3:8700:0" peers: "10.1.5.3:8700:0"
I1218 01:57:50.688269 53346 raft_meta.cpp:521] Loaded single stable meta, path ./data/raft_meta term 98 votedfor 10.1.3.3:8700:0 time: 1071
I1218 01:57:50.706806 53346 node.cpp:608] node Atomic:10.1.1.3:8700:0 init, term: 98 last_log_id: (index=89,term=98) conf: 10.1.1.3:8700:0,10.1.2.3:8700:0,10.1.3.3:8700:0,10.1.4.3:8700:0,10.1.5.3:8700:0 old_conf: 
I1218 01:57:50.709748 53346 server.cpp:509] Atomic service is running on 0.0.0.0:8700
I1218 01:57:52.962774 53408 node.cpp:2129] node Atomic:10.1.1.3:8700:0 received PreVote from 10.1.3.3:8700:0 in term 99 current_term 98 granted 1 rejected_by_lease 0
I1218 01:57:53.361783 53396 node.cpp:2211] node Atomic:10.1.1.3:8700:0 received RequestVote from 10.1.3.3:8700:0 in term 99 current_term 98 log_is_ok 1 votable_time 0
I1218 01:57:53.397097 53396 raft_meta.cpp:546] Saved single stable meta, path ./data/raft_meta term 99 votedfor 0.0.0.0:0:0 time: 32433
I1218 01:57:53.505110 53396 raft_meta.cpp:546] Saved single stable meta, path ./data/raft_meta term 99 votedfor 10.1.3.3:8700:0 time: 53251
I1218 01:57:53.945303 53404 server.cpp:312] Node start following { leader_id=10.1.3.3:8700:0, term=99, status=Follower receives message from new leader with the same term.}
I1218 01:57:54.059976 53404 server.cpp:306] Configuration of this group is 10.1.1.3:8700:0,10.1.2.3:8700:0,10.1.3.3:8700:0,10.1.4.3:8700:0,10.1.5.3:8700:0
I1218 01:57:54.062306 53404 server.cpp:306] Configuration of this group is 10.1.1.3:8700:0,10.1.2.3:8700:0,10.1.3.3:8700:0,10.1.4.3:8700:0,10.1.5.3:8700:0
I1218 01:57:54.064116 53404 server.cpp:306] Configuration of this group is 10.1.1.3:8700:0,10.1.2.3:8700:0,10.1.3.3:8700:0,10.1.4.3:8700:0,10.1.5.3:8700:0
I1218 01:57:54.595827 53401 server.cpp:306] Configuration of this group is 10.1.1.3:8700:0,10.1.2.3:8700:0,10.1.3.3:8700:0,10.1.4.3:8700:0,10.1.5.3:8700:0
WARNING: Logging before InitGoogleLogging() is written to STDERR
W1218 01:58:54.901582 54075 bthread.cpp:409] Fail to set concurrency by tag: 0, tag concurrency must larger than old oncurrency. old concurrency: 24, new concurrency: 9
I1218 01:58:55.409423 54075 server.cpp:1208] Server[braft::RaftStatImpl+braft::FileServiceImpl+braft::RaftServiceImpl+braft::CliServiceImpl+example::AtomicServiceImpl] is serving on port=8700.
I1218 01:58:55.411465 54075 server.cpp:1211] Check out http://n1:8700 in web browser.
I1218 01:58:55.640038 54075 log.cpp:691] Use murmurhash32 as the checksum type of appending entries
I1218 01:58:55.697760 54075 log.cpp:1175] log load_meta ./data/log/log_meta first_log_index: 84 time: 2328
I1218 01:58:56.083691 54075 log.cpp:1115] load open segment, path: ./data/log first_index: 75
I1218 01:58:56.533123 54075 snapshot.cpp:465] Deleting ./data/snapshot/temp
I1218 01:58:56.899580 54127 server.cpp:306] Configuration of this group is 10.1.1.3:8700:0,10.1.2.3:8700:0,10.1.3.3:8700:0,10.1.4.3:8700:0,10.1.5.3:8700:0
I1218 01:58:57.084136 54127 snapshot_executor.cpp:264] node Atomic:10.1.1.3:8700:0 snapshot_load_done, last_included_index: 86 last_included_term: 95 peers: "10.1.1.3:8700:0" peers: "10.1.2.3:8700:0" peers: "10.1.3.3:8700:0" peers: "10.1.4.3:8700:0" peers: "10.1.5.3:8700:0"
I1218 01:58:57.300854 54075 raft_meta.cpp:521] Loaded single stable meta, path ./data/raft_meta term 99 votedfor 10.1.3.3:8700:0 time: 16049
I1218 01:58:57.480347 54075 node.cpp:608] node Atomic:10.1.1.3:8700:0 init, term: 99 last_log_id: (index=90,term=99) conf: 10.1.1.3:8700:0,10.1.2.3:8700:0,10.1.3.3:8700:0,10.1.4.3:8700:0,10.1.5.3:8700:0 old_conf: 
I1218 01:58:57.604306 54075 server.cpp:509] Atomic service is running on 0.0.0.0:8700
I1218 01:58:58.226385 54146 node.cpp:2129] node Atomic:10.1.1.3:8700:0 received PreVote from 10.1.3.3:8700:0 in term 100 current_term 99 granted 1 rejected_by_lease 0
I1218 01:58:58.737809 54126 node.cpp:2211] node Atomic:10.1.1.3:8700:0 received RequestVote from 10.1.3.3:8700:0 in term 100 current_term 99 log_is_ok 1 votable_time 0
I1218 01:58:58.760566 54126 raft_meta.cpp:546] Saved single stable meta, path ./data/raft_meta term 100 votedfor 0.0.0.0:0:0 time: 15975
I1218 01:58:58.781442 54126 raft_meta.cpp:546] Saved single stable meta, path ./data/raft_meta term 100 votedfor 10.1.3.3:8700:0 time: 18274
I1218 01:58:59.063844 54125 server.cpp:312] Node start following { leader_id=10.1.3.3:8700:0, term=100, status=Follower receives message from new leader with the same term.}
I1218 01:58:59.160434 54146 server.cpp:306] Configuration of this group is 10.1.1.3:8700:0,10.1.2.3:8700:0,10.1.3.3:8700:0,10.1.4.3:8700:0,10.1.5.3:8700:0
I1218 01:58:59.193851 54146 server.cpp:306] Configuration of this group is 10.1.1.3:8700:0,10.1.2.3:8700:0,10.1.3.3:8700:0,10.1.4.3:8700:0,10.1.5.3:8700:0
I1218 01:58:59.196277 54146 server.cpp:306] Configuration of this group is 10.1.1.3:8700:0,10.1.2.3:8700:0,10.1.3.3:8700:0,10.1.4.3:8700:0,10.1.5.3:8700:0
I1218 01:58:59.203307 54146 server.cpp:306] Configuration of this group is 10.1.1.3:8700:0,10.1.2.3:8700:0,10.1.3.3:8700:0,10.1.4.3:8700:0,10.1.5.3:8700:0
I1218 01:58:59.468330 54155 server.cpp:306] Configuration of this group is 10.1.1.3:8700:0,10.1.2.3:8700:0,10.1.3.3:8700:0,10.1.4.3:8700:0,10.1.5.3:8700:0
I1218 01:59:12.691283 54140 node.cpp:949] node Atomic:10.1.1.3:8700:0 starts to do snapshot
I1218 01:59:13.031282 54140 snapshot.cpp:647] Deleting ./data/snapshot/snapshot_00000000000000000091
I1218 01:59:13.033332 54140 snapshot.cpp:653] Renaming ./data/snapshot/temp to ./data/snapshot/snapshot_00000000000000000091
I1218 01:59:13.086259 54140 snapshot.cpp:523] Deleting ./data/snapshot/snapshot_00000000000000000086
I1218 01:59:13.174357 54140 snapshot_executor.cpp:234] node Atomic:10.1.1.3:8700:0 snapshot_save_done, last_included_index=91 last_included_term=100
I1218 01:59:13.281641 54139 log.cpp:1153] log save_meta ./data/log/log_meta first_log_index: 87 time: 39429
I1218 01:59:19.790786 54153 node.cpp:2129] node Atomic:10.1.1.3:8700:0 received PreVote from 10.1.3.3:8700:0 in term 101 current_term 100 granted 1 rejected_by_lease 0
I1218 01:59:25.232285 54140 node.cpp:1587] node Atomic:10.1.1.3:8700:0 term 100 start pre_vote
I1218 01:59:25.237876 54139 server.cpp:309] Node stops following { leader_id=10.1.3.3:8700:0, term=100, status=Lost connection from leader 10.1.3.3:8700:0}
W1218 01:59:25.702776 54158 node.cpp:1567] node Atomic:10.1.1.3:8700:0 request PreVote from 10.1.5.3:8700:0 error: [E111]Fail to connect Socket{id=563 addr=10.1.5.3:8700} (0x0x6310001415c0): Connection refused
W1218 01:59:25.736788 54140 node.cpp:1567] node Atomic:10.1.1.3:8700:0 request PreVote from 10.1.3.3:8700:0 error: [E110]Fail to connect Socket{id=559 addr=10.1.3.3:8700} (0x0x631000140ac0): Connection timed out
I1218 01:59:25.864728 54149 node.cpp:2129] node Atomic:10.1.1.3:8700:0 received PreVote from 10.1.3.3:8700:0 in term 101 current_term 100 granted 1 rejected_by_lease 0
WARNING: Logging before InitGoogleLogging() is written to STDERR
W1218 01:59:38.006835 54530 bthread.cpp:409] Fail to set concurrency by tag: 0, tag concurrency must larger than old oncurrency. old concurrency: 24, new concurrency: 9
I1218 01:59:38.646835 54530 server.cpp:1208] Server[braft::RaftStatImpl+braft::FileServiceImpl+braft::RaftServiceImpl+braft::CliServiceImpl+example::AtomicServiceImpl] is serving on port=8700.
I1218 01:59:38.648317 54530 server.cpp:1211] Check out http://n1:8700 in web browser.
I1218 01:59:39.060189 54530 log.cpp:691] Use murmurhash32 as the checksum type of appending entries
I1218 01:59:39.071508 54530 log.cpp:1175] log load_meta ./data/log/log_meta first_log_index: 87 time: 9725
I1218 01:59:39.080399 54530 log.cpp:1115] load open segment, path: ./data/log first_index: 75
I1218 01:59:39.228984 54530 snapshot.cpp:465] Deleting ./data/snapshot/temp
I1218 01:59:39.457584 54576 server.cpp:306] Configuration of this group is 10.1.1.3:8700:0,10.1.2.3:8700:0,10.1.3.3:8700:0,10.1.4.3:8700:0,10.1.5.3:8700:0
I1218 01:59:39.476789 54576 snapshot_executor.cpp:264] node Atomic:10.1.1.3:8700:0 snapshot_load_done, last_included_index: 91 last_included_term: 100 peers: "10.1.1.3:8700:0" peers: "10.1.2.3:8700:0" peers: "10.1.3.3:8700:0" peers: "10.1.4.3:8700:0" peers: "10.1.5.3:8700:0"
I1218 01:59:39.574764 54530 raft_meta.cpp:521] Loaded single stable meta, path ./data/raft_meta term 100 votedfor 10.1.3.3:8700:0 time: 837
I1218 01:59:39.576526 54530 node.cpp:608] node Atomic:10.1.1.3:8700:0 init, term: 100 last_log_id: (index=91,term=100) conf: 10.1.1.3:8700:0,10.1.2.3:8700:0,10.1.3.3:8700:0,10.1.4.3:8700:0,10.1.5.3:8700:0 old_conf: 
I1218 01:59:39.640913 54530 server.cpp:509] Atomic service is running on 0.0.0.0:8700
I1218 01:59:41.857071 54576 node.cpp:2129] node Atomic:10.1.1.3:8700:0 received PreVote from 10.1.3.3:8700:0 in term 101 current_term 100 granted 1 rejected_by_lease 0
I1218 01:59:42.129381 54581 node.cpp:2211] node Atomic:10.1.1.3:8700:0 received RequestVote from 10.1.3.3:8700:0 in term 101 current_term 100 log_is_ok 1 votable_time 0
I1218 01:59:42.149484 54581 raft_meta.cpp:546] Saved single stable meta, path ./data/raft_meta term 101 votedfor 0.0.0.0:0:0 time: 17657
I1218 01:59:42.341817 54581 raft_meta.cpp:546] Saved single stable meta, path ./data/raft_meta term 101 votedfor 10.1.3.3:8700:0 time: 14299
I1218 01:59:42.732832 54586 server.cpp:312] Node start following { leader_id=10.1.3.3:8700:0, term=101, status=Follower receives message from new leader with the same term.}
I1218 01:59:43.161828 54570 server.cpp:306] Configuration of this group is 10.1.1.3:8700:0,10.1.2.3:8700:0,10.1.3.3:8700:0,10.1.4.3:8700:0,10.1.5.3:8700:0
I1218 02:00:08.448645 54588 node.cpp:1587] node Atomic:10.1.1.3:8700:0 term 101 start pre_vote
I1218 02:00:08.532411 54585 server.cpp:309] Node stops following { leader_id=10.1.3.3:8700:0, term=101, status=Lost connection from leader 10.1.3.3:8700:0}
W1218 02:00:08.566098 54567 baidu_rpc_protocol.cpp:349] Fail to write into Socket{id=186 fd=10 addr=10.1.3.3:49996:8700} (0x631000078800): Unknown error 1014 [1014]
I1218 02:00:08.704054 54569 server.cpp:312] Node start following { leader_id=10.1.3.3:8700:0, term=101, status=Follower receives message from new leader with the same term.}
I1218 02:00:08.764837 54589 node.cpp:949] node Atomic:10.1.1.3:8700:0 starts to do snapshot
I1218 02:00:08.848560 54572 node.cpp:2129] node Atomic:10.1.1.3:8700:0 received PreVote from 10.1.2.3:8700:0 in term 102 current_term 101 granted 1 rejected_by_lease 0
W1218 02:00:08.847558 54586 node.cpp:1567] node Atomic:10.1.1.3:8700:0 request PreVote from 10.1.4.3:8700:0 error: [E111]Fail to connect Socket{id=376 addr=10.1.4.3:8700} (0x0x6310000c9300): Connection refused
I1218 02:00:08.864429 54574 node.cpp:1512] node Atomic:10.1.1.3:8700:0 received PreVoteResponse from 10.1.3.3:8700:0 term 101 granted 1 rejected_by_lease 0 disrupted 0
I1218 02:00:08.876993 54570 node.cpp:1512] node Atomic:10.1.1.3:8700:0 received PreVoteResponse from 10.1.2.3:8700:0 term 101 granted 1 rejected_by_lease 0 disrupted 0
I1218 02:00:08.879197 54570 node.cpp:1653] node Atomic:10.1.1.3:8700:0 term 101 start vote and grant vote self
I1218 02:00:08.883679 54584 server.cpp:309] Node stops following { leader_id=10.1.3.3:8700:0, term=101, status=A follower's leader_id is reset to NULL as it begins to request_vote.}
I1218 02:00:08.885834 54589 snapshot.cpp:647] Deleting ./data/snapshot/snapshot_00000000000000000092
I1218 02:00:08.887708 54589 snapshot.cpp:653] Renaming ./data/snapshot/temp to ./data/snapshot/snapshot_00000000000000000092
I1218 02:00:08.939366 54589 snapshot.cpp:523] Deleting ./data/snapshot/snapshot_00000000000000000091
W1218 02:00:08.981177 54572 node.cpp:1454] node Atomic:10.1.1.3:8700:0 received RequestVoteResponse from 10.1.4.3:8700:0 error: [E111]Fail to connect Socket{id=284 addr=10.1.4.3:8700} (0x0x6310000a15c0): Connection refused
I1218 02:00:09.059448 54589 snapshot_executor.cpp:234] node Atomic:10.1.1.3:8700:0 snapshot_save_done, last_included_index=92 last_included_term=101
I1218 02:00:09.131647 54570 raft_meta.cpp:546] Saved single stable meta, path ./data/raft_meta term 102 votedfor 10.1.1.3:8700:0 time: 158149
I1218 02:00:09.210029 54573 log.cpp:1153] log save_meta ./data/log/log_meta first_log_index: 92 time: 124222
I1218 02:00:09.212927 54567 node.cpp:1403] node Atomic:10.1.1.3:8700:0 received RequestVoteResponse from 10.1.3.3:8700:0 term 102 granted 1 rejected_by_lease 0 disrupted 0
I1218 02:00:09.318871 54584 node.cpp:1403] node Atomic:10.1.1.3:8700:0 received RequestVoteResponse from 10.1.2.3:8700:0 term 102 granted 1 rejected_by_lease 0 disrupted 0
I1218 02:00:09.320449 54584 node.cpp:1908] node Atomic:10.1.1.3:8700:0 term 102 become leader of group 10.1.1.3:8700:0,10.1.2.3:8700:0,10.1.3.3:8700:0,10.1.4.3:8700:0,10.1.5.3:8700:0 
I1218 02:00:09.702493 54584 replicator.cpp:143] Replicator=2203318222849@10.1.2.3:8700:0 is started, group Atomic
I1218 02:00:09.804698 54584 replicator.cpp:143] Replicator=2220498092033@10.1.3.3:8700:0 is started, group Atomic
I1218 02:00:09.829524 54584 replicator.cpp:143] Replicator=2237677961217@10.1.4.3:8700:0 is started, group Atomic
I1218 02:00:09.843997 54584 replicator.cpp:143] Replicator=2254857830401@10.1.5.3:8700:0 is started, group Atomic
W1218 02:00:09.873229 54569 replicator.cpp:397] Group Atomic fail to issue RPC to 10.1.4.3:8700:0 _consecutive_error_times=1, [E111]Fail to connect Socket{id=191 addr=10.1.4.3:8700} (0x0x6310000795c0): Connection refused [R1][E112]Not connected to 10.1.4.3:8700 yet, server_id=191 [R2][E112]Not connected to 10.1.4.3:8700 yet, server_id=191 [R3][E112]Not connected to 10.1.4.3:8700 yet, server_id=191
I1218 02:00:09.976500 54569 socket.cpp:2570] Checking Socket{id=191 addr=10.1.4.3:8700} (0x6310000795c0)
I1218 02:00:10.542901 54585 server.cpp:306] Configuration of this group is 10.1.1.3:8700:0,10.1.2.3:8700:0,10.1.3.3:8700:0,10.1.4.3:8700:0,10.1.5.3:8700:0
I1218 02:00:10.575161 54585 node.cpp:3310] node Atomic:10.1.1.3:8700:0 reset ConfigurationCtx, new_peers: 10.1.1.3:8700:0,10.1.2.3:8700:0,10.1.3.3:8700:0,10.1.4.3:8700:0,10.1.5.3:8700:0, old_peers: 10.1.1.3:8700:0,10.1.2.3:8700:0,10.1.3.3:8700:0,10.1.4.3:8700:0,10.1.5.3:8700:0
I1218 02:00:10.692119 54585 server.cpp:291] Node becomes leader
W1218 02:00:11.488516 54570 node.cpp:1370] node Atomic:10.1.1.3:8700:0 received invalid RequestVoteResponse from 10.1.5.3:8700:0 ctx_version 1 current_ctx_version 2
W1218 02:00:11.511458 54584 node.cpp:1479] node Atomic:10.1.1.3:8700:0 received invalid PreVoteResponse from 10.1.5.3:8700:0 ctx_version 8 current_ctx_version 9
I1218 02:00:12.109308 54570 replicator.cpp:835] node Atomic:10.1.1.3:8700:0 send InstallSnapshotRequest to 10.1.5.3:8700:0 term 102 last_included_term 101 last_included_index 92 uri remote://10.1.1.3:8700/1918649447320641552
W1218 02:00:12.535893 54585 replicator.cpp:397] Group Atomic fail to issue RPC to 10.1.4.3:8700:0 _consecutive_error_times=11, [E112]Not connected to 10.1.4.3:8700 yet, server_id=191 [R1][E112]Not connected to 10.1.4.3:8700 yet, server_id=191 [R2][E112]Not connected to 10.1.4.3:8700 yet, server_id=191 [R3][E112]Not connected to 10.1.4.3:8700 yet, server_id=191
I1218 02:00:13.579102 54573 replicator.cpp:902] received InstallSnapshotResponse from Atomic:10.1.5.3:8700:0 last_included_index 92 last_included_term 101 success.
W1218 02:00:15.159293 54585 replicator.cpp:297] Group Atomic fail to issue RPC to 10.1.4.3:8700:0 _consecutive_error_times=21, [E112]Not connected to 10.1.4.3:8700 yet, server_id=191 [R1][E112]Not connected to 10.1.4.3:8700 yet, server_id=191 [R2][E112]Not connected to 10.1.4.3:8700 yet, server_id=191 [R3][E112]Not connected to 10.1.4.3:8700 yet, server_id=191
W1218 02:00:15.244493 54548 sampler.cpp:192] bvar is busy at sampling for 2 seconds!
W1218 02:00:17.747805 54577 replicator.cpp:397] Group Atomic fail to issue RPC to 10.1.4.3:8700:0 _consecutive_error_times=31, [E112]Not connected to 10.1.4.3:8700 yet, server_id=191 [R1][E112]Not connected to 10.1.4.3:8700 yet, server_id=191 [R2][E112]Not connected to 10.1.4.3:8700 yet, server_id=191 [R3][E112]Not connected to 10.1.4.3:8700 yet, server_id=191
W1218 02:00:18.820816 54589 input_messenger.cpp:381] Fail to read from Socket{id=187 fd=9 addr=10.1.2.3:8700:43676} (0x631000078ac0): Connection reset by peer [104]
W1218 02:00:18.839700 54589 replicator.cpp:297] Group Atomic fail to issue RPC to 10.1.2.3:8700:0 _consecutive_error_times=1, [E104]Fail to read from Socket{id=187fd=9 addr=10.1.2.3:8700:43676} (0x0x631000078ac0): Connection reset by peer [R1][E112]Not connected to 10.1.2.3:8700 yet, server_id=187 [R2][E112]Not connected to 10.1.2.3:8700 yet, server_id=187 [R3][E112]Not connected to 10.1.2.3:8700 yet, server_id=187
I1218 02:00:18.940229 54585 socket.cpp:2570] Checking Socket{id=187 addr=10.1.2.3:8700} (0x631000078ac0)
W1218 02:00:19.696781 54573 input_messenger.cpp:381] Fail to read from Socket{id=189 fd=10 addr=10.1.3.3:8700:43118} (0x631000079040): Connection reset by peer [104]
W1218 02:00:19.704384 54573 replicator.cpp:297] Group Atomic fail to issue RPC to 10.1.3.3:8700:0 _consecutive_error_times=1, [E104]Fail to read from Socket{id=189fd=10 addr=10.1.3.3:8700:43118} (0x0x631000079040): Connection reset by peer [R1][E112]Not connected to 10.1.3.3:8700 yet, server_id=189 [R2][E112]Not connected to 10.1.3.3:8700 yet, server_id=189 [R3][E112]Not connected to 10.1.3.3:8700 yet, server_id=189
I1218 02:00:19.808583 54588 socket.cpp:2570] Checking Socket{id=189 addr=10.1.3.3:8700} (0x631000079040)
W1218 02:00:19.920038 54573 input_messenger.cpp:381] Fail to read from Socket{id=193 fd=14 addr=10.1.5.3:8700:56048} (0x631000079b40): Connection reset by peer [104]
W1218 02:00:19.921941 54573 replicator.cpp:297] Group Atomic fail to issue RPC to 10.1.5.3:8700:0 _consecutive_error_times=1, [E104]Fail to read from Socket{id=193fd=14 addr=10.1.5.3:8700:56048} (0x0x631000079b40): Connection reset by peer [R1][E112]Not connected to 10.1.5.3:8700 yet, server_id=193 [R2][E112]Not connected to 10.1.5.3:8700 yet, server_id=193 [R3][E112]Not connected to 10.1.5.3:8700 yet, server_id=193
WARNING: Logging before InitGoogleLogging() is written to STDERR
W1218 02:01:07.839624 55559 bthread.cpp:409] Fail to set concurrency by tag: 0, tag concurrency must larger than old oncurrency. old concurrency: 24, new concurrency: 9
I1218 02:01:08.509394 55559 server.cpp:1208] Server[braft::RaftStatImpl+braft::FileServiceImpl+braft::RaftServiceImpl+braft::CliServiceImpl+example::AtomicServiceImpl] is serving on port=8700.
I1218 02:01:08.527552 55559 server.cpp:1211] Check out http://n1:8700 in web browser.
I1218 02:01:09.197774 55559 log.cpp:691] Use murmurhash32 as the checksum type of appending entries
I1218 02:01:09.285570 55559 log.cpp:1175] log load_meta ./data/log/log_meta first_log_index: 92 time: 46545
I1218 02:01:09.307956 55559 log.cpp:1115] load open segment, path: ./data/log first_index: 75
I1218 02:01:09.462230 55559 snapshot.cpp:465] Deleting ./data/snapshot/temp
I1218 02:01:09.797103 55603 server.cpp:306] Configuration of this group is 10.1.1.3:8700:0,10.1.2.3:8700:0,10.1.3.3:8700:0,10.1.4.3:8700:0,10.1.5.3:8700:0
I1218 02:01:09.941937 55603 snapshot_executor.cpp:264] node Atomic:10.1.1.3:8700:0 snapshot_load_done, last_included_index: 92 last_included_term: 101 peers: "10.1.1.3:8700:0" peers: "10.1.2.3:8700:0" peers: "10.1.3.3:8700:0" peers: "10.1.4.3:8700:0" peers: "10.1.5.3:8700:0"
I1218 02:01:09.987717 55559 raft_meta.cpp:521] Loaded single stable meta, path ./data/raft_meta term 102 votedfor 10.1.1.3:8700:0 time: 870
I1218 02:01:09.989349 55559 node.cpp:608] node Atomic:10.1.1.3:8700:0 init, term: 102 last_log_id: (index=93,term=102) conf: 10.1.1.3:8700:0,10.1.2.3:8700:0,10.1.3.3:8700:0,10.1.4.3:8700:0,10.1.5.3:8700:0 old_conf: 
I1218 02:01:09.997043 55559 server.cpp:509] Atomic service is running on 0.0.0.0:8700
I1218 02:01:15.361963 55603 node.cpp:1587] node Atomic:10.1.1.3:8700:0 term 102 start pre_vote
W1218 02:01:15.766029 55612 node.cpp:1567] node Atomic:10.1.1.3:8700:0 request PreVote from 10.1.2.3:8700:0 error: [E110]Fail to connect Socket{id=93 addr=10.1.2.3:8700} (0x0x631000050800): Connection timed out
I1218 02:01:16.115918 55615 node.cpp:1512] node Atomic:10.1.1.3:8700:0 received PreVoteResponse from 10.1.5.3:8700:0 term 1 granted 1 rejected_by_lease 0 disrupted 0
W1218 02:01:20.793583 55608 node.cpp:1567] node Atomic:10.1.1.3:8700:0 request PreVote from 10.1.3.3:8700:0 error: [E1008]Reached timeout=5000ms @10.1.3.3:8700
W1218 02:01:20.798187 55606 node.cpp:1567] node Atomic:10.1.1.3:8700:0 request PreVote from 10.1.4.3:8700:0 error: [E1008]Reached timeout=5000ms @10.1.4.3:8700
I1218 02:01:21.227084 55615 node.cpp:1587] node Atomic:10.1.1.3:8700:0 term 102 start pre_vote
W1218 02:01:22.043085 55612 node.cpp:1567] node Atomic:10.1.1.3:8700:0 request PreVote from 10.1.5.3:8700:0 error: [E1014]Got EOF of Socket{id=188fd=11 addr=10.1.5.3:8700:54808} (0x0x63100008cd80)
W1218 02:01:26.329140 55606 node.cpp:1567] node Atomic:10.1.1.3:8700:0 request PreVote from 10.1.2.3:8700:0 error: [E1008]Reached timeout=5000ms @10.1.2.3:8700
W1218 02:01:26.460726 55615 node.cpp:1567] node Atomic:10.1.1.3:8700:0 request PreVote from 10.1.3.3:8700:0 error: [E1008]Reached timeout=5000ms @10.1.3.3:8700
W1218 02:01:26.480093 55603 node.cpp:1567] node Atomic:10.1.1.3:8700:0 request PreVote from 10.1.4.3:8700:0 error: [E1008]Reached timeout=5000ms @10.1.4.3:8700
I1218 02:01:27.165153 55606 node.cpp:1587] node Atomic:10.1.1.3:8700:0 term 102 start pre_vote
W1218 02:01:27.242673 55603 node.cpp:1567] node Atomic:10.1.1.3:8700:0 request PreVote from 10.1.5.3:8700:0 error: [E111]Fail to connect Socket{id=283 addr=10.1.5.3:8700} (0x0x6310000a1300): Connection refused
W1218 02:01:32.215873 55612 node.cpp:1567] node Atomic:10.1.1.3:8700:0 request PreVote from 10.1.3.3:8700:0 error: [E1008]Reached timeout=5000ms @10.1.3.3:8700
W1218 02:01:32.235280 55601 node.cpp:1567] node Atomic:10.1.1.3:8700:0 request PreVote from 10.1.4.3:8700:0 error: [E1008]Reached timeout=5000ms @10.1.4.3:8700
W1218 02:01:32.254096 55603 node.cpp:1567] node Atomic:10.1.1.3:8700:0 request PreVote from 10.1.2.3:8700:0 error: [E1008]Reached timeout=5000ms @10.1.2.3:8700
I1218 02:01:32.629093 55615 node.cpp:1587] node Atomic:10.1.1.3:8700:0 term 102 start pre_vote
W1218 02:01:32.867599 55608 node.cpp:1567] node Atomic:10.1.1.3:8700:0 request PreVote from 10.1.5.3:8700:0 error: [E111]Fail to connect Socket{id=291 addr=10.1.5.3:8700} (0x0x6310000a2900): Connection refused
I1218 02:01:37.584859 55603 node.cpp:949] node Atomic:10.1.1.3:8700:0 starts to do snapshot
I1218 02:01:37.615584 55603 snapshot_executor.cpp:154] node Atomic:10.1.1.3:8700:0 the gap between fsm applied index 92 and last_snapshot_index 92 is less than 1, will clear bufferred logs and return success
I1218 02:01:37.719169 55606 log.cpp:1153] log save_meta ./data/log/log_meta first_log_index: 93 time: 119785
W1218 02:01:37.782202 55615 node.cpp:1567] node Atomic:10.1.1.3:8700:0 request PreVote from 10.1.2.3:8700:0 error: [E1008]Reached timeout=5000ms @10.1.2.3:8700
W1218 02:01:37.800649 55608 node.cpp:1567] node Atomic:10.1.1.3:8700:0 request PreVote from 10.1.4.3:8700:0 error: [E1008]Reached timeout=5000ms @10.1.4.3:8700
W1218 02:01:37.801966 55608 node.cpp:1567] node Atomic:10.1.1.3:8700:0 request PreVote from 10.1.3.3:8700:0 error: [E1008]Reached timeout=5000ms @10.1.3.3:8700
I1218 02:01:38.601696 55615 node.cpp:1587] node Atomic:10.1.1.3:8700:0 term 102 start pre_vote
W1218 02:01:38.636615 55608 node.cpp:1567] node Atomic:10.1.1.3:8700:0 request PreVote from 10.1.5.3:8700:0 error: [E111]Fail to connect Socket{id=194 addr=10.1.5.3:8700} (0x0x63100008de00): Connection refused
W1218 02:01:41.391796 55597 input_messenger.cpp:381] Fail to read from Socket{id=8589934877 fd=8 addr=10.1.2.3:8700:47312} (0x6310000a1880): Connection reset by peer [104]
W1218 02:01:41.432971 55597 node.cpp:1567] node Atomic:10.1.1.3:8700:0 request PreVote from 10.1.2.3:8700:0 error: [E104]Fail to read from Socket{id=8589934877fd=8 addr=10.1.2.3:8700:47312} (0x0x6310000a1880): Connection reset by peer
W1218 02:01:43.710302 55603 node.cpp:1567] node Atomic:10.1.1.3:8700:0 request PreVote from 10.1.4.3:8700:0 error: [E1008]Reached timeout=5000ms @10.1.4.3:8700
W1218 02:01:43.656828 55612 node.cpp:1567] node Atomic:10.1.1.3:8700:0 request PreVote from 10.1.3.3:8700:0 error: [E1008]Reached timeout=5000ms @10.1.3.3:8700
I1218 02:01:44.567114 55615 node.cpp:1587] node Atomic:10.1.1.3:8700:0 term 102 start pre_vote
W1218 02:01:44.845036 55608 node.cpp:1567] node Atomic:10.1.1.3:8700:0 request PreVote from 10.1.2.3:8700:0 error: [E111]Fail to connect Socket{id=8589934784 addr=10.1.2.3:8700} (0x0x63100008d880): Connection refused
W1218 02:01:44.896477 55603 node.cpp:1567] node Atomic:10.1.1.3:8700:0 request PreVote from 10.1.4.3:8700:0 error: [E111]Fail to connect Socket{id=101 addr=10.1.4.3:8700} (0x0x631000051e00): Connection refused
W1218 02:01:44.907125 55603 node.cpp:1567] node Atomic:10.1.1.3:8700:0 request PreVote from 10.1.5.3:8700:0 error: [E111]Fail to connect Socket{id=8589934694 addr=10.1.5.3:8700} (0x0x6310000520c0): Connection refused
W1218 02:01:49.816433 55612 node.cpp:1567] node Atomic:10.1.1.3:8700:0 request PreVote from 10.1.3.3:8700:0 error: [E1008]Reached timeout=5000ms @10.1.3.3:8700
I1218 02:01:50.388142 55608 node.cpp:1587] node Atomic:10.1.1.3:8700:0 term 102 start pre_vote
W1218 02:01:50.473608 55601 node.cpp:1567] node Atomic:10.1.1.3:8700:0 request PreVote from 10.1.2.3:8700:0 error: [E111]Fail to connect Socket{id=8589934786 addr=10.1.2.3:8700} (0x0x63100008de00): Connection refused
W1218 02:01:50.476238 55597 node.cpp:1567] node Atomic:10.1.1.3:8700:0 request PreVote from 10.1.4.3:8700:0 error: [E111]Fail to connect Socket{id=8589934687 addr=10.1.4.3:8700} (0x0x631000050d80): Connection refused
W1218 02:01:50.515213 55603 node.cpp:1567] node Atomic:10.1.1.3:8700:0 request PreVote from 10.1.5.3:8700:0 error: [E111]Fail to connect Socket{id=373 addr=10.1.5.3:8700} (0x0x6310000c8ac0): Connection refused
W1218 02:01:55.428090 55597 node.cpp:1567] node Atomic:10.1.1.3:8700:0 request PreVote from 10.1.3.3:8700:0 error: [E1008]Reached timeout=5000ms @10.1.3.3:8700
I1218 02:01:56.064013 55603 node.cpp:1587] node Atomic:10.1.1.3:8700:0 term 102 start pre_vote
W1218 02:01:56.189230 55608 node.cpp:1567] node Atomic:10.1.1.3:8700:0 request PreVote from 10.1.2.3:8700:0 error: [E111]Fail to connect Socket{id=8589934965 addr=10.1.2.3:8700} (0x0x6310000c8ac0): Connection refused
W1218 02:01:56.237550 55612 node.cpp:1567] node Atomic:10.1.1.3:8700:0 request PreVote from 10.1.4.3:8700:0 error: [E111]Fail to connect Socket{id=105 addr=10.1.4.3:8700} (0x0x631000052900): Connection refused
W1218 02:01:56.268196 55612 node.cpp:1567] node Atomic:10.1.1.3:8700:0 request PreVote from 10.1.5.3:8700:0 error: [E111]Fail to connect Socket{id=107 addr=10.1.5.3:8700} (0x0x631000052e80): Connection refused
I1218 02:01:56.448307 55606 node.cpp:1512] node Atomic:10.1.1.3:8700:0 received PreVoteResponse from 10.1.3.3:8700:0 term 102 granted 1 rejected_by_lease 0 disrupted 0
I1218 02:02:00.665841 55597 node.cpp:2129] node Atomic:10.1.1.3:8700:0 received PreVote from 10.1.3.3:8700:0 in term 103 current_term 102 granted 1 rejected_by_lease 0
I1218 02:02:01.377277 55601 node.cpp:1587] node Atomic:10.1.1.3:8700:0 term 102 start pre_vote
W1218 02:02:01.428020 55603 node.cpp:1567] node Atomic:10.1.1.3:8700:0 request PreVote from 10.1.2.3:8700:0 error: [E111]Fail to connect Socket{id=17179869378 addr=10.1.2.3:8700} (0x0x63100008de00): Connection refused
W1218 02:02:01.545905 55606 node.cpp:1567] node Atomic:10.1.1.3:8700:0 request PreVote from 10.1.4.3:8700:0 error: [E111]Fail to connect Socket{id=467 addr=10.1.4.3:8700} (0x0x6310000f0d80): Connection refused
W1218 02:02:01.648123 55597 node.cpp:1567] node Atomic:10.1.1.3:8700:0 request PreVote from 10.1.5.3:8700:0 error: [E111]Fail to connect Socket{id=469 addr=10.1.5.3:8700} (0x0x6310000f1300): Connection refused
I1218 02:02:01.643635 55608 node.cpp:1512] node Atomic:10.1.1.3:8700:0 received PreVoteResponse from 10.1.3.3:8700:0 term 102 granted 1 rejected_by_lease 0 disrupted 0
WARNING: Logging before InitGoogleLogging() is written to STDERR
W1218 02:02:10.837939 56259 bthread.cpp:409] Fail to set concurrency by tag: 0, tag concurrency must larger than old oncurrency. old concurrency: 24, new concurrency: 9
I1218 02:02:11.140398 56259 server.cpp:1208] Server[braft::RaftStatImpl+braft::FileServiceImpl+braft::RaftServiceImpl+braft::CliServiceImpl+example::AtomicServiceImpl] is serving on port=8700.
I1218 02:02:11.142189 56259 server.cpp:1211] Check out http://n1:8700 in web browser.
I1218 02:02:11.436434 56259 log.cpp:691] Use murmurhash32 as the checksum type of appending entries
I1218 02:02:11.453626 56259 log.cpp:1175] log load_meta ./data/log/log_meta first_log_index: 93 time: 15794
I1218 02:02:11.496174 56259 log.cpp:1115] load open segment, path: ./data/log first_index: 75
I1218 02:02:11.698716 56259 snapshot.cpp:465] Deleting ./data/snapshot/temp
I1218 02:02:11.812665 56314 server.cpp:306] Configuration of this group is 10.1.1.3:8700:0,10.1.2.3:8700:0,10.1.3.3:8700:0,10.1.4.3:8700:0,10.1.5.3:8700:0
I1218 02:02:11.915849 56314 snapshot_executor.cpp:264] node Atomic:10.1.1.3:8700:0 snapshot_load_done, last_included_index: 92 last_included_term: 101 peers: "10.1.1.3:8700:0" peers: "10.1.2.3:8700:0" peers: "10.1.3.3:8700:0" peers: "10.1.4.3:8700:0" peers: "10.1.5.3:8700:0"
